Reusing configuration cache.
> Task :sync:checkKotlinGradlePluginConfigurationErrors
> Task :sync:preBuild UP-TO-DATE
> Task :data:preBuild UP-TO-DATE
> Task :sync:preDebugBuild UP-TO-DATE
> Task :sync:generateDebugResValues UP-TO-DATE
> Task :data:checkKotlinGradlePluginConfigurationErrors
> Task :data:preDebugBuild UP-TO-DATE
> Task :sync:generateDebugResources UP-TO-DATE
> Task :sync:packageDebugResources UP-TO-DATE
> Task :data:generateDebugResValues UP-TO-DATE
> Task :sync:parseDebugLocalResources UP-TO-DATE
> Task :data:generateDebugResources UP-TO-DATE
> Task :sync:generateDebugRFile UP-TO-DATE
> Task :data:javaPreCompileDebug UP-TO-DATE
> Task :core:preBuild UP-TO-DATE
> Task :core:preDebugBuild UP-TO-DATE
> Task :core:generateDebugResValues UP-TO-DATE
> Task :data:packageDebugResources UP-TO-DATE
> Task :core:javaPreCompileDebug UP-TO-DATE
> Task :core:generateDebugResources UP-TO-DATE
> Task :data:parseDebugLocalResources UP-TO-DATE
> Task :data:generateDebugRFile UP-TO-DATE
> Task :core:packageDebugResources UP-TO-DATE
> Task :core:parseDebugLocalResources UP-TO-DATE
> Task :core:generateDebugRFile UP-TO-DATE
> Task :core:checkKotlinGradlePluginConfigurationErrors
> Task :data:kspDebugKotlin UP-TO-DATE
> Task :data:compileDebugKotlin UP-TO-DATE
> Task :data:compileDebugJavaWithJavac UP-TO-DATE
> Task :data:transformDebugClassesWithAsm UP-TO-DATE
> Task :data:bundleLibCompileToJarDebug UP-TO-DATE
> Task :data:bundleLibRuntimeToJarDebug UP-TO-DATE
> Task :core:kspDebugKotlin UP-TO-DATE
> Task :core:compileDebugKotlin UP-TO-DATE
> Task :core:compileDebugJavaWithJavac UP-TO-DATE
> Task :core:transformDebugClassesWithAsm UP-TO-DATE
> Task :core:bundleLibCompileToJarDebug UP-TO-DATE
> Task :sync:kspDebugKotlin UP-TO-DATE
> Task :sync:compileDebugKotlin
./gradlew : e: file:///C:/Users/Rossiny/Desktop/2-GestaoBilhares/sync/src/main/java/com/example/gestaobilhares/sync/Syn
cRepository.kt:2094:40 Unresolved reference: converterTimestampParaDate
No linha:1 caractere:1
+ ./gradlew :sync:compileDebugKotlin --console=plain > build_errors.log ...
+ ~~~~~~~~~~~~~~~~~~~~~~~~~~~~~~~~~~~~~~~~~~~~~~~~~~~~~~~~~~~~~~~~~~~~~
    + CategoryInfo          : NotSpecified: (e: file:///C:/U...mestampParaDate:String) [], RemoteException
    + FullyQualifiedErrorId : NativeCommandError
 
e: file:///C:/Users/Rossiny/Desktop/2-GestaoBilhares/sync/src/main/java/com/example/gestaobilhares/sync/SyncRepository.
kt:2095:28 Unresolved reference: converterTimestampParaDate
e: file:///C:/Users/Rossiny/Desktop/2-GestaoBilhares/sync/src/main/java/com/example/gestaobilhares/sync/SyncRepository.
kt:2096:41 Unresolved reference: converterTimestampParaDate
e: file:///C:/Users/Rossiny/Desktop/2-GestaoBilhares/sync/src/main/java/com/example/gestaobilhares/sync/SyncRepository.
kt:2097:28 Unresolved reference: converterTimestampParaDate
e: file:///C:/Users/Rossiny/Desktop/2-GestaoBilhares/sync/src/main/java/com/example/gestaobilhares/sync/SyncRepository.
kt:2205:38 Unresolved reference: entityToMap
e: file:///C:/Users/Rossiny/Desktop/2-GestaoBilhares/sync/src/main/java/com/example/gestaobilhares/sync/SyncRepository.
kt:2239:43 Unresolved reference: converterTimestampParaDate
e: file:///C:/Users/Rossiny/Desktop/2-GestaoBilhares/sync/src/main/java/com/example/gestaobilhares/sync/SyncRepository.
kt:2240:28 Unresolved reference: converterTimestampParaDate
e: file:///C:/Users/Rossiny/Desktop/2-GestaoBilhares/sync/src/main/java/com/example/gestaobilhares/sync/SyncRepository.
kt:2241:28 Unresolved reference: converterTimestampParaDate
e: file:///C:/Users/Rossiny/Desktop/2-GestaoBilhares/sync/src/main/java/com/example/gestaobilhares/sync/SyncRepository.
kt:2330:35 Unresolved reference: entityToMap
e: file:///C:/Users/Rossiny/Desktop/2-GestaoBilhares/sync/src/main/java/com/example/gestaobilhares/sync/SyncRepository.
kt:2447:37 Unresolved reference: entityToMap
e: file:///C:/Users/Rossiny/Desktop/2-GestaoBilhares/sync/src/main/java/com/example/gestaobilhares/sync/SyncRepository.
kt:2464:21 Unresolved reference: pushAcertoMesas
e: file:///C:/Users/Rossiny/Desktop/2-GestaoBilhares/sync/src/main/java/com/example/gestaobilhares/sync/SyncRepository.
kt:2642:37 Unresolved reference: converterTimestampParaDate
e: file:///C:/Users/Rossiny/Desktop/2-GestaoBilhares/sync/src/main/java/com/example/gestaobilhares/sync/SyncRepository.
kt:2643:28 Unresolved reference: converterTimestampParaDate
e: file:///C:/Users/Rossiny/Desktop/2-GestaoBilhares/sync/src/main/java/com/example/gestaobilhares/sync/SyncRepository.
kt:2644:39 Unresolved reference: converterTimestampParaDate
e: file:///C:/Users/Rossiny/Desktop/2-GestaoBilhares/sync/src/main/java/com/example/gestaobilhares/sync/SyncRepository.
kt:2645:28 Unresolved reference: converterTimestampParaDate
e: file:///C:/Users/Rossiny/Desktop/2-GestaoBilhares/sync/src/main/java/com/example/gestaobilhares/sync/SyncRepository.
kt:2777:37 Unresolved reference: converterTimestampParaDate
e: file:///C:/Users/Rossiny/Desktop/2-GestaoBilhares/sync/src/main/java/com/example/gestaobilhares/sync/SyncRepository.
kt:2777:86 Unresolved reference: converterTimestampParaDate
e: file:///C:/Users/Rossiny/Desktop/2-GestaoBilhares/sync/src/main/java/com/example/gestaobilhares/sync/SyncRepository.
kt:2778:39 Unresolved reference: converterTimestampParaDate
e: file:///C:/Users/Rossiny/Desktop/2-GestaoBilhares/sync/src/main/java/com/example/gestaobilhares/sync/SyncRepository.
kt:2778:90 Unresolved reference: converterTimestampParaDate
e: file:///C:/Users/Rossiny/Desktop/2-GestaoBilhares/sync/src/main/java/com/example/gestaobilhares/sync/SyncRepository.
kt:2892:42 Unresolved reference: entityToMap
e: file:///C:/Users/Rossiny/Desktop/2-GestaoBilhares/sync/src/main/java/com/example/gestaobilhares/sync/SyncRepository.
kt:3043:37 Unresolved reference: converterTimestampParaDate
e: file:///C:/Users/Rossiny/Desktop/2-GestaoBilhares/sync/src/main/java/com/example/gestaobilhares/sync/SyncRepository.
kt:3044:28 Unresolved reference: converterTimestampParaDate
e: file:///C:/Users/Rossiny/Desktop/2-GestaoBilhares/sync/src/main/java/com/example/gestaobilhares/sync/SyncRepository.
kt:3045:37 Unresolved reference: converterTimestampParaDate
e: file:///C:/Users/Rossiny/Desktop/2-GestaoBilhares/sync/src/main/java/com/example/gestaobilhares/sync/SyncRepository.
kt:3046:28 Unresolved reference: converterTimestampParaDate
e: file:///C:/Users/Rossiny/Desktop/2-GestaoBilhares/sync/src/main/java/com/example/gestaobilhares/sync/SyncRepository.
kt:3145:37 Unresolved reference: converterTimestampParaDate
e: file:///C:/Users/Rossiny/Desktop/2-GestaoBilhares/sync/src/main/java/com/example/gestaobilhares/sync/SyncRepository.
kt:3145:86 Unresolved reference: converterTimestampParaDate
e: file:///C:/Users/Rossiny/Desktop/2-GestaoBilhares/sync/src/main/java/com/example/gestaobilhares/sync/SyncRepository.
kt:3146:37 Unresolved reference: converterTimestampParaDate
e: file:///C:/Users/Rossiny/Desktop/2-GestaoBilhares/sync/src/main/java/com/example/gestaobilhares/sync/SyncRepository.
kt:3146:86 Unresolved reference: converterTimestampParaDate
e: file:///C:/Users/Rossiny/Desktop/2-GestaoBilhares/sync/src/main/java/com/example/gestaobilhares/sync/SyncRepository.
kt:3239:40 Unresolved reference: entityToMap
e: file:///C:/Users/Rossiny/Desktop/2-GestaoBilhares/sync/src/main/java/com/example/gestaobilhares/sync/SyncRepository.
kt:3400:48 Unresolved reference: converterTimestampParaDate
e: file:///C:/Users/Rossiny/Desktop/2-GestaoBilhares/sync/src/main/java/com/example/gestaobilhares/sync/SyncRepository.
kt:3401:28 Unresolved reference: converterTimestampParaDate
e: file:///C:/Users/Rossiny/Desktop/2-GestaoBilhares/sync/src/main/java/com/example/gestaobilhares/sync/SyncRepository.
kt:3422:39 Unresolved reference: converterTimestampParaDate
e: file:///C:/Users/Rossiny/Desktop/2-GestaoBilhares/sync/src/main/java/com/example/gestaobilhares/sync/SyncRepository.
kt:3423:28 Unresolved reference: converterTimestampParaDate
e: file:///C:/Users/Rossiny/Desktop/2-GestaoBilhares/sync/src/main/java/com/example/gestaobilhares/sync/SyncRepository.
kt:3565:48 Unresolved reference: converterTimestampParaDate
e: file:///C:/Users/Rossiny/Desktop/2-GestaoBilhares/sync/src/main/java/com/example/gestaobilhares/sync/SyncRepository.
kt:3566:28 Unresolved reference: converterTimestampParaDate
e: file:///C:/Users/Rossiny/Desktop/2-GestaoBilhares/sync/src/main/java/com/example/gestaobilhares/sync/SyncRepository.
kt:3587:39 Unresolved reference: converterTimestampParaDate
e: file:///C:/Users/Rossiny/Desktop/2-GestaoBilhares/sync/src/main/java/com/example/gestaobilhares/sync/SyncRepository.
kt:3588:28 Unresolved reference: converterTimestampParaDate
e: file:///C:/Users/Rossiny/Desktop/2-GestaoBilhares/sync/src/main/java/com/example/gestaobilhares/sync/SyncRepository.
kt:3695:44 Unresolved reference: entityToMap
e: file:///C:/Users/Rossiny/Desktop/2-GestaoBilhares/sync/src/main/java/com/example/gestaobilhares/sync/SyncRepository.
kt:3851:37 Unresolved reference: converterTimestampParaDate
e: file:///C:/Users/Rossiny/Desktop/2-GestaoBilhares/sync/src/main/java/com/example/gestaobilhares/sync/SyncRepository.
kt:3852:28 Unresolved reference: converterTimestampParaDate
e: file:///C:/Users/Rossiny/Desktop/2-GestaoBilhares/sync/src/main/java/com/example/gestaobilhares/sync/SyncRepository.
kt:3853:39 Unresolved reference: converterTimestampParaDate
e: file:///C:/Users/Rossiny/Desktop/2-GestaoBilhares/sync/src/main/java/com/example/gestaobilhares/sync/SyncRepository.
kt:3854:28 Unresolved reference: converterTimestampParaDate
e: file:///C:/Users/Rossiny/Desktop/2-GestaoBilhares/sync/src/main/java/com/example/gestaobilhares/sync/SyncRepository.
kt:3958:37 Unresolved reference: converterTimestampParaDate
e: file:///C:/Users/Rossiny/Desktop/2-GestaoBilhares/sync/src/main/java/com/example/gestaobilhares/sync/SyncRepository.
kt:3959:28 Unresolved reference: converterTimestampParaDate
e: file:///C:/Users/Rossiny/Desktop/2-GestaoBilhares/sync/src/main/java/com/example/gestaobilhares/sync/SyncRepository.
kt:3960:39 Unresolved reference: converterTimestampParaDate
e: file:///C:/Users/Rossiny/Desktop/2-GestaoBilhares/sync/src/main/java/com/example/gestaobilhares/sync/SyncRepository.
kt:3961:28 Unresolved reference: converterTimestampParaDate
e: file:///C:/Users/Rossiny/Desktop/2-GestaoBilhares/sync/src/main/java/com/example/gestaobilhares/sync/SyncRepository.
kt:4054:39 Unresolved reference: entityToMap
e: file:///C:/Users/Rossiny/Desktop/2-GestaoBilhares/sync/src/main/java/com/example/gestaobilhares/sync/SyncRepository.
kt:4206:42 Unresolved reference: converterTimestampParaDate
e: file:///C:/Users/Rossiny/Desktop/2-GestaoBilhares/sync/src/main/java/com/example/gestaobilhares/sync/SyncRepository.
kt:4207:28 Unresolved reference: converterTimestampParaDate
e: file:///C:/Users/Rossiny/Desktop/2-GestaoBilhares/sync/src/main/java/com/example/gestaobilhares/sync/SyncRepository.
kt:4208:39 Unresolved reference: converterTimestampParaDate
e: file:///C:/Users/Rossiny/Desktop/2-GestaoBilhares/sync/src/main/java/com/example/gestaobilhares/sync/SyncRepository.
kt:4209:28 Unresolved reference: converterTimestampParaDate
e: file:///C:/Users/Rossiny/Desktop/2-GestaoBilhares/sync/src/main/java/com/example/gestaobilhares/sync/SyncRepository.
kt:4326:42 Unresolved reference: converterTimestampParaDate
e: file:///C:/Users/Rossiny/Desktop/2-GestaoBilhares/sync/src/main/java/com/example/gestaobilhares/sync/SyncRepository.
kt:4327:28 Unresolved reference: converterTimestampParaDate
e: file:///C:/Users/Rossiny/Desktop/2-GestaoBilhares/sync/src/main/java/com/example/gestaobilhares/sync/SyncRepository.
kt:4328:39 Unresolved reference: converterTimestampParaDate
e: file:///C:/Users/Rossiny/Desktop/2-GestaoBilhares/sync/src/main/java/com/example/gestaobilhares/sync/SyncRepository.
kt:4329:28 Unresolved reference: converterTimestampParaDate
e: file:///C:/Users/Rossiny/Desktop/2-GestaoBilhares/sync/src/main/java/com/example/gestaobilhares/sync/SyncRepository.
kt:4433:40 Unresolved reference: entityToMap
e: file:///C:/Users/Rossiny/Desktop/2-GestaoBilhares/sync/src/main/java/com/example/gestaobilhares/sync/SyncRepository.
kt:4586:42 Unresolved reference: converterTimestampParaDate
e: file:///C:/Users/Rossiny/Desktop/2-GestaoBilhares/sync/src/main/java/com/example/gestaobilhares/sync/SyncRepository.
kt:4587:28 Unresolved reference: converterTimestampParaDate
e: file:///C:/Users/Rossiny/Desktop/2-GestaoBilhares/sync/src/main/java/com/example/gestaobilhares/sync/SyncRepository.
kt:4588:39 Unresolved reference: converterTimestampParaDate
e: file:///C:/Users/Rossiny/Desktop/2-GestaoBilhares/sync/src/main/java/com/example/gestaobilhares/sync/SyncRepository.
kt:4589:28 Unresolved reference: converterTimestampParaDate
e: file:///C:/Users/Rossiny/Desktop/2-GestaoBilhares/sync/src/main/java/com/example/gestaobilhares/sync/SyncRepository.
kt:4696:42 Unresolved reference: converterTimestampParaDate
e: file:///C:/Users/Rossiny/Desktop/2-GestaoBilhares/sync/src/main/java/com/example/gestaobilhares/sync/SyncRepository.
kt:4697:28 Unresolved reference: converterTimestampParaDate
e: file:///C:/Users/Rossiny/Desktop/2-GestaoBilhares/sync/src/main/java/com/example/gestaobilhares/sync/SyncRepository.
kt:4698:39 Unresolved reference: converterTimestampParaDate
e: file:///C:/Users/Rossiny/Desktop/2-GestaoBilhares/sync/src/main/java/com/example/gestaobilhares/sync/SyncRepository.
kt:4699:28 Unresolved reference: converterTimestampParaDate
e: file:///C:/Users/Rossiny/Desktop/2-GestaoBilhares/sync/src/main/java/com/example/gestaobilhares/sync/SyncRepository.
kt:4798:40 Unresolved reference: entityToMap
e: file:///C:/Users/Rossiny/Desktop/2-GestaoBilhares/sync/src/main/java/com/example/gestaobilhares/sync/SyncRepository.
kt:4955:45 Unresolved reference: converterTimestampParaDate
e: file:///C:/Users/Rossiny/Desktop/2-GestaoBilhares/sync/src/main/java/com/example/gestaobilhares/sync/SyncRepository.
kt:4956:28 Unresolved reference: converterTimestampParaDate
e: file:///C:/Users/Rossiny/Desktop/2-GestaoBilhares/sync/src/main/java/com/example/gestaobilhares/sync/SyncRepository.
kt:4957:39 Unresolved reference: converterTimestampParaDate
e: file:///C:/Users/Rossiny/Desktop/2-GestaoBilhares/sync/src/main/java/com/example/gestaobilhares/sync/SyncRepository.
kt:4958:28 Unresolved reference: converterTimestampParaDate
e: file:///C:/Users/Rossiny/Desktop/2-GestaoBilhares/sync/src/main/java/com/example/gestaobilhares/sync/SyncRepository.
kt:5065:45 Unresolved reference: converterTimestampParaDate
e: file:///C:/Users/Rossiny/Desktop/2-GestaoBilhares/sync/src/main/java/com/example/gestaobilhares/sync/SyncRepository.
kt:5066:28 Unresolved reference: converterTimestampParaDate
e: file:///C:/Users/Rossiny/Desktop/2-GestaoBilhares/sync/src/main/java/com/example/gestaobilhares/sync/SyncRepository.
kt:5067:39 Unresolved reference: converterTimestampParaDate
e: file:///C:/Users/Rossiny/Desktop/2-GestaoBilhares/sync/src/main/java/com/example/gestaobilhares/sync/SyncRepository.
kt:5068:28 Unresolved reference: converterTimestampParaDate
e: file:///C:/Users/Rossiny/Desktop/2-GestaoBilhares/sync/src/main/java/com/example/gestaobilhares/sync/SyncRepository.
kt:5235:38 Unresolved reference: converterTimestampParaDate
e: file:///C:/Users/Rossiny/Desktop/2-GestaoBilhares/sync/src/main/java/com/example/gestaobilhares/sync/SyncRepository.
kt:5236:28 Unresolved reference: converterTimestampParaDate
e: file:///C:/Users/Rossiny/Desktop/2-GestaoBilhares/sync/src/main/java/com/example/gestaobilhares/sync/SyncRepository.
kt:5348:38 Unresolved reference: converterTimestampParaDate
e: file:///C:/Users/Rossiny/Desktop/2-GestaoBilhares/sync/src/main/java/com/example/gestaobilhares/sync/SyncRepository.
kt:5349:28 Unresolved reference: converterTimestampParaDate
e: file:///C:/Users/Rossiny/Desktop/2-GestaoBilhares/sync/src/main/java/com/example/gestaobilhares/sync/SyncRepository.
kt:5453:40 Unresolved reference: entityToMap
e: file:///C:/Users/Rossiny/Desktop/2-GestaoBilhares/sync/src/main/java/com/example/gestaobilhares/sync/SyncRepository.
kt:5549:38 Unresolved reference: entityToMap
e: file:///C:/Users/Rossiny/Desktop/2-GestaoBilhares/sync/src/main/java/com/example/gestaobilhares/sync/SyncRepository.
kt:5650:40 Unresolved reference: entityToMap
e: file:///C:/Users/Rossiny/Desktop/2-GestaoBilhares/sync/src/main/java/com/example/gestaobilhares/sync/SyncRepository.
kt:5810:17 Unresolved reference: ProcessResult
e: file:///C:/Users/Rossiny/Desktop/2-GestaoBilhares/sync/src/main/java/com/example/gestaobilhares/sync/SyncRepository.
kt:5811:17 Unresolved reference: ProcessResult
e: file:///C:/Users/Rossiny/Desktop/2-GestaoBilhares/sync/src/main/java/com/example/gestaobilhares/sync/SyncRepository.
kt:5812:17 Unresolved reference: ProcessResult
e: file:///C:/Users/Rossiny/Desktop/2-GestaoBilhares/sync/src/main/java/com/example/gestaobilhares/sync/SyncRepository.
kt:5822:8 Unresolved reference: ProcessResult
e: file:///C:/Users/Rossiny/Desktop/2-GestaoBilhares/sync/src/main/java/com/example/gestaobilhares/sync/SyncRepository.
kt:5824:43 Unresolved reference: ProcessResult
e: file:///C:/Users/Rossiny/Desktop/2-GestaoBilhares/sync/src/main/java/com/example/gestaobilhares/sync/SyncRepository.
kt:5828:27 Unresolved reference: ProcessResult
e: file:///C:/Users/Rossiny/Desktop/2-GestaoBilhares/sync/src/main/java/com/example/gestaobilhares/sync/SyncRepository.
kt:5839:24 Unresolved reference: ProcessResult
e: file:///C:/Users/Rossiny/Desktop/2-GestaoBilhares/sync/src/main/java/com/example/gestaobilhares/sync/SyncRepository.
kt:5844:13 Unresolved reference: ProcessResult
e: file:///C:/Users/Rossiny/Desktop/2-GestaoBilhares/sync/src/main/java/com/example/gestaobilhares/sync/SyncRepository.
kt:5847:13 Unresolved reference: ProcessResult

> Task :sync:compileDebugKotlin FAILED

FAILURE: Build failed with an exception.

* What went wrong:
Execution failed for task ':sync:compileDebugKotlin'.
> A failure occurred while executing 
org.jetbrains.kotlin.compilerRunner.GradleCompilerRunnerWithWorkers$GradleKotlinCompilerWorkAction
   > Compilation error. See log for more details

* Try:
> Run with --stacktrace option to get the stack trace.
> Run with --info or --debug option to get more log output.
> Run with --scan to get full insights.
> Get more help at https://help.gradle.org.

BUILD FAILED in 50s
33 actionable tasks: 4 executed, 29 up-to-date
Configuration cache entry reused.
