To honour the JVM settings for this build a single-use Daemon process will be forked. For more on this, please refer to https://docs.gradle.org/8.11.1/userguide/gradle_daemon.html#sec:disabling_the_daemon in the Gradle documentation.
Daemon will be stopped at the end of the build 
Calculating task graph as no cached configuration is available for tasks: clean build
> Task :core:preBuild UP-TO-DATE
> Task :app:preBuild UP-TO-DATE
> Task :app:preDebugBuild UP-TO-DATE
> Task :core:preDebugBuild UP-TO-DATE
> Task :sync:preBuild UP-TO-DATE
> Task :sync:preDebugBuild UP-TO-DATE
> Task :ui:preBuild UP-TO-DATE
> Task :data:preBuild UP-TO-DATE
> Task :data:preDebugBuild UP-TO-DATE
> Task :ui:preDebugBuild UP-TO-DATE
> Task :app:checkKotlinGradlePluginConfigurationErrors
> Task :core:checkKotlinGradlePluginConfigurationErrors
> Task :sync:checkKotlinGradlePluginConfigurationErrors
> Task :data:checkKotlinGradlePluginConfigurationErrors
> Task :ui:checkKotlinGradlePluginConfigurationErrors
> Task :app:preReleaseBuild UP-TO-DATE
> Task :core:preReleaseBuild UP-TO-DATE
> Task :data:preReleaseBuild UP-TO-DATE
> Task :sync:preReleaseBuild UP-TO-DATE
> Task :ui:preReleaseBuild UP-TO-DATE
> Task :app:preDebugUnitTestBuild UP-TO-DATE
> Task :core:preDebugAndroidTestBuild UP-TO-DATE
> Task :core:preDebugUnitTestBuild UP-TO-DATE
> Task :data:preDebugAndroidTestBuild UP-TO-DATE
> Task :data:preDebugUnitTestBuild UP-TO-DATE
> Task :sync:preDebugAndroidTestBuild UP-TO-DATE
> Task :sync:preDebugUnitTestBuild UP-TO-DATE
> Task :ui:preDebugAndroidTestBuild UP-TO-DATE
> Task :ui:preDebugUnitTestBuild UP-TO-DATE
> Task :app:preReleaseUnitTestBuild UP-TO-DATE
> Task :core:preReleaseUnitTestBuild UP-TO-DATE
> Task :data:preReleaseUnitTestBuild UP-TO-DATE
> Task :sync:preReleaseUnitTestBuild UP-TO-DATE
> Task :ui:preReleaseUnitTestBuild UP-TO-DATE
> Task :core:clean
> Task :core:generateDebugResValues FROM-CACHE
> Task :core:javaPreCompileDebug FROM-CACHE
> Task :core:extractDeepLinksDebug FROM-CACHE
> Task :core:generateDebugResources FROM-CACHE
> Task :core:writeDebugAarMetadata
> Task :core:processDebugManifest FROM-CACHE
> Task :core:packageDebugResources FROM-CACHE
> Task :core:mergeDebugShaders
> Task :core:parseDebugLocalResources FROM-CACHE
> Task :core:mergeDebugJniLibFolders
> Task :core:mergeReleaseJniLibFolders
> Task :core:mergeDebugNativeLibs NO-SOURCE
> Task :core:compileDebugShaders NO-SOURCE
> Task :core:generateDebugAssets UP-TO-DATE
> Task :core:compileDebugLibraryResources FROM-CACHE
> Task :core:mergeReleaseNativeLibs NO-SOURCE
> Task :core:copyReleaseJniLibsProjectOnly
> Task :core:generateReleaseResValues FROM-CACHE
> Task :core:generateDebugRFile FROM-CACHE
> Task :core:generateReleaseResources FROM-CACHE
> Task :core:copyDebugJniLibsProjectOnly
> Task :sync:clean
> Task :core:mergeDebugAssets
> Task :core:javaPreCompileRelease FROM-CACHE
> Task :core:prepareReleaseArtProfile UP-TO-DATE
> Task :sync:generateDebugResValues FROM-CACHE
> Task :sync:writeDebugAarMetadata
> Task :core:packageReleaseResources FROM-CACHE
> Task :sync:javaPreCompileDebug FROM-CACHE
> Task :sync:generateDebugResources FROM-CACHE
> Task :sync:extractDeepLinksDebug FROM-CACHE
> Task :sync:mergeDebugJniLibFolders
> Task :sync:mergeDebugShaders
> Task :sync:mergeReleaseJniLibFolders
> Task :sync:processDebugManifest FROM-CACHE
> Task :sync:compileDebugShaders NO-SOURCE
> Task :sync:generateDebugAssets UP-TO-DATE
> Task :sync:mergeDebugNativeLibs NO-SOURCE
> Task :core:parseReleaseLocalResources FROM-CACHE
> Task :sync:mergeReleaseNativeLibs NO-SOURCE
> Task :sync:mergeDebugAssets
> Task :sync:copyDebugJniLibsProjectOnly
> Task :core:generateReleaseRFile FROM-CACHE
> Task :sync:prepareReleaseArtProfile UP-TO-DATE
> Task :sync:javaPreCompileRelease FROM-CACHE
> Task :sync:generateReleaseResValues FROM-CACHE
> Task :sync:generateReleaseResources FROM-CACHE
> Task :sync:copyReleaseJniLibsProjectOnly
> Task :core:extractDeepLinksRelease FROM-CACHE
> Task :core:writeReleaseAarMetadata
> Task :sync:packageDebugResources FROM-CACHE
> Task :sync:writeReleaseAarMetadata
> Task :sync:compileDebugLibraryResources FROM-CACHE
> Task :sync:extractDeepLinksRelease FROM-CACHE
> Task :core:mergeReleaseShaders
> Task :core:compileReleaseShaders NO-SOURCE
> Task :sync:parseDebugLocalResources FROM-CACHE
> Task :core:generateReleaseAssets UP-TO-DATE
> Task :core:mergeReleaseAssets
> Task :sync:mergeReleaseShaders
> Task :sync:compileReleaseShaders NO-SOURCE
> Task :sync:generateReleaseAssets UP-TO-DATE
> Task :sync:mergeReleaseAssets
> Task :sync:generateDebugRFile FROM-CACHE
> Task :core:prepareLintJarForPublish UP-TO-DATE
> Task :sync:packageReleaseResources FROM-CACHE
> Task :sync:parseReleaseLocalResources FROM-CACHE
> Task :core:processReleaseManifest FROM-CACHE
> Task :sync:prepareLintJarForPublish UP-TO-DATE
> Task :sync:stripReleaseDebugSymbols NO-SOURCE
> Task :sync:copyReleaseJniLibsProjectAndLocalJars
> Task :sync:extractDeepLinksForAarRelease UP-TO-DATE
> Task :sync:generateReleaseRFile FROM-CACHE
> Task :core:extractProguardFiles
> Task :sync:extractProguardFiles
> Task :sync:processReleaseManifest FROM-CACHE
> Task :core:stripReleaseDebugSymbols NO-SOURCE
> Task :core:extractDeepLinksForAarRelease UP-TO-DATE
> Task :core:writeReleaseLintModelMetadata
> Task :core:stripDebugDebugSymbols NO-SOURCE
> Task :sync:writeReleaseLintModelMetadata
> Task :core:extractDeepLinksForAarDebug UP-TO-DATE
> Task :core:prepareDebugArtProfile UP-TO-DATE
> Task :sync:stripDebugDebugSymbols NO-SOURCE
> Task :sync:prepareDebugArtProfile UP-TO-DATE
> Task :sync:extractDeepLinksForAarDebug UP-TO-DATE
> Task :sync:copyDebugJniLibsProjectAndLocalJars
> Task :sync:writeDebugLintModelMetadata
> Task :core:writeDebugLintModelMetadata
> Task :core:generateDebugAndroidTestResValues FROM-CACHE
> Task :core:copyDebugJniLibsProjectAndLocalJars
> Task :core:copyReleaseJniLibsProjectAndLocalJars
> Task :core:javaPreCompileDebugUnitTest FROM-CACHE
> Task :sync:javaPreCompileDebugUnitTest FROM-CACHE
> Task :core:javaPreCompileReleaseUnitTest FROM-CACHE
> Task :sync:javaPreCompileReleaseUnitTest FROM-CACHE
> Task :core:compileReleaseLibraryResources FROM-CACHE
> Task :sync:compileReleaseLibraryResources FROM-CACHE
> Task :sync:generateDebugAndroidTestResValues FROM-CACHE
> Task :data:clean
> Task :app:clean
> Task :ui:clean
> Task :app:mergeDebugNativeDebugMetadata NO-SOURCE
> Task :app:generateDebugResValues FROM-CACHE
> Task :app:generateDebugBuildConfig FROM-CACHE
> Task :app:generateDebugResources FROM-CACHE
> Task :app:createDebugCompatibleScreenManifests
> Task :app:processDebugGoogleServices FROM-CACHE
> Task :app:injectCrashlyticsMappingFileIdDebug
> Task :app:javaPreCompileDebug FROM-CACHE
> Task :app:extractDeepLinksDebug FROM-CACHE
> Task :app:desugarDebugFileDependencies FROM-CACHE
> Task :app:mergeDebugShaders
> Task :app:generateSafeArgsDebug FROM-CACHE
> Task :app:compileDebugShaders NO-SOURCE
> Task :app:generateDebugAssets UP-TO-DATE
> Task :app:writeDebugAppMetadata
> Task :app:validateSigningDebug
> Task :app:writeDebugSigningConfigVersions
> Task :app:packageDebugResources FROM-CACHE
> Task :app:parseDebugLocalResources FROM-CACHE
> Task :app:buildKotlinToolingMetadata
> Task :data:generateDebugResValues FROM-CACHE
> Task :data:generateDebugResources FROM-CACHE
> Task :data:packageDebugResources FROM-CACHE
> Task :data:parseDebugLocalResources FROM-CACHE
> Task :data:generateDebugRFile FROM-CACHE
> Task :app:mergeReleaseJniLibFolders
> Task :data:extractDeepLinksDebug FROM-CACHE
> Task :data:writeDebugAarMetadata
> Task :app:mergeDebugJniLibFolders
> Task :data:compileDebugLibraryResources FROM-CACHE
> Task :data:javaPreCompileDebug FROM-CACHE
> Task :data:processDebugManifest FROM-CACHE
> Task :data:mergeDebugShaders
> Task :data:compileDebugShaders NO-SOURCE
> Task :data:generateDebugAssets UP-TO-DATE
> Task :data:mergeDebugJniLibFolders
> Task :data:mergeDebugNativeLibs NO-SOURCE
> Task :data:copyDebugJniLibsProjectOnly
> Task :data:mergeDebugAssets
> Task :data:mergeReleaseJniLibFolders
> Task :data:generateReleaseResValues FROM-CACHE
> Task :data:mergeReleaseNativeLibs NO-SOURCE
> Task :data:generateReleaseResources FROM-CACHE
> Task :data:copyReleaseJniLibsProjectOnly
> Task :app:dataBindingMergeDependencyArtifactsDebug
> Task :app:dataBindingMergeDependencyArtifactsRelease
> Task :data:packageReleaseResources FROM-CACHE
> Task :app:generateReleaseResValues FROM-CACHE
> Task :data:prepareReleaseArtProfile UP-TO-DATE
> Task :data:javaPreCompileRelease FROM-CACHE
> Task :data:parseReleaseLocalResources FROM-CACHE
> Task :app:injectCrashlyticsMappingFileIdRelease
> Task :app:generateReleaseBuildConfig FROM-CACHE
> Task :app:generateSafeArgsRelease FROM-CACHE
> Task :app:generateReleaseResources FROM-CACHE
> Task :app:createReleaseCompatibleScreenManifests
> Task :app:processReleaseGoogleServices FROM-CACHE
> Task :app:checkReleaseDuplicateClasses
> Task :app:checkDebugDuplicateClasses
> Task :data:writeReleaseAarMetadata
> Task :data:extractDeepLinksRelease FROM-CACHE
> Task :app:extractDeepLinksRelease FROM-CACHE
> Task :app:javaPreCompileRelease FROM-CACHE
> Task :data:generateReleaseRFile FROM-CACHE
> Task :data:processReleaseManifest FROM-CACHE
> Task :app:mergeReleaseStartupProfile UP-TO-DATE
> Task :app:mergeReleaseShaders
> Task :app:compileReleaseShaders NO-SOURCE
> Task :app:generateReleaseAssets UP-TO-DATE
> Task :app:extractProguardFiles
> Task :data:extractProguardFiles
> Task :data:prepareLintJarForPublish UP-TO-DATE
> Task :data:stripReleaseDebugSymbols NO-SOURCE
> Task :data:mergeReleaseShaders
> Task :data:compileReleaseShaders NO-SOURCE
> Task :data:generateReleaseAssets UP-TO-DATE
> Task :app:extractReleaseVersionControlInfo
> Task :data:extractDeepLinksForAarRelease UP-TO-DATE
> Task :data:writeReleaseLintModelMetadata
> Task :data:mergeReleaseAssets
> Task :app:validateSigningRelease
> Task :app:writeReleaseAppMetadata
> Task :app:writeReleaseSigningConfigVersions
> Task :data:stripDebugDebugSymbols NO-SOURCE
> Task :data:copyDebugJniLibsProjectAndLocalJars
> Task :data:copyReleaseJniLibsProjectAndLocalJars
> Task :data:extractDeepLinksForAarDebug UP-TO-DATE
> Task :app:preDebugAndroidTestBuild SKIPPED
> Task :data:prepareDebugArtProfile UP-TO-DATE
> Task :app:generateDebugAndroidTestResValues FROM-CACHE
> Task :data:writeDebugLintModelMetadata
> Task :data:generateDebugAndroidTestResValues FROM-CACHE
> Task :app:javaPreCompileDebugUnitTest FROM-CACHE
> Task :app:javaPreCompileReleaseUnitTest FROM-CACHE
> Task :core:mapReleaseSourceSetPaths
> Task :data:compileReleaseLibraryResources FROM-CACHE
> Task :core:generateDebugUnitTestStubRFile FROM-CACHE
> Task :core:generateReleaseUnitTestStubRFile FROM-CACHE
> Task :data:kspDebugKotlin FROM-CACHE
> Task :data:kspReleaseKotlin FROM-CACHE
> Task :data:mapReleaseSourceSetPaths
> Task :app:collectReleaseDependencies
> Task :app:mergeExtDexDebug FROM-CACHE
> Task :data:compileReleaseKotlin FROM-CACHE
> Task :data:compileDebugKotlin FROM-CACHE
> Task :app:packageReleaseResources
> Task :app:sdkReleaseDependencyData
> Task :data:processDebugJavaRes
> Task :data:mergeReleaseResources FROM-CACHE
> Task :data:processReleaseJavaRes
> Task :data:generateDebugUnitTestStubRFile FROM-CACHE
> Task :core:mergeReleaseResources FROM-CACHE
> Task :data:extractReleaseAnnotations FROM-CACHE
> Task :data:extractDebugAnnotations FROM-CACHE
> Task :data:mergeDebugJavaResource
> Task :data:javaPreCompileDebugUnitTest FROM-CACHE
> Task :data:generateReleaseUnitTestStubRFile FROM-CACHE
> Task :data:javaPreCompileReleaseUnitTest FROM-CACHE
> Task :data:mergeReleaseJavaResource
> Task :sync:mapReleaseSourceSetPaths
> Task :ui:clean FAILED
> Task :data:verifyReleaseResources FROM-CACHE
> Task :data:compileDebugJavaWithJavac FROM-CACHE
> Task :app:parseReleaseLocalResources
> Task :data:compileReleaseJavaWithJavac FROM-CACHE
> Task :sync:generateDebugUnitTestStubRFile FROM-CACHE
> Task :core:verifyReleaseResources FROM-CACHE
> Task :sync:mergeReleaseResources FROM-CACHE
[Incubating] Problems report is available at: file:///C:/Users/Rossiny/Desktop/2-GestaoBilhares/build/reports/problems/problems-report.html
.\gradlew.bat : 
No C:\Users\Rossiny\AppData\Local\Temp\ps-script-70be1da9-5e80-42be-98b1-e70ffe2e4735.ps1:7 caractere:47
+ ... \2-GestaoBilhares; .\gradlew.bat clean build --no-daemon 2>&1 | Tee-O ...
+                        ~~~~~~~~~~~~~~~~~~~~~~~~~~~~~~~~~~~~~~~~~~
    + CategoryInfo          : NotSpecified: (:String) [], RemoteException
    + FullyQualifiedErrorId : NativeCommandError
 
FAILURE: Build failed with an exception.

* What went wrong:
Execution failed for task ':ui:clean'.
> java.io.IOException: Unable to delete directory 'C:\Users\Rossiny\Desktop\2-GestaoBilhares\ui\build'
    New files were found. This might happen because a process is still writing to the target directory.
    - C:\Users\Rossiny\Desktop\2-GestaoBilhares\ui\build\intermediates
    - C:\Users\Rossiny\Desktop\2-GestaoBilhares\ui\build\intermediates\merged_shaders
    - C:\Users\Rossiny\Desktop\2-GestaoBilhares\ui\build\intermediates\merged_shaders\debug
    - C:\Users\Rossiny\Desktop\2-GestaoBilhares\ui\build\intermediates\merged_shaders\debug\mergeDebugShaders
    - C:\Users\Rossiny\Desktop\2-GestaoBilhares\ui\build\intermediates\merged_shaders\debug\mergeDebugShaders\out
    - C:\Users\Rossiny\Desktop\2-GestaoBilhares\ui\build\intermediates\merged_jni_libs
    - C:\Users\Rossiny\Desktop\2-GestaoBilhares\ui\build\intermediates\merged_jni_libs\debug
    - C:\Users\Rossiny\Desktop\2-GestaoBilhares\ui\build\intermediates\merged_jni_libs\debug\mergeDebugJniLibFolders
    - 
C:\Users\Rossiny\Desktop\2-GestaoBilhares\ui\build\intermediates\merged_jni_libs\debug\mergeDebugJniLibFolders\out
    - C:\Users\Rossiny\Desktop\2-GestaoBilhares\ui\build\intermediates\lint_model_metadata
    - C:\Users\Rossiny\Desktop\2-GestaoBilhares\ui\build\intermediates\lint_model_metadata\debug
    - 
C:\Users\Rossiny\Desktop\2-GestaoBilhares\ui\build\intermediates\lint_model_metadata\debug\writeDebugLintModelMetadata
    - C:\Users\Rossiny\Desktop\2-GestaoBilhares\ui\build\intermediates\lint_model_metadata\debug\writeDebugLintModelMet
adata\lint-model-metadata.properties
    - C:\Users\Rossiny\Desktop\2-GestaoBilhares\ui\build\intermediates\library_and_local_jars_jni
    - C:\Users\Rossiny\Desktop\2-GestaoBilhares\ui\build\intermediates\library_and_local_jars_jni\debug
    - C:\Users\Rossiny\Desktop\2-GestaoBilhares\ui\build\intermediates\library_and_local_jars_jni\debug\copyDebugJniLib
sProjectAndLocalJars
    - and more ...

* Try:
> Run with --stacktrace option to get the stack trace.
> Run with --info or --debug option to get more log output.
> Run with --scan to get full insights.
> Get more help at https://help.gradle.org.

BUILD FAILED in 6m 51s
205 actionable tasks: 87 executed, 102 from cache, 16 up-to-date
Configuration cache entry stored.
