Configuration on demand is an incubating feature.
Reusing configuration cache.
> Task :app:generateSafeArgsDebug UP-TO-DATE
> Task :app:checkKotlinGradlePluginConfigurationErrors
> Task :app:preBuild UP-TO-DATE
> Task :app:preDebugBuild UP-TO-DATE
> Task :app:generateDebugBuildConfig UP-TO-DATE
> Task :app:generateDebugResValues UP-TO-DATE
> Task :app:createDebugCompatibleScreenManifests UP-TO-DATE
> Task :app:checkDebugAarMetadata UP-TO-DATE
> Task :app:generateDebugResources UP-TO-DATE
> Task :app:processDebugGoogleServices UP-TO-DATE
> Task :app:mapDebugSourceSetPaths UP-TO-DATE
> Task :app:dataBindingMergeDependencyArtifactsDebug UP-TO-DATE
> Task :app:extractDeepLinksDebug UP-TO-DATE
> Task :app:packageDebugResources UP-TO-DATE
> Task :app:parseDebugLocalResources UP-TO-DATE
> Task :app:mergeDebugResources UP-TO-DATE
> Task :app:dataBindingGenBaseClassesDebug UP-TO-DATE
> Task :app:processDebugMainManifest UP-TO-DATE
> Task :app:processDebugManifest UP-TO-DATE
> Task :app:processDebugManifestForPackage UP-TO-DATE
> Task :app:processDebugResources UP-TO-DATE
> Task :app:kspDebugKotlin UP-TO-DATE
> Task :app:compileDebugKotlin
.\gradlew : e: file:///C:/Users/Rossiny/Desktop/2
-GestaoBilhares/app/src/main/java/com/example/ges
taobilhares/data/repository/internal/DespesaRepos
itoryInternal.kt:21:53 Type mismatch: inferred 
type is Flow<List<DespesaResumo>> but 
Flow<List<Despesa>> was expected
No linha:1 caractere:1
+ .\gradlew compileDebugKotlin 2>&1 | Tee-Object 
-FilePath build-errors ...
+ ~~~~~~~~~~~~~~~~~~~~~~~~~~~~~~~~~
    + CategoryInfo          : NotSpecified: (e:  
   file:///C:/U...>> was expected:String) [], R  
  emoteException
    + FullyQualifiedErrorId : NativeCommandError
 
e: file:///C:/Users/Rossiny/Desktop/2-GestaoBilha
res/app/src/main/java/com/example/gestaobilhares/
data/repository/internal/DespesaRepositoryInterna
l.kt:56:17 Named arguments are not allowed for 
function types
e: file:///C:/Users/Rossiny/Desktop/2-GestaoBilha
res/app/src/main/java/com/example/gestaobilhares/
data/repository/internal/DespesaRepositoryInterna
l.kt:56:17 Cannot find a parameter with this 
name: caminhoLocal
e: file:///C:/Users/Rossiny/Desktop/2-GestaoBilha
res/app/src/main/java/com/example/gestaobilhares/
data/repository/internal/DespesaRepositoryInterna
l.kt:57:17 Named arguments are not allowed for 
function types
e: file:///C:/Users/Rossiny/Desktop/2-GestaoBilha
res/app/src/main/java/com/example/gestaobilhares/
data/repository/internal/DespesaRepositoryInterna
l.kt:57:17 Cannot find a parameter with this 
name: tipo
e: file:///C:/Users/Rossiny/Desktop/2-GestaoBilha
res/app/src/main/java/com/example/gestaobilhares/
data/repository/internal/DespesaRepositoryInterna
l.kt:58:17 Named arguments are not allowed for 
function types
e: file:///C:/Users/Rossiny/Desktop/2-GestaoBilha
res/app/src/main/java/com/example/gestaobilhares/
data/repository/internal/DespesaRepositoryInterna
l.kt:58:17 Cannot find a parameter with this 
name: empresaId
e: file:///C:/Users/Rossiny/Desktop/2-GestaoBilha
res/app/src/main/java/com/example/gestaobilhares/
data/repository/internal/DespesaRepositoryInterna
l.kt:59:17 Named arguments are not allowed for 
function types
e: file:///C:/Users/Rossiny/Desktop/2-GestaoBilha
res/app/src/main/java/com/example/gestaobilhares/
data/repository/internal/DespesaRepositoryInterna
l.kt:59:17 Cannot find a parameter with this 
name: entityId
e: file:///C:/Users/Rossiny/Desktop/2-GestaoBilha
res/app/src/main/java/com/example/gestaobilhares/
data/repository/internal/DespesaRepositoryInterna
l.kt:60:17 Named arguments are not allowed for 
function types
e: file:///C:/Users/Rossiny/Desktop/2-GestaoBilha
res/app/src/main/java/com/example/gestaobilhares/
data/repository/internal/DespesaRepositoryInterna
l.kt:60:17 Cannot find a parameter with this 
name: entityExtraId
e: file:///C:/Users/Rossiny/Desktop/2-GestaoBilha
res/app/src/main/java/com/example/gestaobilhares/
data/repository/internal/DespesaRepositoryInterna
l.kt:60:17 No value passed for parameter 'p1'
e: file:///C:/Users/Rossiny/Desktop/2-GestaoBilha
res/app/src/main/java/com/example/gestaobilhares/
data/repository/internal/DespesaRepositoryInterna
l.kt:60:17 No value passed for parameter 'p2'
e: file:///C:/Users/Rossiny/Desktop/2-GestaoBilha
res/app/src/main/java/com/example/gestaobilhares/
data/repository/internal/DespesaRepositoryInterna
l.kt:60:17 No value passed for parameter 'p3'
e: file:///C:/Users/Rossiny/Desktop/2-GestaoBilha
res/app/src/main/java/com/example/gestaobilhares/
data/repository/internal/DespesaRepositoryInterna
l.kt:60:17 No value passed for parameter 'p4'
e: file:///C:/Users/Rossiny/Desktop/2-GestaoBilha
res/app/src/main/java/com/example/gestaobilhares/
data/repository/internal/DespesaRepositoryInterna
l.kt:60:17 No value passed for parameter 'p5'
e: file:///C:/Users/Rossiny/Desktop/2-GestaoBilha
res/app/src/main/java/com/example/gestaobilhares/
data/repository/internal/DespesaRepositoryInterna
l.kt:141:17 Named arguments are not allowed for 
function types
e: file:///C:/Users/Rossiny/Desktop/2-GestaoBilha
res/app/src/main/java/com/example/gestaobilhares/
data/repository/internal/DespesaRepositoryInterna
l.kt:141:17 Cannot find a parameter with this 
name: caminhoLocal
e: file:///C:/Users/Rossiny/Desktop/2-GestaoBilha
res/app/src/main/java/com/example/gestaobilhares/
data/repository/internal/DespesaRepositoryInterna
l.kt:142:17 Named arguments are not allowed for 
function types
e: file:///C:/Users/Rossiny/Desktop/2-GestaoBilha
res/app/src/main/java/com/example/gestaobilhares/
data/repository/internal/DespesaRepositoryInterna
l.kt:142:17 Cannot find a parameter with this 
name: tipo
e: file:///C:/Users/Rossiny/Desktop/2-GestaoBilha
res/app/src/main/java/com/example/gestaobilhares/
data/repository/internal/DespesaRepositoryInterna
l.kt:143:17 Named arguments are not allowed for 
function types
e: file:///C:/Users/Rossiny/Desktop/2-GestaoBilha
res/app/src/main/java/com/example/gestaobilhares/
data/repository/internal/DespesaRepositoryInterna
l.kt:143:17 Cannot find a parameter with this 
name: empresaId
e: file:///C:/Users/Rossiny/Desktop/2-GestaoBilha
res/app/src/main/java/com/example/gestaobilhares/
data/repository/internal/DespesaRepositoryInterna
l.kt:144:17 Named arguments are not allowed for 
function types
e: file:///C:/Users/Rossiny/Desktop/2-GestaoBilha
res/app/src/main/java/com/example/gestaobilhares/
data/repository/internal/DespesaRepositoryInterna
l.kt:144:17 Cannot find a parameter with this 
name: entityId
e: file:///C:/Users/Rossiny/Desktop/2-GestaoBilha
res/app/src/main/java/com/example/gestaobilhares/
data/repository/internal/DespesaRepositoryInterna
l.kt:145:17 Named arguments are not allowed for 
function types
e: file:///C:/Users/Rossiny/Desktop/2-GestaoBilha
res/app/src/main/java/com/example/gestaobilhares/
data/repository/internal/DespesaRepositoryInterna
l.kt:145:17 Cannot find a parameter with this 
name: entityExtraId
e: file:///C:/Users/Rossiny/Desktop/2-GestaoBilha
res/app/src/main/java/com/example/gestaobilhares/
data/repository/internal/DespesaRepositoryInterna
l.kt:145:17 No value passed for parameter 'p1'
e: file:///C:/Users/Rossiny/Desktop/2-GestaoBilha
res/app/src/main/java/com/example/gestaobilhares/
data/repository/internal/DespesaRepositoryInterna
l.kt:145:17 No value passed for parameter 'p2'
e: file:///C:/Users/Rossiny/Desktop/2-GestaoBilha
res/app/src/main/java/com/example/gestaobilhares/
data/repository/internal/DespesaRepositoryInterna
l.kt:145:17 No value passed for parameter 'p3'
e: file:///C:/Users/Rossiny/Desktop/2-GestaoBilha
res/app/src/main/java/com/example/gestaobilhares/
data/repository/internal/DespesaRepositoryInterna
l.kt:145:17 No value passed for parameter 'p4'
e: file:///C:/Users/Rossiny/Desktop/2-GestaoBilha
res/app/src/main/java/com/example/gestaobilhares/
data/repository/internal/DespesaRepositoryInterna
l.kt:145:17 No value passed for parameter 'p5'

> Task :app:compileDebugKotlin FAILED
Kotlin build report is written to file:///C:/Users/Rossiny/Desktop/2-GestaoBilhares/build/reports/kotlin-build/GestaoBilhares-build-2025-11-09-14-54-12.txt

FAILURE: Build failed with an exception.

* What went wrong:
Execution failed for task 
':app:compileDebugKotlin'.
> A failure occurred while executing org.jetbrain
s.kotlin.compilerRunner.GradleCompilerRunnerWithW
orkers$GradleKotlinCompilerWorkAction
   > Compilation error. See log for more details

* Try:
> Run with --stacktrace option to get the stack 
trace.
> Run with --info or --debug option to get more 
log output.
> Run with --scan to get full insights.
> Get more help at https://help.gradle.org.

BUILD FAILED in 4m 22s
21 actionable tasks: 2 executed, 19 up-to-date
Configuration cache entry reused.
