06-28 12:57:12.926 32037 32037 E SPPClientServiceS: [PackageRemoveReceiver] [handlePkgRemovedEvent] PackageName : com.example.gestaobilhares
06-28 12:57:12.951 32037 32037 E SPPClientServiceS: [PackageRemoveReceiver] [handlePkgRemovedEvent] User : Owner, appId : null
06-28 12:57:12.982 32065 32065 E .apps.nbu.file: Not starting debugger since process cannot load the jdwp agent.
06-28 12:57:12.985 32065 32065 E USNET   : USNET: appName: com.google.android.apps.nbu.files
06-28 12:57:13.092  1391  1648 E WifiVendorHal: getWifiLinkLayerStats_1_5_Internal(l.1191) failed {.code = ERROR_NOT_SUPPORTED, .description = }
06-28 12:57:13.270 32075 32075 E rivacydashboar: Not starting debugger since process cannot load the jdwp agent.
06-28 12:57:13.273 32075 32075 E USNET   : USNET: appName: com.samsung.android.privacydashboard
06-28 12:57:13.587 32119 32119 E ocess.gservice: Not starting debugger since process cannot load the jdwp agent.
06-28 12:57:13.589 32119 32119 E USNET   : USNET: appName: com.google.process.gservices
06-28 12:57:13.703 32136 32136 E .filterprovide: Not starting debugger since process cannot load the jdwp agent.
06-28 12:57:13.713 32136 32136 E USNET   : USNET: appName: com.samsung.android.provider.filterprovider
06-28 12:57:13.799 32119 32153 E GmsClient: unable to connect to service: com.google.android.gms.gservices.START on com.google.android.gms
06-28 12:57:13.898  1391  1729 E SemWifiVendorHal: getWifiLinkLayerStats_1_5_Internal(l.456) failed {.code = ERROR_NOT_SUPPORTED, .description = }
06-28 12:57:13.958 32167 32167 E id.bbc.bbcagen: Not starting debugger since process cannot load the jdwp agent.
06-28 12:57:13.960 32167 32167 E USNET   : USNET: appName: com.samsung.android.bbc.bbcagent
06-28 12:57:14.107 31928 31928 E DWBq    : UsageDataManager MemoryTrimmable
06-28 12:57:14.107 31928 31928 E DWBh    : LocalPackageManager MemoryTrimmable
06-28 12:57:14.142 32184 32184 E .devicesecurit: Not starting debugger since process cannot load the jdwp agent.
06-28 12:57:14.145 32184 32184 E USNET   : USNET: appName: com.samsung.android.sm.devicesecurity
06-28 12:57:14.415 32207 32207 E droid.sm.polic: Not starting debugger since process cannot load the jdwp agent.
06-28 12:57:14.418 32207 32207 E USNET   : USNET: appName: com.samsung.android.sm.policy
06-28 12:57:14.557  2285  2285 E libprocessgroup: set_timerslack_ns write failed: Operation not permitted
06-28 12:57:14.602 32224 32224 E ng.android.loo: Not starting debugger since process cannot load the jdwp agent.
06-28 12:57:14.605 32224 32224 E USNET   : USNET: appName: com.samsung.android.lool
06-28 12:57:14.660  2285  2285 E libprocessgroup: set_timerslack_ns write failed: Operation not permitted
06-28 12:57:14.905  1391  1729 E SemWifiVendorHal: getWifiLinkLayerStats_1_5_Internal(l.456) failed {.code = ERROR_NOT_SUPPORTED, .description = }
06-28 12:57:15.705 32267 32267 E oid.samsungpas: Not starting debugger since process cannot load the jdwp agent.
06-28 12:57:15.708 32267 32267 E USNET   : USNET: appName: com.samsung.android.samsungpass
06-28 12:57:15.917  1391  1729 E SemWifiVendorHal: getWifiLinkLayerStats_1_5_Internal(l.456) failed {.code = ERROR_NOT_SUPPORTED, .description = }
06-28 12:57:16.103  1391  1648 E WifiVendorHal: getWifiLinkLayerStats_1_5_Internal(l.1191) failed {.code = ERROR_NOT_SUPPORTED, .description = }
06-28 12:57:16.925  1391  1729 E SemWifiVendorHal: getWifiLinkLayerStats_1_5_Internal(l.456) failed {.code = ERROR_NOT_SUPPORTED, .description = }
06-28 12:57:17.944  1391  1729 E SemWifiVendorHal: getWifiLinkLayerStats_1_5_Internal(l.456) failed {.code = ERROR_NOT_SUPPORTED, .description = }
06-28 12:57:18.450  2163  2291 E PaniGenerator: network is unknown.
06-28 12:57:18.466  2163  2291 E CmcServiceHelper: disallow Call Service
06-28 12:57:18.466  2163  2291 E CmcServiceHelper: disallow Call Service
06-28 12:57:18.466  2163  2291 E CapabilityUtil<0>: checkModuleReady: config is null
06-28 12:57:18.466  2163  2291 E CapabilityUtil<0>: checkModuleReady: config is null
06-28 12:57:18.482  2163  2291 E #IMSCR  : 06-28 12:57:18 0x1101000B:0,FILTERED ALL:11
06-28 12:57:18.495  2163  2291 E PaniGenerator: network is unknown.
06-28 12:57:18.502  2163  2291 E CmcServiceHelper: disallow Call Service
06-28 12:57:18.502  2163  2291 E CmcServiceHelper: disallow Call Service
06-28 12:57:18.502  2163  2291 E CapabilityUtil<0>: checkModuleReady: config is null
06-28 12:57:18.502  2163  2291 E CapabilityUtil<0>: checkModuleReady: config is null
06-28 12:57:18.509  2163  2291 E #IMSCR  : 06-28 12:57:18 0x1101000B:0,FILTERED ALL:11
06-28 12:57:18.956  1391  1729 E SemWifiVendorHal: getWifiLinkLayerStats_1_5_Internal(l.456) failed {.code = ERROR_NOT_SUPPORTED, .description = }
06-28 12:57:19.114  1391  1648 E WifiVendorHal: getWifiLinkLayerStats_1_5_Internal(l.1191) failed {.code = ERROR_NOT_SUPPORTED, .description = }
06-28 12:57:19.349  2163  2291 E PaniGenerator: network is unknown.
06-28 12:57:19.360  2163  2291 E CmcServiceHelper: disallow Call Service
06-28 12:57:19.360  2163  2291 E CmcServiceHelper: disallow Call Service
06-28 12:57:19.361  2163  2291 E CapabilityUtil<0>: checkModuleReady: config is null
06-28 12:57:19.361  2163  2291 E CapabilityUtil<0>: checkModuleReady: config is null
06-28 12:57:19.369  2163  2291 E #IMSCR  : 06-28 12:57:19 0x1101000B:0,FILTERED ALL:11
06-28 12:57:19.383  2163  2291 E PaniGenerator: network is unknown.
06-28 12:57:19.392  2163  2291 E CmcServiceHelper: disallow Call Service
06-28 12:57:19.392  2163  2291 E CmcServiceHelper: disallow Call Service
06-28 12:57:19.392  2163  2291 E CapabilityUtil<0>: checkModuleReady: config is null
06-28 12:57:19.392  2163  2291 E CapabilityUtil<0>: checkModuleReady: config is null
06-28 12:57:19.400  2163  2291 E #IMSCR  : 06-28 12:57:19 0x1101000B:0,FILTERED ALL:11
06-28 12:57:19.963  1391  1729 E SemWifiVendorHal: getWifiLinkLayerStats_1_5_Internal(l.456) failed {.code = ERROR_NOT_SUPPORTED, .description = }
06-28 12:57:20.302  2163  2291 E PaniGenerator: network is unknown.
06-28 12:57:20.315  2163  2291 E CmcServiceHelper: disallow Call Service
06-28 12:57:20.315  2163  2291 E CmcServiceHelper: disallow Call Service
06-28 12:57:20.316  2163  2291 E CapabilityUtil<0>: checkModuleReady: config is null
06-28 12:57:20.316  2163  2291 E CapabilityUtil<0>: checkModuleReady: config is null
06-28 12:57:20.326  2163  2291 E #IMSCR  : 06-28 12:57:20 0x1101000B:0,FILTERED ALL:11
06-28 12:57:20.342  2163  2291 E PaniGenerator: network is unknown.
06-28 12:57:20.350  2163  2291 E CmcServiceHelper: disallow Call Service
06-28 12:57:20.350  2163  2291 E CmcServiceHelper: disallow Call Service
06-28 12:57:20.351  2163  2291 E CapabilityUtil<0>: checkModuleReady: config is null
06-28 12:57:20.351  2163  2291 E CapabilityUtil<0>: checkModuleReady: config is null
06-28 12:57:20.359  2163  2291 E #IMSCR  : 06-28 12:57:20 0x1101000B:0,FILTERED ALL:11
06-28 12:57:20.971  1391  1729 E SemWifiVendorHal: getWifiLinkLayerStats_1_5_Internal(l.456) failed {.code = ERROR_NOT_SUPPORTED, .description = }
06-28 12:57:21.592   780   780 E android.hardware.health@2.1-service-samsung: Could not open /sys/class/power_supply/battery/lrp
06-28 12:57:21.976  1391  1729 E SemWifiVendorHal: getWifiLinkLayerStats_1_5_Internal(l.456) failed {.code = ERROR_NOT_SUPPORTED, .description = }
06-28 12:57:22.130  1391  1648 E WifiVendorHal: getWifiLinkLayerStats_1_5_Internal(l.1191) failed {.code = ERROR_NOT_SUPPORTED, .description = }
06-28 12:57:22.992  1391  1729 E SemWifiVendorHal: getWifiLinkLayerStats_1_5_Internal(l.456) failed {.code = ERROR_NOT_SUPPORTED, .description = }
06-28 12:57:23.049  2163  2291 E PaniGenerator: network is unknown.
06-28 12:57:23.065  2163  2291 E CmcServiceHelper: disallow Call Service
06-28 12:57:23.065  2163  2291 E CmcServiceHelper: disallow Call Service
06-28 12:57:23.065  2163  2291 E CapabilityUtil<0>: checkModuleReady: config is null
06-28 12:57:23.065  2163  2291 E CapabilityUtil<0>: checkModuleReady: config is null
06-28 12:57:23.083  2163  2291 E #IMSCR  : 06-28 12:57:23 0x1101000B:0,FILTERED ALL:11
06-28 12:57:23.124  2163  2291 E PaniGenerator: network is unknown.
06-28 12:57:23.131  2163  2291 E CmcServiceHelper: disallow Call Service
06-28 12:57:23.131  2163  2291 E CmcServiceHelper: disallow Call Service
06-28 12:57:23.132  2163  2291 E CapabilityUtil<0>: checkModuleReady: config is null
06-28 12:57:23.132  2163  2291 E CapabilityUtil<0>: checkModuleReady: config is null
06-28 12:57:23.138  2163  2291 E #IMSCR  : 06-28 12:57:23 0x1101000B:0,FILTERED ALL:11
06-28 12:57:24.007  1391  1729 E SemWifiVendorHal: getWifiLinkLayerStats_1_5_Internal(l.456) failed {.code = ERROR_NOT_SUPPORTED, .description = }
06-28 12:57:24.592 32334 32334 E app.telephonyu: Not starting debugger since process cannot load the jdwp agent.
06-28 12:57:24.596 32334 32334 E USNET   : USNET: appName: com.samsung.android.app.telephonyui
06-28 12:57:24.998 32334 32334 E FeatureUtil: filePath /optics/configs/carriers/single/ZTO/conf/system/customer_carrier_feature.json carrierGroup ZTO canonicalId -1
06-28 12:57:24.999 32334 32334 E FeatureUtil: filePath /optics/configs/carriers/single/ZTO/conf/system/customer_carrier_feature.json carrierGroup ZTO canonicalId 530
06-28 12:57:25.000 32334 32334 E FeatureUtil: filePath /optics/configs/carriers/single/ZTO/conf/system/customer_carrier_feature.json carrierGroup ZTO canonicalId -1
06-28 12:57:25.001 32334 32334 E FeatureUtil: filePath /optics/configs/carriers/single/ZTO/conf/system/customer_carrier_feature.json carrierGroup ZTO canonicalId 530
06-28 12:57:25.018  1391  1729 E SemWifiVendorHal: getWifiLinkLayerStats_1_5_Internal(l.456) failed {.code = ERROR_NOT_SUPPORTED, .description = }
06-28 12:57:25.037 32334 32350 E ServiceBindHelper: time out 42, com.samsung.telephony.phone.service.internalservice.ISamsungInternalService$Stub$Proxy@133171e
06-28 12:57:25.141  1391  1648 E WifiVendorHal: getWifiLinkLayerStats_1_5_Internal(l.1191) failed {.code = ERROR_NOT_SUPPORTED, .description = }
06-28 12:57:26.035  1391  1729 E SemWifiVendorHal: getWifiLinkLayerStats_1_5_Internal(l.456) failed {.code = ERROR_NOT_SUPPORTED, .description = }
06-28 12:57:27.050  1391  1729 E SemWifiVendorHal: getWifiLinkLayerStats_1_5_Internal(l.456) failed {.code = ERROR_NOT_SUPPORTED, .description = }
06-28 12:57:28.061  1391  1729 E SemWifiVendorHal: getWifiLinkLayerStats_1_5_Internal(l.456) failed {.code = ERROR_NOT_SUPPORTED, .description = }
06-28 12:57:28.161  1391  1648 E WifiVendorHal: getWifiLinkLayerStats_1_5_Internal(l.1191) failed {.code = ERROR_NOT_SUPPORTED, .description = }
06-28 12:57:29.080  1391  1729 E SemWifiVendorHal: getWifiLinkLayerStats_1_5_Internal(l.456) failed {.code = ERROR_NOT_SUPPORTED, .description = }
06-28 12:57:30.095  1391  1729 E SemWifiVendorHal: getWifiLinkLayerStats_1_5_Internal(l.456) failed {.code = ERROR_NOT_SUPPORTED, .description = }
06-28 12:57:31.105  1391  1729 E SemWifiVendorHal: getWifiLinkLayerStats_1_5_Internal(l.456) failed {.code = ERROR_NOT_SUPPORTED, .description = }
06-28 12:57:31.179  1391  1648 E WifiVendorHal: getWifiLinkLayerStats_1_5_Internal(l.1191) failed {.code = ERROR_NOT_SUPPORTED, .description = }
06-28 12:57:31.861   740   740 E audit   : type=1400 audit(1751126251.859:16080): avc:  denied  { write } for  pid=3708 comm="ThreadPoolForeg" name="traced_producer" dev="tmpfs" ino=23157 scontext=u:r:gmscore_app:s0:c512,c768 tcontext=u:object_r:traced_producer_socket:s0 tclass=sock_file permissive=0 SEPF_SM-A315G_12_0001 audit_filtered
06-28 12:57:31.861   740   740 E audit   : type=1300 audit(1751126251.859:16080): arch=c00000b7 syscall=203 success=no exit=-13 a0=80 a1=b400007a2c48a7e0 a2=1e a3=ffffffff97a0afcd items=0 ppid=760 pid=3708 auid=4294967295 uid=10216 gid=10216 euid=10216 suid=10216 fsuid=10216 egid=10216 sgid=10216 fsgid=10216 tty=(none) ses=4294967295 comm="ThreadPoolForeg" exe="/system/bin/app_process64" subj=u:r:gmscore_app:s0:c512,c768 key=(null)
06-28 12:57:31.861   740   740 E audit   : type=1327 audit(1751126251.859:16080): proctitle="com.google.android.gms.persistent"
06-28 12:57:32.114  1391  1729 E SemWifiVendorHal: getWifiLinkLayerStats_1_5_Internal(l.456) failed {.code = ERROR_NOT_SUPPORTED, .description = }
06-28 12:57:33.131  1391  1729 E SemWifiVendorHal: getWifiLinkLayerStats_1_5_Internal(l.456) failed {.code = ERROR_NOT_SUPPORTED, .description = }
06-28 12:57:34.151  1391  1729 E SemWifiVendorHal: getWifiLinkLayerStats_1_5_Internal(l.456) failed {.code = ERROR_NOT_SUPPORTED, .description = }
06-28 12:57:34.157  1391  1455 E Watchdog: !@Sync: 1643 heap: 125 / 137 [2025-06-28 12:57:34.157] sdogWay: softdog FD: 985
06-28 12:57:34.200  1391  1648 E WifiVendorHal: getWifiLinkLayerStats_1_5_Internal(l.1191) failed {.code = ERROR_NOT_SUPPORTED, .description = }
06-28 12:57:35.166  1391  1729 E SemWifiVendorHal: getWifiLinkLayerStats_1_5_Internal(l.456) failed {.code = ERROR_NOT_SUPPORTED, .description = }
06-28 12:57:36.184  1391  1729 E SemWifiVendorHal: getWifiLinkLayerStats_1_5_Internal(l.456) failed {.code = ERROR_NOT_SUPPORTED, .description = }
06-28 12:57:37.027 32355 32355 E com.sec.phone: Not starting debugger since process cannot load the jdwp agent.
06-28 12:57:37.031 32355 32355 E USNET   : USNET: appName: com.sec.phone
06-28 12:57:37.105  1391  2092 E SLocation: SPManager - response is null!
06-28 12:57:37.205  1391  1729 E SemWifiVendorHal: getWifiLinkLayerStats_1_5_Internal(l.456) failed {.code = ERROR_NOT_SUPPORTED, .description = }
06-28 12:57:37.220  1391  1648 E WifiVendorHal: getWifiLinkLayerStats_1_5_Internal(l.1191) failed {.code = ERROR_NOT_SUPPORTED, .description = }
06-28 12:57:37.258  1391  2752 E SemWifiService: getCurrentNetworkScore - invalid score data
06-28 12:57:37.259  1391  2752 E WifiProfileShare.Caster: failed to generate qos array, need to check network score data
06-28 12:57:37.450  1811  2562 E BluetoothCastAdapterService: ClientDeathRecipient :: remove token =android.os.BinderProxy@4bf345f, packageName=com.android.settings
06-28 12:57:38.181 25810 32376 E FSA2_CpgSessionManager: Failed to initialize schema
06-28 12:57:38.213  1391  1729 E SemWifiVendorHal: getWifiLinkLayerStats_1_5_Internal(l.456) failed {.code = ERROR_NOT_SUPPORTED, .description = }
06-28 12:57:39.226  1391  1729 E SemWifiVendorHal: getWifiLinkLayerStats_1_5_Internal(l.456) failed {.code = ERROR_NOT_SUPPORTED, .description = }
06-28 12:57:40.236  1391  1648 E WifiVendorHal: getWifiLinkLayerStats_1_5_Internal(l.1191) failed {.code = ERROR_NOT_SUPPORTED, .description = }
06-28 12:57:40.242  1391  1729 E SemWifiVendorHal: getWifiLinkLayerStats_1_5_Internal(l.456) failed {.code = ERROR_NOT_SUPPORTED, .description = }
06-28 12:57:40.675  2163  2291 E PaniGenerator: network is unknown.
06-28 12:57:40.684  2163  2291 E CmcServiceHelper: disallow Call Service
06-28 12:57:40.684  2163  2291 E CmcServiceHelper: disallow Call Service
06-28 12:57:40.685  2163  2291 E CapabilityUtil<0>: checkModuleReady: config is null
06-28 12:57:40.685  2163  2291 E CapabilityUtil<0>: checkModuleReady: config is null
06-28 12:57:40.693  2163  2291 E #IMSCR  : 06-28 12:57:40 0x1101000B:0,FILTERED ALL:11
06-28 12:57:40.707  2163  2291 E PaniGenerator: network is unknown.
06-28 12:57:40.714  2163  2291 E CmcServiceHelper: disallow Call Service
06-28 12:57:40.714  2163  2291 E CmcServiceHelper: disallow Call Service
06-28 12:57:40.714  2163  2291 E CapabilityUtil<0>: checkModuleReady: config is null
06-28 12:57:40.714  2163  2291 E CapabilityUtil<0>: checkModuleReady: config is null
06-28 12:57:40.721  2163  2291 E #IMSCR  : 06-28 12:57:40 0x1101000B:0,FILTERED ALL:11
06-28 12:57:41.259  1391  1729 E SemWifiVendorHal: getWifiLinkLayerStats_1_5_Internal(l.456) failed {.code = ERROR_NOT_SUPPORTED, .description = }
06-28 12:57:41.710  2163  2291 E PaniGenerator: network is unknown.
06-28 12:57:41.721  2163  2291 E CmcServiceHelper: disallow Call Service
06-28 12:57:41.721  2163  2291 E CmcServiceHelper: disallow Call Service
06-28 12:57:41.722  2163  2291 E CapabilityUtil<0>: checkModuleReady: config is null
06-28 12:57:41.722  2163  2291 E CapabilityUtil<0>: checkModuleReady: config is null
06-28 12:57:41.732  2163  2291 E #IMSCR  : 06-28 12:57:41 0x1101000B:0,FILTERED ALL:11
06-28 12:57:41.746  2163  2291 E PaniGenerator: network is unknown.
06-28 12:57:41.754  2163  2291 E CmcServiceHelper: disallow Call Service
06-28 12:57:41.754  2163  2291 E CmcServiceHelper: disallow Call Service
06-28 12:57:41.754  2163  2291 E CapabilityUtil<0>: checkModuleReady: config is null
06-28 12:57:41.754  2163  2291 E CapabilityUtil<0>: checkModuleReady: config is null
06-28 12:57:41.761  2163  2291 E #IMSCR  : 06-28 12:57:41 0x1101000B:0,FILTERED ALL:11
06-28 12:57:42.274  1391  1729 E SemWifiVendorHal: getWifiLinkLayerStats_1_5_Internal(l.456) failed {.code = ERROR_NOT_SUPPORTED, .description = }
06-28 12:57:42.705   740   740 E audit   : type=1400 audit(1751126262.703:16081): avc:  denied  { write } for  pid=25810 comm="ThreadPoolForeg" name="traced_producer" dev="tmpfs" ino=23157 scontext=u:r:gmscore_app:s0:c512,c768 tcontext=u:object_r:traced_producer_socket:s0 tclass=sock_file permissive=0 SEPF_SM-A315G_12_0001 audit_filtered
06-28 12:57:42.705   740   740 E audit   : type=1300 audit(1751126262.703:16081): arch=c00000b7 syscall=203 success=no exit=-13 a0=97 a1=b400007ac0af49a0 a2=1e a3=ffffffff97a0afcd items=0 ppid=760 pid=25810 auid=4294967295 uid=10216 gid=10216 euid=10216 suid=10216 fsuid=10216 egid=10216 sgid=10216 fsgid=10216 tty=(none) ses=4294967295 comm="ThreadPoolForeg" exe="/system/bin/app_process64" subj=u:r:gmscore_app:s0:c512,c768 key=(null)
06-28 12:57:42.705   740   740 E audit   : type=1327 audit(1751126262.703:16081): proctitle="com.google.android.gms"
06-28 12:57:43.248  1391  1648 E WifiVendorHal: getWifiLinkLayerStats_1_5_Internal(l.1191) failed {.code = ERROR_NOT_SUPPORTED, .description = }
06-28 12:57:43.280  1391  1729 E SemWifiVendorHal: getWifiLinkLayerStats_1_5_Internal(l.456) failed {.code = ERROR_NOT_SUPPORTED, .description = }
06-28 12:57:44.294  1391  1729 E SemWifiVendorHal: getWifiLinkLayerStats_1_5_Internal(l.456) failed {.code = ERROR_NOT_SUPPORTED, .description = }
06-28 12:57:45.307  1391  1729 E SemWifiVendorHal: getWifiLinkLayerStats_1_5_Internal(l.456) failed {.code = ERROR_NOT_SUPPORTED, .description = }
06-28 12:57:46.258  1391  1648 E WifiVendorHal: getWifiLinkLayerStats_1_5_Internal(l.1191) failed {.code = ERROR_NOT_SUPPORTED, .description = }
06-28 12:57:46.318  1391  1729 E SemWifiVendorHal: getWifiLinkLayerStats_1_5_Internal(l.456) failed {.code = ERROR_NOT_SUPPORTED, .description = }
06-28 12:57:47.325  1391  1729 E SemWifiVendorHal: getWifiLinkLayerStats_1_5_Internal(l.456) failed {.code = ERROR_NOT_SUPPORTED, .description = }
06-28 12:57:47.736 30716 32388 E com.whatsapp: hiddenapi: Accessing hidden method Lcom/android/org/conscrypt/OpenSSLSocketImpl;->setUseSessionTickets(Z)V (runtime_flags=CorePlatformApi, domain=core-platform, api=max-target-q,core-platform-api) from LX/137; (domain=app) using reflection: denied
06-28 12:57:47.737 30716 32388 E com.whatsapp: hiddenapi: Accessing hidden method Lcom/android/org/conscrypt/AbstractConscryptSocket;->setUseSessionTickets(Z)V (runtime_flags=0, domain=core-platform, api=max-target-q) from LX/137; (domain=app) using reflection: denied
06-28 12:57:47.883   788   851 E SensorsHub: AccSensor : Meta event
06-28 12:57:48.335  1391  1729 E SemWifiVendorHal: getWifiLinkLayerStats_1_5_Internal(l.456) failed {.code = ERROR_NOT_SUPPORTED, .description = }
06-28 12:57:49.272  1391  1648 E WifiVendorHal: getWifiLinkLayerStats_1_5_Internal(l.1191) failed {.code = ERROR_NOT_SUPPORTED, .description = }
06-28 12:57:49.348  1391  1729 E SemWifiVendorHal: getWifiLinkLayerStats_1_5_Internal(l.456) failed {.code = ERROR_NOT_SUPPORTED, .description = }
06-28 12:57:50.363  1391  1729 E SemWifiVendorHal: getWifiLinkLayerStats_1_5_Internal(l.456) failed {.code = ERROR_NOT_SUPPORTED, .description = }
06-28 12:57:51.376  1391  1729 E SemWifiVendorHal: getWifiLinkLayerStats_1_5_Internal(l.456) failed {.code = ERROR_NOT_SUPPORTED, .description = }
06-28 12:57:51.641   780   780 E android.hardware.health@2.1-service-samsung: Could not open /sys/class/power_supply/battery/lrp
06-28 12:57:52.286  1391  1648 E WifiVendorHal: getWifiLinkLayerStats_1_5_Internal(l.1191) failed {.code = ERROR_NOT_SUPPORTED, .description = }
06-28 12:57:52.393  1391  1729 E SemWifiVendorHal: getWifiLinkLayerStats_1_5_Internal(l.456) failed {.code = ERROR_NOT_SUPPORTED, .description = }
06-28 12:57:53.419  1391  1729 E SemWifiVendorHal: getWifiLinkLayerStats_1_5_Internal(l.456) failed {.code = ERROR_NOT_SUPPORTED, .description = }
06-28 12:57:54.431  1391  1729 E SemWifiVendorHal: getWifiLinkLayerStats_1_5_Internal(l.456) failed {.code = ERROR_NOT_SUPPORTED, .description = }
06-28 12:57:54.438   487   495 E servicemanager: Could not find android.hardware.vibrator.IVibrator/default in the VINTF manifest.
06-28 12:57:54.439   806   806 E SecVibrator-HAL2.2_A: sehSetFrequencyType is abnormal -1
06-28 12:57:54.439  1391 32395 E VibratorController: sehSetFrequencyType command failed(2).
06-28 12:57:54.440   806   806 E SecVibrator-HAL2.2_A: >> writeNode node:/timed_output/vibrator/enable val:45
06-28 12:57:54.440   806   806 E SecVibrator-HAL2.2_A: << writeNode node OK 3
06-28 12:57:54.486   806   806 E SecVibrator-HAL2.2_A: >> writeNode node:/timed_output/vibrator/enable val:0
06-28 12:57:54.486   806   806 E SecVibrator-HAL2.2_A: << writeNode node OK 2
06-28 12:57:54.844  2163  2291 E PaniGenerator: network is unknown.
06-28 12:57:54.857  2163  2291 E CmcServiceHelper: disallow Call Service
06-28 12:57:54.857  2163  2291 E CmcServiceHelper: disallow Call Service
06-28 12:57:54.857  2163  2291 E CapabilityUtil<0>: checkModuleReady: config is null
06-28 12:57:54.857  2163  2291 E CapabilityUtil<0>: checkModuleReady: config is null
06-28 12:57:54.865  2163  2291 E #IMSCR  : 06-28 12:57:54 0x1101000B:0,FILTERED ALL:11
06-28 12:57:54.880  2163  2291 E PaniGenerator: network is unknown.
06-28 12:57:54.889  2163  2291 E CmcServiceHelper: disallow Call Service
06-28 12:57:54.889  2163  2291 E CmcServiceHelper: disallow Call Service
06-28 12:57:54.890  2163  2291 E CapabilityUtil<0>: checkModuleReady: config is null
06-28 12:57:54.890  2163  2291 E CapabilityUtil<0>: checkModuleReady: config is null
06-28 12:57:54.901  2163  2291 E #IMSCR  : 06-28 12:57:54 0x1101000B:0,FILTERED ALL:11
06-28 12:57:55.302  1391  1648 E WifiVendorHal: getWifiLinkLayerStats_1_5_Internal(l.1191) failed {.code = ERROR_NOT_SUPPORTED, .description = }
06-28 12:57:55.345  2764  2764 E pageboostd: Received HALT command code 2
06-28 12:57:55.384   836   896 E BufferQueueDebug: [SnapshotStartingWindow for taskId=20$_1823#0](this:0xb40000793debf948,id:-1,api:0,p:-1,c:-1) id info cannot be read from 'SnapshotStartingWindow for taskId=20$_1823#0'
06-28 12:57:55.441  1391  1729 E SemWifiVendorHal: getWifiLinkLayerStats_1_5_Internal(l.456) failed {.code = ERROR_NOT_SUPPORTED, .description = }
06-28 12:57:55.485   836  1615 E BufferQueueDebug: [com.whatsapp/com.whatsapp.home.ui.HomeActivity$_30716#0](this:0xb400007935b9d948,id:-1,api:0,p:-1,c:-1) id info cannot be read from 'com.whatsapp/com.whatsapp.home.ui.HomeActivity$_30716#0'
06-28 12:57:55.644  1391  1453 E WindowManager: win=Window{4c172d8 u0 SnapshotStartingWindow for taskId=20 EXITING} destroySurfaces: appStopped=false win.mWindowRemovalAllowed=true win.mRemoveOnExit=true win.mViewVisibility=0 caller=com.android.server.wm.ActivityRecord.destroySurfaces:5873 com.android.server.wm.ActivityRecord.destroySurfaces:5854 com.android.server.wm.WindowState.onExitAnimationDone:5983 com.android.server.wm.WindowStateAnimator.onAnimationFinished:242 com.android.server.wm.WindowState.onAnimationFinished:6236 com.android.server.wm.WindowContainer$$ExternalSyntheticLambda0.onAnimationFinished:2 com.android.server.wm.SurfaceAnimator.lambda$getFinishedCallback$0$SurfaceAnimator:113 
06-28 12:57:55.877  2764  2764 E pageboostd: Received HALT command code 2
06-28 12:57:55.886  1391  4100 E WindowManager: win=Window{7fd2ec2 u0 com.sec.android.app.launcher/com.sec.android.app.launcher.activities.LauncherActivity} destroySurfaces: appStopped=true win.mWindowRemovalAllowed=false win.mRemoveOnExit=false win.mViewVisibility=8 caller=com.android.server.wm.ActivityRecord.destroySurfaces:5873 com.android.server.wm.ActivityRecord.destroySurfaces:5854 com.android.server.wm.ActivityRecord.notifyAppStopped:5918 com.android.server.wm.ActivityRecord.activityStopped:6560 com.android.server.wm.ActivityClientController.activityStopped:254 android.app.IActivityClientController$Stub.onTransact:596 com.android.server.wm.ActivityClientController.onTransact:130 
06-28 12:57:56.377   788   851 E SensorsHub: AccSensor : Meta event
06-28 12:57:56.449  1391  1729 E SemWifiVendorHal: getWifiLinkLayerStats_1_5_Internal(l.456) failed {.code = ERROR_NOT_SUPPORTED, .description = }
06-28 12:57:56.493 30716 30716 E com.whatsapp: Invalid ID 0x00000000.
06-28 12:57:56.493 30716 30716 E com.whatsapp: Invalid ID 0x00000000.
06-28 12:57:56.495 30716 30716 E com.whatsapp: Invalid ID 0x00000000.
06-28 12:57:56.495 30716 30716 E com.whatsapp: Invalid ID 0x00000000.
06-28 12:57:56.496 30716 30716 E com.whatsapp: Invalid ID 0x00000000.
06-28 12:57:56.498 30716 30716 E com.whatsapp: Invalid ID 0x00000000.
06-28 12:57:56.498 30716 30716 E com.whatsapp: Invalid ID 0x00000000.
06-28 12:57:56.498 30716 30716 E com.whatsapp: Invalid ID 0x00000000.
06-28 12:57:56.498 30716 30716 E com.whatsapp: Invalid ID 0x00000000.
06-28 12:57:56.498 30716 30716 E com.whatsapp: Invalid ID 0x00000000.
06-28 12:57:56.498 30716 30716 E com.whatsapp: Invalid ID 0x00000000.
06-28 12:57:56.501 30716 30716 E com.whatsapp: Invalid ID 0x00000000.
06-28 12:57:56.505 30716 30716 E com.whatsapp: Invalid ID 0x00000000.
06-28 12:57:56.505 30716 30716 E com.whatsapp: Invalid ID 0x00000000.
06-28 12:57:56.505 30716 30716 E com.whatsapp: Invalid ID 0x00000000.
06-28 12:57:56.506 30716 30716 E com.whatsapp: Invalid ID 0x00000000.
06-28 12:57:56.602   836   896 E BufferQueueDebug: [com.whatsapp/com.whatsapp.Conversation$_30716#0](this:0xb400007936637948,id:-1,api:0,p:-1,c:-1) id info cannot be read from 'com.whatsapp/com.whatsapp.Conversation$_30716#0'
06-28 12:57:56.758  2764  2764 E pageboostd: Received HALT command code 2
06-28 12:57:56.895  2163  2291 E PaniGenerator: network is unknown.
06-28 12:57:56.905  2163  2291 E CmcServiceHelper: disallow Call Service
06-28 12:57:56.905  2163  2291 E CmcServiceHelper: disallow Call Service
06-28 12:57:56.905  2163  2291 E CapabilityUtil<0>: checkModuleReady: config is null
06-28 12:57:56.905  2163  2291 E CapabilityUtil<0>: checkModuleReady: config is null
06-28 12:57:56.914  2163  2291 E #IMSCR  : 06-28 12:57:56 0x1101000B:0,FILTERED ALL:11
06-28 12:57:56.924  2163  2291 E PaniGenerator: network is unknown.
06-28 12:57:56.930  2163  2291 E CmcServiceHelper: disallow Call Service
06-28 12:57:56.930  2163  2291 E CmcServiceHelper: disallow Call Service
06-28 12:57:56.931  2163  2291 E CapabilityUtil<0>: checkModuleReady: config is null
06-28 12:57:56.931  2163  2291 E CapabilityUtil<0>: checkModuleReady: config is null
06-28 12:57:56.940  2163  2291 E #IMSCR  : 06-28 12:57:56 0x1101000B:0,FILTERED ALL:11
06-28 12:57:57.186  1391  4109 E WindowManager: win=Window{163ba25 u0 com.whatsapp/com.whatsapp.home.ui.HomeActivity} destroySurfaces: appStopped=true win.mWindowRemovalAllowed=false win.mRemoveOnExit=false win.mViewVisibility=8 caller=com.android.server.wm.ActivityRecord.destroySurfaces:5873 com.android.server.wm.ActivityRecord.destroySurfaces:5854 com.android.server.wm.ActivityRecord.notifyAppStopped:5918 com.android.server.wm.ActivityRecord.activityStopped:6560 com.android.server.wm.ActivityClientController.activityStopped:254 android.app.IActivityClientController$Stub.onTransact:596 com.android.server.wm.ActivityClientController.onTransact:130 
06-28 12:57:57.457  1391  1729 E SemWifiVendorHal: getWifiLinkLayerStats_1_5_Internal(l.456) failed {.code = ERROR_NOT_SUPPORTED, .description = }
06-28 12:57:57.518   836  4960 E BufferQueueDebug: [com.whatsapp/com.whatsapp.Conversation$_30716#1](this:0xb40000793e13a948,id:-1,api:0,p:-1,c:-1) id info cannot be read from 'com.whatsapp/com.whatsapp.Conversation$_30716#1'
06-28 12:57:58.307  1391  1648 E WifiVendorHal: getWifiLinkLayerStats_1_5_Internal(l.1191) failed {.code = ERROR_NOT_SUPPORTED, .description = }
06-28 12:57:58.464  1391  1729 E SemWifiVendorHal: getWifiLinkLayerStats_1_5_Internal(l.456) failed {.code = ERROR_NOT_SUPPORTED, .description = }
06-28 12:57:58.516 32428 32428 E system:ui: Not starting debugger since process cannot load the jdwp agent.
06-28 12:57:58.519 32428 32428 E USNET   : USNET: appName: system:ui
06-28 12:57:58.534  1391  1453 E WindowManager: win=Window{6b38540 u0 com.whatsapp/com.whatsapp.Conversation EXITING} destroySurfaces: appStopped=false win.mWindowRemovalAllowed=true win.mRemoveOnExit=true win.mViewVisibility=0 caller=com.android.server.wm.ActivityRecord.destroySurfaces:5873 com.android.server.wm.ActivityRecord.destroySurfaces:5854 com.android.server.wm.WindowState.onExitAnimationDone:5983 com.android.server.wm.WindowStateAnimator.onAnimationFinished:242 com.android.server.wm.WindowState.onAnimationFinished:6236 com.android.server.wm.WindowContainer$$ExternalSyntheticLambda0.onAnimationFinished:2 com.android.server.wm.SurfaceAnimator.lambda$getFinishedCallback$0$SurfaceAnimator:113 
06-28 12:57:58.733   836  1614 E BufferQueueDebug: [android/com.android.internal.app.ResolverActivity$_32428#0](this:0xb400007934723948,id:-1,api:0,p:-1,c:-1) id info cannot be read from 'android/com.android.internal.app.ResolverActivity$_32428#0'
06-28 12:57:58.755 32428 32444 E OpenGLRenderer: Device claims wide gamut support, cannot find matching config, error = EGL_SUCCESS
06-28 12:57:58.763   836  1615 E HWComposer: getSupportedContentTypes: getSupportedContentTypes failed for display 0: Unsupported (8)
06-28 12:57:58.778 32428 32458 E ion     : ioctl c0044901 failed with code -1: Invalid argument
06-28 12:57:58.944  2764  2764 E pageboostd: Received HALT command code 2
06-28 12:57:59.477  1391  1729 E SemWifiVendorHal: getWifiLinkLayerStats_1_5_Internal(l.456) failed {.code = ERROR_NOT_SUPPORTED, .description = }
06-28 12:58:00.486  1391  1729 E SemWifiVendorHal: getWifiLinkLayerStats_1_5_Internal(l.456) failed {.code = ERROR_NOT_SUPPORTED, .description = }
06-28 12:58:00.831 32499 32499 E ackageinstalle: Not starting debugger since process cannot load the jdwp agent.
06-28 12:58:00.834 32499 32499 E USNET   : USNET: appName: com.google.android.packageinstaller
06-28 12:58:00.916 32499 32512 E OpenGLRenderer: Device claims wide gamut support, cannot find matching config, error = EGL_SUCCESS
06-28 12:58:01.029   836  4960 E BufferQueueDebug: [com.google.android.packageinstaller/com.android.packageinstaller.InstallStaging$_32499#0](this:0xb40000793e136948,id:-1,api:0,p:-1,c:-1) id info cannot be read from 'com.google.android.packageinstaller/com.android.packageinstaller.InstallStaging$_32499#0'
06-28 12:58:01.040   836  1615 E HWComposer: getSupportedContentTypes: getSupportedContentTypes failed for display 0: Unsupported (8)
06-28 12:58:01.049 32499 32531 E ion     : ioctl c0044901 failed with code -1: Invalid argument
06-28 12:58:01.118  2764  2764 E pageboostd: Received HALT command code 2
06-28 12:58:01.248   836   896 E BufferQueueDebug: [com.google.android.packageinstaller/com.android.packageinstaller.DeleteStagedFileOnResult$_32499#0](this:0xb400007935921948,id:-1,api:0,p:-1,c:-1) id info cannot be read from 'com.google.android.packageinstaller/com.android.packageinstaller.DeleteStagedFileOnResult$_32499#0'
06-28 12:58:01.320  1391  1648 E WifiVendorHal: getWifiLinkLayerStats_1_5_Internal(l.1191) failed {.code = ERROR_NOT_SUPPORTED, .description = }
06-28 12:58:01.414   836  1615 E BufferQueueDebug: [com.google.android.packageinstaller/com.android.packageinstaller.PackageInstallerActivity$_32499#0](this:0xb4000079358cb948,id:-1,api:0,p:-1,c:-1) id info cannot be read from 'com.google.android.packageinstaller/com.android.packageinstaller.PackageInstallerActivity$_32499#0'
06-28 12:58:01.500  2764  2764 E pageboostd: Received HALT command code 2
06-28 12:58:01.502  1391  1729 E SemWifiVendorHal: getWifiLinkLayerStats_1_5_Internal(l.456) failed {.code = ERROR_NOT_SUPPORTED, .description = }
06-28 12:58:01.815  1391  1453 E WindowManager: win=Window{349f7c u0 com.google.android.packageinstaller/com.android.packageinstaller.InstallStaging EXITING} destroySurfaces: appStopped=false win.mWindowRemovalAllowed=true win.mRemoveOnExit=true win.mViewVisibility=8 caller=com.android.server.wm.ActivityRecord.destroySurfaces:5873 com.android.server.wm.ActivityRecord.destroySurfaces:5854 com.android.server.wm.WindowState.onExitAnimationDone:5983 com.android.server.wm.WindowStateAnimator.onAnimationFinished:242 com.android.server.wm.WindowState.onAnimationFinished:6236 com.android.server.wm.WindowContainer$$ExternalSyntheticLambda0.onAnimationFinished:2 com.android.server.wm.SurfaceAnimator.lambda$getFinishedCallback$0$SurfaceAnimator:113 
06-28 12:58:01.888   740   740 E audit   : type=1400 audit(1751126281.887:16082): avc:  denied  { write } for  pid=3708 comm="ThreadPoolForeg" name="traced_producer" dev="tmpfs" ino=23157 scontext=u:r:gmscore_app:s0:c512,c768 tcontext=u:object_r:traced_producer_socket:s0 tclass=sock_file permissive=0 SEPF_SM-A315G_12_0001 audit_filtered
06-28 12:58:01.888   740   740 E audit   : type=1300 audit(1751126281.887:16082): arch=c00000b7 syscall=203 success=no exit=-13 a0=80 a1=b400007a19546b20 a2=1e a3=ffffffff97a0afcd items=0 ppid=760 pid=3708 auid=4294967295 uid=10216 gid=10216 euid=10216 suid=10216 fsuid=10216 egid=10216 sgid=10216 fsgid=10216 tty=(none) ses=4294967295 comm="ThreadPoolForeg" exe="/system/bin/app_process64" subj=u:r:gmscore_app:s0:c512,c768 key=(null)
06-28 12:58:01.888   740   740 E audit   : type=1327 audit(1751126281.887:16082): proctitle="com.google.android.gms.persistent"
06-28 12:58:02.326   836   897 E BufferQueueDebug: [com.google.android.packageinstaller/com.android.packageinstaller.InstallInstalling$_32499#0](this:0xb4000079346e9948,id:-1,api:0,p:-1,c:-1) id info cannot be read from 'com.google.android.packageinstaller/com.android.packageinstaller.InstallInstalling$_32499#0'
06-28 12:58:02.360  2764  2764 E pageboostd: Received HALT command code 2
06-28 12:58:02.501  1391  1729 E SemWifiVendorHal: getWifiLinkLayerStats_1_5_Internal(l.456) failed {.code = ERROR_NOT_SUPPORTED, .description = }
06-28 12:58:02.669  1391  1453 E WindowManager: win=Window{e9fa9c2 u0 com.google.android.packageinstaller/com.android.packageinstaller.PackageInstallerActivity EXITING} destroySurfaces: appStopped=false win.mWindowRemovalAllowed=true win.mRemoveOnExit=true win.mViewVisibility=0 caller=com.android.server.wm.ActivityRecord.destroySurfaces:5873 com.android.server.wm.ActivityRecord.destroySurfaces:5854 com.android.server.wm.WindowState.onExitAnimationDone:5983 com.android.server.wm.WindowStateAnimator.onAnimationFinished:242 com.android.server.wm.WindowState.onAnimationFinished:6236 com.android.server.wm.WindowContainer$$ExternalSyntheticLambda0.onAnimationFinished:2 com.android.server.wm.SurfaceAnimator.lambda$getFinishedCallback$0$SurfaceAnimator:113 
06-28 12:58:03.016 32554 32554 E ndroid.game.go: Not starting debugger since process cannot load the jdwp agent.
06-28 12:58:03.020 32554 32554 E USNET   : USNET: appName: com.samsung.android.game.gos
06-28 12:58:03.523  1391  1729 E SemWifiVendorHal: getWifiLinkLayerStats_1_5_Internal(l.456) failed {.code = ERROR_NOT_SUPPORTED, .description = }
06-28 12:58:03.624 19727 19934 E AbstractLogEventBuilder: The provided ProductIdOrigin 3 is not one of the process-level expected values: 1 or 2
06-28 12:58:04.168  1391  1455 E Watchdog: !@Sync: 1644 heap: 121 / 137 [2025-06-28 12:58:04.167] sdogWay: softdog FD: 987
06-28 12:58:04.332  1391  1648 E WifiVendorHal: getWifiLinkLayerStats_1_5_Internal(l.1191) failed {.code = ERROR_NOT_SUPPORTED, .description = }
06-28 12:58:04.533  1391  1729 E SemWifiVendorHal: getWifiLinkLayerStats_1_5_Internal(l.456) failed {.code = ERROR_NOT_SUPPORTED, .description = }
06-28 12:58:05.542  1391  1729 E SemWifiVendorHal: getWifiLinkLayerStats_1_5_Internal(l.456) failed {.code = ERROR_NOT_SUPPORTED, .description = }
06-28 12:58:05.616 32605 32605 E entsScanServic: Not starting debugger since process cannot load the jdwp agent.
06-28 12:58:05.620 32605 32605 E USNET   : USNET: appName: com.android.vending:com.google.android.finsky.verifier.apkanalysis.service.ApkContentsScanService
06-28 12:58:06.559  1391  1729 E SemWifiVendorHal: getWifiLinkLayerStats_1_5_Internal(l.456) failed {.code = ERROR_NOT_SUPPORTED, .description = }
06-28 12:58:07.345  1391  1648 E WifiVendorHal: getWifiLinkLayerStats_1_5_Internal(l.1191) failed {.code = ERROR_NOT_SUPPORTED, .description = }
06-28 12:58:07.576  1391  1729 E SemWifiVendorHal: getWifiLinkLayerStats_1_5_Internal(l.456) failed {.code = ERROR_NOT_SUPPORTED, .description = }
06-28 12:58:08.586  1391  1729 E SemWifiVendorHal: getWifiLinkLayerStats_1_5_Internal(l.456) failed {.code = ERROR_NOT_SUPPORTED, .description = }
06-28 12:58:09.600  1391  1729 E SemWifiVendorHal: getWifiLinkLayerStats_1_5_Internal(l.456) failed {.code = ERROR_NOT_SUPPORTED, .description = }
06-28 12:58:10.358  1391  1648 E WifiVendorHal: getWifiLinkLayerStats_1_5_Internal(l.1191) failed {.code = ERROR_NOT_SUPPORTED, .description = }
06-28 12:58:10.615  1391  1729 E SemWifiVendorHal: getWifiLinkLayerStats_1_5_Internal(l.456) failed {.code = ERROR_NOT_SUPPORTED, .description = }
06-28 12:58:11.631  1391  1729 E SemWifiVendorHal: getWifiLinkLayerStats_1_5_Internal(l.456) failed {.code = ERROR_NOT_SUPPORTED, .description = }
06-28 12:58:12.601  1391  1469 E system_server: Cannot read thread CPU times for PID 1391
06-28 12:58:12.647  1391  1729 E SemWifiVendorHal: getWifiLinkLayerStats_1_5_Internal(l.456) failed {.code = ERROR_NOT_SUPPORTED, .description = }
06-28 12:58:12.733   740   740 E audit   : type=1400 audit(1751126292.731:16083): avc:  denied  { write } for  pid=25810 comm="ThreadPoolForeg" name="traced_producer" dev="tmpfs" ino=23157 scontext=u:r:gmscore_app:s0:c512,c768 tcontext=u:object_r:traced_producer_socket:s0 tclass=sock_file permissive=0 SEPF_SM-A315G_12_0001 audit_filtered
06-28 12:58:12.733   740   740 E audit   : type=1300 audit(1751126292.731:16083): arch=c00000b7 syscall=203 success=no exit=-13 a0=76 a1=b400007a31adb840 a2=1e a3=ffffffff97a0afcd items=0 ppid=760 pid=25810 auid=4294967295 uid=10216 gid=10216 euid=10216 suid=10216 fsuid=10216 egid=10216 sgid=10216 fsgid=10216 tty=(none) ses=4294967295 comm="ThreadPoolForeg" exe="/system/bin/app_process64" subj=u:r:gmscore_app:s0:c512,c768 key=(null)
06-28 12:58:12.733   740   740 E audit   : type=1327 audit(1751126292.731:16083): proctitle="com.google.android.gms"
06-28 12:58:13.366  1391  1648 E WifiVendorHal: getWifiLinkLayerStats_1_5_Internal(l.1191) failed {.code = ERROR_NOT_SUPPORTED, .description = }
06-28 12:58:13.658  1391  1729 E SemWifiVendorHal: getWifiLinkLayerStats_1_5_Internal(l.456) failed {.code = ERROR_NOT_SUPPORTED, .description = }
06-28 12:58:13.686  2163  2291 E PaniGenerator: network is unknown.
06-28 12:58:13.707  2163  2291 E CmcServiceHelper: disallow Call Service
06-28 12:58:13.707  2163  2291 E CmcServiceHelper: disallow Call Service
06-28 12:58:13.707  2163  2291 E CapabilityUtil<0>: checkModuleReady: config is null
06-28 12:58:13.707  2163  2291 E CapabilityUtil<0>: checkModuleReady: config is null
06-28 12:58:13.718  2163  2291 E #IMSCR  : 06-28 12:58:13 0x1101000B:0,FILTERED ALL:11
06-28 12:58:13.734  2163  2291 E PaniGenerator: network is unknown.
06-28 12:58:13.743  2163  2291 E CmcServiceHelper: disallow Call Service
06-28 12:58:13.743  2163  2291 E CmcServiceHelper: disallow Call Service
06-28 12:58:13.743  2163  2291 E CapabilityUtil<0>: checkModuleReady: config is null
06-28 12:58:13.743  2163  2291 E CapabilityUtil<0>: checkModuleReady: config is null
06-28 12:58:13.750  2163  2291 E #IMSCR  : 06-28 12:58:13 0x1101000B:0,FILTERED ALL:11
06-28 12:58:14.312  2163  2291 E PaniGenerator: network is unknown.
06-28 12:58:14.329  2163  2291 E CmcServiceHelper: disallow Call Service
06-28 12:58:14.329  2163  2291 E CmcServiceHelper: disallow Call Service
06-28 12:58:14.329  2163  2291 E CapabilityUtil<0>: checkModuleReady: config is null
06-28 12:58:14.329  2163  2291 E CapabilityUtil<0>: checkModuleReady: config is null
06-28 12:58:14.339  2163  2291 E #IMSCR  : 06-28 12:58:14 0x1101000B:0,FILTERED ALL:11
06-28 12:58:14.357  2163  2291 E PaniGenerator: network is unknown.
06-28 12:58:14.369  2163  2291 E CmcServiceHelper: disallow Call Service
06-28 12:58:14.369  2163  2291 E CmcServiceHelper: disallow Call Service
06-28 12:58:14.369  2163  2291 E CapabilityUtil<0>: checkModuleReady: config is null
06-28 12:58:14.369  2163  2291 E CapabilityUtil<0>: checkModuleReady: config is null
06-28 12:58:14.383  2163  2291 E #IMSCR  : 06-28 12:58:14 0x1101000B:0,FILTERED ALL:11
06-28 12:58:14.674  1391  1729 E SemWifiVendorHal: getWifiLinkLayerStats_1_5_Internal(l.456) failed {.code = ERROR_NOT_SUPPORTED, .description = }
06-28 12:58:15.275  2163  2291 E PaniGenerator: network is unknown.
06-28 12:58:15.287  2163  2291 E CmcServiceHelper: disallow Call Service
06-28 12:58:15.287  2163  2291 E CmcServiceHelper: disallow Call Service
06-28 12:58:15.287  2163  2291 E CapabilityUtil<0>: checkModuleReady: config is null
06-28 12:58:15.287  2163  2291 E CapabilityUtil<0>: checkModuleReady: config is null
06-28 12:58:15.298  2163  2291 E #IMSCR  : 06-28 12:58:15 0x1101000B:0,FILTERED ALL:11
06-28 12:58:15.331  2163  2291 E PaniGenerator: network is unknown.
06-28 12:58:15.338  2163  2291 E CmcServiceHelper: disallow Call Service
06-28 12:58:15.338  2163  2291 E CmcServiceHelper: disallow Call Service
06-28 12:58:15.339  2163  2291 E CapabilityUtil<0>: checkModuleReady: config is null
06-28 12:58:15.339  2163  2291 E CapabilityUtil<0>: checkModuleReady: config is null
06-28 12:58:15.347  2163  2291 E #IMSCR  : 06-28 12:58:15 0x1101000B:0,FILTERED ALL:11
06-28 12:58:15.688  1391  1729 E SemWifiVendorHal: getWifiLinkLayerStats_1_5_Internal(l.456) failed {.code = ERROR_NOT_SUPPORTED, .description = }
06-28 12:58:16.375  1391  1648 E WifiVendorHal: getWifiLinkLayerStats_1_5_Internal(l.1191) failed {.code = ERROR_NOT_SUPPORTED, .description = }
06-28 12:58:16.703  1391  1729 E SemWifiVendorHal: getWifiLinkLayerStats_1_5_Internal(l.456) failed {.code = ERROR_NOT_SUPPORTED, .description = }
06-28 12:58:17.315  2163  2291 E PaniGenerator: network is unknown.
06-28 12:58:17.329  2163  2291 E CmcServiceHelper: disallow Call Service
06-28 12:58:17.329  2163  2291 E CmcServiceHelper: disallow Call Service
06-28 12:58:17.329  2163  2291 E CapabilityUtil<0>: checkModuleReady: config is null
06-28 12:58:17.329  2163  2291 E CapabilityUtil<0>: checkModuleReady: config is null
06-28 12:58:17.340  2163  2291 E #IMSCR  : 06-28 12:58:17 0x1101000B:0,FILTERED ALL:11
06-28 12:58:17.352  2163  2291 E PaniGenerator: network is unknown.
06-28 12:58:17.358  2163  2291 E CmcServiceHelper: disallow Call Service
06-28 12:58:17.358  2163  2291 E CmcServiceHelper: disallow Call Service
06-28 12:58:17.358  2163  2291 E CapabilityUtil<0>: checkModuleReady: config is null
06-28 12:58:17.358  2163  2291 E CapabilityUtil<0>: checkModuleReady: config is null
06-28 12:58:17.365  2163  2291 E #IMSCR  : 06-28 12:58:17 0x1101000B:0,FILTERED ALL:11
06-28 12:58:17.721  1391  1729 E SemWifiVendorHal: getWifiLinkLayerStats_1_5_Internal(l.456) failed {.code = ERROR_NOT_SUPPORTED, .description = }
06-28 12:58:18.758  1391  1729 E SemWifiVendorHal: getWifiLinkLayerStats_1_5_Internal(l.456) failed {.code = ERROR_NOT_SUPPORTED, .description = }
06-28 12:58:19.013 19727 12014 E OpenGLRenderer: Device claims wide gamut support, cannot find matching config, error = EGL_SUCCESS
06-28 12:58:19.136   836   896 E BufferQueueDebug: [com.android.vending/com.google.android.finsky.protectdialogs.activity.PlayProtectDialogsActivity$_19727#0](this:0xb40000793debf948,id:-1,api:0,p:-1,c:-1) id info cannot be read from 'com.android.vending/com.google.android.finsky.protectdialogs.activity.PlayProtectDialogsActivity$_19727#0'
06-28 12:58:19.187  2764  2764 E pageboostd: Received HALT command code 2
06-28 12:58:19.222   836  1615 E BufferQueueDebug: [com.android.vending/com.google.android.finsky.protectdialogs.activity.PlayProtectDialogsActivity$_19727#1](this:0xb400007935bf0948,id:-1,api:0,p:-1,c:-1) id info cannot be read from 'com.android.vending/com.google.android.finsky.protectdialogs.activity.PlayProtectDialogsActivity$_19727#1'
06-28 12:58:19.387  1391  1648 E WifiVendorHal: getWifiLinkLayerStats_1_5_Internal(l.1191) failed {.code = ERROR_NOT_SUPPORTED, .description = }
06-28 12:58:19.762  1391  1729 E SemWifiVendorHal: getWifiLinkLayerStats_1_5_Internal(l.456) failed {.code = ERROR_NOT_SUPPORTED, .description = }
06-28 12:58:20.256 19727 19974 E Finsky  : [285] Logging timeout report message
06-28 12:58:20.256 19727 19974 E Finsky  : kotlinx.coroutines.TimeoutCancellationException: Timed out waiting for 10000 ms
06-28 12:58:20.256 19727 19974 E Finsky  : 	at bpzh.run(PG:42)
06-28 12:58:20.256 19727 19974 E Finsky  : 	at java.util.concurrent.Executors$RunnableAdapter.call(Executors.java:524)
06-28 12:58:20.256 19727 19974 E Finsky  : 	at java.util.concurrent.FutureTask.run(FutureTask.java:317)
06-28 12:58:20.256 19727 19974 E Finsky  : 	at rgu.run(PG:53)
06-28 12:58:20.256 19727 19974 E Finsky  : 	at java.util.concurrent.ThreadPoolExecutor.runWorker(ThreadPoolExecutor.java:1156)
06-28 12:58:20.256 19727 19974 E Finsky  : 	at java.util.concurrent.ThreadPoolExecutor$Worker.run(ThreadPoolExecutor.java:651)
06-28 12:58:20.256 19727 19974 E Finsky  : 	at oao.run(PG:35)
06-28 12:58:20.256 19727 19974 E Finsky  : 	at java.lang.Thread.run(Thread.java:1119)
06-28 12:58:20.258 19727 32598 E AbstractLogEventBuilder: The provided ProductIdOrigin 3 is not one of the process-level expected values: 1 or 2
06-28 12:58:20.265 19727 19983 E AbstractLogEventBuilder: The provided ProductIdOrigin 3 is not one of the process-level expected values: 1 or 2
06-28 12:58:20.770  1391  1729 E SemWifiVendorHal: getWifiLinkLayerStats_1_5_Internal(l.456) failed {.code = ERROR_NOT_SUPPORTED, .description = }
06-28 12:58:21.686   780   780 E android.hardware.health@2.1-service-samsung: Could not open /sys/class/power_supply/battery/lrp
06-28 12:58:21.778  1391  1729 E SemWifiVendorHal: getWifiLinkLayerStats_1_5_Internal(l.456) failed {.code = ERROR_NOT_SUPPORTED, .description = }
06-28 12:58:22.072  1209 32650 E bauth_FPBAuthServiceStorage: cfds 4096 30
06-28 12:58:22.073  1209 32650 E (FPLOG) : 2.0.36.0 DeviceSetClock 1
06-28 12:58:22.093 32649 32649 E ics.app.settin: Not starting debugger since process cannot load the jdwp agent.
06-28 12:58:22.096 32649 32649 E USNET   : USNET: appName: com.samsung.android.biometrics.app.setting
06-28 12:58:22.221  1209 32650 E (FPLOG) : 2.0.36.0 DeviceSetClock 0
06-28 12:58:22.229 32649 32649 E ThemeUtils: View class com.airbnb.lottie.LottieAnimationView is an AppCompat widget that can only be used with a Theme.AppCompat theme (or descendant).
06-28 12:58:22.254 32649 32649 E ThemeUtils: View class com.airbnb.lottie.LottieAnimationView is an AppCompat widget that can only be used with a Theme.AppCompat theme (or descendant).
06-28 12:58:22.278 32649 32649 E ThemeUtils: View class com.airbnb.lottie.LottieAnimationView is an AppCompat widget that can only be used with a Theme.AppCompat theme (or descendant).
06-28 12:58:22.280 32649 32649 E ThemeUtils: View class com.airbnb.lottie.LottieAnimationView is an AppCompat widget that can only be used with a Theme.AppCompat theme (or descendant).
06-28 12:58:22.288 32649 32649 E ThemeUtils: View class com.airbnb.lottie.LottieAnimationView is an AppCompat widget that can only be used with a Theme.AppCompat theme (or descendant).
06-28 12:58:22.288 32649 32649 E ThemeUtils: View class com.airbnb.lottie.LottieAnimationView is an AppCompat widget that can only be used with a Theme.AppCompat theme (or descendant).
06-28 12:58:22.366   836  1614 E BufferQueueDebug: [FP Maskview$_32649#0](this:0xb400007934726948,id:-1,api:0,p:-1,c:-1) id info cannot be read from 'FP Maskview$_32649#0'
06-28 12:58:22.379   836  1615 E BufferQueueDebug: [SurfaceView - FP Maskview@be5190e@0(BLAST)#0](this:0xb400007935c1e948,id:-1,api:0,p:-1,c:-1) id info cannot be read from 'SurfaceView - FP Maskview@be5190e@0(BLAST)#0'
06-28 12:58:22.385 32649 32668 E OpenGLRenderer: Device claims wide gamut support, cannot find matching config, error = EGL_SUCCESS
06-28 12:58:22.394  1391  1648 E WifiVendorHal: getWifiLinkLayerStats_1_5_Internal(l.1191) failed {.code = ERROR_NOT_SUPPORTED, .description = }
06-28 12:58:22.395   836  1615 E HWComposer: getSupportedContentTypes: getSupportedContentTypes failed for display 0: Unsupported (8)
06-28 12:58:22.404 32649 32668 E ion     : ioctl c0044901 failed with code -1: Invalid argument
06-28 12:58:22.441   836  1614 E BufferQueueDebug: [BiometricPrompt$_32649#0](this:0xb400007934795948,id:-1,api:0,p:-1,c:-1) id info cannot be read from 'BiometricPrompt$_32649#0'
06-28 12:58:22.484   836  1615 E BufferQueueDebug: [FP TB$_32649#0](this:0xb400007935c6e948,id:-1,api:0,p:-1,c:-1) id info cannot be read from 'FP TB$_32649#0'
06-28 12:58:22.787  1391  1729 E SemWifiVendorHal: getWifiLinkLayerStats_1_5_Internal(l.456) failed {.code = ERROR_NOT_SUPPORTED, .description = }
06-28 12:58:23.604  1209 32650 E (FPLOG) : 2.0.36.0 DeviceSetClock 1
