06-28 16:13:58.212  1375  1748 E SemWifiVendorHal: getWifiLinkLayerStats_1_5_Internal(l.456) failed {.code = ERROR_NOT_SUPPORTED, .description = }
06-28 16:13:58.361   782   782 E android.hardware.health@2.1-service-samsung: Could not open /sys/class/power_supply/battery/lrp
06-28 16:13:58.367  1844 25065 E PowerUI.Notification: no saved value, so we do nothing !!
06-28 16:13:58.756  1375  1668 E WifiVendorHal: getWifiLinkLayerStats_1_5_Internal(l.1191) failed {.code = ERROR_NOT_SUPPORTED, .description = }
06-28 16:13:58.975   487   495 E servicemanager: Could not find android.hardware.vibrator.IVibrator/default in the VINTF manifest.
06-28 16:13:58.976   807   807 E SecVibrator-HAL2.2_A: sehSetFrequencyType is abnormal -1
06-28 16:13:58.976  1375 16375 E VibratorController: sehSetFrequencyType command failed(2).
06-28 16:13:58.976   807   807 E SecVibrator-HAL2.2_A: >> writeNode node:/timed_output/vibrator/enable val:45
06-28 16:13:58.977   807   807 E SecVibrator-HAL2.2_A: << writeNode node OK 3
06-28 16:13:59.022   807   807 E SecVibrator-HAL2.2_A: >> writeNode node:/timed_output/vibrator/enable val:0
06-28 16:13:59.022   807   807 E SecVibrator-HAL2.2_A: << writeNode node OK 2
06-28 16:13:59.228  1375  1748 E SemWifiVendorHal: getWifiLinkLayerStats_1_5_Internal(l.456) failed {.code = ERROR_NOT_SUPPORTED, .description = }
06-28 16:14:00.031   487   495 E servicemanager: Could not find android.hardware.vibrator.IVibrator/default in the VINTF manifest.
06-28 16:14:00.032   807   807 E SecVibrator-HAL2.2_A: sehSetFrequencyType is abnormal -1
06-28 16:14:00.032  1375 16378 E VibratorController: sehSetFrequencyType command failed(2).
06-28 16:14:00.033   807   807 E SecVibrator-HAL2.2_A: >> writeNode node:/timed_output/vibrator/enable val:45
06-28 16:14:00.033   807   807 E SecVibrator-HAL2.2_A: << writeNode node OK 3
06-28 16:14:00.079   807   807 E SecVibrator-HAL2.2_A: >> writeNode node:/timed_output/vibrator/enable val:0
06-28 16:14:00.079   807   807 E SecVibrator-HAL2.2_A: << writeNode node OK 2
06-28 16:14:00.249  1375  1748 E SemWifiVendorHal: getWifiLinkLayerStats_1_5_Internal(l.456) failed {.code = ERROR_NOT_SUPPORTED, .description = }
06-28 16:14:00.356   838  4730 E BufferQueueDebug: [com.whatsapp/com.whatsapp.Conversation$_13489#0](this:0xb4000071f7bbf948,id:-1,api:0,p:-1,c:-1) id info cannot be read from 'com.whatsapp/com.whatsapp.Conversation$_13489#0'
06-28 16:14:00.592  1844  1854 E TaskStackListenerAbstract: onTaskSnapshotChanged called by Binder.getCallingPid() 0 android.app.ITaskStackListener$Stub.onTransact:585 android.os.Binder.execTransactInternal:1220 android.os.Binder.execTransact:1179 <bottom of call stack> 
06-28 16:14:00.593  1844  2022 E TaskStackListenerAbstract: onTaskSnapshotChanged called by Binder.getCallingPid() 0 android.app.ITaskStackListener$Stub.onTransact:585 android.os.Binder.execTransactInternal:1220 android.os.Binder.execTransact:1179 <bottom of call stack> 
06-28 16:14:00.596  3737  4239 E TaskStackListenerAbstract: onTaskSnapshotChanged called by Binder.getCallingPid() 0 android.app.ITaskStackListener$Stub.onTransact:585 android.os.Binder.execTransactInternal:1220 android.os.Binder.execTransact:1179 <bottom of call stack> 
06-28 16:14:00.767 16387 16387 E ungpassautofil: Not starting debugger since process cannot load the jdwp agent.
06-28 16:14:00.769 16387 16387 E USNET   : USNET: appName: com.samsung.android.samsungpassautofill
06-28 16:14:00.931  1375  1434 E WindowManager: win=Window{6936b0 u0 com.example.gestaobilhares/com.example.gestaobilhares.MainActivity} destroySurfaces: appStopped=true win.mWindowRemovalAllowed=false win.mRemoveOnExit=false win.mViewVisibility=8 caller=com.android.server.wm.ActivityRecord.destroySurfaces:5873 com.android.server.wm.ActivityRecord.destroySurfaces:5854 com.android.server.wm.ActivityRecord.notifyAppStopped:5918 com.android.server.wm.ActivityRecord.activityStopped:6560 com.android.server.wm.ActivityClientController.activityStopped:254 android.app.IActivityClientController$Stub.onTransact:596 com.android.server.wm.ActivityClientController.onTransact:130 
06-28 16:14:01.002 16408 16408 E oid.samsungpas: Not starting debugger since process cannot load the jdwp agent.
06-28 16:14:01.005 16408 16408 E USNET   : USNET: appName: com.samsung.android.samsungpass
06-28 16:14:01.254  1375  1748 E SemWifiVendorHal: getWifiLinkLayerStats_1_5_Internal(l.456) failed {.code = ERROR_NOT_SUPPORTED, .description = }
06-28 16:14:01.602 16464 16464 E .android.authf: Not starting debugger since process cannot load the jdwp agent.
06-28 16:14:01.605 16464 16464 E USNET   : USNET: appName: com.samsung.android.authfw
06-28 16:14:01.690 16387 16387 E [PASS][SPAF]AutofillService: No valid parsed autofill fields
06-28 16:14:01.731 16464 16464 E [AUTHFW][TZ]TzAppFactory: the chipName is not added in chipList!
06-28 16:14:01.769  1375  1668 E WifiVendorHal: getWifiLinkLayerStats_1_5_Internal(l.1191) failed {.code = ERROR_NOT_SUPPORTED, .description = }
06-28 16:14:02.274  1375  1748 E SemWifiVendorHal: getWifiLinkLayerStats_1_5_Internal(l.456) failed {.code = ERROR_NOT_SUPPORTED, .description = }
06-28 16:14:03.008   487   495 E servicemanager: Could not find android.hardware.vibrator.IVibrator/default in the VINTF manifest.
06-28 16:14:03.009   807   807 E SecVibrator-HAL2.2_A: sehSetFrequencyType is abnormal -1
06-28 16:14:03.009  1375 16493 E VibratorController: sehSetFrequencyType command failed(2).
06-28 16:14:03.009   807   807 E SecVibrator-HAL2.2_A: >> writeNode node:/timed_output/vibrator/enable val:45
06-28 16:14:03.009   807   807 E SecVibrator-HAL2.2_A: << writeNode node OK 3
06-28 16:14:03.055   807   807 E SecVibrator-HAL2.2_A: >> writeNode node:/timed_output/vibrator/enable val:0
06-28 16:14:03.055   807   807 E SecVibrator-HAL2.2_A: << writeNode node OK 2
06-28 16:14:03.133   838   902 E BufferQueueDebug: [com.whatsapp/com.whatsapp.home.ui.HomeActivity$_13489#0](this:0xb4000071f80e1948,id:-1,api:0,p:-1,c:-1) id info cannot be read from 'com.whatsapp/com.whatsapp.home.ui.HomeActivity$_13489#0'
06-28 16:14:03.286  1375  1748 E SemWifiVendorHal: getWifiLinkLayerStats_1_5_Internal(l.456) failed {.code = ERROR_NOT_SUPPORTED, .description = }
06-28 16:14:04.084   487   495 E servicemanager: Could not find android.hardware.vibrator.IVibrator/default in the VINTF manifest.
06-28 16:14:04.084   807   807 E SecVibrator-HAL2.2_A: sehSetFrequencyType is abnormal -1
06-28 16:14:04.084  1375 16498 E VibratorController: sehSetFrequencyType command failed(2).
06-28 16:14:04.085   807   807 E SecVibrator-HAL2.2_A: >> writeNode node:/timed_output/vibrator/enable val:45
06-28 16:14:04.085   807   807 E SecVibrator-HAL2.2_A: << writeNode node OK 3
06-28 16:14:04.131   807   807 E SecVibrator-HAL2.2_A: >> writeNode node:/timed_output/vibrator/enable val:0
06-28 16:14:04.131   807   807 E SecVibrator-HAL2.2_A: << writeNode node OK 2
06-28 16:14:04.194  1844  2198 E TaskStackListenerAbstract: onTaskSnapshotChanged called by Binder.getCallingPid() 0 android.app.ITaskStackListener$Stub.onTransact:585 android.os.Binder.execTransactInternal:1220 android.os.Binder.execTransact:1179 <bottom of call stack> 
06-28 16:14:04.195  1844  2022 E TaskStackListenerAbstract: onTaskSnapshotChanged called by Binder.getCallingPid() 0 android.app.ITaskStackListener$Stub.onTransact:585 android.os.Binder.execTransactInternal:1220 android.os.Binder.execTransact:1179 <bottom of call stack> 
06-28 16:14:04.195  3737 12696 E TaskStackListenerAbstract: onTaskSnapshotChanged called by Binder.getCallingPid() 0 android.app.ITaskStackListener$Stub.onTransact:585 android.os.Binder.execTransactInternal:1220 android.os.Binder.execTransact:1179 <bottom of call stack> 
06-28 16:14:04.253  2334  2334 E libprocessgroup: set_timerslack_ns write failed: Operation not permitted
06-28 16:14:04.284  2746  2746 E pageboostd: Received HALT command code 2
06-28 16:14:04.297  1375  1748 E SemWifiVendorHal: getWifiLinkLayerStats_1_5_Internal(l.456) failed {.code = ERROR_NOT_SUPPORTED, .description = }
06-28 16:14:04.300   838  4730 E BufferQueueDebug: [com.sec.android.app.launcher/com.sec.android.app.launcher.activities.LauncherActivity$_2334#0](this:0xb4000071f7cdb948,id:-1,api:0,p:-1,c:-1) id info cannot be read from 'com.sec.android.app.launcher/com.sec.android.app.launcher.activities.LauncherActivity$_2334#0'
06-28 16:14:04.418  2334  2334 E libprocessgroup: set_timerslack_ns write failed: Operation not permitted
06-28 16:14:04.431  2334  2334 E libprocessgroup: set_timerslack_ns write failed: Operation not permitted
06-28 16:14:04.582   781  1003 E PQ      : [PQ][PQSessionManager] PQSessionManager::getPQSession m_PQSupport == 0
06-28 16:14:04.590  2334  2334 E libprocessgroup: set_timerslack_ns write failed: Operation not permitted
06-28 16:14:04.622   781  1003 E PQ      : [PQ][PQSessionManager] PQSessionManager::getPQSession m_PQSupport == 0
06-28 16:14:04.648   781  1003 E PQ      : [PQ][PQSessionManager] PQSessionManager::getPQSession m_PQSupport == 0
06-28 16:14:04.661   781  1003 E PQ      : [PQ][PQSessionManager] PQSessionManager::getPQSession m_PQSupport == 0
06-28 16:14:04.672   781  1003 E PQ      : [PQ][PQSessionManager] PQSessionManager::getPQSession m_PQSupport == 0
06-28 16:14:04.684   781  1003 E PQ      : [PQ][PQSessionManager] PQSessionManager::getPQSession m_PQSupport == 0
06-28 16:14:04.701   781  1003 E PQ      : [PQ][PQSessionManager] PQSessionManager::getPQSession m_PQSupport == 0
06-28 16:14:04.717   781  1003 E PQ      : [PQ][PQSessionManager] PQSessionManager::getPQSession m_PQSupport == 0
06-28 16:14:04.731   781  1003 E PQ      : [PQ][PQSessionManager] PQSessionManager::getPQSession m_PQSupport == 0
06-28 16:14:04.781  1375  1668 E WifiVendorHal: getWifiLinkLayerStats_1_5_Internal(l.1191) failed {.code = ERROR_NOT_SUPPORTED, .description = }
06-28 16:14:05.058   739   739 E audit   : type=1400 audit(1751138045.053:1234): avc:  denied  { write } for  pid=3340 comm="ThreadPoolForeg" name="traced_producer" dev="tmpfs" ino=11213 scontext=u:r:gmscore_app:s0:c512,c768 tcontext=u:object_r:traced_producer_socket:s0 tclass=sock_file permissive=0 SEPF_SM-A315G_12_0001 audit_filtered
06-28 16:14:05.058   739   739 E audit   : type=1300 audit(1751138045.053:1234): arch=c00000b7 syscall=203 success=no exit=-13 a0=93 a1=b4000074bc794be0 a2=1e a3=ffffffff979fc739 items=0 ppid=762 pid=3340 auid=4294967295 uid=10216 gid=10216 euid=10216 suid=10216 fsuid=10216 egid=10216 sgid=10216 fsgid=10216 tty=(none) ses=4294967295 comm="ThreadPoolForeg" exe="/system/bin/app_process64" subj=u:r:gmscore_app:s0:c512,c768 key=(null)
06-28 16:14:05.058   739   739 E audit   : type=1327 audit(1751138045.053:1234): proctitle="com.google.android.gms"
06-28 16:14:05.316  1375  1748 E SemWifiVendorHal: getWifiLinkLayerStats_1_5_Internal(l.456) failed {.code = ERROR_NOT_SUPPORTED, .description = }
06-28 16:14:05.881  2179  2330 E PaniGenerator: network is unknown.
06-28 16:14:05.895  2179  2330 E CmcServiceHelper: disallow Call Service
06-28 16:14:05.895  2179  2330 E CmcServiceHelper: disallow Call Service
06-28 16:14:05.895  2179  2330 E CapabilityUtil<0>: checkModuleReady: config is null
06-28 16:14:05.895  2179  2330 E CapabilityUtil<0>: checkModuleReady: config is null
06-28 16:14:05.908  2179  2330 E #IMSCR  : 06-28 16:14:05 0x1101000B:0,FILTERED ALL:11
06-28 16:14:05.924  2179  2330 E PaniGenerator: network is unknown.
06-28 16:14:05.933  2179  2330 E CmcServiceHelper: disallow Call Service
06-28 16:14:05.933  2179  2330 E CmcServiceHelper: disallow Call Service
06-28 16:14:05.934  2179  2330 E CapabilityUtil<0>: checkModuleReady: config is null
06-28 16:14:05.934  2179  2330 E CapabilityUtil<0>: checkModuleReady: config is null
06-28 16:14:05.942  2179  2330 E #IMSCR  : 06-28 16:14:05 0x1101000B:0,FILTERED ALL:11
06-28 16:14:06.335  1375  1748 E SemWifiVendorHal: getWifiLinkLayerStats_1_5_Internal(l.456) failed {.code = ERROR_NOT_SUPPORTED, .description = }
06-28 16:14:06.523  2746 16510 E pageboostd: alp start : app comsecandroidapppopupcalculator
06-28 16:14:06.527  1375  1818 E ActivityTaskManager: TouchDown intent received, starting ActiveLaunch
06-28 16:14:06.565  2746 16510 E pageboostd: comsecandroidapppopupcalculator, amt 1421972 scnt 4 fcnt 0
06-28 16:14:06.566  2746 16510 E pageboostd: comsecandroidapppopupcalculator, amt 131072 scnt 3 fcnt 3
06-28 16:14:06.566  2746 16510 E pageboostd: alp end : app comsecandroidapppopupcalculator data_amount 1553044
06-28 16:14:06.566   739   739 E audit   : type=1400 audit(1751138046.561:1235): avc:  denied  { search } for  pid=2746 comm="pageboostd" name="overlay" dev="dm-6" ino=90 scontext=u:r:pageboostd:s0 tcontext=u:object_r:vendor_overlay_file:s0 tclass=dir permissive=0 SEPF_SM-A315G_12_0001 audit_filtered
06-28 16:14:06.566   739   739 E audit   : type=1300 audit(1751138046.561:1235): arch=c00000b7 syscall=56 success=no exit=-13 a0=ffffff9c a1=b400007b5ba4c150 a2=0 a3=0 items=0 ppid=1 pid=2746 auid=4294967295 uid=1000 gid=1000 euid=1000 suid=1000 fsuid=1000 egid=1000 sgid=1000 fsgid=1000 tty=(none) ses=4294967295 comm="pageboostd" exe="/system/bin/pageboostd" subj=u:r:pageboostd:s0 key=(null)
06-28 16:14:06.566   739   739 E audit   : type=1327 audit(1751138046.561:1235): proctitle="/system/bin/pageboostd"
06-28 16:14:06.571 16511 16511 E popupcalculato: Not starting debugger since process cannot load the jdwp agent.
06-28 16:14:06.573 16511 16511 E USNET   : USNET: appName: com.sec.android.app.popupcalculator
06-28 16:14:06.591  2746  2746 E pageboostd: Received HALT command code 2
06-28 16:14:06.592  2334  2334 E libprocessgroup: set_timerslack_ns write failed: Operation not permitted
06-28 16:14:06.638  2334  2334 E libprocessgroup: set_timerslack_ns write failed: Operation not permitted
06-28 16:14:06.638  2746  2746 E pageboostd: Received HALT command code 2
06-28 16:14:06.736  2746  2746 E pageboostd: Received HALT command code 2
06-28 16:14:07.080  2179  2330 E PaniGenerator: network is unknown.
06-28 16:14:07.101  2179  2330 E CmcServiceHelper: disallow Call Service
06-28 16:14:07.101  2179  2330 E CmcServiceHelper: disallow Call Service
06-28 16:14:07.102  2179  2330 E CapabilityUtil<0>: checkModuleReady: config is null
06-28 16:14:07.102  2179  2330 E CapabilityUtil<0>: checkModuleReady: config is null
06-28 16:14:07.123  2179  2330 E #IMSCR  : 06-28 16:14:07 0x1101000B:0,FILTERED ALL:11
06-28 16:14:07.132  2179  2330 E PaniGenerator: network is unknown.
06-28 16:14:07.138  2179  2330 E CmcServiceHelper: disallow Call Service
06-28 16:14:07.138  2179  2330 E CmcServiceHelper: disallow Call Service
06-28 16:14:07.138  2179  2330 E CapabilityUtil<0>: checkModuleReady: config is null
06-28 16:14:07.138  2179  2330 E CapabilityUtil<0>: checkModuleReady: config is null
06-28 16:14:07.143  2179  2330 E #IMSCR  : 06-28 16:14:07 0x1101000B:0,FILTERED ALL:11
06-28 16:14:07.339  1375  1748 E SemWifiVendorHal: getWifiLinkLayerStats_1_5_Internal(l.456) failed {.code = ERROR_NOT_SUPPORTED, .description = }
06-28 16:14:07.793  1375  1668 E WifiVendorHal: getWifiLinkLayerStats_1_5_Internal(l.1191) failed {.code = ERROR_NOT_SUPPORTED, .description = }
06-28 16:14:08.136  2179  2330 E PaniGenerator: network is unknown.
06-28 16:14:08.146  2179  2330 E CmcServiceHelper: disallow Call Service
06-28 16:14:08.146  2179  2330 E CmcServiceHelper: disallow Call Service
06-28 16:14:08.147  2179  2330 E CapabilityUtil<0>: checkModuleReady: config is null
06-28 16:14:08.147  2179  2330 E CapabilityUtil<0>: checkModuleReady: config is null
06-28 16:14:08.154  2179  2330 E #IMSCR  : 06-28 16:14:08 0x1101000B:0,FILTERED ALL:11
06-28 16:14:08.170  2179  2330 E PaniGenerator: network is unknown.
06-28 16:14:08.178  2179  2330 E CmcServiceHelper: disallow Call Service
06-28 16:14:08.178  2179  2330 E CmcServiceHelper: disallow Call Service
06-28 16:14:08.178  2179  2330 E CapabilityUtil<0>: checkModuleReady: config is null
06-28 16:14:08.178  2179  2330 E CapabilityUtil<0>: checkModuleReady: config is null
06-28 16:14:08.187  2179  2330 E #IMSCR  : 06-28 16:14:08 0x1101000B:0,FILTERED ALL:11
06-28 16:14:08.324  2746  2746 E pageboostd: Received HALT command code 2
06-28 16:14:08.349  1375  1748 E SemWifiVendorHal: getWifiLinkLayerStats_1_5_Internal(l.456) failed {.code = ERROR_NOT_SUPPORTED, .description = }
06-28 16:14:08.393   782   782 E android.hardware.health@2.1-service-samsung: Could not open /sys/class/power_supply/battery/lrp
06-28 16:14:08.399  1844 28396 E PowerUI.Notification: no saved value, so we do nothing !!
06-28 16:14:08.910  2746  2746 E pageboostd: Received HALT command code 2
06-28 16:14:09.358  1375  1748 E SemWifiVendorHal: getWifiLinkLayerStats_1_5_Internal(l.456) failed {.code = ERROR_NOT_SUPPORTED, .description = }
06-28 16:14:09.530  2746  2746 E pageboostd: Received HALT command code 2
06-28 16:14:10.055  2746  2746 E pageboostd: Received HALT command code 2
06-28 16:14:10.223  2179  2330 E PaniGenerator: network is unknown.
06-28 16:14:10.231  2179  2330 E CmcServiceHelper: disallow Call Service
06-28 16:14:10.231  2179  2330 E CmcServiceHelper: disallow Call Service
06-28 16:14:10.232  2179  2330 E CapabilityUtil<0>: checkModuleReady: config is null
06-28 16:14:10.232  2179  2330 E CapabilityUtil<0>: checkModuleReady: config is null
06-28 16:14:10.243  2179  2330 E #IMSCR  : 06-28 16:14:10 0x1101000B:0,FILTERED ALL:11
06-28 16:14:10.256  2179  2330 E PaniGenerator: network is unknown.
06-28 16:14:10.262  2179  2330 E CmcServiceHelper: disallow Call Service
06-28 16:14:10.262  2179  2330 E CmcServiceHelper: disallow Call Service
06-28 16:14:10.262  2179  2330 E CapabilityUtil<0>: checkModuleReady: config is null
06-28 16:14:10.262  2179  2330 E CapabilityUtil<0>: checkModuleReady: config is null
06-28 16:14:10.267  2179  2330 E #IMSCR  : 06-28 16:14:10 0x1101000B:0,FILTERED ALL:11
06-28 16:14:10.371  1375  1748 E SemWifiVendorHal: getWifiLinkLayerStats_1_5_Internal(l.456) failed {.code = ERROR_NOT_SUPPORTED, .description = }
06-28 16:14:10.801  1375  1668 E WifiVendorHal: getWifiLinkLayerStats_1_5_Internal(l.1191) failed {.code = ERROR_NOT_SUPPORTED, .description = }
06-28 16:14:10.869  2746  2746 E pageboostd: Received HALT command code 2
06-28 16:14:11.381  1375  1748 E SemWifiVendorHal: getWifiLinkLayerStats_1_5_Internal(l.456) failed {.code = ERROR_NOT_SUPPORTED, .description = }
06-28 16:14:12.394  1375  1748 E SemWifiVendorHal: getWifiLinkLayerStats_1_5_Internal(l.456) failed {.code = ERROR_NOT_SUPPORTED, .description = }
06-28 16:14:13.404  1375  1748 E SemWifiVendorHal: getWifiLinkLayerStats_1_5_Internal(l.456) failed {.code = ERROR_NOT_SUPPORTED, .description = }
06-28 16:14:13.480 16570 16570 E pp.galaxyfinde: Not starting debugger since process cannot load the jdwp agent.
06-28 16:14:13.482 16570 16570 E USNET   : USNET: appName: com.samsung.android.app.galaxyfinder
06-28 16:14:13.557  1375  8017 E OpenGLRenderer: Device claims wide gamut support, cannot find matching config, error = EGL_SUCCESS
06-28 16:14:13.662 16570 16596 E OpenGLRenderer: Device claims wide gamut support, cannot find matching config, error = EGL_SUCCESS
06-28 16:14:13.675 16600 16600 E finder:receive: Not starting debugger since process cannot load the jdwp agent.
06-28 16:14:13.677 16600 16600 E USNET   : USNET: appName: com.samsung.android.app.galaxyfinder:receiver
06-28 16:14:13.811  1375  1668 E WifiVendorHal: getWifiLinkLayerStats_1_5_Internal(l.1191) failed {.code = ERROR_NOT_SUPPORTED, .description = }
06-28 16:14:13.823 16645 16645 E nder:appservic: Not starting debugger since process cannot load the jdwp agent.
06-28 16:14:13.825 16645 16645 E USNET   : USNET: appName: com.samsung.android.app.galaxyfinder:appservice
06-28 16:14:13.898 16570 16664 E RenderScript: Failed loading RS driver: dlopen failed: library "libRSDriver_mtk.so" not found
06-28 16:14:13.898 16570 16664 E RenderScript: Failed to load runtime libRSDriver_mtk.so, loading default
06-28 16:14:13.964   838  4730 E BufferQueueDebug: [com.samsung.android.app.galaxyfinder/com.samsung.android.app.galaxyfinder.GalaxyFinderActivity$_16570#0](this:0xb4000071fdfa4948,id:-1,api:0,p:-1,c:-1) id info cannot be read from 'com.samsung.android.app.galaxyfinder/com.samsung.android.app.galaxyfinder.GalaxyFinderActivity$_16570#0'
06-28 16:14:13.978   838  4730 E HWComposer: getSupportedContentTypes: getSupportedContentTypes failed for display 0: Unsupported (8)
06-28 16:14:13.989 16570 16682 E ion     : ioctl c0044901 failed with code -1: Invalid argument
06-28 16:14:14.093  2746  2746 E pageboostd: Received HALT command code 2
06-28 16:14:14.130 16691 16691 E gs.intelligenc: Not starting debugger since process cannot load the jdwp agent.
06-28 16:14:14.132 16691 16691 E USNET   : USNET: appName: com.android.settings.intelligence
06-28 16:14:14.304 16387 16387 E [PASS][SPAF]AutofillService: No valid parsed autofill fields
06-28 16:14:14.408  1375  1920 E WindowManager: win=Window{29f6d25 u0 com.sec.android.app.launcher/com.sec.android.app.launcher.activities.LauncherActivity} destroySurfaces: appStopped=true win.mWindowRemovalAllowed=false win.mRemoveOnExit=false win.mViewVisibility=8 caller=com.android.server.wm.ActivityRecord.destroySurfaces:5873 com.android.server.wm.ActivityRecord.destroySurfaces:5854 com.android.server.wm.ActivityRecord.notifyAppStopped:5918 com.android.server.wm.ActivityRecord.activityStopped:6560 com.android.server.wm.ActivityClientController.activityStopped:254 android.app.IActivityClientController$Stub.onTransact:596 com.android.server.wm.ActivityClientController.onTransact:130 
06-28 16:14:14.428  1375  1748 E SemWifiVendorHal: getWifiLinkLayerStats_1_5_Internal(l.456) failed {.code = ERROR_NOT_SUPPORTED, .description = }
06-28 16:14:14.538 16735 16735 E droid.messagin: Not starting debugger since process cannot load the jdwp agent.
06-28 16:14:14.540 16735 16735 E USNET   : USNET: appName: com.samsung.android.messaging
06-28 16:14:14.541 16736 16736 E id.app.contact: Not starting debugger since process cannot load the jdwp agent.
06-28 16:14:14.543 16736 16736 E USNET   : USNET: appName: com.samsung.android.app.contacts
06-28 16:14:14.584 16739 16739 E oid.app.myfile: Not starting debugger since process cannot load the jdwp agent.
06-28 16:14:14.586 16739 16739 E USNET   : USNET: appName: com.sec.android.app.myfiles
06-28 16:14:14.711 16771 16771 E .osp.app.signi: Not starting debugger since process cannot load the jdwp agent.
06-28 16:14:14.714 16771 16771 E USNET   : USNET: appName: com.osp.app.signin
06-28 16:14:14.870   838   901 E BufferQueueDebug: [InputMethod$_3123#0](this:0xb4000071f7e7f948,id:-1,api:0,p:-1,c:-1) id info cannot be read from 'InputMethod$_3123#0'
06-28 16:14:15.355 16735 16810 E FeatureUtil: filePath /optics/configs/carriers/single/ZTO/conf/system/customer_carrier_feature.json carrierGroup ZTO canonicalId -1
06-28 16:14:15.356 16735 16807 E FeatureUtil: filePath /optics/configs/carriers/single/ZTO/conf/system/customer_carrier_feature.json carrierGroup ZTO canonicalId -1
06-28 16:14:15.362 16735 16807 E FeatureUtil: filePath /optics/configs/carriers/single/ZTO/conf/system/customer_carrier_feature.json carrierGroup ZTO canonicalId 530
06-28 16:14:15.363 16735 16807 E FeatureUtil: filePath /optics/configs/carriers/single/ZTO/conf/system/customer_carrier_feature.json carrierGroup ZTO canonicalId -1
06-28 16:14:15.363 16735 16810 E FeatureUtil: filePath /optics/configs/carriers/single/ZTO/conf/system/customer_carrier_feature.json carrierGroup ZTO canonicalId 530
06-28 16:14:15.364 16735 16810 E FeatureUtil: filePath /optics/configs/carriers/single/ZTO/conf/system/customer_carrier_feature.json carrierGroup ZTO canonicalId -1
06-28 16:14:15.365 16735 16810 E FeatureUtil: filePath /optics/configs/carriers/single/ZTO/conf/system/customer_carrier_feature.json carrierGroup ZTO canonicalId 530
06-28 16:14:15.365 16735 16807 E FeatureUtil: filePath /optics/configs/carriers/single/ZTO/conf/system/customer_carrier_feature.json carrierGroup ZTO canonicalId 530
06-28 16:14:15.437  1375  1748 E SemWifiVendorHal: getWifiLinkLayerStats_1_5_Internal(l.456) failed {.code = ERROR_NOT_SUPPORTED, .description = }
06-28 16:14:15.620 16735 16752 E ORC/CustomerFeatureCommon: initDocument
06-28 16:14:15.731 16736 16812 E ExternalAccountType: [C] Package was found, but that doesn't contain the CONTACTS_STRUCTURE metadata
06-28 16:14:15.769  2179  2192 E CapabilityUtil<0>: checkModuleReady: config is null
06-28 16:14:15.799 16735 16859 E CS/OwnCapabilityManager<0>: queryOwnCapability, cursor null
06-28 16:14:15.821 16735 16809 E CS/CommonDbUtils: transactionMakeFail : Not exist transaction msg
06-28 16:14:15.917 16735 16735 E ORC/Log : Attempt to invoke virtual method 'boolean d.e.a.g.f.k.c.e()' on a null object reference
06-28 16:14:15.932  2179 15618 E CapabilityUtil<1>: checkModuleReady: mConfig.isAvailable == false
06-28 16:14:15.935 16735 16889 E CS/OwnCapabilityManager<1>: queryOwnCapability, cursor null
06-28 16:14:15.943  2179  2192 E CapabilityUtil<0>: checkModuleReady: config is null
06-28 16:14:15.946 16735 16859 E CS/OwnCapabilityManager<0>: queryOwnCapability, cursor null
06-28 16:14:15.958  2179  2192 E CapabilityUtil<1>: checkModuleReady: mConfig.isAvailable == false
06-28 16:14:15.960 16735 16889 E CS/OwnCapabilityManager<1>: queryOwnCapability, cursor null
06-28 16:14:16.028 16903 16903 E book.appmanage: Not starting debugger since process cannot load the jdwp agent.
06-28 16:14:16.030 16903 16903 E USNET   : USNET: appName: com.facebook.appmanager
06-28 16:14:16.123 16736 16812 E ExternalAccountType: [C] Package was found, but that doesn't contain the CONTACTS_STRUCTURE metadata
06-28 16:14:16.167 16918 16918 E ung.android.sc: Not starting debugger since process cannot load the jdwp agent.
06-28 16:14:16.169 16918 16918 E USNET   : USNET: appName: com.samsung.android.scs
06-28 16:14:16.338 16736 16812 E ExternalAccountType: [C] Package was found, but that doesn't contain the CONTACTS_STRUCTURE metadata
06-28 16:14:16.443  1375  1748 E SemWifiVendorHal: getWifiLinkLayerStats_1_5_Internal(l.456) failed {.code = ERROR_NOT_SUPPORTED, .description = }
06-28 16:14:16.552 16903 16903 E SQLiteLog: (14) cannot open file at line 40888 of [bcd014c473]
06-28 16:14:16.552 16903 16903 E SQLiteLog: (14) os_unix.c:40888: (2) open(/data/user/0/com.facebook.appmanager/databases/androidx.work.workdb) - 
06-28 16:14:16.552 16903 16903 E SQLiteLog: (1) Process book.appmanager : Pid (16903) Uid (10162) Euid (10162) Gid (10162) Egid (10162)
06-28 16:14:16.552 16903 16903 E SQLiteLog: (1) osStat failed "/data/user/0/com.facebook.appmanager/databases/androidx.work.workdb" due to error (2)
06-28 16:14:16.552 16903 16903 E SQLiteLog: (1) Stat of /data/user/0/com.facebook.appmanager/databases : st_mode(40771) st_uid(10162) st_gid(10162) st_ino(9238)
06-28 16:14:16.552 16903 16903 E SQLiteLog: (1) Stat of /data/user/0/com.facebook.appmanager : st_mode(40700) st_uid(10162) st_gid(10162) st_ino(7129)
06-28 16:14:16.552 16903 16903 E SQLiteLog: (1) Stat of /data/user/0 : st_mode(40751) st_uid(0) st_gid(0) st_ino(470616)
06-28 16:14:16.552 16903 16903 E SQLiteLog: (1) Stat of /data/user : st_mode(40751) st_uid(0) st_gid(0) st_ino(470617)
06-28 16:14:16.552 16903 16903 E SQLiteLog: (1) Stat of /data : st_mode(40771) st_uid(1000) st_gid(1000) st_ino(3)
06-28 16:14:16.555 16903 16903 E SQLiteDatabase: Failed to open database '/data/user/0/com.facebook.appmanager/databases/androidx.work.workdb'.
06-28 16:14:16.555 16903 16903 E SQLiteDatabase: android.database.sqlite.SQLiteCantOpenDatabaseException: Cannot open database '/data/user/0/com.facebook.appmanager/databases/androidx.work.workdb': File /data/user/0/com.facebook.appmanager/databases/androidx.work.workdb doesn't exist
06-28 16:14:16.555 16903 16903 E SQLiteDatabase: 	at android.database.sqlite.SQLiteConnection.open(SQLiteConnection.java:371)
06-28 16:14:16.555 16903 16903 E SQLiteDatabase: 	at android.database.sqlite.SQLiteConnection.open(SQLiteConnection.java:226)
06-28 16:14:16.555 16903 16903 E SQLiteDatabase: 	at android.database.sqlite.SQLiteConnectionPool.openConnectionLocked(SQLiteConnectionPool.java:736)
06-28 16:14:16.555 16903 16903 E SQLiteDatabase: 	at android.database.sqlite.SQLiteConnectionPool.open(SQLiteConnectionPool.java:284)
06-28 16:14:16.555 16903 16903 E SQLiteDatabase: 	at android.database.sqlite.SQLiteConnectionPool.open(SQLiteConnectionPool.java:251)
06-28 16:14:16.555 16903 16903 E SQLiteDatabase: 	at android.database.sqlite.SQLiteDatabase.openInner(SQLiteDatabase.java:1415)
06-28 16:14:16.555 16903 16903 E SQLiteDatabase: 	at android.database.sqlite.SQLiteDatabase.open(SQLiteDatabase.java:1356)
06-28 16:14:16.555 16903 16903 E SQLiteDatabase: 	at android.database.sqlite.SQLiteDatabase.openDatabase(SQLiteDatabase.java:1024)
06-28 16:14:16.555 16903 16903 E SQLiteDatabase: 	at android.database.sqlite.SQLiteDatabase.openDatabase(SQLiteDatabase.java:962)
06-28 16:14:16.555 16903 16903 E SQLiteDatabase: 	at com.facebook.oxygen.common.androidx.workmanager.initializer.b.a(WorkManagerDatabase.java:22)
06-28 16:14:16.555 16903 16903 E SQLiteDatabase: 	at com.facebook.oxygen.appmanager.app.c.a(AppManagerApplicationImpl.java:21)
06-28 16:14:16.555 16903 16903 E SQLiteDatabase: 	at com.facebook.oxygen.common.component.b.d.onCreate(OxpDelegatingApplication.java:84)
06-28 16:14:16.555 16903 16903 E SQLiteDatabase: 	at android.app.Instrumentation.callApplicationOnCreate(Instrumentation.java:1211)
06-28 16:14:16.555 16903 16903 E SQLiteDatabase: 	at android.app.ActivityThread.handleBindApplication(ActivityThread.java:7506)
06-28 16:14:16.555 16903 16903 E SQLiteDatabase: 	at android.app.ActivityThread.access$1600(ActivityThread.java:310)
06-28 16:14:16.555 16903 16903 E SQLiteDatabase: 	at android.app.ActivityThread$H.handleMessage(ActivityThread.java:2281)
06-28 16:14:16.555 16903 16903 E SQLiteDatabase: 	at android.os.Handler.dispatchMessage(Handler.java:106)
06-28 16:14:16.555 16903 16903 E SQLiteDatabase: 	at android.os.Looper.loopOnce(Looper.java:226)
06-28 16:14:16.555 16903 16903 E SQLiteDatabase: 	at android.os.Looper.loop(Looper.java:313)
06-28 16:14:16.555 16903 16903 E SQLiteDatabase: 	at android.app.ActivityThread.main(ActivityThread.java:8663)
06-28 16:14:16.555 16903 16903 E SQLiteDatabase: 	at java.lang.reflect.Method.invoke(Native Method)
06-28 16:14:16.555 16903 16903 E SQLiteDatabase: 	at com.android.internal.os.RuntimeInit$MethodAndArgsCaller.run(RuntimeInit.java:571)
06-28 16:14:16.555 16903 16903 E SQLiteDatabase: 	at com.android.internal.os.ZygoteInit.main(ZygoteInit.java:1135)
06-28 16:14:16.555 16903 16903 E SQLiteDatabase: Caused by: android.database.sqlite.SQLiteCantOpenDatabaseException: unknown error (code 1806 SQLITE_CANTOPEN_ENOENT[1806]): Could not open database
06-28 16:14:16.555 16903 16903 E SQLiteDatabase: 	at android.database.sqlite.SQLiteConnection.nativeOpen(Native Method)
06-28 16:14:16.555 16903 16903 E SQLiteDatabase: 	at android.database.sqlite.SQLiteConnection.open(SQLiteConnection.java:341)
06-28 16:14:16.555 16903 16903 E SQLiteDatabase: 	... 22 more
06-28 16:14:16.741 16771 16870 E SamsungAccount: [SettingCustomizationRequester] Programs are null. - It will be set as default
06-28 16:14:16.800 16771 16960 E .osp.app.signi: No package ID 6a found for ID 0x6a0b000f.
06-28 16:14:16.849  1375  1668 E WifiVendorHal: getWifiLinkLayerStats_1_5_Internal(l.1191) failed {.code = ERROR_NOT_SUPPORTED, .description = }
06-28 16:14:16.867 16990 16990 E facebook.syste: Not starting debugger since process cannot load the jdwp agent.
06-28 16:14:16.870 16990 16990 E USNET   : USNET: appName: com.facebook.system
06-28 16:14:16.994 16918 16991 E SCS@AiSearch user 0: (BaseCollector::DOCUMENTS) canSkipCurrentList: 
06-28 16:14:16.999   487   495 E servicemanager: Could not find android.hardware.vibrator.IVibrator/default in the VINTF manifest.
06-28 16:14:17.000   807   807 E SecVibrator-HAL2.2_A: sehSetFrequencyType is abnormal -1
06-28 16:14:17.001  1375 17008 E VibratorController: sehSetFrequencyType command failed(2).
06-28 16:14:17.002   807   807 E SecVibrator-HAL2.2_A: >> writeNode node:/timed_output/vibrator/enable val:45
06-28 16:14:17.006   807   807 E SecVibrator-HAL2.2_A: << writeNode node OK 3
06-28 16:14:17.053   807   807 E SecVibrator-HAL2.2_A: >> writeNode node:/timed_output/vibrator/enable val:0
06-28 16:14:17.060   807   807 E SecVibrator-HAL2.2_A: << writeNode node OK 2
06-28 16:14:17.160   838  2492 E BufferQueueDebug: [PopupWindow:c7e731e$_16570#0](this:0xb4000071f7b31948,id:-1,api:0,p:-1,c:-1) id info cannot be read from 'PopupWindow:c7e731e$_16570#0'
06-28 16:14:17.321  1375  3820 E WindowManager: win=Window{1197ff0 u0 InputMethod} destroySurfaces: appStopped=true win.mWindowRemovalAllowed=false win.mRemoveOnExit=false win.mViewVisibility=8 caller=com.android.server.wm.WindowManagerService.tryStartExitingAnimation:2951 com.android.server.wm.WindowManagerService.relayoutWindow:2675 com.android.server.wm.Session.relayout:242 android.view.IWindowSession$Stub.onTransact:790 com.android.server.wm.Session.onTransact:176 android.os.Binder.execTransactInternal:1215 android.os.Binder.execTransact:1179 
06-28 16:14:17.453  1375  1748 E SemWifiVendorHal: getWifiLinkLayerStats_1_5_Internal(l.456) failed {.code = ERROR_NOT_SUPPORTED, .description = }
06-28 16:14:17.889 19447 19463 E BaseSearchIndex: com.samsung.android.settings.privacy.PrivacyHeaderViewPreferenceController must implement com.android.settings.core.PreferenceControllerMixin treating the dynamic indexable
06-28 16:14:17.889 19447 19463 E BaseSearchIndex: com.samsung.android.settings.privacy.AdvancedGoogleCategoryPreferenceController must implement com.android.settings.core.PreferenceControllerMixin treating the dynamic indexable
06-28 16:14:18.001 19447 19463 E com.samsung.android.settings.ucm.UCMUtils: Failed to get UCM Service
06-28 16:14:18.093 19447 19463 E BaseSearchIndex: com.android.settings.development.AdbAuthorizationTimeoutPreferenceController must implement com.android.settings.core.PreferenceControllerMixin treating the dynamic indexable
06-28 16:14:18.093 19447 19463 E BaseSearchIndex: com.samsung.android.settings.development.ShowTextIdPreferenceController must implement com.android.settings.core.PreferenceControllerMixin treating the dynamic indexable
06-28 16:14:18.093 19447 19463 E BaseSearchIndex: com.android.settings.development.DefaultUsbConfigurationPreferenceController must implement com.android.settings.core.PreferenceControllerMixin treating the dynamic indexable
06-28 16:14:18.287   739   739 E audit   : type=1400 audit(1751138058.285:1236): avc:  denied  { write } for  pid=2639 comm="ThreadPoolForeg" name="traced_producer" dev="tmpfs" ino=11213 scontext=u:r:gmscore_app:s0:c512,c768 tcontext=u:object_r:traced_producer_socket:s0 tclass=sock_file permissive=0 SEPF_SM-A315G_12_0001 audit_filtered
06-28 16:14:18.287   739   739 E audit   : type=1300 audit(1751138058.285:1236): arch=c00000b7 syscall=203 success=no exit=-13 a0=bc a1=b4000074ae466600 a2=1e a3=ffffffff979fc739 items=0 ppid=762 pid=2639 auid=4294967295 uid=10216 gid=10216 euid=10216 suid=10216 fsuid=10216 egid=10216 sgid=10216 fsgid=10216 tty=(none) ses=4294967295 comm="ThreadPoolForeg" exe="/system/bin/app_process64" subj=u:r:gmscore_app:s0:c512,c768 key=(null)
06-28 16:14:18.287   739   739 E audit   : type=1327 audit(1751138058.285:1236): proctitle="com.google.android.gms.persistent"
06-28 16:14:18.317 19447 19463 E BaseSearchIndex: com.samsung.android.settings.applications.defaultapps.AssistVibrationPreferenceController must implement com.android.settings.core.PreferenceControllerMixin treating the dynamic indexable
06-28 16:14:18.366 19447 19463 E com.samsung.android.settings.ucm.UCMUtils: Failed to get UCM Service
06-28 16:14:18.401 19447 19463 E BaseSearchIndex: com.samsung.android.settings.notification.SecDTMFExplanationPreferenceController must implement com.android.settings.core.PreferenceControllerMixin treating the dynamic indexable
06-28 16:14:18.468  1375  1748 E SemWifiVendorHal: getWifiLinkLayerStats_1_5_Internal(l.456) failed {.code = ERROR_NOT_SUPPORTED, .description = }
06-28 16:14:18.480   782   782 E android.hardware.health@2.1-service-samsung: Could not open /sys/class/power_supply/battery/lrp
06-28 16:14:18.488  1844 31915 E PowerUI.Notification: no saved value, so we do nothing !!
06-28 16:14:18.517 19447 19463 E FeatureUtil: filePath /optics/configs/carriers/single/ZTO/conf/system/customer_carrier_feature.json carrierGroup ZTO canonicalId -1
06-28 16:14:18.519  2746  2746 E pageboostd: Received HALT command code 2
06-28 16:14:18.521 19447 19463 E FeatureUtil: filePath /optics/configs/carriers/single/ZTO/conf/system/customer_carrier_feature.json carrierGroup ZTO canonicalId 530
06-28 16:14:18.522 19447 19463 E FeatureUtil: filePath /optics/configs/carriers/single/ZTO/conf/system/customer_carrier_feature.json carrierGroup ZTO canonicalId -1
06-28 16:14:18.524 19447 19463 E FeatureUtil: filePath /optics/configs/carriers/single/ZTO/conf/system/customer_carrier_feature.json carrierGroup ZTO canonicalId 530
06-28 16:14:18.559  2334  2334 E libprocessgroup: set_timerslack_ns write failed: Operation not permitted
06-28 16:14:18.610   838  2492 E BufferQueueDebug: [com.sec.android.app.launcher/com.sec.android.app.launcher.activities.LauncherActivity$_2334#0](this:0xb4000071f7b7a948,id:-1,api:0,p:-1,c:-1) id info cannot be read from 'com.sec.android.app.launcher/com.sec.android.app.launcher.activities.LauncherActivity$_2334#0'
06-28 16:14:18.703  2746  2746 E pageboostd: Received HALT command code 2
06-28 16:14:18.757  1375  1452 E WindowManager: win=Window{7063fbf u0 PopupWindow:c7e731e EXITING} destroySurfaces: appStopped=false win.mWindowRemovalAllowed=true win.mRemoveOnExit=true win.mViewVisibility=0 caller=com.android.server.wm.WindowState.destroySurface:4175 com.android.server.wm.ActivityRecord.destroySurfaces:5873 com.android.server.wm.ActivityRecord.destroySurfaces:5854 com.android.server.wm.WindowState.onExitAnimationDone:5983 com.android.server.wm.WindowStateAnimator.onAnimationFinished:242 com.android.server.wm.WindowState.onAnimationFinished:6236 com.android.server.wm.WindowContainer$$ExternalSyntheticLambda0.onAnimationFinished:2 
06-28 16:14:18.782  2334  2334 E libprocessgroup: set_timerslack_ns write failed: Operation not permitted
06-28 16:14:18.822  3737  3769 E TaskStackListenerAbstract: onTaskSnapshotChanged called by Binder.getCallingPid() 0 android.app.ITaskStackListener$Stub.onTransact:585 android.os.Binder.execTransactInternal:1220 android.os.Binder.execTransact:1179 <bottom of call stack> 
06-28 16:14:18.822  1844  1972 E TaskStackListenerAbstract: onTaskSnapshotChanged called by Binder.getCallingPid() 0 android.app.ITaskStackListener$Stub.onTransact:585 android.os.Binder.execTransactInternal:1220 android.os.Binder.execTransact:1179 <bottom of call stack> 
06-28 16:14:18.823  1844  2198 E TaskStackListenerAbstract: onTaskSnapshotChanged called by Binder.getCallingPid() 0 android.app.ITaskStackListener$Stub.onTransact:585 android.os.Binder.execTransactInternal:1220 android.os.Binder.execTransact:1179 <bottom of call stack> 
06-28 16:14:19.016 19447 19463 E com.samsung.android.settings.ucm.UCMUtils: Failed to get UCM Service
06-28 16:14:19.019 19447 19463 E com.samsung.android.settings.ucm.UCMUtils: Failed to get UCM Service
06-28 16:14:19.079   838   901 E BufferQueueDebug: [com.google.android.packageinstaller/com.android.packageinstaller.UninstallerActivity$_14702#0](this:0xb4000071f7e85948,id:-1,api:0,p:-1,c:-1) id info cannot be read from 'com.google.android.packageinstaller/com.android.packageinstaller.UninstallerActivity$_14702#0'
06-28 16:14:19.095  1375  2310 E PhoneRestrictionPolicy: getEmergencyCall >>false
06-28 16:14:19.096  1375  2310 E PhoneRestrictionPolicy: getEmergencyCall >>false
06-28 16:14:19.123   838   902 E BufferQueueDebug: [com.google.android.packageinstaller/com.android.packageinstaller.UninstallerActivity$_14702#1](this:0xb4000071f80f3948,id:-1,api:0,p:-1,c:-1) id info cannot be read from 'com.google.android.packageinstaller/com.android.packageinstaller.UninstallerActivity$_14702#1'
06-28 16:14:19.142  1375  3789 E PhoneRestrictionPolicy: getEmergencyCall >>false
06-28 16:14:19.143  1375  3789 E PhoneRestrictionPolicy: getEmergencyCall >>false
06-28 16:14:19.195 19447 19463 E ActivityThread: Failed to find provider info for com.sec.android.desktopmode.uiservice.SettingsProvider
06-28 16:14:19.195 19447 19463 E Connections_Utils: IllegalArgumentException :: getDeXSettings hdmi_mode
06-28 16:14:19.205  2746  2746 E pageboostd: Received HALT command code 2
06-28 16:14:19.219  1375  3087 E OpenGLRenderer: Device claims wide gamut support, cannot find matching config, error = EGL_SUCCESS
06-28 16:14:19.224 19447 19463 E com.samsung.android.settings.ucm.UCMUtils: Failed to get UCM Service
06-28 16:14:19.239 19447 19463 E com.samsung.android.settings.ucm.UCMUtils: Failed to get UCM Service
06-28 16:14:19.243 19447 19463 E com.samsung.android.settings.ucm.UCMUtils: Failed to get UCM Service
06-28 16:14:19.257 19447 19463 E com.samsung.android.settings.ucm.UCMUtils: Failed to get UCM Service
06-28 16:14:19.269  1375  2310 E PackageManager: replace res.nonLocalizedLabel(null) to newName(Finan├ºas) and activity.getPackageName() () UId(1000)
06-28 16:14:19.386  1375  8017 E OpenGLRenderer: Device claims wide gamut support, cannot find matching config, error = EGL_SUCCESS
06-28 16:14:19.486  1375  1748 E SemWifiVendorHal: getWifiLinkLayerStats_1_5_Internal(l.456) failed {.code = ERROR_NOT_SUPPORTED, .description = }
06-28 16:14:19.591  1375  1454 E Watchdog: !@Sync: 53 heap: 128 / 136 [2025-06-28 16:14:19.590] sdogWay: softdog FD: 939
06-28 16:14:19.593 19447 19463 E com.samsung.android.settings.ucm.UCMUtils: Failed to get UCM Service
06-28 16:14:19.594 19447 19463 E com.samsung.android.settings.ucm.UCMUtils: Failed to get UCM Service
06-28 16:14:19.595  2179  2192 E CapabilityUtil<0>: checkModuleReady: config is null
06-28 16:14:19.599  2179 15618 E CapabilityUtil<0>: checkModuleReady: config is null
06-28 16:14:19.601  2179  2192 E CapabilityUtil<1>: checkModuleReady: mConfig.isAvailable == false
06-28 16:14:19.604 19447 19463 E ActivityThread: Failed to find provider info for com.sec.android.desktopmode.uiservice.SettingsProvider
06-28 16:14:19.604 19447 19463 E Settings: IllegalArgumentException :: getDeXSettings wireless_dex
06-28 16:14:19.606 19447 19463 E ActivityThread: Failed to find provider info for com.sec.android.desktopmode.uiservice.SettingsProvider
06-28 16:14:19.607 19447 19463 E Settings: IllegalArgumentException :: getDeXSettings wireless_dex
06-28 16:14:19.607  2179 15618 E CapabilityUtil<1>: checkModuleReady: mConfig.isAvailable == false
06-28 16:14:19.693 19447 19463 E BaseSearchIndex: com.samsung.android.settings.privacy.PrivacyHeaderViewPreferenceController must implement com.android.settings.core.PreferenceControllerMixin treating the key non-indexable
06-28 16:14:19.693 19447 19463 E BaseSearchIndex: com.samsung.android.settings.privacy.AdvancedGoogleCategoryPreferenceController must implement com.android.settings.core.PreferenceControllerMixin treating the key non-indexable
06-28 16:14:19.718 19447 19463 E com.samsung.android.settings.ucm.UCMUtils: Failed to get UCM Service
06-28 16:14:19.762  2179 15618 E CapabilityUtil<0>: checkModuleReady: config is null
06-28 16:14:19.765  2179 15618 E CapabilityUtil<1>: checkModuleReady: mConfig.isAvailable == false
06-28 16:14:19.768 19447 19463 E com.samsung.android.settings.ucm.UCMUtils: Failed to get UCM Service
06-28 16:14:19.807  2334  4049 E FrameEvents: updateAcquireFence: Did not find frame.
06-28 16:14:19.816  2179  2192 E CapabilityUtil<0>: checkModuleReady: config is null
06-28 16:14:19.820  2179  2192 E CapabilityUtil<1>: checkModuleReady: mConfig.isAvailable == false
06-28 16:14:19.860  1375  1668 E WifiVendorHal: getWifiLinkLayerStats_1_5_Internal(l.1191) failed {.code = ERROR_NOT_SUPPORTED, .description = }
06-28 16:14:19.871  2179  2192 E CapabilityUtil<0>: checkModuleReady: config is null
06-28 16:14:19.874  2179  2192 E CapabilityUtil<1>: checkModuleReady: mConfig.isAvailable == false
06-28 16:14:19.962  2179 15618 E CapabilityUtil<0>: checkModuleReady: config is null
06-28 16:14:19.965  2179 15618 E CapabilityUtil<1>: checkModuleReady: mConfig.isAvailable == false
06-28 16:14:20.029  2179 15618 E CapabilityUtil<0>: checkModuleReady: config is null
06-28 16:14:20.041  2179 15618 E CapabilityUtil<1>: checkModuleReady: mConfig.isAvailable == false
06-28 16:14:20.076 17075 17075 E id.app.appsedg: Not starting debugger since process cannot load the jdwp agent.
06-28 16:14:20.078 17075 17075 E USNET   : USNET: appName: com.samsung.android.app.appsedge
06-28 16:14:20.103  2179 15618 E UriUtil : NumberParseException!! Could not interpret numbers after plus-sign.
06-28 16:14:20.110  2179 15618 E UriUtil : NumberParseException!! Could not interpret numbers after plus-sign.
06-28 16:14:20.112  2179 15618 E UriUtil : NumberParseException!! Could not interpret numbers after plus-sign.
06-28 16:14:20.130  1833  1845 E BluetoothCastAdapterService: ClientDeathRecipient :: remove token =android.os.BinderProxy@2454431, packageName=com.android.settings
06-28 16:14:20.194  2179 15618 E CapabilityUtil<0>: checkModuleReady: config is null
06-28 16:14:20.197  2179 15618 E CapabilityUtil<1>: checkModuleReady: mConfig.isAvailable == false
06-28 16:14:20.251  2179 15618 E CapabilityUtil<0>: checkModuleReady: config is null
06-28 16:14:20.253  2179 15618 E CapabilityUtil<1>: checkModuleReady: mConfig.isAvailable == false
06-28 16:14:20.293  2179 15618 E CapabilityUtil<0>: checkModuleReady: config is null
06-28 16:14:20.297  2179 15618 E CapabilityUtil<1>: checkModuleReady: mConfig.isAvailable == false
06-28 16:14:20.301 17075 17075 E AppsEdge.DataProvider: Creating the DB From AppsEdgeDataProvider
06-28 16:14:20.340  2179 15618 E CapabilityUtil<0>: checkModuleReady: config is null
06-28 16:14:20.343  2179 15618 E CapabilityUtil<1>: checkModuleReady: mConfig.isAvailable == false
06-28 16:14:20.384  2179 15618 E CapabilityUtil<0>: checkModuleReady: config is null
06-28 16:14:20.387  2179 15618 E CapabilityUtil<1>: checkModuleReady: mConfig.isAvailable == false
06-28 16:14:20.444  2179 15618 E CapabilityUtil<0>: checkModuleReady: config is null
06-28 16:14:20.449  2179 15618 E CapabilityUtil<1>: checkModuleReady: mConfig.isAvailable == false
06-28 16:14:20.473 19447 19463 E BaseSearchIndex: com.android.settings.development.AdbAuthorizationTimeoutPreferenceController must implement com.android.settings.core.PreferenceControllerMixin treating the key non-indexable
06-28 16:14:20.496  1375  1748 E SemWifiVendorHal: getWifiLinkLayerStats_1_5_Internal(l.456) failed {.code = ERROR_NOT_SUPPORTED, .description = }
06-28 16:14:20.501  2179 15618 E CapabilityUtil<0>: checkModuleReady: config is null
06-28 16:14:20.508  2179 15618 E CapabilityUtil<1>: checkModuleReady: mConfig.isAvailable == false
06-28 16:14:20.607 19447 19463 E BaseSearchIndex: com.samsung.android.settings.development.ShowTextIdPreferenceController must implement com.android.settings.core.PreferenceControllerMixin treating the key non-indexable
06-28 16:14:20.613 19447 19463 E BaseSearchIndex: com.android.settings.development.DefaultUsbConfigurationPreferenceController must implement com.android.settings.core.PreferenceControllerMixin treating the key non-indexable
06-28 16:14:20.632  2179 15618 E CapabilityUtil<0>: checkModuleReady: config is null
06-28 16:14:20.639  2179 15618 E CapabilityUtil<1>: checkModuleReady: mConfig.isAvailable == false
06-28 16:14:20.763  1096  1096 E installd: Couldn't opendir /data/user/150/com.example.gestaobilhares: No such file or directory
06-28 16:14:20.763  1096  1096 E installd: Failed to delete /data/user/150/com.example.gestaobilhares: No such file or directory
06-28 16:14:20.768  1096  1096 E installd: Couldn't opendir /data/user_de/150/com.example.gestaobilhares: No such file or directory
06-28 16:14:20.768  1096  1096 E installd: Failed to delete /data/user_de/150/com.example.gestaobilhares: No such file or directory
06-28 16:14:20.783 19447 19463 E BaseSearchIndex: com.samsung.android.settings.applications.defaultapps.AssistVibrationPreferenceController must implement com.android.settings.core.PreferenceControllerMixin treating the key non-indexable
06-28 16:14:20.913  1375  1452 E WindowManager: win=Window{6eb7d7b u0 com.google.android.packageinstaller/com.android.packageinstaller.UninstallerActivity EXITING} destroySurfaces: appStopped=false win.mWindowRemovalAllowed=true win.mRemoveOnExit=true win.mViewVisibility=0 caller=com.android.server.wm.ActivityRecord.destroySurfaces:5873 com.android.server.wm.ActivityRecord.destroySurfaces:5854 com.android.server.wm.WindowState.onExitAnimationDone:5983 com.android.server.wm.WindowStateAnimator.onAnimationFinished:242 com.android.server.wm.WindowState.onAnimationFinished:6236 com.android.server.wm.WindowContainer$$ExternalSyntheticLambda0.onAnimationFinished:2 com.android.server.wm.SurfaceAnimator.lambda$getFinishedCallback$0$SurfaceAnimator:113 
