06-28 12:56:24.630   740   740 E audit   : type=1400 audit(1751126184.627:16041): avc:  denied  { read } for  pid=549 comm="Binder:549_2" name="max_time_ms" dev="sysfs" ino=35446 scontext=u:r:system_suspend:s0 tcontext=u:object_r:sysfs:s0 tclass=file permissive=0 SEPF_SM-A315G_12_0001 audit_filtered
06-28 12:56:24.630   740   740 E audit   : type=1300 audit(1751126184.627:16041): arch=c00000b7 syscall=56 success=no exit=-13 a0=f a1=780bbfb5b9 a2=80000 a3=0 items=0 ppid=1 pid=549 auid=4294967295 uid=1000 gid=1000 euid=1000 suid=1000 fsuid=1000 egid=1000 sgid=1000 fsgid=1000 tty=(none) ses=4294967295 comm="Binder:549_2" exe="/system/bin/hw/android.system.suspend@1.0-service" subj=u:r:system_suspend:s0 key=(null)
06-28 12:56:24.630   740   740 E audit   : type=1327 audit(1751126184.627:16041): proctitle="/system/bin/hw/android.system.suspend@1.0-service"
06-28 12:56:26.341 30442 30525 E FeatureUtil: filePath /optics/configs/carriers/single/ZTO/conf/system/customer_carrier_feature.json carrierGroup ZTO canonicalId -1
06-28 12:56:26.347 30442 30525 E FeatureUtil: filePath /optics/configs/carriers/single/ZTO/conf/system/customer_carrier_feature.json carrierGroup ZTO canonicalId 530
06-28 12:56:26.349 30442 30525 E FeatureUtil: filePath /optics/configs/carriers/single/ZTO/conf/system/customer_carrier_feature.json carrierGroup ZTO canonicalId -1
06-28 12:56:26.350 30442 30525 E FeatureUtil: filePath /optics/configs/carriers/single/ZTO/conf/system/customer_carrier_feature.json carrierGroup ZTO canonicalId 530
06-28 12:56:26.369 30442 30525 E SEMS:Social_13.7.12: [BLog][androidx.work-1][ConditionRepositoryImpl] checkContactUpload error
06-28 12:56:26.369 30442 30525 E SEMS:Social_13.7.12: [BLog][androidx.work-1][BuddySyncWorker] contact source : 1, error worker checkContactUpload error
06-28 12:56:31.817   740   740 E audit   : type=1400 audit(1751126191.815:16051): avc:  denied  { write } for  pid=3708 comm="ThreadPoolForeg" name="traced_producer" dev="tmpfs" ino=23157 scontext=u:r:gmscore_app:s0:c512,c768 tcontext=u:object_r:traced_producer_socket:s0 tclass=sock_file permissive=0 SEPF_SM-A315G_12_0001 audit_filtered
06-28 12:56:31.817   740   740 E audit   : type=1300 audit(1751126191.815:16051): arch=c00000b7 syscall=203 success=no exit=-13 a0=12f a1=b400007a19546ae0 a2=1e a3=ffffffff97a0afcd items=0 ppid=760 pid=3708 auid=4294967295 uid=10216 gid=10216 euid=10216 suid=10216 fsuid=10216 egid=10216 sgid=10216 fsgid=10216 tty=(none) ses=4294967295 comm="ThreadPoolForeg" exe="/system/bin/app_process64" subj=u:r:gmscore_app:s0:c512,c768 key=(null)
06-28 12:56:31.817   740   740 E audit   : type=1327 audit(1751126191.815:16051): proctitle="com.google.android.gms.persistent"
06-28 12:56:31.928 25810 28588 E ROM_BackupSyncApiHelper: Failed to get backup and sync suggestion. [CONTEXT service_id=135 ]
06-28 12:56:32.835 25810 28588 E ROM_BackupSyncApiHelper: Failed to get backup and sync suggestion. [CONTEXT service_id=135 ]
06-28 12:56:32.955 25810 28588 E hsik    : *~*~*~ Previous channel {0} was garbage collected without being shut down! ~*~*~*
06-28 12:56:32.955 25810 28588 E hsik    :     Make sure to call shutdown()/shutdownNow()
06-28 12:56:32.955 25810 28588 E hsik    : java.lang.RuntimeException: ManagedChannel allocation site
06-28 12:56:32.955 25810 28588 E hsik    : 	at hsij.<init>(:com.google.android.gms@252431029@25.24.31 (190400-772615181):21)
06-28 12:56:32.955 25810 28588 E hsik    : 	at hsik.<init>(:com.google.android.gms@252431029@25.24.31 (190400-772615181):10)
06-28 12:56:32.955 25810 28588 E hsik    : 	at hsii.a(:com.google.android.gms@252431029@25.24.31 (190400-772615181):250)
06-28 12:56:32.955 25810 28588 E hsik    : 	at hrtj.a(:com.google.android.gms@252431029@25.24.31 (190400-772615181):5)
06-28 12:56:32.955 25810 28588 E hsik    : 	at aywe.a(:com.google.android.gms@252431029@25.24.31 (190400-772615181):70)
06-28 12:56:32.955 25810 28588 E hsik    : 	at ayvv.u(:com.google.android.gms@252431029@25.24.31 (190400-772615181):119)
06-28 12:56:32.955 25810 28588 E hsik    : 	at ayvv.f(:com.google.android.gms@252431029@25.24.31 (190400-772615181):5)
06-28 12:56:32.955 25810 28588 E hsik    : 	at cfrq.b(:com.google.android.gms@252431029@25.24.31 (190400-772615181):45)
06-28 12:56:32.955 25810 28588 E hsik    : 	at ahck.call(:com.google.android.gms@252431029@25.24.31 (190400-772615181):568)
06-28 12:56:32.955 25810 28588 E hsik    : 	at java.util.concurrent.FutureTask.run(FutureTask.java:317)
06-28 12:56:32.955 25810 28588 E hsik    : 	at azcf.c(:com.google.android.gms@252431029@25.24.31 (190400-772615181):50)
06-28 12:56:32.955 25810 28588 E hsik    : 	at azcf.run(:com.google.android.gms@252431029@25.24.31 (190400-772615181):70)
06-28 12:56:32.955 25810 28588 E hsik    : 	at java.util.concurrent.ThreadPoolExecutor.runWorker(ThreadPoolExecutor.java:1156)
06-28 12:56:32.955 25810 28588 E hsik    : 	at java.util.concurrent.ThreadPoolExecutor$Worker.run(ThreadPoolExecutor.java:651)
06-28 12:56:32.955 25810 28588 E hsik    : 	at azhu.run(:com.google.android.gms@252431029@25.24.31 (190400-772615181):8)
06-28 12:56:32.955 25810 28588 E hsik    : 	at java.lang.Thread.run(Thread.java:1119)
06-28 12:56:33.020   740   740 E audit   : type=1400 audit(1751126193.019:16052): avc:  denied  { write } for  pid=30244 comm="ThreadPoolForeg" name="traced_producer" dev="tmpfs" ino=23157 scontext=u:r:gmscore_app:s0:c512,c768 tcontext=u:object_r:traced_producer_socket:s0 tclass=sock_file permissive=0 SEPF_SM-A315G_12_0001 audit_filtered
06-28 12:56:33.021   740   740 E audit   : type=1300 audit(1751126193.019:16052): arch=c00000b7 syscall=203 success=no exit=-13 a0=6 a1=b400007ac8393f60 a2=1e a3=ffffffff97a0afcd items=0 ppid=760 pid=30244 auid=4294967295 uid=10216 gid=10216 euid=10216 suid=10216 fsuid=10216 egid=10216 sgid=10216 fsgid=10216 tty=(none) ses=4294967295 comm="ThreadPoolForeg" exe="/system/bin/app_process64" subj=u:r:gmscore_app:s0:c512,c768 key=(null)
06-28 12:56:33.021   740   740 E audit   : type=1327 audit(1751126193.019:16052): proctitle="com.google.android.gms.unstable"
06-28 12:56:34.135  1391  1455 E Watchdog: !@Sync: 1641 heap: 128 / 137 [2025-06-28 12:56:34.135] sdogWay: softdog FD: 993
06-28 12:56:36.499  1823  1823 E KeyguardUpdateMonitor: handleStartedWakingUp start 1
06-28 12:56:36.505  1209 30082 E (FPLOG) : 2.0.36.0 DeviceSetClock 1
06-28 12:56:36.510  1391  1469 E system_server: Cannot read thread CPU times for PID 1391
06-28 12:56:36.518  1823  1823 E KeyguardUpdateMonitor: handleStartedWakingUp end
06-28 12:56:36.520  1209 30082 E TLC_BAUTH: Trustlet did not send a valid return code : 21
06-28 12:56:36.520  1209 30082 E bauth_FPBAuthService: adlg 76 failed 21
06-28 12:56:36.560   836   896 E BufferQueueDebug: [FP Maskview$_24373#0](this:0xb40000793e54c948,id:-1,api:0,p:-1,c:-1) id info cannot be read from 'FP Maskview$_24373#0'
06-28 12:56:36.576  1811  2368 E BtGatt.GattService: [GSIM LOG]: gsimLogHandler, msg: MESSAGE_SCAN_START, appName: com.google.uid.shared, scannerId: 7, reportDelayMillis=0
06-28 12:56:36.665  1391  1391 E DEVROOT#CIF:  VFI_processPdpCmd start
06-28 12:56:36.666  1209 30551 E bauth_FPBAuthServiceStorage: cfds 4096 30
06-28 12:56:36.669   799   814 E DEVROOT#VND:  communicate start cmd:0xCF40, length:64
06-28 12:56:36.669   799   814 E DEVROOT#VND:  cmd [CF40] start...
06-28 12:56:36.669   799   814 E DEVROOT#VND:  SecnvmPowerOn isn't supported.
06-28 12:56:36.669   799   814 E DEVROOT#VND:  cmd [CF40] end...[-16777217]
06-28 12:56:36.670  1391  1706 E BiometricScheduler/Face10: Unable to cancel authentication, null operation
06-28 12:56:36.675   799   814 E DEVROOT#VND:  communicate end -16777217 / length : 0
06-28 12:56:36.675  1391  1391 E DEVROOT#CIF:  Response buffer size is 0
06-28 12:56:36.675  1391  1391 E DEVROOT#CIF:  process_cmd was failed. (-16777217)
06-28 12:56:36.675  1391  1391 E DEVROOT#CIF:  VFI_processPdpCmd end (-16777217)
06-28 12:56:36.696   793   820 E mtkpower@impl: [setMode] unknown type
06-28 12:56:36.702  1391  1608 E MotionRecognitionService:  handler : SCREEN_ON end
06-28 12:56:36.706  1391  1391 E PocketModeEvent: ACTION_SCREEN_ON(by 1)
06-28 12:56:36.709  1391  1613 E PocketModeEvent: MSG_TYPE_START_SENSING
06-28 12:56:36.747  1200  3862 E sec_fr_FaceVendorTag: getData id(1)
06-28 12:56:36.747  1200  3862 E sec_fr_FaceVendorTag: getData id(1)(1)
06-28 12:56:36.749   836  1614 E BufferQueueDebug: [com.samsung.android.app.cocktailbarservice/com.samsung.android.app.cocktailbarservice.CocktailBarService$_14564#0](this:0xb40000793462c948,id:-1,api:0,p:-1,c:-1) id info cannot be read from 'com.samsung.android.app.cocktailbarservice/com.samsung.android.app.cocktailbarservice.CocktailBarService$_14564#0'
06-28 12:56:36.752   790   790 E HYPER-HAL: [SysfsControlManager.cpp]writeSysfs(): Couldn't Open Sysfs - /sys/devices/system/sec_os_ctrl/migrate_os
06-28 12:56:36.773 24373 24373 E ThemeUtils: View class com.airbnb.lottie.LottieAnimationView is an AppCompat widget that can only be used with a Theme.AppCompat theme (or descendant).
06-28 12:56:36.775  1209 30551 E (FPLOG) : 2.0.36.0 DeviceSetClock 0
06-28 12:56:36.805   788   851 E SensorsHub: AccSensor : Meta event
06-28 12:56:36.818   836  1614 E BufferQueueDebug: [SurfaceView - FP Maskview@d021f2f@0(BLAST)#0](this:0xb4000079346fd948,id:-1,api:0,p:-1,c:-1) id info cannot be read from 'SurfaceView - FP Maskview@d021f2f@0(BLAST)#0'
06-28 12:56:36.818  1200  3860 E sec_fr_NativeFaceService: wait callback state(1)
06-28 12:56:36.888  1811  2562 E BtGatt.ContextMap: remove() - removed: 5
06-28 12:56:36.891  1811  2368 E BtGatt.GattService: [GSIM LOG]: gsimLogHandler, msg: MESSAGE_SCAN_STOP, appName: android.uid.system, scannerId: 5, reportDelayMillis=0
06-28 12:56:36.899   795   795 E mtkcam-devicemgr: [getDeviceName] deviceId 3  name device@3.6/legacy/3 (getDeviceName){#506:vendor/mediatek/proprietary/hardware/mtkcam3/main/hal/devicemgr/base/CameraDeviceManagerBase_utils.cpp}
06-28 12:56:36.904   795   795 E mtkcam-devicemgr: [getDeviceName] deviceId 3  name device@3.6/legacy/3 (getDeviceName){#506:vendor/mediatek/proprietary/hardware/mtkcam3/main/hal/devicemgr/base/CameraDeviceManagerBase_utils.cpp}
06-28 12:56:36.913   795   795 E mtkcam-devicemgr: [getDeviceName] deviceId 3  name device@3.6/legacy/3 (getDeviceName){#506:vendor/mediatek/proprietary/hardware/mtkcam3/main/hal/devicemgr/base/CameraDeviceManagerBase_utils.cpp}
06-28 12:56:36.932  1391  1648 E WifiVendorHal: getWifiLinkLayerStats_1_5_Internal(l.1191) failed {.code = ERROR_NOT_SUPPORTED, .description = }
06-28 12:56:36.935  1391  1648 E WifiVendorHal: getWifiLinkLayerStats_1_5_Internal(l.1191) failed {.code = ERROR_NOT_SUPPORTED, .description = }
06-28 12:56:36.984  1391  2092 E SLocation: SPManager - response is null!
06-28 12:56:37.036  1823  1823 E MODManager: hideSubUIChargingInfo skip because mAODChargingInfoSubUiPresenter is null
06-28 12:56:37.041  2720  2762 E RequestManager_FLP: [LocationManager] Location request 0A271514(Listener) network interval=0ms (min=0ms) from system(slocation) (1000_FINE_fg_true_foreground)
06-28 12:56:37.044   795 30576 E SeninfDrvImp: [sendCommand]Err(  500):mpSeninfHwRegAddr = NULL, seninf has been uninit, stop dump to avoid NE
06-28 12:56:37.044   795 30576 E Drv/HWsync: Drv/HWsync[vendor/mediatek/proprietary/hardware/mtkcam/drv/src/sensor/mt6768/../common/v1/hwsync_drv.cpp, init, line0219] ERROR: enable N3D reg fail (init){#219:vendor/mediatek/proprietary/hardware/mtkcam/drv/src/sensor/mt6768/../common/v1/hwsync_drv.cpp}
06-28 12:56:37.059  1811  2368 E BtGatt.GattService: [GSIM LOG]: gsimLogHandler, msg: MESSAGE_SCAN_START, appName: com.samsung.android.mcfserver, scannerId: 5, reportDelayMillis=0
06-28 12:56:37.102   795 30575 E StrobeDrvFlashlight: getMaxDuty(): failed. (getMaxDuty){#266:vendor/mediatek/proprietary/hardware/mtkcam/aaa/source/isp_40/../common/strobe/strobe_drv_flashlight.cpp}
06-28 12:56:37.106  1078  1256 E Camera2-FrameProcessorBase: FrameProcessorBase: created
06-28 12:56:37.106  1078  1256 E Camera2-FrameProcessorBase: registerListener: Registering listener for frame id range 0 - 2147483647
06-28 12:56:37.112  1391  4122 E CameraService_proxy: Top task with package name: vendor.client.pid<1200> not found!
06-28 12:56:37.118   795 30575 E paramctrl_lifetime: open /proc/driver/thermal/clNR_status failed, disable NR cooler
06-28 12:56:37.118   795 30575 E paramctrl_lifetime:  (Paramctrl){#261:vendor/mediatek/proprietary/hardware/mtkcam/aaa/source/isp_40/isp_tuning/paramctrl/paramctrl_lifetime.cpp}
06-28 12:56:37.127 25810 28588 E ROM_BackupSyncApiHelper: Failed to get backup and sync suggestion. [CONTEXT service_id=135 ]
06-28 12:56:37.145   788   851 E SensorsHub: AccSensor : Meta event
06-28 12:56:37.257  1811  4052 E BtGatt.ContextMap: remove() - removed: 6
06-28 12:56:37.260  1811  2368 E BtGatt.GattService: [GSIM LOG]: gsimLogHandler, msg: MESSAGE_SCAN_STOP, appName: android.uid.mdxkit, scannerId: 6, reportDelayMillis=0
06-28 12:56:37.278  1811  4052 E BluetoothUtils: Permission denial: Need ACCESS_FINE_LOCATION permission to get scan results
06-28 12:56:37.288  1811  2368 E BtGatt.GattService: [GSIM LOG]: gsimLogHandler, msg: MESSAGE_SCAN_START, appName: android.uid.bcmgr, scannerId: 8, reportDelayMillis=0
06-28 12:56:37.290   795 29223 E NormalPipe: [query] unsupport cmd(0x10000)
06-28 12:56:37.290   795 29223 E NormalPipe:  (query){#659:vendor/mediatek/proprietary/hardware/mtkcam/drv/src/isp/mt6768/iopipe/CamIO/NormalPipeModule.cpp}
06-28 12:56:37.290   795 29223 E MtkCam/HwInfoHelper: [getSecureSensorModeSupported] query ENPipeQueryCmd_SEC_CAP failed (getSecureSensorModeSupported){#2348:vendor/mediatek/proprietary/hardware/mtkcam/utils/hw/HwInfoHelper.cpp}
06-28 12:56:37.293   795 29223 E NormalPipe: [query] unsupport cmd(0x4000)
06-28 12:56:37.293   795 29223 E NormalPipe:  (query){#659:vendor/mediatek/proprietary/hardware/mtkcam/drv/src/isp/mt6768/iopipe/CamIO/NormalPipeModule.cpp}
06-28 12:56:37.296  3708 29672 E LoadedApk: Exception : java.lang.NullPointerException: Attempt to invoke virtual method 'boolean android.os.Looper.isPerfLogEnable()' on a null object reference
06-28 12:56:37.305   795 29223 E cam_capibitiliy: cam_capibitiliy[GetFormat]ERR(  238):current portID(0x3a) are not supported in query
06-28 12:56:37.307   795 29223 E cam_capi: cam_capi[GetCapibility]ERR(  309):user:NormalPipe query fail(module:0)
06-28 12:56:37.307   795 29223 E NormalPipe: [query] some query op fail
06-28 12:56:37.307   795 29223 E NormalPipe:  (query){#279:vendor/mediatek/proprietary/hardware/mtkcam/drv/src/isp/mt6768/iopipe/CamIO/NormalPipeModule.cpp}
06-28 12:56:37.324   795 29223 E BWC     : MTK_IOC_SMI_BWC_INFO_GET failed.:Inappropriate ioctl for device
06-28 12:56:37.326   795 29223 E BWC     : MTK_IOC_SMI_BWC_INFO_SET failed.:Inappropriate ioctl for device
06-28 12:56:37.334   795 29223 E BWC     : MTK_IOC_MMDVFS_CMD failed.:Inappropriate ioctl for device
06-28 12:56:37.357  1391  1435 E AppOps  : evalMode() Foreground mode : uid - 10248, op - 1, capability - 0
06-28 12:56:37.358  1811  4052 E BluetoothUtils: Permission denial: Need ACCESS_FINE_LOCATION permission to get scan results
06-28 12:56:37.363  1811  2368 E BtGatt.GattService: [GSIM LOG]: gsimLogHandler, msg: MESSAGE_SCAN_START, appName: com.samsung.android.oneconnect, scannerId: 6, reportDelayMillis=0
06-28 12:56:37.376  1811  2368 E BtGatt.GattService: [GSIM LOG]: gsimLogHandler, msg: MESSAGE_SCAN_START, appName: android.uid.mdxkit, scannerId: 9, reportDelayMillis=0
06-28 12:56:37.383  3708 29236 E LoadedApk: Exception : java.lang.NullPointerException: Attempt to invoke virtual method 'boolean android.os.Looper.isPerfLogEnable()' on a null object reference
06-28 12:56:37.403  3708 29236 E LoadedApk: Exception : java.lang.NullPointerException: Attempt to invoke virtual method 'boolean android.os.Looper.isPerfLogEnable()' on a null object reference
06-28 12:56:37.419  1391  2745 E SemWifiApSmartBleScanner: mGuidScanFilterBluetoothLeScanFilter [mDeviceName=null, mDeviceAddress=null, mUuid=null, mUuidMask=null, mServiceSolicitationUuid=null, mServiceSolicitationUuidMask=null, mServiceDataUuid=null, mServiceData=null, mServiceDataMask=null, mManufacturerId=117, mManufacturerData=[1, 18, 86, -71, -84, -124, 0, 0, 0, 0, 4, 0, 0, 0, 0, 0, 0, 0, 0, 0, 0, 0, 0, 0], mManufacturerDataMask=[0, -1, -1, -1, -1, -1, 0, 0, 0, 0, 0, 0, 0, 0, 0, 0, 0, 0, 0, 0, 0, 0, 0, 0]]
06-28 12:56:37.420  1391  1729 E SemWifiVendorHal: getWifiLinkLayerStats_1_5_Internal(l.456) failed {.code = ERROR_NOT_SUPPORTED, .description = }
06-28 12:56:37.453  1811  2368 E BtGatt.GattService: [GSIM LOG]: gsimLogHandler, msg: MESSAGE_SCAN_START, appName: android.uid.system, scannerId: 10, reportDelayMillis=0
06-28 12:56:37.505   815   815 E AudioEffectStageHandle: command DEAD_OBJECT
06-28 12:56:37.753  1823  1823 E KeyguardFingerPrintSwipe: mLongPressCallback canceled. Touch position is FP-InDisplay area!
06-28 12:56:37.771  2163  2291 E PaniGenerator: network is unknown.
06-28 12:56:37.782  1209 30551 E (FPLOG) : 2.0.36.0 DeviceSetClock 1
06-28 12:56:37.792  1391  4122 E SensorService: BigData:Pakage) 5 already enabled. 
06-28 12:56:37.804  2163  2291 E CmcServiceHelper: disallow Call Service
06-28 12:56:37.804  2163  2291 E CmcServiceHelper: disallow Call Service
06-28 12:56:37.805  2163  2291 E CapabilityUtil<0>: checkModuleReady: config is null
06-28 12:56:37.805  2163  2291 E CapabilityUtil<0>: checkModuleReady: config is null
06-28 12:56:37.847  2163  2291 E #IMSCR  : 06-28 12:56:37 0x1101000B:0,FILTERED ALL:11
06-28 12:56:37.896  2163  2291 E PaniGenerator: network is unknown.
06-28 12:56:37.904   836  1614 E BufferQueueDebug: [FP VI$_24373#0](this:0xb400007934700948,id:-1,api:0,p:-1,c:-1) id info cannot be read from 'FP VI$_24373#0'
06-28 12:56:37.934  2163  2291 E CmcServiceHelper: disallow Call Service
06-28 12:56:37.934  2163  2291 E CmcServiceHelper: disallow Call Service
06-28 12:56:37.937  2163  2291 E CapabilityUtil<0>: checkModuleReady: config is null
06-28 12:56:37.937  2163  2291 E CapabilityUtil<0>: checkModuleReady: config is null
06-28 12:56:37.955  2163  2291 E #IMSCR  : 06-28 12:56:37 0x1101000B:0,FILTERED ALL:11
06-28 12:56:38.419 24373 24373 E BufferQueueProducer: [SurfaceView - FP Maskview@d021f2f@0#2(BLAST Consumer)2](id:5f3500000002,api:0,p:-1,c:24373) disconnect: not connected (req=2)
06-28 12:56:38.519  1391  1706 E SensorService: BigData:Pakage) 5 already disabled. 
06-28 12:56:38.519  1391  1648 E WifiVendorHal: getWifiLinkLayerStats_1_5_Internal(l.1191) failed {.code = ERROR_NOT_SUPPORTED, .description = }
06-28 12:56:38.528  1391  1729 E SemWifiVendorHal: getWifiLinkLayerStats_1_5_Internal(l.456) failed {.code = ERROR_NOT_SUPPORTED, .description = }
06-28 12:56:38.535  1391  1704 E Fingerprint21: onAcquired for non-acquisition client: null
06-28 12:56:38.537  1209 30551 E TLC_BAUTH: Trustlet did not send a valid return code : 21
06-28 12:56:38.537  1209 30551 E bauth_FPBAuthService: adlg 76 failed 21
06-28 12:56:38.537  1823  1823 E KeyguardViewMediator: mHideAnimationFinishedRunnable#run
06-28 12:56:38.582 25810 28588 E ROM_BackupSyncApiHelper: Failed to get backup and sync suggestion. [CONTEXT service_id=135 ]
06-28 12:56:38.617  2163  2291 E PaniGenerator: network is unknown.
06-28 12:56:38.620   795 30620 E cam_capibitiliy: cam_capibitiliy[GetCapibility]ERR(  145):some query cmd(0x20000) is not supported. valid cmd(0x7300327f)
06-28 12:56:38.620   795 30620 E cam_capi: cam_capi[GetCapibility]ERR(  309):user:NormalPipe query fail(module:0)
06-28 12:56:38.620   795 30620 E NormalPipe: [query] some query op fail
06-28 12:56:38.620   795 30620 E NormalPipe:  (query){#279:vendor/mediatek/proprietary/hardware/mtkcam/drv/src/isp/mt6768/iopipe/CamIO/NormalPipeModule.cpp}
06-28 12:56:38.631  1200 30560 E sec_fr_FaceCameraClient: [0] state is not matched (256)(132)
06-28 12:56:38.631  1078  8914 E CameraDeviceClient: Disconnect from CameraDeviceClient
06-28 12:56:38.634  2163  2291 E CmcServiceHelper: disallow Call Service
06-28 12:56:38.634  2163  2291 E CmcServiceHelper: disallow Call Service
06-28 12:56:38.634  1078  8914 E camera_metadata: validate_camera_metadata_structure: metadata is null!
06-28 12:56:38.635  2163  2291 E CapabilityUtil<0>: checkModuleReady: config is null
06-28 12:56:38.635  2163  2291 E CapabilityUtil<0>: checkModuleReady: config is null
06-28 12:56:38.636  1078  8914 E Camera2-Metadata: acquire: Failed to validate metadata structure 0x0
06-28 12:56:38.639  1078  8914 E camera_metadata: validate_camera_metadata_structure: metadata is null!
06-28 12:56:38.639  1078  8914 E Camera2-Metadata: acquire: Failed to validate metadata structure 0x0
06-28 12:56:38.639  1078  8914 E Camera2-FrameProcessorBase: removeListener: 
06-28 12:56:38.652  2163  2291 E #IMSCR  : 06-28 12:56:38 0x1101000B:0,FILTERED ALL:11
06-28 12:56:38.666   836  1614 E BufferQueueDebug: [SnapshotStartingWindow for taskId=18$_1823#0](this:0xb400007934703948,id:-1,api:0,p:-1,c:-1) id info cannot be read from 'SnapshotStartingWindow for taskId=18$_1823#0'
06-28 12:56:38.671   795 30622 E MtkCam/StreamingPipe/DcesoHal: [init]missing isp buffer info (init){#72:vendor/mediatek/proprietary/hardware/mtkcam3/feature/core/featurePipe/streaming/DcesoHal.cpp}
06-28 12:56:38.682  1391  1624 E SensorService: BigData:Pakage) 4 already enabled. 
06-28 12:56:38.682  2393  2393 E KNOXCORE::CACHE: clr value {old=1 new:1
06-28 12:56:38.815  1209  1726 E (FPLOG) : 2.0.36.0 DeviceSetClock 0
06-28 12:56:38.845   795 30644 E af_mgr_v3: WAR-ROI : [X]1063 [Y]739 [W]466 [H]466 -> [X]1063 [Y]739 [W]466 [H]466, [XNUM] 24->0, [YNUM] 24->0 (ConfigHWReg){#6060:vendor/mediatek/proprietary/hardware/mtkcam/aaa/source/isp_40/./af_mgr/af_mgr.cpp}
06-28 12:56:38.855   779   982 E PQ      : [PQ][PQSessionManager] PQSessionManager::getPQSession m_PQSupport == 0
06-28 12:56:38.891   836  1614 E BufferQueueDebug: [com.example.gestaobilhares/com.example.gestaobilhares.MainActivity$_15686#0](this:0xb40000793470d948,id:-1,api:0,p:-1,c:-1) id info cannot be read from 'com.example.gestaobilhares/com.example.gestaobilhares.MainActivity$_15686#0'
06-28 12:56:38.896   795 29223 E IspDrv_CAM: IspDrv_CAM[vendor/mediatek/proprietary/hardware/mtkcam/drv/src/isp/mt6768/isp/isp_drv_cam.cpp, setDeviceInfo, line1327] ERROR: [0x0][0_0]:_set_ion_handle error, memID(0)
06-28 12:56:38.896   795 29223 E IspDrv_CAM:  (setDeviceInfo){#1327:vendor/mediatek/proprietary/hardware/mtkcam/drv/src/isp/mt6768/isp/isp_drv_cam.cpp}
06-28 12:56:38.898   795 29223 E IspDrv_CAM: IspDrv_CAM[vendor/mediatek/proprietary/hardware/mtkcam/drv/src/isp/mt6768/isp/isp_drv_cam.cpp, setDeviceInfo, line1327] ERROR: [0x0][0_0]:_set_ion_handle error, memID(0)
06-28 12:56:38.898   795 29223 E IspDrv_CAM:  (setDeviceInfo){#1327:vendor/mediatek/proprietary/hardware/mtkcam/drv/src/isp/mt6768/isp/isp_drv_cam.cpp}
06-28 12:56:38.921   779   982 E PQ      : [PQ][PQSessionManager] PQSessionManager::getPQSession m_PQSupport == 0
06-28 12:56:38.928 25810 28588 E hsik    : *~*~*~ Previous channel {0} was garbage collected without being shut down! ~*~*~*
06-28 12:56:38.928 25810 28588 E hsik    :     Make sure to call shutdown()/shutdownNow()
06-28 12:56:38.928 25810 28588 E hsik    : java.lang.RuntimeException: ManagedChannel allocation site
06-28 12:56:38.928 25810 28588 E hsik    : 	at hsij.<init>(:com.google.android.gms@252431029@25.24.31 (190400-772615181):21)
06-28 12:56:38.928 25810 28588 E hsik    : 	at hsik.<init>(:com.google.android.gms@252431029@25.24.31 (190400-772615181):10)
06-28 12:56:38.928 25810 28588 E hsik    : 	at hsii.a(:com.google.android.gms@252431029@25.24.31 (190400-772615181):250)
06-28 12:56:38.928 25810 28588 E hsik    : 	at hrtj.a(:com.google.android.gms@252431029@25.24.31 (190400-772615181):5)
06-28 12:56:38.928 25810 28588 E hsik    : 	at aywe.a(:com.google.android.gms@252431029@25.24.31 (190400-772615181):70)
06-28 12:56:38.928 25810 28588 E hsik    : 	at ayvv.u(:com.google.android.gms@252431029@25.24.31 (190400-772615181):119)
06-28 12:56:38.928 25810 28588 E hsik    : 	at ayvv.f(:com.google.android.gms@252431029@25.24.31 (190400-772615181):5)
06-28 12:56:38.928 25810 28588 E hsik    : 	at edvt.a(:com.google.android.gms@252431029@25.24.31 (190400-772615181):992)
06-28 12:56:38.928 25810 28588 E hsik    : 	at fdtp.a(:com.google.android.gms@252431029@25.24.31 (190400-772615181):158)
06-28 12:56:38.928 25810 28588 E hsik    : 	at fwct.a(:com.google.android.gms@252431029@25.24.31 (190400-772615181):13)
06-28 12:56:38.928 25810 28588 E hsik    : 	at gedh.d(:com.google.android.gms@252431029@25.24.31 (190400-772615181):3)
06-28 12:56:38.928 25810 28588 E hsik    : 	at gedj.run(:com.google.android.gms@252431029@25.24.31 (190400-772615181):38)
06-28 12:56:38.928 25810 28588 E hsik    : 	at geev.execute(:com.google.android.gms@252431029@25.24.31 (190400-772615181):1)
06-28 12:56:38.928 25810 28588 E hsik    : 	at gecw.f(:com.google.android.gms@252431029@25.24.31 (190400-772615181):1)
06-28 12:56:38.928 25810 28588 E hsik    : 	at gecw.m(:com.google.android.gms@252431029@25.24.31 (190400-772615181):99)
06-28 12:56:38.928 25810 28588 E hsik    : 	at gecw.q(:com.google.android.gms@252431029@25.24.31 (190400-772615181):13)
06-28 12:56:38.928 25810 28588 E hsik    : 	at gedi.e(:com.google.android.gms@252431029@25.24.31 (190400-772615181):1)
06-28 12:56:38.928 25810 28588 E hsik    : 	at gedj.run(:com.google.android.gms@252431029@25.24.31 (190400-772615181):44)
06-28 12:56:38.928 25810 28588 E hsik    : 	at geev.execute(:com.google.android.gms@252431029@25.24.31 (190400-772615181):1)
06-28 12:56:38.928 25810 28588 E hsik    : 	at gecw.f(:com.google.android.gms@252431029@25.24.31 (190400-772615181):1)
06-28 12:56:38.928 25810 28588 E hsik    : 	at gecw.m(:com.google.android.gms@252431029@25.24.31 (190400-772615181):99)
06-28 12:56:38.928 25810 28588 E hsik    : 	at gecw.q(:com.google.android.gms@252431029@25.24.31 (190400-772615181):13)
06-28 12:56:38.928 25810 28588 E hsik    : 	at gecn.run(:com.google.android.gms@252431029@25.24.31 (190400-772615181):120)
06-28 12:56:38.928 25810 28588 E hsik    : 	at geev.execute(:com.google.android.gms@252431029@25.24.31 (190400-772615181):1)
06-28 12:56:38.928 25810 28588 E hsik    : 	at gecw.f(:com.google.android.gms@252431029@25.24.31 (190400-772615181):1)
06-28 12:56:38.928 25810 28588 E hsik    : 	at gecw.m(:com.google.android.gms@252431029@25.24.31 (190400-772615181):99)
06-28 12:56:38.928 25810 28588 E hsik    : 	at gecw.q(:com.google.android.gms@252431029@25.24.31 (190400-772615181):13)
06-28 12:56:38.928 25810 28588 E hsik    : 	at gedi.e(:com.google.android.gms@252431029@25.24.31 (190400-772615181):1)
06-28 12:56:38.928 25810 28588 E hsik    : 	at gedj.run(:com.google.android.gms@252431029@25.24.31 (190400-772615181):44)
06-28 12:56:38.928 25810 28588 E hsik    : 	at geev.execute(:com.google.android.gms@252431029@25.24.31 (190400-772615181):1)
06-28 12:56:38.928 25810 28588 E hsik    : 	at gecw.f(:com.google.android.gms@252431029@25.24.31 (190400-772615181):1)
06-28 12:56:38.928 25810 28588 E hsik    : 	at gecw.m(:com.google.android.gms@252431029@25.24.31 (190400-772615181):99)
06-28 12:56:38.928 25810 28588 E hsik    : 	at gecw.q(:com.google.android.gms@252431029@25.24.31 (190400-772615181):13)
06-28 12:56:38.928 25810 28588 E hsik    : 	at gedi.e(:com.google.android.gms@252431029@25.24.31 (190400-772615181):1)
06-28 12:56:38.928 25810 28588 E hsik    : 	at gedj.run(:com.google.android.gms@252431029@25.24.31 (190400-772615181):44)
06-28 12:56:38.928 25810 28588 E hsik    : 	at geev.execute(:com.google.android.gms@252431029@25.24.31 (190400-772615181):1)
06-28 12:56:38.928 25810 28588 E hsik    : 	at gecw.f(:com.google.android.gms@252431029@25.24.31 (190400-772615181):1)
06-28 12:56:38.928 25810 28588 E hsik    : 	at gecw.m(:com.google.android.gms@252431029@25.24.31 (190400-772615181):99)
06-28 12:56:38.928 25810 28588 E hsik    : 	at gecw.t(:com.google.android.gms@252431029@25.24.31 (190400-772615181):26)
06-28 12:56:38.928 25810 28588 E hsik    : 	at gefs.run(:com.google.android.gms@252431029@25.24.31 (190400-772615181):5)
06-28 12:56:38.928 25810 28588 E hsik    : 	at geev.execute(:com.google.android.gms@252431029@25.24.31 (190400-772615181):1)
06-28 12:56:38.928 25810 28588 E hsik    : 	at gecw.f(:com.google.android.gms@252431029@25.24.31 (190400-772615181):1)
06-28 12:56:38.928 25810 28588 E hsik    : 	at gecw.m(:com.google.android.gms@252431029@25.24.31 (190400-772615181):99)
06-28 12:56:38.928 25810 28588 E hsik    : 	at gecw.t(:com.google.android.gms@252431029@25.24.31 (190400-772615181):26)
06-28 12:56:38.928 25810 28588 E hsik    : 	at gefs.run(:com.google.android.gms@252431029@25.24.31 (190400-772615181):5)
06-28 12:56:38.928 25810 28588 E hsik    : 	at geev.execute(:com.google.android.gms@252431029@25.24.31 (190400-772615181):1)
06-28 12:56:38.928 25810 28588 E hsik    : 	at gecw.f(:com.google.android.gms@252431029@25.24.31 (190400-772615181):1)
06-28 12:56:38.928 25810 28588 E hsik    : 	at gecw.m(:com.google.android.gms@252431029@25.24.31 (190400-772615181):99)
06-28 12:56:38.928 25810 28588 E hsik    : 	at gecw.q(:com.google.android.gms@252431029@25.24.31 (190400-772615181):13)
06-28 12:56:38.928 25810 28588 E hsik    : 	at gees.c(:com.google.android.gms@252431029@25.24.31 (190400-772615181):3)
06-28 12:56:38.928 25810 28588 E hsik    : 	at geet.e(:com.google.android.gms@252431029@25.24.31 (190400-772615181):6)
06-28 12:56:38.928 25810 28588 E hsik    : 	at gegh.run(:com.google.android.gms@252431029@25.24.31 (190400-772615181):73)
06-28 12:56:38.928 25810 28588 E hsik    : 	at geev.execute(:com.google.android.gms@252431029@25.24.31 (190400-772615181):1)
06-28 12:56:38.928 25810 28588 E hsik    : 	at geet.f(:com.google.android.gms@252431029@25.24.31 (190400-772615181):3)
06-28 12:56:38.928 25810 28588 E hsik    : 	at geeu.g(:com.google.android.gms@252431029@25.24.31 (190400-772615181):5)
06-28 12:56:38.928 25810 28588 E hsik    : 	at gedn.f(:com.google.android.gms@252431029@25.24.31 (190400-772615181):53)
06-28 12:56:38.928 25810 28588 E hsik    : 	at gedl.run(:com.google.android.gms@252431029@25.24.31 (190400-772615181):5)
06-28 12:56:38.928 25810 28588 E hsik    : 	at geev.execute(:com.google.android.gms@252431029@25.24.31 (190400-772615181):1)
06-28 12:56:38.928 25810 28588 E hsik    : 	at gecw.f(:com.google.android.gms@252431029@25.24.31 (190400-772615181):1)
06-28 12:56:38.928 25810 28588 E hsik    : 	at gecw.m(:com.google.android.gms@252431029@25.24.31 (190400-772615181):99)
06-28 12:56:38.928 25810 28588 E hsik    : 	at gecw.t(:com.google.android.gms@252431029@25.24.31 (190400-772615181):26)
06-28 12:56:38.928 25810 28588 E hsik    : 	at gedh.e(:com.google.android.gms@252431029@25.24.31 (190400-772615181):3)
06-28 12:56:38.928 25810 28588 E hsik    : 	at gedj.run(:com.google.android.gms@252431029@25.24.31 (190400-772615181):44)
06-28 12:56:38.928 25810 28588 E hsik    : 	at azcf.c(:com.google.android.gms@252431029@25.24.31 (190400-772615181):50)
06-28 12:56:38.928 25810 28588 E hsik    : 	at azcf.run(:com.google.android.gms@252431029@25.24.31 (190400-772615181):70)
06-28 12:56:38.928 25810 28588 E hsik    : 	at java.util.concurrent.ThreadPoolExecutor.runWorker(ThreadPoolExecutor.java:1156)
06-28 12:56:38.928 25810 28588 E hsik    : 	at java.util.concurrent.ThreadPoolExecutor$Worker.run(ThreadPoolExecutor.java:651)
06-28 12:56:38.928 25810 28588 E hsik    : 	at azhu.run(:com.google.android.gms@252431029@25.24.31 (190400-772615181):8)
06-28 12:56:38.928 25810 28588 E hsik    : 	at java.lang.Thread.run(Thread.java:1119)
06-28 12:56:38.942   779   982 E PQ      : [PQ][PQSessionManager] PQSessionManager::getPQSession m_PQSupport == 0
06-28 12:56:38.958   779   982 E PQ      : [PQ][PQSessionManager] PQSessionManager::getPQSession m_PQSupport == 0
06-28 12:56:38.966   779   982 E PQ      : [PQ][PQSessionManager] PQSessionManager::getPQSession m_PQSupport == 0
06-28 12:56:38.971  1391  3809 E OpenGLRenderer: Device claims wide gamut support, cannot find matching config, error = EGL_SUCCESS
06-28 12:56:38.978   779   982 E PQ      : [PQ][PQSessionManager] PQSessionManager::getPQSession m_PQSupport == 0
06-28 12:56:38.999   779   982 E PQ      : [PQ][PQSessionManager] PQSessionManager::getPQSession m_PQSupport == 0
06-28 12:56:39.015   779   982 E PQ      : [PQ][PQSessionManager] PQSessionManager::getPQSession m_PQSupport == 0
06-28 12:56:39.028   779   982 E PQ      : [PQ][PQSessionManager] PQSessionManager::getPQSession m_PQSupport == 0
06-28 12:56:39.045   779   982 E PQ      : [PQ][PQSessionManager] PQSessionManager::getPQSession m_PQSupport == 0
06-28 12:56:39.047   795 30578 E StrobeDrvFlashlight: setOnOff(): failed to ioctl. (setOnOff){#521:vendor/mediatek/proprietary/hardware/mtkcam/aaa/source/isp_40/../common/strobe/strobe_drv_flashlight.cpp}
06-28 12:56:39.061   779   982 E PQ      : [PQ][PQSessionManager] PQSessionManager::getPQSession m_PQSupport == 0
06-28 12:56:39.071   795 29223 E BWC     : MTK_IOC_SMI_BWC_INFO_GET failed.:Inappropriate ioctl for device
06-28 12:56:39.074   795 29223 E BWC     : MTK_IOC_SMI_BWC_INFO_SET failed.:Inappropriate ioctl for device
06-28 12:56:39.077   779   982 E PQ      : [PQ][PQSessionManager] PQSessionManager::getPQSession m_PQSupport == 0
06-28 12:56:39.095   779   982 E PQ      : [PQ][PQSessionManager] PQSessionManager::getPQSession m_PQSupport == 0
06-28 12:56:39.097  1391  1624 E SensorService: BigData:Pakage) 4 already enabled. 
06-28 12:56:39.118  2720  2762 E RequestManager_FLP: [LocationManager] Location remove 0A271514 from system
06-28 12:56:39.123  2163  2291 E PaniGenerator: network is unknown.
06-28 12:56:39.124   779   982 E PQ      : [PQ][PQSessionManager] PQSessionManager::getPQSession m_PQSupport == 0
06-28 12:56:39.143   779   982 E PQ      : [PQ][PQSessionManager] PQSessionManager::getPQSession m_PQSupport == 0
06-28 12:56:39.143  2163  2291 E CmcServiceHelper: disallow Call Service
06-28 12:56:39.143  2163  2291 E CmcServiceHelper: disallow Call Service
06-28 12:56:39.143  2163  2291 E CapabilityUtil<0>: checkModuleReady: config is null
06-28 12:56:39.143  2163  2291 E CapabilityUtil<0>: checkModuleReady: config is null
06-28 12:56:39.156   779   982 E PQ      : [PQ][PQSessionManager] PQSessionManager::getPQSession m_PQSupport == 0
06-28 12:56:39.160  2163  2291 E #IMSCR  : 06-28 12:56:39 0x1101000B:0,FILTERED ALL:11
06-28 12:56:39.167   779   982 E PQ      : [PQ][PQSessionManager] PQSessionManager::getPQSession m_PQSupport == 0
06-28 12:56:39.172   795 29223 E StrobeDrvFlashlight: setOnOff(): failed to ioctl. (setOnOff){#521:vendor/mediatek/proprietary/hardware/mtkcam/aaa/source/isp_40/../common/strobe/strobe_drv_flashlight.cpp}
06-28 12:56:39.183   779   982 E PQ      : [PQ][PQSessionManager] PQSessionManager::getPQSession m_PQSupport == 0
06-28 12:56:39.200   779   982 E PQ      : [PQ][PQSessionManager] PQSessionManager::getPQSession m_PQSupport == 0
06-28 12:56:39.220   779   982 E PQ      : [PQ][PQSessionManager] PQSessionManager::getPQSession m_PQSupport == 0
06-28 12:56:39.233   779   982 E PQ      : [PQ][PQSessionManager] PQSessionManager::getPQSession m_PQSupport == 0
06-28 12:56:39.250   779   982 E PQ      : [PQ][PQSessionManager] PQSessionManager::getPQSession m_PQSupport == 0
06-28 12:56:39.267   779   982 E PQ      : [PQ][PQSessionManager] PQSessionManager::getPQSession m_PQSupport == 0
06-28 12:56:39.281   779   982 E PQ      : [PQ][PQSessionManager] PQSessionManager::getPQSession m_PQSupport == 0
06-28 12:56:39.301   779   982 E PQ      : [PQ][PQSessionManager] PQSessionManager::getPQSession m_PQSupport == 0
06-28 12:56:39.319   779   982 E PQ      : [PQ][PQSessionManager] PQSessionManager::getPQSession m_PQSupport == 0
06-28 12:56:39.337   779   982 E PQ      : [PQ][PQSessionManager] PQSessionManager::getPQSession m_PQSupport == 0
06-28 12:56:39.425  1391  1729 E SemWifiVendorHal: getWifiLinkLayerStats_1_5_Internal(l.456) failed {.code = ERROR_NOT_SUPPORTED, .description = }
06-28 12:56:39.446 15686 15686 E RecyclerView: No layout manager attached; skipping layout
06-28 12:56:39.700  1391  1608 E MotionRecognitionService:   mReceiver.onReceive : ACTION_USER_PRESENT  :: UNLOCK SCREEN
06-28 12:56:39.703  1391  1608 E MotionRecognitionService:   mReceiver.onReceive : ACTION_USER_PRESENT  :: UNLOCK SCREEN
06-28 12:56:39.761  2163  2291 E PaniGenerator: network is unknown.
06-28 12:56:39.823  1391  1453 E WindowManager: win=Window{7d01f62 u0 SnapshotStartingWindow for taskId=18 EXITING} destroySurfaces: appStopped=false win.mWindowRemovalAllowed=true win.mRemoveOnExit=true win.mViewVisibility=0 caller=com.android.server.wm.ActivityRecord.destroySurfaces:5873 com.android.server.wm.ActivityRecord.destroySurfaces:5854 com.android.server.wm.WindowState.onExitAnimationDone:5983 com.android.server.wm.WindowStateAnimator.onAnimationFinished:242 com.android.server.wm.WindowState.onAnimationFinished:6236 com.android.server.wm.WindowContainer$$ExternalSyntheticLambda0.onAnimationFinished:2 com.android.server.wm.SurfaceAnimator.lambda$getFinishedCallback$0$SurfaceAnimator:113 
06-28 12:56:39.848  2163  2291 E CmcServiceHelper: disallow Call Service
06-28 12:56:39.848  2163  2291 E CmcServiceHelper: disallow Call Service
06-28 12:56:39.849  2163  2291 E CapabilityUtil<0>: checkModuleReady: config is null
06-28 12:56:39.849  2163  2291 E CapabilityUtil<0>: checkModuleReady: config is null
06-28 12:56:39.864  2163  2291 E #IMSCR  : 06-28 12:56:39 0x1101000B:0,FILTERED ALL:11
06-28 12:56:39.907  2163  2291 E PaniGenerator: network is unknown.
06-28 12:56:39.931  2163  2291 E CmcServiceHelper: disallow Call Service
06-28 12:56:39.931  2163  2291 E CmcServiceHelper: disallow Call Service
06-28 12:56:39.932  2163  2291 E CapabilityUtil<0>: checkModuleReady: config is null
06-28 12:56:39.932  2163  2291 E CapabilityUtil<0>: checkModuleReady: config is null
06-28 12:56:39.953  2163  2291 E #IMSCR  : 06-28 12:56:39 0x1101000B:0,FILTERED ALL:11
06-28 12:56:39.980  1391  1648 E WifiVendorHal: getWifiLinkLayerStats_1_5_Internal(l.1191) failed {.code = ERROR_NOT_SUPPORTED, .description = }
06-28 12:56:40.110 29919 30675 E DymLock|330352|DynamicLockInjector: [class d.g.a.a.d.d.n.v0] is not injectable yet
06-28 12:56:40.124  1811  2368 E BtGatt.GattService: [GSIM LOG]: gsimLogHandler, msg: MESSAGE_SCAN_START, appName: com.google.uid.shared, scannerId: 11, reportDelayMillis=0
06-28 12:56:40.166  1811  2365 E LeLogInfo: invalid scanMode
06-28 12:56:40.167  1811  2368 E BtGatt.GattService: [GSIM LOG]: gsimLogHandler, msg: MESSAGE_SCAN_START, appName: com.google.uid.shared, scannerId: 12, reportDelayMillis=0
06-28 12:56:40.256  1811  2368 E BtGatt.GattService: [GSIM LOG]: gsimLogHandler, msg: MESSAGE_ADV_SET_STOP, appName: com.google.uid.shared, id: 1, isLegacy: true
06-28 12:56:40.289  1811  2368 E BtGatt.GattService: [GSIM LOG]: gsimLogHandler, msg: MESSAGE_ADV_SET_START, appName: com.google.uid.shared, id: 0, isLegacy: true
06-28 12:56:40.324  1811  2368 E BtGatt.GattService: [GSIM LOG]: gsimLogHandler, msg: MESSAGE_ADV_SET_START, appName: com.google.uid.shared, id: 1, isLegacy: true
06-28 12:56:40.438  1391  1729 E SemWifiVendorHal: getWifiLinkLayerStats_1_5_Internal(l.456) failed {.code = ERROR_NOT_SUPPORTED, .description = }
06-28 12:56:40.632  1391  1862 E WindowManager: win=Window{9bd6913 u0 NotificationShade} destroySurfaces: appStopped=true win.mWindowRemovalAllowed=false win.mRemoveOnExit=false win.mViewVisibility=4 caller=com.android.server.wm.WindowManagerService.tryStartExitingAnimation:2951 com.android.server.wm.WindowManagerService.relayoutWindow:2675 com.android.server.wm.Session.relayout:242 android.view.IWindowSession$Stub.onTransact:790 com.android.server.wm.Session.onTransact:176 android.os.Binder.execTransactInternal:1215 android.os.Binder.execTransact:1179 
06-28 12:56:41.027 25810 26721 E DCU_ContactsLogService: Failed to mark incremental upload successful [CONTEXT service_id=135 ]
06-28 12:56:41.027 25810 26721 E DCU_ContactsLogService: java.util.concurrent.ExecutionException: fdwh: sync policy is not enabled
06-28 12:56:41.027 25810 26721 E DCU_ContactsLogService: 	at gecw.j(:com.google.android.gms@252431029@25.24.31 (190400-772615181):44)
06-28 12:56:41.027 25810 26721 E DCU_ContactsLogService: 	at gedf.u(:com.google.android.gms@252431029@25.24.31 (190400-772615181):71)
06-28 12:56:41.027 25810 26721 E DCU_ContactsLogService: 	at com.google.android.gms.romanesco.service.ContactsLoggerUploadService.a(:com.google.android.gms@252431029@25.24.31 (190400-772615181):245)
06-28 12:56:41.027 25810 26721 E DCU_ContactsLogService: 	at chyy.call(:com.google.android.gms@252431029@25.24.31 (190400-772615181):30)
06-28 12:56:41.027 25810 26721 E DCU_ContactsLogService: 	at java.util.concurrent.FutureTask.run(FutureTask.java:317)
06-28 12:56:41.027 25810 26721 E DCU_ContactsLogService: 	at azcf.c(:com.google.android.gms@252431029@25.24.31 (190400-772615181):50)
06-28 12:56:41.027 25810 26721 E DCU_ContactsLogService: 	at azcf.run(:com.google.android.gms@252431029@25.24.31 (190400-772615181):70)
06-28 12:56:41.027 25810 26721 E DCU_ContactsLogService: 	at java.util.concurrent.ThreadPoolExecutor.runWorker(ThreadPoolExecutor.java:1156)
06-28 12:56:41.027 25810 26721 E DCU_ContactsLogService: 	at java.util.concurrent.ThreadPoolExecutor$Worker.run(ThreadPoolExecutor.java:651)
06-28 12:56:41.027 25810 26721 E DCU_ContactsLogService: 	at azhu.run(:com.google.android.gms@252431029@25.24.31 (190400-772615181):8)
06-28 12:56:41.027 25810 26721 E DCU_ContactsLogService: 	at java.lang.Thread.run(Thread.java:1119)
06-28 12:56:41.027 25810 26721 E DCU_ContactsLogService: Caused by: fdwh: sync policy is not enabled
06-28 12:56:41.027 25810 26721 E DCU_ContactsLogService: 	at fdtp.a(:com.google.android.gms@252431029@25.24.31 (190400-772615181):167)
06-28 12:56:41.027 25810 26721 E DCU_ContactsLogService: 	at fwct.a(:com.google.android.gms@252431029@25.24.31 (190400-772615181):13)
06-28 12:56:41.027 25810 26721 E DCU_ContactsLogService: 	at gedh.d(:com.google.android.gms@252431029@25.24.31 (190400-772615181):3)
06-28 12:56:41.027 25810 26721 E DCU_ContactsLogService: 	at gedj.run(:com.google.android.gms@252431029@25.24.31 (190400-772615181):38)
06-28 12:56:41.027 25810 26721 E DCU_ContactsLogService: 	at geev.execute(:com.google.android.gms@252431029@25.24.31 (190400-772615181):1)
06-28 12:56:41.027 25810 26721 E DCU_ContactsLogService: 	at gecw.f(:com.google.android.gms@252431029@25.24.31 (190400-772615181):1)
06-28 12:56:41.027 25810 26721 E DCU_ContactsLogService: 	at gecw.m(:com.google.android.gms@252431029@25.24.31 (190400-772615181):99)
06-28 12:56:41.027 25810 26721 E DCU_ContactsLogService: 	at gecw.q(:com.google.android.gms@252431029@25.24.31 (190400-772615181):13)
06-28 12:56:41.027 25810 26721 E DCU_ContactsLogService: 	at gedi.e(:com.google.android.gms@252431029@25.24.31 (190400-772615181):1)
06-28 12:56:41.027 25810 26721 E DCU_ContactsLogService: 	at gedj.run(:com.google.android.gms@252431029@25.24.31 (190400-772615181):44)
06-28 12:56:41.027 25810 26721 E DCU_ContactsLogService: 	at geev.execute(:com.google.android.gms@252431029@25.24.31 (190400-772615181):1)
06-28 12:56:41.027 25810 26721 E DCU_ContactsLogService: 	at gecw.f(:com.google.android.gms@252431029@25.24.31 (190400-772615181):1)
06-28 12:56:41.027 25810 26721 E DCU_ContactsLogService: 	at gecw.m(:com.google.android.gms@252431029@25.24.31 (190400-772615181):99)
06-28 12:56:41.027 25810 26721 E DCU_ContactsLogService: 	at gecw.q(:com.google.android.gms@252431029@25.24.31 (190400-772615181):13)
06-28 12:56:41.027 25810 26721 E DCU_ContactsLogService: 	at gecn.run(:com.google.android.gms@252431029@25.24.31 (190400-772615181):120)
06-28 12:56:41.027 25810 26721 E DCU_ContactsLogService: 	at geev.execute(:com.google.android.gms@252431029@25.24.31 (190400-772615181):1)
06-28 12:56:41.027 25810 26721 E DCU_ContactsLogService: 	at gecw.f(:com.google.android.gms@252431029@25.24.31 (190400-772615181):1)
06-28 12:56:41.027 25810 26721 E DCU_ContactsLogService: 	at gecw.m(:com.google.android.gms@252431029@25.24.31 (190400-772615181):99)
06-28 12:56:41.027 25810 26721 E DCU_ContactsLogService: 	at gecw.q(:com.google.android.gms@252431029@25.24.31 (190400-772615181):13)
06-28 12:56:41.027 25810 26721 E DCU_ContactsLogService: 	at gedi.e(:com.google.android.gms@252431029@25.24.31 (190400-772615181):1)
06-28 12:56:41.027 25810 26721 E DCU_ContactsLogService: 	at gedj.run(:com.google.android.gms@252431029@25.24.31 (190400-772615181):44)
06-28 12:56:41.027 25810 26721 E DCU_ContactsLogService: 	at geev.execute(:com.google.android.gms@252431029@25.24.31 (190400-772615181):1)
06-28 12:56:41.027 25810 26721 E DCU_ContactsLogService: 	at gecw.f(:com.google.android.gms@252431029@25.24.31 (190400-772615181):1)
06-28 12:56:41.027 25810 26721 E DCU_ContactsLogService: 	at gecw.m(:com.google.android.gms@252431029@25.24.31 (190400-772615181):99)
06-28 12:56:41.027 25810 26721 E DCU_ContactsLogService: 	at gecw.q(:com.google.android.gms@252431029@25.24.31 (190400-772615181):13)
06-28 12:56:41.027 25810 26721 E DCU_ContactsLogService: 	at gedi.e(:com.google.android.gms@252431029@25.24.31 (190400-772615181):1)
06-28 12:56:41.027 25810 26721 E DCU_ContactsLogService: 	at gedj.run(:com.google.android.gms@252431029@25.24.31 (190400-772615181):44)
06-28 12:56:41.027 25810 26721 E DCU_ContactsLogService: 	at geev.execute(:com.google.android.gms@252431029@25.24.31 (190400-772615181):1)
06-28 12:56:41.027 25810 26721 E DCU_ContactsLogService: 	at gecw.f(:com.google.android.gms@252431029@25.24.31 (190400-772615181):1)
06-28 12:56:41.027 25810 26721 E DCU_ContactsLogService: 	at gecw.m(:com.google.android.gms@252431029@25.24.31 (190400-772615181):99)
06-28 12:56:41.027 25810 26721 E DCU_ContactsLogService: 	at gecw.t(:com.google.android.gms@252431029@25.24.31 (190400-772615181):26)
06-28 12:56:41.027 25810 26721 E DCU_ContactsLogService: 	at gefs.run(:com.google.android.gms@252431029@25.24.31 (190400-772615181):5)
06-28 12:56:41.027 25810 26721 E DCU_ContactsLogService: 	at geev.execute(:com.google.android.gms@252431029@25.24.31 (190400-772615181):1)
06-28 12:56:41.027 25810 26721 E DCU_ContactsLogService: 	at gecw.f(:com.google.android.gms@252431029@25.24.31 (190400-772615181):1)
06-28 12:56:41.027 25810 26721 E DCU_ContactsLogService: 	at gecw.m(:com.google.android.gms@252431029@25.24.31 (190400-772615181):99)
06-28 12:56:41.027 25810 26721 E DCU_ContactsLogService: 	at gecw.t(:com.google.android.gms@252431029@25.24.31 (190400-772615181):26)
06-28 12:56:41.027 25810 26721 E DCU_ContactsLogService: 	at gefs.run(:com.google.android.gms@252431029@25.24.31 (190400-772615181):5)
06-28 12:56:41.028 25810 26721 E DCU_ContactsLogService: 	at geev.execute(:com.google.android.gms@252431029@25.24.31 (190400-772615181):1)
06-28 12:56:41.028 25810 26721 E DCU_ContactsLogService: 	at gecw.f(:com.google.android.gms@252431029@25.24.31 (190400-772615181):1)
06-28 12:56:41.028 25810 26721 E DCU_ContactsLogService: 	at gecw.m(:com.google.android.gms@252431029@25.24.31 (190400-772615181):99)
06-28 12:56:41.028 25810 26721 E DCU_ContactsLogService: 	at gecw.t(:com.google.android.gms@252431029@25.24.31 (190400-772615181):26)
06-28 12:56:41.028 25810 26721 E DCU_ContactsLogService: 	at gehg.e(:com.google.android.gms@252431029@25.24.31 (190400-772615181):5)
06-28 12:56:41.028 25810 26721 E DCU_ContactsLogService: 	at gegh.run(:com.google.android.gms@252431029@25.24.31 (190400-772615181):73)
06-28 12:56:41.028 25810 26721 E DCU_ContactsLogService: 	at gehi.run(:com.google.android.gms@252431029@25.24.31 (190400-772615181):5)
06-28 12:56:41.028 25810 26721 E DCU_ContactsLogService: 	at gefe.run(:com.google.android.gms@252431029@25.24.31 (190400-772615181):20)
06-28 12:56:41.028 25810 26721 E DCU_ContactsLogService: 	... 6 more
06-28 12:56:41.260   487   495 E servicemanager: Could not find android.hardware.vibrator.IVibrator/default in the VINTF manifest.
06-28 12:56:41.269   806   806 E SecVibrator-HAL2.2_A: sehSetFrequencyType is abnormal -1
06-28 12:56:41.270  1391 30698 E VibratorController: sehSetFrequencyType command failed(2).
06-28 12:56:41.276   806   806 E SecVibrator-HAL2.2_A: >> writeNode node:/timed_output/vibrator/enable val:45
06-28 12:56:41.279   806   806 E SecVibrator-HAL2.2_A: << writeNode node OK 3
06-28 12:56:41.326   806   806 E SecVibrator-HAL2.2_A: >> writeNode node:/timed_output/vibrator/enable val:0
06-28 12:56:41.326   806   806 E SecVibrator-HAL2.2_A: << writeNode node OK 2
06-28 12:56:41.449  1391  1729 E SemWifiVendorHal: getWifiLinkLayerStats_1_5_Internal(l.456) failed {.code = ERROR_NOT_SUPPORTED, .description = }
06-28 12:56:41.536  1391  2752 E SemWifiService: getCurrentNetworkScore - invalid score data
06-28 12:56:41.538  1391  2752 E WifiProfileShare.Caster: failed to generate qos array, need to check network score data
06-28 12:56:41.575   788   851 E SensorsHub: AccSensor : Meta event
06-28 12:56:41.600  2285  2285 E libprocessgroup: set_timerslack_ns write failed: Operation not permitted
06-28 12:56:41.649   836  1615 E BufferQueueDebug: [com.sec.android.app.launcher/com.sec.android.app.launcher.activities.LauncherActivity$_2285#0](this:0xb400007935b8f948,id:-1,api:0,p:-1,c:-1) id info cannot be read from 'com.sec.android.app.launcher/com.sec.android.app.launcher.activities.LauncherActivity$_2285#0'
06-28 12:56:41.678  2163  2291 E PaniGenerator: network is unknown.
06-28 12:56:41.711  1811  2368 E BtGatt.GattService: [GSIM LOG]: gsimLogHandler, msg: MESSAGE_SCAN_START, appName: com.samsung.android.mcfserver, scannerId: 13, reportDelayMillis=0
06-28 12:56:41.723  2163  2291 E CmcServiceHelper: disallow Call Service
06-28 12:56:41.723  2163  2291 E CmcServiceHelper: disallow Call Service
06-28 12:56:41.724  2163  2291 E CapabilityUtil<0>: checkModuleReady: config is null
