--------- beginning of system
06-28 15:41:26.499   496   496 E epmd    : FsHandlerThread not started: Thread not created (No such file or directory)
06-28 15:41:27.422   496   496 E vold    : fbeEnable
06-28 15:41:27.423   496   496 E KeyStorage: retrieveKey : /keydata/unencrypted/key
06-28 15:41:27.432   496   496 E KeyStorage: getRotStr rot value : 0001002cea14f5004ea112662d66ceba
06-28 15:41:27.436   496   496 E KeyStorage: retrieveKey success : /keydata/unencrypted/key
06-28 15:41:27.592   496   496 E vold    : keystore2 Keystore earlyBootEnded returned service specific error: -68
06-28 15:41:28.287   496   496 E FsCrypt : Preparing: /keydata/misc/vold/user_keys
06-28 15:41:28.288   496   496 E FsCrypt : Preparing: /keydata/misc/vold/user_keys/ce
06-28 15:41:28.288   496   496 E FsCrypt : Preparing: /keydata/misc/vold/user_keys/de
06-28 15:41:28.288   496   496 E FsCrypt : Preparing: /keyrefuge/misc/vold/user_keys
06-28 15:41:28.288   496   496 E FsCrypt : Preparing: /keyrefuge/misc/vold/user_keys/ce
06-28 15:41:28.288   496   496 E FsCrypt : Preparing: /keyrefuge/misc/vold/user_keys/de
06-28 15:41:28.289   496   496 E KeyStorage: retrieveKey : /keydata/misc/vold/user_keys/de/0
06-28 15:41:28.294   496   496 E KeyStorage: retrieveKey success : /keydata/misc/vold/user_keys/de/0
06-28 15:41:28.295   496   496 E KeyStorage: retrieveKey : /keydata/misc/vold/user_keys/de/150
06-28 15:41:28.300   496   496 E KeyStorage: retrieveKey success : /keydata/misc/vold/user_keys/de/150
06-28 15:41:28.300   496   496 E FsCrypt : Preparing: /data/system/users/0
06-28 15:41:28.301   496   496 E FsCrypt : Preparing: /data/misc/profiles/cur/0
06-28 15:41:28.301   496   496 E FsCrypt : Preparing: /data/system_de/0
06-28 15:41:28.302   496   496 E FsCrypt : Preparing: /data/misc_de/0
06-28 15:41:28.302   496   496 E FsCrypt : Preparing: /data/vendor_de/0
06-28 15:41:28.302   496   496 E FsCrypt : Preparing: /data/user_de/0
06-28 15:41:28.369   739   739 E auditd  : SELinux: [audit_filter] parsing error. auditfilter fsck dm_device:blk_file ioctl 0x301;
06-28 15:41:28.369   739   739 E auditd  :  is skipped.
06-28 15:41:28.369   739   739 E auditd  : SELinux:  [audit_filter] audit_filter_table is created successfully. filter table line count = 1223 / rule count(atomic) = 534
06-28 15:41:29.850   816   816 E BootLogoUpdater: [boot_logo_updater]boot package = 0
06-28 15:41:29.850   816   816 E BootLogoUpdater: [boot_logo_updater]update boot reason = 0, ret = 2
06-28 15:41:36.228  1375  1454 E Watchdog: !@Sync: 0 heap: 6 / 512 [2025-06-28 15:41:36.228] sdogWay: softdog FD: 87
06-28 15:41:36.358  1375  1455 E SystemConfig: aer = false, f.getPath().contains = true
06-28 15:41:38.537  1112  1112 E storaged: getService package_native failed
06-28 15:41:43.567  1112  1517 E storaged: getService package_native failed
06-28 15:41:43.855  1375  1375 E PackageManager: updateAllSharedLibrariesLPw failed: Package com.sec.android.app.hwmoduletest requires unavailable shared library com.goodix.gfmanager; failing!
06-28 15:41:43.856  1375  1375 E PackageManager: updateAllSharedLibrariesLPw failed: Package com.sec.sve requires unavailable shared library svemanager; failing!
06-28 15:41:47.339  1375  1375 E BatteryService: !@[BatteryInfo] IOException in readFromFile
06-28 15:41:49.470  1375  1451 E SystemServiceRegistry: Unknown manager requested: semcustomdump
06-28 15:41:49.523  1375  1375 E SystemPerformancePointerEventListener: SemDvfsManager Not Initialized...
06-28 15:41:49.610  1375  1375 E SystemServer: HcmManagerService ApmSwitch = 0
06-28 15:41:49.622  1375  1458 E PinnerService: Could not pin file /system/lib/libjavacrypto.so
06-28 15:41:49.622  1375  1458 E PinnerService: android.system.ErrnoException: open failed: ENOENT (No such file or directory)
06-28 15:41:49.622  1375  1458 E PinnerService: 	at libcore.io.Linux.open(Native Method)
06-28 15:41:49.622  1375  1458 E PinnerService: 	at libcore.io.ForwardingOs.open(ForwardingOs.java:568)
06-28 15:41:49.622  1375  1458 E PinnerService: 	at libcore.io.BlockGuardOs.open(BlockGuardOs.java:274)
06-28 15:41:49.622  1375  1458 E PinnerService: 	at android.system.Os.open(Os.java:500)
06-28 15:41:49.622  1375  1458 E PinnerService: 	at com.android.server.PinnerService.pinFileRanges(PinnerService.java:947)
06-28 15:41:49.622  1375  1458 E PinnerService: 	at com.android.server.PinnerService.pinFile(PinnerService.java:814)
06-28 15:41:49.622  1375  1458 E PinnerService: 	at com.android.server.PinnerService.handlePinOnStart(PinnerService.java:273)
06-28 15:41:49.622  1375  1458 E PinnerService: 	at com.android.server.PinnerService.access$1600(PinnerService.java:91)
06-28 15:41:49.622  1375  1458 E PinnerService: 	at com.android.server.PinnerService$PinnerHandler.handleMessage(PinnerService.java:1193)
06-28 15:41:49.622  1375  1458 E PinnerService: 	at android.os.Handler.dispatchMessage(Handler.java:106)
06-28 15:41:49.622  1375  1458 E PinnerService: 	at android.os.Looper.loopOnce(Looper.java:226)
06-28 15:41:49.622  1375  1458 E PinnerService: 	at android.os.Looper.loop(Looper.java:313)
06-28 15:41:49.622  1375  1458 E PinnerService: 	at android.os.HandlerThread.run(HandlerThread.java:67)
06-28 15:41:49.623  1375  1458 E PinnerService: Failed to pin file = /system/lib/libjavacrypto.so
06-28 15:41:49.625  1375  1375 E IntegrityFileManager: Error creating staging and rules directory
06-28 15:41:49.626  1375  1458 E PinnerService: Could not pin file /system/framework/arm/boot-conscrypt.oat
06-28 15:41:49.626  1375  1458 E PinnerService: android.system.ErrnoException: open failed: ENOENT (No such file or directory)
06-28 15:41:49.626  1375  1458 E PinnerService: 	at libcore.io.Linux.open(Native Method)
06-28 15:41:49.626  1375  1458 E PinnerService: 	at libcore.io.ForwardingOs.open(ForwardingOs.java:568)
06-28 15:41:49.626  1375  1458 E PinnerService: 	at libcore.io.BlockGuardOs.open(BlockGuardOs.java:274)
06-28 15:41:49.626  1375  1458 E PinnerService: 	at android.system.Os.open(Os.java:500)
06-28 15:41:49.626  1375  1458 E PinnerService: 	at com.android.server.PinnerService.pinFileRanges(PinnerService.java:947)
06-28 15:41:49.626  1375  1458 E PinnerService: 	at com.android.server.PinnerService.pinFile(PinnerService.java:814)
06-28 15:41:49.626  1375  1458 E PinnerService: 	at com.android.server.PinnerService.handlePinOnStart(PinnerService.java:273)
06-28 15:41:49.626  1375  1458 E PinnerService: 	at com.android.server.PinnerService.access$1600(PinnerService.java:91)
06-28 15:41:49.626  1375  1458 E PinnerService: 	at com.android.server.PinnerService$PinnerHandler.handleMessage(PinnerService.java:1193)
06-28 15:41:49.626  1375  1458 E PinnerService: 	at android.os.Handler.dispatchMessage(Handler.java:106)
06-28 15:41:49.626  1375  1458 E PinnerService: 	at android.os.Looper.loopOnce(Looper.java:226)
06-28 15:41:49.626  1375  1458 E PinnerService: 	at android.os.Looper.loop(Looper.java:313)
06-28 15:41:49.626  1375  1458 E PinnerService: 	at android.os.HandlerThread.run(HandlerThread.java:67)
06-28 15:41:49.626  1375  1458 E PinnerService: Failed to pin file = /system/framework/arm/boot-conscrypt.oat
06-28 15:41:49.660  1375  1375 E SystemServiceRegistry: Unknown manager requested: desktopmode
06-28 15:41:49.719  1375  1375 E SystemServiceRegistry: Unknown manager requested: desktopmode
06-28 15:41:49.768  1375  1654 E SFSLOG  : initParam: choose /data/log/sfslog.0.gz
06-28 15:41:49.768  1375  1654 E SFSLOG  : initParam mSfSlogEnable true
06-28 15:41:49.768  1375  1654 E SFSLOG  : initParam mLinesToDump 50
06-28 15:41:49.768  1375  1654 E SFSLOG  : initParam mMaxLogFileSize 262144
06-28 15:41:49.768  1375  1654 E SFSLOG  : initParam mCurentFileSize 220356
06-28 15:41:49.849  1375  1375 E SystemServiceRegistry: Unknown manager requested: desktopmode
06-28 15:41:50.358  1375  1375 E SystemServiceRegistry: Unknown manager requested: desktopmode
06-28 15:41:50.374  1375  1375 E NotificationPrefHelper: createDefaultChannelIfNeededLocked - Exception: android.content.pm.PackageManager$NameNotFoundException: com.bitget.exchange
06-28 15:41:50.380  1375  1375 E NotificationPrefHelper: createDefaultChannelIfNeededLocked - Exception: android.content.pm.PackageManager$NameNotFoundException: com.sec.enterprise.knox.shareddevice.keyguard
06-28 15:41:50.380  1375  1375 E NotificationPrefHelper: deleteDefaultChannelIfNeededLocked - Exception: android.content.pm.PackageManager$NameNotFoundException: com.sec.enterprise.knox.shareddevice.keyguard
06-28 15:41:50.380  1375  1375 E NotificationPrefHelper: createDefaultChannelIfNeededLocked - Exception: android.content.pm.PackageManager$NameNotFoundException: com.samsung.memorysaver
06-28 15:41:50.383  1375  1375 E NotificationPrefHelper: createDefaultChannelIfNeededLocked - Exception: android.content.pm.PackageManager$NameNotFoundException: com.amazon.drive
06-28 15:41:50.383  1375  1375 E NotificationPrefHelper: deleteDefaultChannelIfNeededLocked - Exception: android.content.pm.PackageManager$NameNotFoundException: com.amazon.drive
06-28 15:41:50.386  1375  1375 E NotificationPrefHelper: createDefaultChannelIfNeededLocked - Exception: android.content.pm.PackageManager$NameNotFoundException: com.samsung.android.SettingsReceiver
06-28 15:41:50.746  1375  1455 E UsbDeviceManager: failed to write to /sys/class/android_usb/android0/f_rndis/ethaddr
06-28 15:41:51.360  1375  1375 E ActivityManager: Attempt to launch receivers of broadcast intent Intent { act=com.samsung.android.knox.intent.action.KNOX_RESTRICTIONS_CHANGED_INTERNAL flg=0x20 pkg=com.samsung.android.SettingsReceiver.feedback } before boot completion
06-28 15:41:51.402   811   811 E vendor.samsung.hardware.wifi@2.0-service: Failed to open file /data/vendor/conn/.cid.info No such file or directory
06-28 15:41:51.518  1375  1375 E AutofillManagerServiceImpl: Bad service name: com.samsung.android.samsungpassautofill/com.samsung.android.samsungpassautofill.AutofillServiceMain
06-28 15:41:51.518  1375  1375 E RemoteAugmentedAutofillService: Bad service name for flags 1048704: com.samsung.android.smartsuggestions/com.samsung.android.smartsuggestions.extservice.services.AugmentedAutofillService
06-28 15:41:51.520  1375  1375 E AutofillManagerServiceImpl: Bad service name: com.samsung.android.samsungpassautofill/com.samsung.android.samsungpassautofill.AutofillServiceMain
06-28 15:41:51.520  1375  1375 E RemoteAugmentedAutofillService: Bad service name for flags 1048704: com.samsung.android.smartsuggestions/com.samsung.android.smartsuggestions.extservice.services.AugmentedAutofillService
06-28 15:41:51.588  1375  1375 E StatsPullAtomCallbackImpl: Failed to start PowerStatsService statsd pullers
06-28 15:41:51.590  1375  1375 E BatteryStatsService: Could not register PowerStatsInternal
06-28 15:41:56.192  1734  1734 E android.hardware.wifi@1.0-service-lazy: Unknown iface name: wlan0
06-28 15:41:56.192  1734  1734 E android.hardware.wifi@1.0-service-lazy: Unknown iface name: wlan0
06-28 15:41:56.202  1734  1734 E android.hardware.wifi@1.0-service-lazy: Failed to register radio mode change callback
06-28 15:41:56.289  1375  1498 E DefaultPermGrantPolicy: Package not found: com.google.android.apps.assistant
06-28 15:41:56.289  1375  1498 E DefaultPermGrantPolicy: Package not found: com.google.android.apps.actionsservice
06-28 15:41:56.289  1375  1498 E DefaultPermGrantPolicy: Package not found: com.google.android.marvin.talkback
06-28 15:41:57.048  1375  1375 E BatteryService: !@[BatteryInfo] IOException in readFromFile
06-28 15:41:57.222  1375  1698 E WallpaperManagerService: Unable to apply new wallpaper
06-28 15:41:57.333  1375  1594 E NativeTombstoneManager: Tombstone's UID (1047) not an app, ignoring
06-28 15:41:57.470  1375  1594 E NativeTombstoneManager: Tombstone's UID (1047) not an app, ignoring
06-28 15:41:57.537  1375  1594 E NativeTombstoneManager: Tombstone's UID (1047) not an app, ignoring
06-28 15:41:57.666  1375  1594 E NativeTombstoneManager: Tombstone's UID (1000) not an app, ignoring
06-28 15:41:57.707  1375  1594 E NativeTombstoneManager: Tombstone's UID (1041) not an app, ignoring
06-28 15:41:57.728  1375  1594 E NativeTombstoneManager: Tombstone's UID (1000) not an app, ignoring
06-28 15:41:57.831  1375  1594 E NativeTombstoneManager: Tombstone's UID (1041) not an app, ignoring
06-28 15:41:57.874  1375  1594 E NativeTombstoneManager: Tombstone's UID (1041) not an app, ignoring
06-28 15:41:57.920  1375  1594 E NativeTombstoneManager: Tombstone has invalid selinux label (u:r:permissioncontroller_app:s0:c82,c256,c512,c768└Ç), ignoring
06-28 15:41:58.009  1375  1594 E NativeTombstoneManager: Tombstone's UID (1000) not an app, ignoring
06-28 15:41:58.103  1375  1594 E NativeTombstoneManager: Tombstone's UID (1002) not an app, ignoring
06-28 15:41:58.125  1375  1594 E NativeTombstoneManager: Tombstone's UID (1041) not an app, ignoring
06-28 15:41:58.312  1375  1594 E NativeTombstoneManager: Tombstone has invalid selinux label (u:r:platform_app:s0:c512,c768└Ç), ignoring
06-28 15:41:58.433  1375  1594 E NativeTombstoneManager: Tombstone's UID (1041) not an app, ignoring
06-28 15:41:58.516  1375  1594 E NativeTombstoneManager: Tombstone's UID (1047) not an app, ignoring
06-28 15:41:58.726  1375  1665 E NetworkPolicy: addDefaultRestrictBackgroundAllowlistUidsUL(): skipping non-privileged app  com.sec.android.daemonapp
06-28 15:41:58.727  1375  1665 E NetworkPolicy: addDefaultRestrictBackgroundAllowlistUidsUL(): skipping non-privileged app  com.samsung.android.fast
06-28 15:41:58.727  1375  1665 E NetworkPolicy: addDefaultRestrictBackgroundAllowlistUidsUL(): skipping non-privileged app  com.sec.enterprise.knox.cloudmdm.smdms
06-28 15:41:58.728  1375  1665 E NetworkPolicy: No ApplicationInfo for package com.samsung.android.smartcallprovider
06-28 15:41:58.778  1375  1594 E NativeTombstoneManager: Tombstone's UID (1041) not an app, ignoring
06-28 15:41:58.838  1375  1594 E NativeTombstoneManager: Tombstone's UID (1041) not an app, ignoring
06-28 15:41:58.912  1375  1594 E NativeTombstoneManager: Tombstone's UID (1046) not an app, ignoring
06-28 15:41:58.988  1375  1594 E NativeTombstoneManager: Tombstone's UID (1046) not an app, ignoring
06-28 15:41:59.018  1375  1594 E NativeTombstoneManager: Tombstone's UID (1047) not an app, ignoring
06-28 15:41:59.064  1375  1594 E NativeTombstoneManager: Tombstone's UID (1047) not an app, ignoring
06-28 15:41:59.111  1375  1594 E NativeTombstoneManager: Tombstone's UID (1047) not an app, ignoring
06-28 15:41:59.157  1375  1594 E NativeTombstoneManager: Tombstone's UID (1047) not an app, ignoring
06-28 15:41:59.206  1375  1594 E NativeTombstoneManager: Tombstone's UID (1047) not an app, ignoring
06-28 15:42:00.117  1375  1450 E BluetoothManagerService: MESSAGE_TIMEOUT_BIND
06-28 15:42:00.239  1375  2107 E AppOps  : attributionTag SLocationService not declared in manifest of android
06-28 15:42:01.036  1375  1375 E AppOps  : package com.sec.android.app.myfiles.pt not found, can't check for attributionTag null
06-28 15:42:01.037  1375  1375 E AppOps  : checkOperation
06-28 15:42:01.037  1375  1375 E AppOps  : java.lang.SecurityException: Specified package com.sec.android.app.myfiles.pt under uid 10562 but it is not
06-28 15:42:01.037  1375  1375 E AppOps  : 	at com.android.server.appop.AppOpsService.verifyAndGetBypass(AppOpsService.java:4784)
06-28 15:42:01.037  1375  1375 E AppOps  : 	at com.android.server.appop.AppOpsService.verifyAndGetBypass(AppOpsService.java:4676)
06-28 15:42:01.037  1375  1375 E AppOps  : 	at com.android.server.appop.AppOpsService.checkOperationUnchecked(AppOpsService.java:3365)
06-28 15:42:01.037  1375  1375 E AppOps  : 	at com.android.server.appop.AppOpsService.checkOperationImpl(AppOpsService.java:3348)
06-28 15:42:01.037  1375  1375 E AppOps  : 	at com.android.server.appop.AppOpsService.access$3800(AppOpsService.java:225)
06-28 15:42:01.037  1375  1375 E AppOps  : 	at com.android.server.appop.AppOpsService$CheckOpsDelegateDispatcher.lambda$checkOperation$0(AppOpsService.java:7787)
06-28 15:42:01.037  1375  1375 E AppOps  : 	at com.android.server.appop.AppOpsService$CheckOpsDelegateDispatcher$$ExternalSyntheticLambda17.apply(Unknown Source:25)
06-28 15:42:01.037  1375  1375 E AppOps  : 	at com.android.server.policy.AppOpsPolicy.checkOperation(AppOpsPolicy.java:205)
06-28 15:42:01.037  1375  1375 E AppOps  : 	at com.android.server.appop.AppOpsService$CheckOpsDelegateDispatcher.checkOperation(AppOpsService.java:7786)
06-28 15:42:01.037  1375  1375 E AppOps  : 	at com.android.server.appop.AppOpsService.checkOperation(AppOpsService.java:3335)
06-28 15:42:01.037  1375  1375 E AppOps  : 	at com.android.server.StorageManagerService.snapshotAndMonitorLegacyStorageAppOp(StorageManagerService.java:2520)
06-28 15:42:01.037  1375  1375 E AppOps  : 	at com.android.server.StorageManagerService.access$1000(StorageManagerService.java:272)
06-28 15:42:01.037  1375  1375 E AppOps  : 	at com.android.server.StorageManagerService$Lifecycle.onUserStarting(StorageManagerService.java:354)
06-28 15:42:01.037  1375  1375 E AppOps  : 	at com.android.server.SystemServiceManager.onUser(SystemServiceManager.java:454)
06-28 15:42:01.037  1375  1375 E AppOps  : 	at com.android.server.SystemServiceManager.onUserStarting(SystemServiceManager.java:344)
06-28 15:42:01.037  1375  1375 E AppOps  : 	at com.android.server.am.ActivityManagerService.systemReady(ActivityManagerService.java:9412)
06-28 15:42:01.037  1375  1375 E AppOps  : 	at com.android.server.SystemServer.startOtherServices(SystemServer.java:4122)
06-28 15:42:01.037  1375  1375 E AppOps  : 	at com.android.server.SystemServer.run(SystemServer.java:1225)
06-28 15:42:01.037  1375  1375 E AppOps  : 	at com.android.server.SystemServer.main(SystemServer.java:946)
06-28 15:42:01.037  1375  1375 E AppOps  : 	at java.lang.reflect.Method.invoke(Native Method)
06-28 15:42:01.037  1375  1375 E AppOps  : 	at com.android.internal.os.RuntimeInit$MethodAndArgsCaller.run(RuntimeInit.java:571)
06-28 15:42:01.037  1375  1375 E AppOps  : 	at com.android.internal.os.ZygoteInit.main(ZygoteInit.java:1113)
06-28 15:42:01.127  1375  1375 E AppOps  : package com.samsung.android.messaging.pt not found, can't check for attributionTag null
06-28 15:42:01.127  1375  1375 E AppOps  : checkOperation
06-28 15:42:01.127  1375  1375 E AppOps  : java.lang.SecurityException: Specified package com.samsung.android.messaging.pt under uid 10612 but it is not
06-28 15:42:01.127  1375  1375 E AppOps  : 	at com.android.server.appop.AppOpsService.verifyAndGetBypass(AppOpsService.java:4784)
06-28 15:42:01.127  1375  1375 E AppOps  : 	at com.android.server.appop.AppOpsService.verifyAndGetBypass(AppOpsService.java:4676)
06-28 15:42:01.127  1375  1375 E AppOps  : 	at com.android.server.appop.AppOpsService.checkOperationUnchecked(AppOpsService.java:3365)
06-28 15:42:01.127  1375  1375 E AppOps  : 	at com.android.server.appop.AppOpsService.checkOperationImpl(AppOpsService.java:3348)
06-28 15:42:01.127  1375  1375 E AppOps  : 	at com.android.server.appop.AppOpsService.access$3800(AppOpsService.java:225)
06-28 15:42:01.127  1375  1375 E AppOps  : 	at com.android.server.appop.AppOpsService$CheckOpsDelegateDispatcher.lambda$checkOperation$0(AppOpsService.java:7787)
06-28 15:42:01.127  1375  1375 E AppOps  : 	at com.android.server.appop.AppOpsService$CheckOpsDelegateDispatcher$$ExternalSyntheticLambda17.apply(Unknown Source:25)
06-28 15:42:01.127  1375  1375 E AppOps  : 	at com.android.server.policy.AppOpsPolicy.checkOperation(AppOpsPolicy.java:205)
06-28 15:42:01.127  1375  1375 E AppOps  : 	at com.android.server.appop.AppOpsService$CheckOpsDelegateDispatcher.checkOperation(AppOpsService.java:7786)
06-28 15:42:01.127  1375  1375 E AppOps  : 	at com.android.server.appop.AppOpsService.checkOperation(AppOpsService.java:3335)
06-28 15:42:01.127  1375  1375 E AppOps  : 	at com.android.server.StorageManagerService.snapshotAndMonitorLegacyStorageAppOp(StorageManagerService.java:2520)
06-28 15:42:01.127  1375  1375 E AppOps  : 	at com.android.server.StorageManagerService.access$1000(StorageManagerService.java:272)
06-28 15:42:01.127  1375  1375 E AppOps  : 	at com.android.server.StorageManagerService$Lifecycle.onUserStarting(StorageManagerService.java:354)
06-28 15:42:01.127  1375  1375 E AppOps  : 	at com.android.server.SystemServiceManager.onUser(SystemServiceManager.java:454)
06-28 15:42:01.127  1375  1375 E AppOps  : 	at com.android.server.SystemServiceManager.onUserStarting(SystemServiceManager.java:344)
06-28 15:42:01.127  1375  1375 E AppOps  : 	at com.android.server.am.ActivityManagerService.systemReady(ActivityManagerService.java:9412)
06-28 15:42:01.127  1375  1375 E AppOps  : 	at com.android.server.SystemServer.startOtherServices(SystemServer.java:4122)
06-28 15:42:01.127  1375  1375 E AppOps  : 	at com.android.server.SystemServer.run(SystemServer.java:1225)
06-28 15:42:01.127  1375  1375 E AppOps  : 	at com.android.server.SystemServer.main(SystemServer.java:946)
06-28 15:42:01.127  1375  1375 E AppOps  : 	at java.lang.reflect.Method.invoke(Native Method)
06-28 15:42:01.127  1375  1375 E AppOps  : 	at com.android.internal.os.RuntimeInit$MethodAndArgsCaller.run(RuntimeInit.java:571)
06-28 15:42:01.127  1375  1375 E AppOps  : 	at com.android.internal.os.ZygoteInit.main(ZygoteInit.java:1113)
06-28 15:42:01.146  1375  1375 E AppOps  : package com.samsung.android.aware.service.pt not found, can't check for attributionTag null
06-28 15:42:01.147  1375  1375 E AppOps  : checkOperation
06-28 15:42:01.147  1375  1375 E AppOps  : java.lang.SecurityException: Specified package com.samsung.android.aware.service.pt under uid 10548 but it is not
06-28 15:42:01.147  1375  1375 E AppOps  : 	at com.android.server.appop.AppOpsService.verifyAndGetBypass(AppOpsService.java:4784)
06-28 15:42:01.147  1375  1375 E AppOps  : 	at com.android.server.appop.AppOpsService.verifyAndGetBypass(AppOpsService.java:4676)
06-28 15:42:01.147  1375  1375 E AppOps  : 	at com.android.server.appop.AppOpsService.checkOperationUnchecked(AppOpsService.java:3365)
06-28 15:42:01.147  1375  1375 E AppOps  : 	at com.android.server.appop.AppOpsService.checkOperationImpl(AppOpsService.java:3348)
06-28 15:42:01.147  1375  1375 E AppOps  : 	at com.android.server.appop.AppOpsService.access$3800(AppOpsService.java:225)
06-28 15:42:01.147  1375  1375 E AppOps  : 	at com.android.server.appop.AppOpsService$CheckOpsDelegateDispatcher.lambda$checkOperation$0(AppOpsService.java:7787)
06-28 15:42:01.147  1375  1375 E AppOps  : 	at com.android.server.appop.AppOpsService$CheckOpsDelegateDispatcher$$ExternalSyntheticLambda17.apply(Unknown Source:25)
06-28 15:42:01.147  1375  1375 E AppOps  : 	at com.android.server.policy.AppOpsPolicy.checkOperation(AppOpsPolicy.java:205)
06-28 15:42:01.147  1375  1375 E AppOps  : 	at com.android.server.appop.AppOpsService$CheckOpsDelegateDispatcher.checkOperation(AppOpsService.java:7786)
06-28 15:42:01.147  1375  1375 E AppOps  : 	at com.android.server.appop.AppOpsService.checkOperation(AppOpsService.java:3335)
06-28 15:42:01.147  1375  1375 E AppOps  : 	at com.android.server.StorageManagerService.snapshotAndMonitorLegacyStorageAppOp(StorageManagerService.java:2520)
06-28 15:42:01.147  1375  1375 E AppOps  : 	at com.android.server.StorageManagerService.access$1000(StorageManagerService.java:272)
06-28 15:42:01.147  1375  1375 E AppOps  : 	at com.android.server.StorageManagerService$Lifecycle.onUserStarting(StorageManagerService.java:354)
06-28 15:42:01.147  1375  1375 E AppOps  : 	at com.android.server.SystemServiceManager.onUser(SystemServiceManager.java:454)
06-28 15:42:01.147  1375  1375 E AppOps  : 	at com.android.server.SystemServiceManager.onUserStarting(SystemServiceManager.java:344)
06-28 15:42:01.147  1375  1375 E AppOps  : 	at com.android.server.am.ActivityManagerService.systemReady(ActivityManagerService.java:9412)
06-28 15:42:01.147  1375  1375 E AppOps  : 	at com.android.server.SystemServer.startOtherServices(SystemServer.java:4122)
06-28 15:42:01.147  1375  1375 E AppOps  : 	at com.android.server.SystemServer.run(SystemServer.java:1225)
06-28 15:42:01.147  1375  1375 E AppOps  : 	at com.android.server.SystemServer.main(SystemServer.java:946)
06-28 15:42:01.147  1375  1375 E AppOps  : 	at java.lang.reflect.Method.invoke(Native Method)
06-28 15:42:01.147  1375  1375 E AppOps  : 	at com.android.internal.os.RuntimeInit$MethodAndArgsCaller.run(RuntimeInit.java:571)
06-28 15:42:01.147  1375  1375 E AppOps  : 	at com.android.internal.os.ZygoteInit.main(ZygoteInit.java:1113)
06-28 15:42:01.168  1375  1375 E AppOps  : package com.bitget.exchange not found, can't check for attributionTag null
06-28 15:42:01.168  1375  1375 E AppOps  : checkOperation
06-28 15:42:01.168  1375  1375 E AppOps  : java.lang.SecurityException: Specified package com.bitget.exchange under uid 10401 but it is not
06-28 15:42:01.168  1375  1375 E AppOps  : 	at com.android.server.appop.AppOpsService.verifyAndGetBypass(AppOpsService.java:4784)
06-28 15:42:01.168  1375  1375 E AppOps  : 	at com.android.server.appop.AppOpsService.verifyAndGetBypass(AppOpsService.java:4676)
06-28 15:42:01.168  1375  1375 E AppOps  : 	at com.android.server.appop.AppOpsService.checkOperationUnchecked(AppOpsService.java:3365)
06-28 15:42:01.168  1375  1375 E AppOps  : 	at com.android.server.appop.AppOpsService.checkOperationImpl(AppOpsService.java:3348)
06-28 15:42:01.168  1375  1375 E AppOps  : 	at com.android.server.appop.AppOpsService.access$3800(AppOpsService.java:225)
06-28 15:42:01.168  1375  1375 E AppOps  : 	at com.android.server.appop.AppOpsService$CheckOpsDelegateDispatcher.lambda$checkOperation$0(AppOpsService.java:7787)
06-28 15:42:01.168  1375  1375 E AppOps  : 	at com.android.server.appop.AppOpsService$CheckOpsDelegateDispatcher$$ExternalSyntheticLambda17.apply(Unknown Source:25)
06-28 15:42:01.168  1375  1375 E AppOps  : 	at com.android.server.policy.AppOpsPolicy.checkOperation(AppOpsPolicy.java:205)
06-28 15:42:01.168  1375  1375 E AppOps  : 	at com.android.server.appop.AppOpsService$CheckOpsDelegateDispatcher.checkOperation(AppOpsService.java:7786)
06-28 15:42:01.168  1375  1375 E AppOps  : 	at com.android.server.appop.AppOpsService.checkOperation(AppOpsService.java:3335)
06-28 15:42:01.168  1375  1375 E AppOps  : 	at com.android.server.StorageManagerService.snapshotAndMonitorLegacyStorageAppOp(StorageManagerService.java:2520)
06-28 15:42:01.168  1375  1375 E AppOps  : 	at com.android.server.StorageManagerService.access$1000(StorageManagerService.java:272)
06-28 15:42:01.168  1375  1375 E AppOps  : 	at com.android.server.StorageManagerService$Lifecycle.onUserStarting(StorageManagerService.java:354)
06-28 15:42:01.168  1375  1375 E AppOps  : 	at com.android.server.SystemServiceManager.onUser(SystemServiceManager.java:454)
06-28 15:42:01.168  1375  1375 E AppOps  : 	at com.android.server.SystemServiceManager.onUserStarting(SystemServiceManager.java:344)
06-28 15:42:01.168  1375  1375 E AppOps  : 	at com.android.server.am.ActivityManagerService.systemReady(ActivityManagerService.java:9412)
06-28 15:42:01.168  1375  1375 E AppOps  : 	at com.android.server.SystemServer.startOtherServices(SystemServer.java:4122)
06-28 15:42:01.168  1375  1375 E AppOps  : 	at com.android.server.SystemServer.run(SystemServer.java:1225)
06-28 15:42:01.168  1375  1375 E AppOps  : 	at com.android.server.SystemServer.main(SystemServer.java:946)
06-28 15:42:01.168  1375  1375 E AppOps  : 	at java.lang.reflect.Method.invoke(Native Method)
06-28 15:42:01.168  1375  1375 E AppOps  : 	at com.android.internal.os.RuntimeInit$MethodAndArgsCaller.run(RuntimeInit.java:571)
06-28 15:42:01.168  1375  1375 E AppOps  : 	at com.android.internal.os.ZygoteInit.main(ZygoteInit.java:1113)
06-28 15:42:01.443  1375  1458 E CountryDetector: Could not instantiate the custom country detector class
06-28 15:42:01.730  1375  1435 E ContentCapturePerUserService: Bad service name: com.samsung.android.smartsuggestions/com.samsung.android.smartsuggestions.extservice.services.ContentCaptureService
06-28 15:42:01.771  1375  1458 E UsageStatsService: Failed to report event for locked user 0 (com.android.settings/com.android.settings.FallbackHome eventType:1 instanceId:188579307)
06-28 15:42:02.055  1375  1375 E Telecom:SamsungNameIdRepositoryImpl: error trying to detect package -- we are probably not installed
06-28 15:42:02.055  1375  1375 E Telecom:SamsungNameIdRepositoryImpl: android.content.pm.PackageManager$NameNotFoundException: com.whitepages.nameid.tmobile
06-28 15:42:02.055  1375  1375 E Telecom:SamsungNameIdRepositoryImpl: 	at android.app.ApplicationPackageManager.getPackageInfoAsUser(ApplicationPackageManager.java:293)
06-28 15:42:02.055  1375  1375 E Telecom:SamsungNameIdRepositoryImpl: 	at android.app.ApplicationPackageManager.getPackageInfo(ApplicationPackageManager.java:265)
06-28 15:42:02.055  1375  1375 E Telecom:SamsungNameIdRepositoryImpl: 	at com.samsung.server.telecom.model.nameid.SamsungNameIdRepositoryImpl.isNameIdInstalledAndEnabled(SamsungNameIdRepositoryImpl.java:168)
06-28 15:42:02.055  1375  1375 E Telecom:SamsungNameIdRepositoryImpl: 	at com.samsung.server.telecom.model.nameid.SamsungNameIdRepositoryImpl.init(SamsungNameIdRepositoryImpl.java:67)
06-28 15:42:02.055  1375  1375 E Telecom:SamsungNameIdRepositoryImpl: 	at com.samsung.server.telecom.model.nameid.SamsungNameIdRepositoryImpl.<init>(SamsungNameIdRepositoryImpl.java:63)
06-28 15:42:02.055  1375  1375 E Telecom:SamsungNameIdRepositoryImpl: 	at com.samsung.server.telecom.model.nameid.SamsungNameIdRepositoryFactory.getRepository(SamsungNameIdRepositoryFactory.java:23)
06-28 15:42:02.055  1375  1375 E Telecom:SamsungNameIdRepositoryImpl: 	at com.samsung.server.telecom.model.nameid.SamsungNameIdRepositoryFactory.create(SamsungNameIdRepositoryFactory.java:13)
06-28 15:42:02.055  1375  1375 E Telecom:SamsungNameIdRepositoryImpl: 	at com.samsung.server.telecom.model.SamsungModelSystem.<init>(SamsungModelSystem.java:303)
06-28 15:42:02.055  1375  1375 E Telecom:SamsungNameIdRepositoryImpl: 	at com.samsung.server.telecom.SamsungTelecomSystem.<init>(SamsungTelecomSystem.java:106)
06-28 15:42:02.055  1375  1375 E Telecom:SamsungNameIdRepositoryImpl: 	at com.samsung.server.telecom.SamsungTelecomSystem.preInitializeSamsungTelecomSystem(SamsungTelecomSystem.java:124)
06-28 15:42:02.055  1375  1375 E Telecom:SamsungNameIdRepositoryImpl: 	at com.android.server.telecom.components.TelecomService.preInitializeSamsungTelecomSystem(TelecomService.java:243)
06-28 15:42:02.055  1375  1375 E Telecom:SamsungNameIdRepositoryImpl: 	at com.android.server.telecom.components.TelecomService.onBind(TelecomService.java:95)
06-28 15:42:02.055  1375  1375 E Telecom:SamsungNameIdRepositoryImpl: 	at android.app.ActivityThread.handleBindService(ActivityThread.java:4970)
06-28 15:42:02.055  1375  1375 E Telecom:SamsungNameIdRepositoryImpl: 	at android.app.ActivityThread.access$1900(ActivityThread.java:310)
06-28 15:42:02.055  1375  1375 E Telecom:SamsungNameIdRepositoryImpl: 	at android.app.ActivityThread$H.handleMessage(ActivityThread.java:2305)
06-28 15:42:02.055  1375  1375 E Telecom:SamsungNameIdRepositoryImpl: 	at android.os.Handler.dispatchMessage(Handler.java:106)
06-28 15:42:02.055  1375  1375 E Telecom:SamsungNameIdRepositoryImpl: 	at android.os.Looper.loopOnce(Looper.java:226)
06-28 15:42:02.055  1375  1375 E Telecom:SamsungNameIdRepositoryImpl: 	at android.os.Looper.loop(Looper.java:313)
06-28 15:42:02.055  1375  1375 E Telecom:SamsungNameIdRepositoryImpl: 	at com.android.server.SystemServer.run(SystemServer.java:1281)
06-28 15:42:02.055  1375  1375 E Telecom:SamsungNameIdRepositoryImpl: 	at com.android.server.SystemServer.main(SystemServer.java:946)
06-28 15:42:02.055  1375  1375 E Telecom:SamsungNameIdRepositoryImpl: 	at java.lang.reflect.Method.invoke(Native Method)
06-28 15:42:02.055  1375  1375 E Telecom:SamsungNameIdRepositoryImpl: 	at com.android.internal.os.RuntimeInit$MethodAndArgsCaller.run(RuntimeInit.java:571)
06-28 15:42:02.055  1375  1375 E Telecom:SamsungNameIdRepositoryImpl: 	at com.android.internal.os.ZygoteInit.main(ZygoteInit.java:1113)
06-28 15:42:02.277  1375  1458 E UsageStatsService: Failed to report event for locked user 0 (com.android.settings/com.android.settings.FallbackHome eventType:2 instanceId:188579307)
06-28 15:42:02.287  1375  1458 E UsageStatsService: Failed to report event for locked user 0 (com.android.settings/com.android.settings.FallbackHome eventType:23 instanceId:188579307)
06-28 15:42:02.592  1375  1665 E NetworkPolicy: Missing subscriberId for subId 7
06-28 15:42:02.648  1375  1458 E StatsPullAtomService: subInfo of subId 7 is invalid, ignored.
06-28 15:42:02.868  1375  1665 E NetworkPolicy: Missing subscriberId for subId 7
06-28 15:42:02.887  1375  1458 E StatsPullAtomService: subInfo of subId 7 is invalid, ignored.
06-28 15:42:02.895  1375  1458 E StatsPullAtomService: subInfo of subId 8 is invalid, ignored.
06-28 15:42:02.906  1375  1665 E NetworkPolicy: Missing subscriberId for subId 8
06-28 15:42:03.099  1375  1665 E NetworkPolicy: Missing subscriberId for subId 7
06-28 15:42:03.112  1375  1458 E StatsPullAtomService: subInfo of subId 7 is invalid, ignored.
06-28 15:42:03.119  1375  1458 E StatsPullAtomService: subInfo of subId 8 is invalid, ignored.
06-28 15:42:03.128  1375  1665 E NetworkPolicy: Missing subscriberId for subId 8
06-28 15:42:03.488  1375  1495 E ContentCapturePerUserService: Bad service name: com.samsung.android.smartsuggestions/com.samsung.android.smartsuggestions.extservice.services.ContentCaptureService
06-28 15:42:03.488  1375  1495 E ContentCapturePerUserService: Bad service name: com.samsung.android.smartsuggestions/com.samsung.android.smartsuggestions.extservice.services.ContentCaptureService
06-28 15:42:03.489  1375  1495 E AutofillManagerServiceImpl: Bad service name: com.samsung.android.samsungpassautofill/com.samsung.android.samsungpassautofill.AutofillServiceMain
06-28 15:42:03.489  1375  1495 E RemoteAugmentedAutofillService: Bad service name for flags 1048704: com.samsung.android.smartsuggestions/com.samsung.android.smartsuggestions.extservice.services.AugmentedAutofillService
06-28 15:42:03.496  1375  1495 E ContentCapturePerUserService: Bad service name: com.samsung.android.smartsuggestions/com.samsung.android.smartsuggestions.extservice.services.ContentCaptureService
06-28 15:42:03.497  1375  1495 E ContentCapturePerUserService: Bad service name: com.samsung.android.smartsuggestions/com.samsung.android.smartsuggestions.extservice.services.ContentCaptureService
06-28 15:42:03.497  1375  1495 E ContentCapturePerUserService: Bad service name: com.samsung.android.smartsuggestions/com.samsung.android.smartsuggestions.extservice.services.ContentCaptureService
06-28 15:42:03.498  1375  1495 E AutofillManagerServiceImpl: Bad service name: com.samsung.android.samsungpassautofill/com.samsung.android.samsungpassautofill.AutofillServiceMain
06-28 15:42:03.498  1375  1495 E RemoteAugmentedAutofillService: Bad service name for flags 1048704: com.samsung.android.smartsuggestions/com.samsung.android.smartsuggestions.extservice.services.AugmentedAutofillService
06-28 15:42:04.447  1375  2310 E PackageDexUsage: Unsupported context?
06-28 15:42:04.609  1375  1450 E DevicePolicyManager: semGetAllowBluetoothMode - value retunrs : 2
06-28 15:42:04.845  1375  1435 E WindowManager: win=Window{8515842 u0 LockscreenShortcutBlur} destroySurfaces: appStopped=true win.mWindowRemovalAllowed=false win.mRemoveOnExit=false win.mViewVisibility=8 caller=com.android.server.wm.WindowManagerService.tryStartExitingAnimation:2951 com.android.server.wm.WindowManagerService.relayoutWindow:2675 com.android.server.wm.Session.relayout:242 android.view.IWindowSession$Stub.onTransact:790 com.android.server.wm.Session.onTransact:176 android.os.Binder.execTransactInternal:1215 android.os.Binder.execTransact:1179 
06-28 15:42:06.242  1375  1454 E Watchdog: !@Sync: 1 heap: 110 / 110 [2025-06-28 15:42:06.240] sdogWay: softdog FD: 655
06-28 15:42:06.925  1375  1451 E PowerStatsService: Failed to start PowerStatsService loggers
06-28 15:42:07.088  1375  2681 E HERMES#Service: Failed to getPdpData, Err = java.lang.Exception: JNI exception : error code=[-16777217]
06-28 15:42:07.158  1375  1448 E AdbDebuggingManager: Expected keyStore, but got tag=adbKey
06-28 15:42:07.159  1375  1448 E AdbDebuggingManager: Expected keyStore, but got tag=adbKey
06-28 15:42:07.255  1375  2694 E AdbDebuggingManager: Caught an exception opening the socket: java.io.IOException: No such file or directory
06-28 15:42:07.275  1375  1451 E Heimdall: heimdall init proxy!!!
06-28 15:42:07.275  1375  1451 E Heimdall: socket open failed for heimdalld
06-28 15:42:07.277  1375  1451 E Heimdall: heimdalldProxy; initReceiver
06-28 15:42:07.277  1375  1451 E Heimdall: heimdalldProxy: socket not ready
06-28 15:42:09.287   496   496 E FsCrypt : Preparing: /data/system/users/150
06-28 15:42:09.287   496   496 E FsCrypt : Preparing: /data/misc/profiles/cur/150
06-28 15:42:09.288   496   496 E FsCrypt : Preparing: /data/system_de/150
06-28 15:42:09.288   496   496 E FsCrypt : Preparing: /data/misc_de/150
06-28 15:42:09.290   496   496 E FsCrypt : Preparing: /data/vendor_de/150
06-28 15:42:09.291   496   496 E FsCrypt : Preparing: /data/user_de/150
06-28 15:42:10.607  1375  1587 E AppOps  : attributionTag  not declared in manifest of android
06-28 15:42:12.337  1375  1823 E Pageboost: getWritableDatabase for fileDB
06-28 15:42:12.340  1375  1823 E Pageboost: getWritableDatabase for appDB
06-28 15:42:12.559  1375  1459 E AppOps  : package com.sec.android.app.myfiles.pt not found, can't check for attributionTag null
06-28 15:42:12.559  1375  1459 E AppOps  : checkOperation
06-28 15:42:12.559  1375  1459 E AppOps  : java.lang.SecurityException: Specified package com.sec.android.app.myfiles.pt under uid 15010562 but it is not
06-28 15:42:12.559  1375  1459 E AppOps  : 	at com.android.server.appop.AppOpsService.verifyAndGetBypass(AppOpsService.java:4784)
06-28 15:42:12.559  1375  1459 E AppOps  : 	at com.android.server.appop.AppOpsService.verifyAndGetBypass(AppOpsService.java:4676)
06-28 15:42:12.559  1375  1459 E AppOps  : 	at com.android.server.appop.AppOpsService.checkOperationUnchecked(AppOpsService.java:3365)
06-28 15:42:12.559  1375  1459 E AppOps  : 	at com.android.server.appop.AppOpsService.checkOperationImpl(AppOpsService.java:3348)
06-28 15:42:12.559  1375  1459 E AppOps  : 	at com.android.server.appop.AppOpsService.access$3800(AppOpsService.java:225)
06-28 15:42:12.559  1375  1459 E AppOps  : 	at com.android.server.appop.AppOpsService$CheckOpsDelegateDispatcher.lambda$checkOperation$0(AppOpsService.java:7787)
06-28 15:42:12.559  1375  1459 E AppOps  : 	at com.android.server.appop.AppOpsService$CheckOpsDelegateDispatcher$$ExternalSyntheticLambda17.apply(Unknown Source:25)
06-28 15:42:12.559  1375  1459 E AppOps  : 	at com.android.server.policy.AppOpsPolicy.checkOperation(AppOpsPolicy.java:205)
06-28 15:42:12.559  1375  1459 E AppOps  : 	at com.android.server.appop.AppOpsService$CheckOpsDelegateDispatcher.checkOperation(AppOpsService.java:7786)
06-28 15:42:12.559  1375  1459 E AppOps  : 	at com.android.server.appop.AppOpsService.checkOperation(AppOpsService.java:3335)
06-28 15:42:12.559  1375  1459 E AppOps  : 	at com.android.server.StorageManagerService.snapshotAndMonitorLegacyStorageAppOp(StorageManagerService.java:2520)
06-28 15:42:12.559  1375  1459 E AppOps  : 	at com.android.server.StorageManagerService.access$1000(StorageManagerService.java:272)
06-28 15:42:12.559  1375  1459 E AppOps  : 	at com.android.server.StorageManagerService$Lifecycle.onUserStarting(StorageManagerService.java:354)
06-28 15:42:12.559  1375  1459 E AppOps  : 	at com.android.server.SystemServiceManager.onUser(SystemServiceManager.java:454)
06-28 15:42:12.559  1375  1459 E AppOps  : 	at com.android.server.SystemServiceManager.onUserStarting(SystemServiceManager.java:344)
06-28 15:42:12.559  1375  1459 E AppOps  : 	at com.android.server.am.UserController.handleMessage(UserController.java:3084)
06-28 15:42:12.559  1375  1459 E AppOps  : 	at android.os.Handler.dispatchMessage(Handler.java:102)
06-28 15:42:12.559  1375  1459 E AppOps  : 	at android.os.Looper.loopOnce(Looper.java:226)
06-28 15:42:12.559  1375  1459 E AppOps  : 	at android.os.Looper.loop(Looper.java:313)
06-28 15:42:12.559  1375  1459 E AppOps  : 	at android.os.HandlerThread.run(HandlerThread.java:67)
06-28 15:42:12.559  1375  1459 E AppOps  : 	at com.android.server.ServiceThread.run(ServiceThread.java:44)
06-28 15:42:12.812  1375  1459 E AppOps  : package com.samsung.android.messaging.pt not found, can't check for attributionTag null
06-28 15:42:12.812  1375  1459 E AppOps  : checkOperation
06-28 15:42:12.812  1375  1459 E AppOps  : java.lang.SecurityException: Specified package com.samsung.android.messaging.pt under uid 15010612 but it is not
06-28 15:42:12.812  1375  1459 E AppOps  : 	at com.android.server.appop.AppOpsService.verifyAndGetBypass(AppOpsService.java:4784)
06-28 15:42:12.812  1375  1459 E AppOps  : 	at com.android.server.appop.AppOpsService.verifyAndGetBypass(AppOpsService.java:4676)
06-28 15:42:12.812  1375  1459 E AppOps  : 	at com.android.server.appop.AppOpsService.checkOperationUnchecked(AppOpsService.java:3365)
06-28 15:42:12.812  1375  1459 E AppOps  : 	at com.android.server.appop.AppOpsService.checkOperationImpl(AppOpsService.java:3348)
06-28 15:42:12.812  1375  1459 E AppOps  : 	at com.android.server.appop.AppOpsService.access$3800(AppOpsService.java:225)
06-28 15:42:12.812  1375  1459 E AppOps  : 	at com.android.server.appop.AppOpsService$CheckOpsDelegateDispatcher.lambda$checkOperation$0(AppOpsService.java:7787)
06-28 15:42:12.812  1375  1459 E AppOps  : 	at com.android.server.appop.AppOpsService$CheckOpsDelegateDispatcher$$ExternalSyntheticLambda17.apply(Unknown Source:25)
06-28 15:42:12.812  1375  1459 E AppOps  : 	at com.android.server.policy.AppOpsPolicy.checkOperation(AppOpsPolicy.java:205)
06-28 15:42:12.812  1375  1459 E AppOps  : 	at com.android.server.appop.AppOpsService$CheckOpsDelegateDispatcher.checkOperation(AppOpsService.java:7786)
06-28 15:42:12.812  1375  1459 E AppOps  : 	at com.android.server.appop.AppOpsService.checkOperation(AppOpsService.java:3335)
06-28 15:42:12.812  1375  1459 E AppOps  : 	at com.android.server.StorageManagerService.snapshotAndMonitorLegacyStorageAppOp(StorageManagerService.java:2520)
06-28 15:42:12.812  1375  1459 E AppOps  : 	at com.android.server.StorageManagerService.access$1000(StorageManagerService.java:272)
06-28 15:42:12.812  1375  1459 E AppOps  : 	at com.android.server.StorageManagerService$Lifecycle.onUserStarting(StorageManagerService.java:354)
06-28 15:42:12.812  1375  1459 E AppOps  : 	at com.android.server.SystemServiceManager.onUser(SystemServiceManager.java:454)
06-28 15:42:12.812  1375  1459 E AppOps  : 	at com.android.server.SystemServiceManager.onUserStarting(SystemServiceManager.java:344)
06-28 15:42:12.812  1375  1459 E AppOps  : 	at com.android.server.am.UserController.handleMessage(UserController.java:3084)
06-28 15:42:12.812  1375  1459 E AppOps  : 	at android.os.Handler.dispatchMessage(Handler.java:102)
06-28 15:42:12.812  1375  1459 E AppOps  : 	at android.os.Looper.loopOnce(Looper.java:226)
06-28 15:42:12.812  1375  1459 E AppOps  : 	at android.os.Looper.loop(Looper.java:313)
06-28 15:42:12.812  1375  1459 E AppOps  : 	at android.os.HandlerThread.run(HandlerThread.java:67)
06-28 15:42:12.812  1375  1459 E AppOps  : 	at com.android.server.ServiceThread.run(ServiceThread.java:44)
06-28 15:42:12.840  1375  1459 E AppOps  : package com.samsung.android.aware.service.pt not found, can't check for attributionTag null
06-28 15:42:12.841  1375  1459 E AppOps  : checkOperation
06-28 15:42:12.841  1375  1459 E AppOps  : java.lang.SecurityException: Specified package com.samsung.android.aware.service.pt under uid 15010548 but it is not
06-28 15:42:12.841  1375  1459 E AppOps  : 	at com.android.server.appop.AppOpsService.verifyAndGetBypass(AppOpsService.java:4784)
06-28 15:42:12.841  1375  1459 E AppOps  : 	at com.android.server.appop.AppOpsService.verifyAndGetBypass(AppOpsService.java:4676)
06-28 15:42:12.841  1375  1459 E AppOps  : 	at com.android.server.appop.AppOpsService.checkOperationUnchecked(AppOpsService.java:3365)
06-28 15:42:12.841  1375  1459 E AppOps  : 	at com.android.server.appop.AppOpsService.checkOperationImpl(AppOpsService.java:3348)
06-28 15:42:12.841  1375  1459 E AppOps  : 	at com.android.server.appop.AppOpsService.access$3800(AppOpsService.java:225)
06-28 15:42:12.841  1375  1459 E AppOps  : 	at com.android.server.appop.AppOpsService$CheckOpsDelegateDispatcher.lambda$checkOperation$0(AppOpsService.java:7787)
06-28 15:42:12.841  1375  1459 E AppOps  : 	at com.android.server.appop.AppOpsService$CheckOpsDelegateDispatcher$$ExternalSyntheticLambda17.apply(Unknown Source:25)
06-28 15:42:12.841  1375  1459 E AppOps  : 	at com.android.server.policy.AppOpsPolicy.checkOperation(AppOpsPolicy.java:205)
06-28 15:42:12.841  1375  1459 E AppOps  : 	at com.android.server.appop.AppOpsService$CheckOpsDelegateDispatcher.checkOperation(AppOpsService.java:7786)
06-28 15:42:12.841  1375  1459 E AppOps  : 	at com.android.server.appop.AppOpsService.checkOperation(AppOpsService.java:3335)
06-28 15:42:12.841  1375  1459 E AppOps  : 	at com.android.server.StorageManagerService.snapshotAndMonitorLegacyStorageAppOp(StorageManagerService.java:2520)
06-28 15:42:12.841  1375  1459 E AppOps  : 	at com.android.server.StorageManagerService.access$1000(StorageManagerService.java:272)
06-28 15:42:12.841  1375  1459 E AppOps  : 	at com.android.server.StorageManagerService$Lifecycle.onUserStarting(StorageManagerService.java:354)
06-28 15:42:12.841  1375  1459 E AppOps  : 	at com.android.server.SystemServiceManager.onUser(SystemServiceManager.java:454)
06-28 15:42:12.841  1375  1459 E AppOps  : 	at com.android.server.SystemServiceManager.onUserStarting(SystemServiceManager.java:344)
06-28 15:42:12.841  1375  1459 E AppOps  : 	at com.android.server.am.UserController.handleMessage(UserController.java:3084)
06-28 15:42:12.841  1375  1459 E AppOps  : 	at android.os.Handler.dispatchMessage(Handler.java:102)
06-28 15:42:12.841  1375  1459 E AppOps  : 	at android.os.Looper.loopOnce(Looper.java:226)
06-28 15:42:12.841  1375  1459 E AppOps  : 	at android.os.Looper.loop(Looper.java:313)
06-28 15:42:12.841  1375  1459 E AppOps  : 	at android.os.HandlerThread.run(HandlerThread.java:67)
06-28 15:42:12.841  1375  1459 E AppOps  : 	at com.android.server.ServiceThread.run(ServiceThread.java:44)
06-28 15:42:12.884  1375  1459 E AppOps  : package com.bitget.exchange not found, can't check for attributionTag null
06-28 15:42:12.885  1375  1459 E AppOps  : checkOperation
06-28 15:42:12.885  1375  1459 E AppOps  : java.lang.SecurityException: Specified package com.bitget.exchange under uid 15010401 but it is not
06-28 15:42:12.885  1375  1459 E AppOps  : 	at com.android.server.appop.AppOpsService.verifyAndGetBypass(AppOpsService.java:4784)
06-28 15:42:12.885  1375  1459 E AppOps  : 	at com.android.server.appop.AppOpsService.verifyAndGetBypass(AppOpsService.java:4676)
06-28 15:42:12.885  1375  1459 E AppOps  : 	at com.android.server.appop.AppOpsService.checkOperationUnchecked(AppOpsService.java:3365)
06-28 15:42:12.885  1375  1459 E AppOps  : 	at com.android.server.appop.AppOpsService.checkOperationImpl(AppOpsService.java:3348)
06-28 15:42:12.885  1375  1459 E AppOps  : 	at com.android.server.appop.AppOpsService.access$3800(AppOpsService.java:225)
06-28 15:42:12.885  1375  1459 E AppOps  : 	at com.android.server.appop.AppOpsService$CheckOpsDelegateDispatcher.lambda$checkOperation$0(AppOpsService.java:7787)
06-28 15:42:12.885  1375  1459 E AppOps  : 	at com.android.server.appop.AppOpsService$CheckOpsDelegateDispatcher$$ExternalSyntheticLambda17.apply(Unknown Source:25)
06-28 15:42:12.885  1375  1459 E AppOps  : 	at com.android.server.policy.AppOpsPolicy.checkOperation(AppOpsPolicy.java:205)
06-28 15:42:12.885  1375  1459 E AppOps  : 	at com.android.server.appop.AppOpsService$CheckOpsDelegateDispatcher.checkOperation(AppOpsService.java:7786)
06-28 15:42:12.885  1375  1459 E AppOps  : 	at com.android.server.appop.AppOpsService.checkOperation(AppOpsService.java:3335)
06-28 15:42:12.885  1375  1459 E AppOps  : 	at com.android.server.StorageManagerService.snapshotAndMonitorLegacyStorageAppOp(StorageManagerService.java:2520)
06-28 15:42:12.885  1375  1459 E AppOps  : 	at com.android.server.StorageManagerService.access$1000(StorageManagerService.java:272)
06-28 15:42:12.885  1375  1459 E AppOps  : 	at com.android.server.StorageManagerService$Lifecycle.onUserStarting(StorageManagerService.java:354)
06-28 15:42:12.885  1375  1459 E AppOps  : 	at com.android.server.SystemServiceManager.onUser(SystemServiceManager.java:454)
06-28 15:42:12.885  1375  1459 E AppOps  : 	at com.android.server.SystemServiceManager.onUserStarting(SystemServiceManager.java:344)
06-28 15:42:12.885  1375  1459 E AppOps  : 	at com.android.server.am.UserController.handleMessage(UserController.java:3084)
06-28 15:42:12.885  1375  1459 E AppOps  : 	at android.os.Handler.dispatchMessage(Handler.java:102)
06-28 15:42:12.885  1375  1459 E AppOps  : 	at android.os.Looper.loopOnce(Looper.java:226)
06-28 15:42:12.885  1375  1459 E AppOps  : 	at android.os.Looper.loop(Looper.java:313)
06-28 15:42:12.885  1375  1459 E AppOps  : 	at android.os.HandlerThread.run(HandlerThread.java:67)
06-28 15:42:12.885  1375  1459 E AppOps  : 	at com.android.server.ServiceThread.run(ServiceThread.java:44)
06-28 15:42:13.948  1375  2310 E ContentCapturePerUserService: Bad service name: com.samsung.android.smartsuggestions/com.samsung.android.smartsuggestions.extservice.services.ContentCaptureService
