06-28 12:00:53.239  1391  4075 E WindowManager: win=Window{ddd0ef4 u0 InputMethod} destroySurfaces: appStopped=true win.mWindowRemovalAllowed=false win.mRemoveOnExit=false win.mViewVisibility=8 caller=com.android.server.wm.WindowManagerService.tryStartExitingAnimation:2951 com.android.server.wm.WindowManagerService.relayoutWindow:2675 com.android.server.wm.Session.relayout:242 android.view.IWindowSession$Stub.onTransact:790 com.android.server.wm.Session.onTransact:176 android.os.Binder.execTransactInternal:1215 android.os.Binder.execTransact:1179 
06-28 12:00:56.375  1391  4105 E AppOps  : evalMode() Foreground mode : uid - 5021, op - 26, capability - 0
06-28 12:00:56.431  1391  4075 E AppOps  : evalMode() Foreground mode : uid - 5021, op - 26, capability - 0
06-28 12:00:56.909  1391  4120 E AppOps  : Operation not started: uid=5021 pkg=com.samsung.adaptivebrightnessgo(null) op=CAMERA
06-28 12:01:02.012  1391  4105 E AppOps  : evalMode() Foreground mode : uid - 5021, op - 26, capability - 0
06-28 12:01:02.067  1391  4105 E AppOps  : evalMode() Foreground mode : uid - 5021, op - 26, capability - 0
06-28 12:01:02.901  1391  4120 E AppOps  : Operation not started: uid=5021 pkg=com.samsung.adaptivebrightnessgo(null) op=CAMERA
06-28 12:01:08.013  1391  4105 E AppOps  : evalMode() Foreground mode : uid - 5021, op - 26, capability - 0
06-28 12:01:08.071  1391  4120 E AppOps  : evalMode() Foreground mode : uid - 5021, op - 26, capability - 0
06-28 12:01:09.107  1391  4120 E AppOps  : Operation not started: uid=5021 pkg=com.samsung.adaptivebrightnessgo(null) op=CAMERA
06-28 12:01:22.955  1391  1455 E Watchdog: !@Sync: 1549 heap: 134 / 135 [2025-06-28 12:01:22.954] sdogWay: softdog FD: 981
06-28 12:01:52.965  1391  1455 E Watchdog: !@Sync: 1550 heap: 132 / 135 [2025-06-28 12:01:52.964] sdogWay: softdog FD: 969
06-28 12:02:22.976  1391  1455 E Watchdog: !@Sync: 1551 heap: 127 / 135 [2025-06-28 12:02:22.975] sdogWay: softdog FD: 963
06-28 12:02:52.988  1391  1455 E Watchdog: !@Sync: 1552 heap: 122 / 135 [2025-06-28 12:02:52.987] sdogWay: softdog FD: 960
06-28 12:03:15.138  1391  4075 E WindowManager: win=Window{ddd0ef4 u0 InputMethod} destroySurfaces: appStopped=true win.mWindowRemovalAllowed=false win.mRemoveOnExit=false win.mViewVisibility=8 caller=com.android.server.wm.WindowManagerService.tryStartExitingAnimation:2951 com.android.server.wm.WindowManagerService.relayoutWindow:2675 com.android.server.wm.Session.relayout:242 android.view.IWindowSession$Stub.onTransact:790 com.android.server.wm.Session.onTransact:176 android.os.Binder.execTransactInternal:1215 android.os.Binder.execTransact:1179 
06-28 12:03:17.247  1391  4075 E WindowManager: win=Window{ddd0ef4 u0 InputMethod} destroySurfaces: appStopped=true win.mWindowRemovalAllowed=false win.mRemoveOnExit=false win.mViewVisibility=8 caller=com.android.server.wm.WindowManagerService.tryStartExitingAnimation:2951 com.android.server.wm.WindowManagerService.relayoutWindow:2675 com.android.server.wm.Session.relayout:242 android.view.IWindowSession$Stub.onTransact:790 com.android.server.wm.Session.onTransact:176 android.os.Binder.execTransactInternal:1215 android.os.Binder.execTransact:1179 
06-28 12:03:22.995  1391  1455 E Watchdog: !@Sync: 1553 heap: 120 / 135 [2025-06-28 12:03:22.995] sdogWay: softdog FD: 973
06-28 12:03:23.889  1391  1453 E WindowManager: win=Window{b8e24ee u0 PopupWindow:f788a80 EXITING} destroySurfaces: appStopped=false win.mWindowRemovalAllowed=true win.mRemoveOnExit=true win.mViewVisibility=0 caller=com.android.server.wm.WindowState.destroySurface:4175 com.android.server.wm.ActivityRecord.destroySurfaces:5873 com.android.server.wm.ActivityRecord.destroySurfaces:5854 com.android.server.wm.WindowState.onExitAnimationDone:5983 com.android.server.wm.WindowStateAnimator.onAnimationFinished:242 com.android.server.wm.WindowState.onAnimationFinished:6236 com.android.server.wm.WindowContainer$$ExternalSyntheticLambda0.onAnimationFinished:2 
06-28 12:03:23.906  1391  1453 E WindowManager: win=Window{dd90c25 u0 PopupWindow:ed79775 EXITING} destroySurfaces: appStopped=false win.mWindowRemovalAllowed=true win.mRemoveOnExit=true win.mViewVisibility=0 caller=com.android.server.wm.WindowState.destroySurface:4175 com.android.server.wm.ActivityRecord.destroySurfaces:5873 com.android.server.wm.ActivityRecord.destroySurfaces:5854 com.android.server.wm.WindowState.onExitAnimationDone:5983 com.android.server.wm.WindowStateAnimator.onAnimationFinished:242 com.android.server.wm.WindowState.onAnimationFinished:6236 com.android.server.wm.WindowContainer$$ExternalSyntheticLambda0.onAnimationFinished:2 
06-28 12:03:24.246  1391  4051 E WindowManager: win=Window{ddd0ef4 u0 InputMethod} destroySurfaces: appStopped=true win.mWindowRemovalAllowed=false win.mRemoveOnExit=false win.mViewVisibility=8 caller=com.android.server.wm.WindowManagerService.tryStartExitingAnimation:2951 com.android.server.wm.WindowManagerService.relayoutWindow:2675 com.android.server.wm.Session.relayout:242 android.view.IWindowSession$Stub.onTransact:790 com.android.server.wm.Session.onTransact:176 android.os.Binder.execTransactInternal:1215 android.os.Binder.execTransact:1179 
06-28 12:03:28.397  1391  4105 E WindowManager: win=Window{ddd0ef4 u0 InputMethod} destroySurfaces: appStopped=true win.mWindowRemovalAllowed=false win.mRemoveOnExit=false win.mViewVisibility=8 caller=com.android.server.wm.WindowManagerService.tryStartExitingAnimation:2951 com.android.server.wm.WindowManagerService.relayoutWindow:2675 com.android.server.wm.Session.relayout:242 android.view.IWindowSession$Stub.onTransact:790 com.android.server.wm.Session.onTransact:176 android.os.Binder.execTransactInternal:1215 android.os.Binder.execTransact:1179 
06-28 12:03:30.005  1391  4105 E WindowManager: win=Window{ddd0ef4 u0 InputMethod} destroySurfaces: appStopped=true win.mWindowRemovalAllowed=false win.mRemoveOnExit=false win.mViewVisibility=8 caller=com.android.server.wm.WindowManagerService.tryStartExitingAnimation:2951 com.android.server.wm.WindowManagerService.relayoutWindow:2675 com.android.server.wm.Session.relayout:242 android.view.IWindowSession$Stub.onTransact:790 com.android.server.wm.Session.onTransact:176 android.os.Binder.execTransactInternal:1215 android.os.Binder.execTransact:1179 
06-28 12:03:32.649  1391  4105 E WindowManager: win=Window{ddd0ef4 u0 InputMethod} destroySurfaces: appStopped=true win.mWindowRemovalAllowed=false win.mRemoveOnExit=false win.mViewVisibility=8 caller=com.android.server.wm.WindowManagerService.tryStartExitingAnimation:2951 com.android.server.wm.WindowManagerService.relayoutWindow:2675 com.android.server.wm.Session.relayout:242 android.view.IWindowSession$Stub.onTransact:790 com.android.server.wm.Session.onTransact:176 android.os.Binder.execTransactInternal:1215 android.os.Binder.execTransact:1179 
06-28 12:03:41.961  1391  2318 E WindowManager: win=Window{ddd0ef4 u0 InputMethod} destroySurfaces: appStopped=true win.mWindowRemovalAllowed=false win.mRemoveOnExit=false win.mViewVisibility=8 caller=com.android.server.wm.WindowManagerService.tryStartExitingAnimation:2951 com.android.server.wm.WindowManagerService.relayoutWindow:2675 com.android.server.wm.Session.relayout:242 android.view.IWindowSession$Stub.onTransact:790 com.android.server.wm.Session.onTransact:176 android.os.Binder.execTransactInternal:1215 android.os.Binder.execTransact:1179 
06-28 12:03:52.999  1391  1455 E Watchdog: !@Sync: 1554 heap: 126 / 135 [2025-06-28 12:03:52.998] sdogWay: softdog FD: 978
06-28 12:03:54.576  1391  4120 E AppOps  : evalMode() Foreground mode : uid - 10165, op - 1, capability - 0
06-28 12:03:54.577  1391  4120 E AppOps  : evalMode() Foreground mode : uid - 10165, op - 0, capability - 0
06-28 12:03:54.886  1391  4075 E WindowManager: win=Window{ddd0ef4 u0 InputMethod} destroySurfaces: appStopped=true win.mWindowRemovalAllowed=false win.mRemoveOnExit=false win.mViewVisibility=8 caller=com.android.server.wm.WindowManagerService.tryStartExitingAnimation:2951 com.android.server.wm.WindowManagerService.relayoutWindow:2675 com.android.server.wm.Session.relayout:242 android.view.IWindowSession$Stub.onTransact:790 com.android.server.wm.Session.onTransact:176 android.os.Binder.execTransactInternal:1215 android.os.Binder.execTransact:1179 
06-28 12:04:23.012  1391  1455 E Watchdog: !@Sync: 1555 heap: 135 / 135 [2025-06-28 12:04:23.011] sdogWay: softdog FD: 975
06-28 12:04:53.021  1391  1455 E Watchdog: !@Sync: 1556 heap: 132 / 135 [2025-06-28 12:04:53.020] sdogWay: softdog FD: 964
06-28 12:04:58.782  1391  4120 E AppOps  : evalMode() Foreground mode : uid - 10165, op - 1, capability - 0
06-28 12:04:58.783  1391  4120 E AppOps  : evalMode() Foreground mode : uid - 10165, op - 0, capability - 0
06-28 12:04:59.914  1391  4120 E AppOps  : evalMode() Foreground mode : uid - 5021, op - 26, capability - 0
06-28 12:04:59.972  1391  4100 E AppOps  : evalMode() Foreground mode : uid - 5021, op - 26, capability - 0
06-28 12:05:00.568  1391  4068 E AppOps  : Operation not started: uid=5021 pkg=com.samsung.adaptivebrightnessgo(null) op=CAMERA
06-28 12:05:02.203  1391  4051 E AppOps  : evalMode() Foreground mode : uid - 10165, op - 1, capability - 0
06-28 12:05:02.204  1391  4051 E AppOps  : evalMode() Foreground mode : uid - 10165, op - 0, capability - 0
06-28 12:05:05.664  1391  4105 E AppOps  : evalMode() Foreground mode : uid - 5021, op - 26, capability - 0
06-28 12:05:05.718  1391  2318 E AppOps  : evalMode() Foreground mode : uid - 5021, op - 26, capability - 0
06-28 12:05:06.776  1391  4105 E AppOps  : Operation not started: uid=5021 pkg=com.samsung.adaptivebrightnessgo(null) op=CAMERA
06-28 12:05:13.024  1391  2318 E AppOps  : evalMode() Foreground mode : uid - 5021, op - 26, capability - 0
06-28 12:05:13.080  1391  4051 E AppOps  : evalMode() Foreground mode : uid - 5021, op - 26, capability - 0
06-28 12:05:14.543  1391  4105 E AppOps  : Operation not started: uid=5021 pkg=com.samsung.adaptivebrightnessgo(null) op=CAMERA
06-28 12:05:19.663  1391  2318 E AppOps  : evalMode() Foreground mode : uid - 5021, op - 26, capability - 0
06-28 12:05:19.713  1391  4051 E AppOps  : evalMode() Foreground mode : uid - 5021, op - 26, capability - 0
06-28 12:05:20.185  1391  2318 E AppOps  : Operation not started: uid=5021 pkg=com.samsung.adaptivebrightnessgo(null) op=CAMERA
06-28 12:05:23.029  1391  1455 E Watchdog: !@Sync: 1557 heap: 122 / 135 [2025-06-28 12:05:23.028] sdogWay: softdog FD: 957
06-28 12:05:25.314  1391  4068 E AppOps  : evalMode() Foreground mode : uid - 5021, op - 26, capability - 0
06-28 12:05:25.369  1391  4051 E AppOps  : evalMode() Foreground mode : uid - 5021, op - 26, capability - 0
06-28 12:05:25.662  1391  4068 E AppOps  : Operation not started: uid=5021 pkg=com.samsung.adaptivebrightnessgo(null) op=CAMERA
06-28 12:05:29.218  1391  4051 E AppOps  : evalMode() Foreground mode : uid - 10165, op - 1, capability - 0
06-28 12:05:29.219  1391  4051 E AppOps  : evalMode() Foreground mode : uid - 10165, op - 0, capability - 0
06-28 12:05:30.782  1391  4120 E AppOps  : evalMode() Foreground mode : uid - 5021, op - 26, capability - 0
06-28 12:05:30.845  1391  4120 E AppOps  : evalMode() Foreground mode : uid - 5021, op - 26, capability - 0
06-28 12:05:31.146  1391  4051 E AppOps  : Operation not started: uid=5021 pkg=com.samsung.adaptivebrightnessgo(null) op=CAMERA
06-28 12:05:36.257  1391  4120 E AppOps  : evalMode() Foreground mode : uid - 5021, op - 26, capability - 0
06-28 12:05:36.317  1391  4051 E AppOps  : evalMode() Foreground mode : uid - 5021, op - 26, capability - 0
06-28 12:05:36.627  1391  4051 E AppOps  : Operation not started: uid=5021 pkg=com.samsung.adaptivebrightnessgo(null) op=CAMERA
06-28 12:05:38.824  1391  4068 E AppOps  : evalMode() Foreground mode : uid - 10165, op - 1, capability - 0
06-28 12:05:38.825  1391  4068 E AppOps  : evalMode() Foreground mode : uid - 10165, op - 0, capability - 0
06-28 12:05:41.757  1391  4051 E AppOps  : evalMode() Foreground mode : uid - 5021, op - 26, capability - 0
06-28 12:05:41.814  1391  4089 E AppOps  : evalMode() Foreground mode : uid - 5021, op - 26, capability - 0
06-28 12:05:42.111  1391  4073 E AppOps  : Operation not started: uid=5021 pkg=com.samsung.adaptivebrightnessgo(null) op=CAMERA
06-28 12:05:44.461  1391  4089 E AppOps  : evalMode() Foreground mode : uid - 10165, op - 1, capability - 0
06-28 12:05:44.462  1391  4089 E AppOps  : evalMode() Foreground mode : uid - 10165, op - 0, capability - 0
06-28 12:05:47.233  1391  4051 E AppOps  : evalMode() Foreground mode : uid - 5021, op - 26, capability - 0
06-28 12:05:47.287  1391  4051 E AppOps  : evalMode() Foreground mode : uid - 5021, op - 26, capability - 0
06-28 12:05:47.594  1391  4051 E AppOps  : Operation not started: uid=5021 pkg=com.samsung.adaptivebrightnessgo(null) op=CAMERA
06-28 12:05:47.911  1391  4089 E AppOps  : evalMode() Foreground mode : uid - 10165, op - 1, capability - 0
06-28 12:05:47.912  1391  4089 E AppOps  : evalMode() Foreground mode : uid - 10165, op - 0, capability - 0
06-28 12:05:52.719  1391  4105 E AppOps  : evalMode() Foreground mode : uid - 5021, op - 26, capability - 0
06-28 12:05:52.778  1391  4105 E AppOps  : evalMode() Foreground mode : uid - 5021, op - 26, capability - 0
06-28 12:05:53.036  1391  1455 E Watchdog: !@Sync: 1558 heap: 120 / 135 [2025-06-28 12:05:53.035] sdogWay: softdog FD: 965
06-28 12:05:53.079  1391  4051 E AppOps  : Operation not started: uid=5021 pkg=com.samsung.adaptivebrightnessgo(null) op=CAMERA
06-28 12:05:58.199  1391  4051 E AppOps  : evalMode() Foreground mode : uid - 5021, op - 26, capability - 0
06-28 12:05:58.256  1391  4051 E AppOps  : evalMode() Foreground mode : uid - 5021, op - 26, capability - 0
06-28 12:05:58.553  1391  4089 E AppOps  : Operation not started: uid=5021 pkg=com.samsung.adaptivebrightnessgo(null) op=CAMERA
06-28 12:06:03.681  1391  4105 E AppOps  : evalMode() Foreground mode : uid - 5021, op - 26, capability - 0
06-28 12:06:03.739  1391  4105 E AppOps  : evalMode() Foreground mode : uid - 5021, op - 26, capability - 0
06-28 12:06:04.039  1391  4051 E AppOps  : Operation not started: uid=5021 pkg=com.samsung.adaptivebrightnessgo(null) op=CAMERA
06-28 12:06:09.202  1391  4051 E AppOps  : evalMode() Foreground mode : uid - 5021, op - 26, capability - 0
06-28 12:06:09.262  1391  4105 E AppOps  : evalMode() Foreground mode : uid - 5021, op - 26, capability - 0
06-28 12:06:09.554  1391  4073 E AppOps  : Operation not started: uid=5021 pkg=com.samsung.adaptivebrightnessgo(null) op=CAMERA
06-28 12:06:14.678  1391  4105 E AppOps  : evalMode() Foreground mode : uid - 5021, op - 26, capability - 0
06-28 12:06:14.737  1391  4073 E AppOps  : evalMode() Foreground mode : uid - 5021, op - 26, capability - 0
06-28 12:06:15.035  1391  4073 E AppOps  : Operation not started: uid=5021 pkg=com.samsung.adaptivebrightnessgo(null) op=CAMERA
06-28 12:06:20.160  1391  4105 E AppOps  : evalMode() Foreground mode : uid - 5021, op - 26, capability - 0
06-28 12:06:20.220  1391  4073 E AppOps  : evalMode() Foreground mode : uid - 5021, op - 26, capability - 0
06-28 12:06:20.523  1391  4073 E AppOps  : Operation not started: uid=5021 pkg=com.samsung.adaptivebrightnessgo(null) op=CAMERA
06-28 12:06:23.049  1391  1455 E Watchdog: !@Sync: 1559 heap: 118 / 135 [2025-06-28 12:06:23.048] sdogWay: softdog FD: 959
06-28 12:06:25.643  1391  4073 E AppOps  : evalMode() Foreground mode : uid - 5021, op - 26, capability - 0
06-28 12:06:25.700  1391  4073 E AppOps  : evalMode() Foreground mode : uid - 5021, op - 26, capability - 0
06-28 12:06:25.997  1391  4105 E AppOps  : Operation not started: uid=5021 pkg=com.samsung.adaptivebrightnessgo(null) op=CAMERA
06-28 12:06:31.115  1391  4073 E AppOps  : evalMode() Foreground mode : uid - 5021, op - 26, capability - 0
06-28 12:06:31.172  1391  4051 E AppOps  : evalMode() Foreground mode : uid - 5021, op - 26, capability - 0
06-28 12:06:31.469  1391  4075 E AppOps  : Operation not started: uid=5021 pkg=com.samsung.adaptivebrightnessgo(null) op=CAMERA
06-28 12:06:36.586  1391  4051 E AppOps  : evalMode() Foreground mode : uid - 5021, op - 26, capability - 0
06-28 12:06:36.644  1391  2318 E AppOps  : evalMode() Foreground mode : uid - 5021, op - 26, capability - 0
06-28 12:06:36.945  1391  4051 E AppOps  : Operation not started: uid=5021 pkg=com.samsung.adaptivebrightnessgo(null) op=CAMERA
06-28 12:06:42.073  1391  4073 E AppOps  : evalMode() Foreground mode : uid - 5021, op - 26, capability - 0
06-28 12:06:42.129  1391  4073 E AppOps  : evalMode() Foreground mode : uid - 5021, op - 26, capability - 0
06-28 12:06:42.421  1391  4051 E AppOps  : Operation not started: uid=5021 pkg=com.samsung.adaptivebrightnessgo(null) op=CAMERA
06-28 12:06:47.544  1391  4051 E AppOps  : evalMode() Foreground mode : uid - 5021, op - 26, capability - 0
06-28 12:06:47.599  1391  4051 E AppOps  : evalMode() Foreground mode : uid - 5021, op - 26, capability - 0
06-28 12:06:48.342  1391  4051 E AppOps  : Operation not started: uid=5021 pkg=com.samsung.adaptivebrightnessgo(null) op=CAMERA
06-28 12:06:53.059  1391  1455 E Watchdog: !@Sync: 1560 heap: 133 / 135 objects: 2451060 WaitTime: 0,000 GCcnt: 0 FD: 973 [2025-06-28 12:06:53.059] sdogWay:softdog
06-28 12:06:53.446  1391  4073 E AppOps  : evalMode() Foreground mode : uid - 5021, op - 26, capability - 0
06-28 12:06:53.502  1391  4073 E AppOps  : evalMode() Foreground mode : uid - 5021, op - 26, capability - 0
06-28 12:06:53.800  1391  4073 E AppOps  : Operation not started: uid=5021 pkg=com.samsung.adaptivebrightnessgo(null) op=CAMERA
06-28 12:06:58.919  1391  4073 E AppOps  : evalMode() Foreground mode : uid - 5021, op - 26, capability - 0
06-28 12:06:58.972  1391  4073 E AppOps  : evalMode() Foreground mode : uid - 5021, op - 26, capability - 0
06-28 12:06:59.335  1391  4073 E AppOps  : Operation not started: uid=5021 pkg=com.samsung.adaptivebrightnessgo(null) op=CAMERA
06-28 12:07:04.404  1391  4051 E AppOps  : evalMode() Foreground mode : uid - 10165, op - 1, capability - 0
06-28 12:07:04.405  1391  4051 E AppOps  : evalMode() Foreground mode : uid - 10165, op - 0, capability - 0
06-28 12:07:04.501  1391  4105 E AppOps  : evalMode() Foreground mode : uid - 5021, op - 26, capability - 0
06-28 12:07:04.590  1391  2318 E AppOps  : evalMode() Foreground mode : uid - 5021, op - 26, capability - 0
06-28 12:07:04.893  1391  4105 E AppOps  : Operation not started: uid=5021 pkg=com.samsung.adaptivebrightnessgo(null) op=CAMERA
06-28 12:07:23.070  1391  1455 E Watchdog: !@Sync: 1561 heap: 116 / 135 [2025-06-28 12:07:23.070] sdogWay: softdog FD: 959
06-28 12:07:53.084  1391  1455 E Watchdog: !@Sync: 1562 heap: 130 / 135 [2025-06-28 12:07:53.083] sdogWay: softdog FD: 972
06-28 12:08:23.095  1391  1455 E Watchdog: !@Sync: 1563 heap: 125 / 135 [2025-06-28 12:08:23.094] sdogWay: softdog FD: 965
06-28 12:08:53.108  1391  1455 E Watchdog: !@Sync: 1564 heap: 117 / 135 [2025-06-28 12:08:53.107] sdogWay: softdog FD: 958
06-28 12:09:23.115  1391  1455 E Watchdog: !@Sync: 1565 heap: 134 / 135 [2025-06-28 12:09:23.114] sdogWay: softdog FD: 970
06-28 12:09:53.125  1391  1455 E Watchdog: !@Sync: 1566 heap: 127 / 135 [2025-06-28 12:09:53.124] sdogWay: softdog FD: 971
06-28 12:10:23.146  1391  1455 E Watchdog: !@Sync: 1567 heap: 125 / 135 [2025-06-28 12:10:23.145] sdogWay: softdog FD: 957
06-28 12:10:53.156  1391  1455 E Watchdog: !@Sync: 1568 heap: 124 / 135 [2025-06-28 12:10:53.155] sdogWay: softdog FD: 961
06-28 12:11:23.168  1391  1455 E Watchdog: !@Sync: 1569 heap: 125 / 135 [2025-06-28 12:11:23.167] sdogWay: softdog FD: 953
06-28 12:11:53.180  1391  1455 E Watchdog: !@Sync: 1570 heap: 124 / 135 [2025-06-28 12:11:53.179] sdogWay: softdog FD: 958
06-28 12:12:09.830  1391  4073 E AppOps  : evalMode() Foreground mode : uid - 10165, op - 1, capability - 0
06-28 12:12:09.832  1391  4073 E AppOps  : evalMode() Foreground mode : uid - 10165, op - 0, capability - 0
06-28 12:12:23.193  1391  1455 E Watchdog: !@Sync: 1571 heap: 119 / 135 [2025-06-28 12:12:23.192] sdogWay: softdog FD: 949
06-28 12:12:53.207  1391  1455 E Watchdog: !@Sync: 1572 heap: 118 / 135 [2025-06-28 12:12:53.206] sdogWay: softdog FD: 951
06-28 12:13:23.223  1391  1455 E Watchdog: !@Sync: 1573 heap: 135 / 135 [2025-06-28 12:13:23.222] sdogWay: softdog FD: 979
06-28 12:13:53.234  1391  1455 E Watchdog: !@Sync: 1574 heap: 131 / 135 [2025-06-28 12:13:53.233] sdogWay: softdog FD: 962
06-28 12:14:23.247  1391  1455 E Watchdog: !@Sync: 1575 heap: 132 / 135 [2025-06-28 12:14:23.246] sdogWay: softdog FD: 963
06-28 12:14:53.258  1391  1455 E Watchdog: !@Sync: 1576 heap: 128 / 135 [2025-06-28 12:14:53.257] sdogWay: softdog FD: 961
06-28 12:15:23.271  1391  1455 E Watchdog: !@Sync: 1577 heap: 126 / 135 [2025-06-28 12:15:23.270] sdogWay: softdog FD: 954
06-28 12:15:53.284  1391  1455 E Watchdog: !@Sync: 1578 heap: 120 / 135 [2025-06-28 12:15:53.282] sdogWay: softdog FD: 949
06-28 12:16:23.295  1391  1455 E Watchdog: !@Sync: 1579 heap: 128 / 135 [2025-06-28 12:16:23.294] sdogWay: softdog FD: 949
06-28 12:16:53.311  1391  1455 E Watchdog: !@Sync: 1580 heap: 126 / 135 objects: 2585547 WaitTime: 0,000 GCcnt: 0 FD: 966 [2025-06-28 12:16:53.310] sdogWay:softdog
06-28 12:17:23.328  1391  1455 E Watchdog: !@Sync: 1581 heap: 115 / 135 [2025-06-28 12:17:23.327] sdogWay: softdog FD: 953
06-28 12:17:53.341  1391  1455 E Watchdog: !@Sync: 1582 heap: 131 / 135 [2025-06-28 12:17:53.340] sdogWay: softdog FD: 971
06-28 12:18:23.346  1391  1455 E Watchdog: !@Sync: 1583 heap: 122 / 135 [2025-06-28 12:18:23.345] sdogWay: softdog FD: 959
06-28 12:18:53.358  1391  1455 E Watchdog: !@Sync: 1584 heap: 114 / 135 [2025-06-28 12:18:53.357] sdogWay: softdog FD: 949
06-28 12:19:23.372  1391  1455 E Watchdog: !@Sync: 1585 heap: 132 / 135 [2025-06-28 12:19:23.371] sdogWay: softdog FD: 964
06-28 12:19:53.384  1391  1455 E Watchdog: !@Sync: 1586 heap: 124 / 135 [2025-06-28 12:19:53.383] sdogWay: softdog FD: 962
06-28 12:20:23.397  1391  1455 E Watchdog: !@Sync: 1587 heap: 118 / 135 [2025-06-28 12:20:23.395] sdogWay: softdog FD: 956
06-28 12:20:53.410  1391  1455 E Watchdog: !@Sync: 1588 heap: 116 / 135 [2025-06-28 12:20:53.409] sdogWay: softdog FD: 947
06-28 12:21:23.421  1391  1455 E Watchdog: !@Sync: 1589 heap: 117 / 135 [2025-06-28 12:21:23.420] sdogWay: softdog FD: 948
06-28 12:21:53.433  1391  1455 E Watchdog: !@Sync: 1590 heap: 129 / 135 [2025-06-28 12:21:53.432] sdogWay: softdog FD: 963
06-28 12:22:23.461  1391  1455 E Watchdog: !@Sync: 1591 heap: 122 / 141 [2025-06-28 12:22:23.460] sdogWay: softdog FD: 947
06-28 12:22:53.474  1391  1455 E Watchdog: !@Sync: 1592 heap: 123 / 141 [2025-06-28 12:22:53.473] sdogWay: softdog FD: 943
06-28 12:23:23.484  1391  1455 E Watchdog: !@Sync: 1593 heap: 137 / 141 [2025-06-28 12:23:23.483] sdogWay: softdog FD: 965
06-28 12:23:53.494  1391  1455 E Watchdog: !@Sync: 1594 heap: 126 / 141 [2025-06-28 12:23:53.493] sdogWay: softdog FD: 943
06-28 12:24:23.500  1391  1455 E Watchdog: !@Sync: 1595 heap: 124 / 141 [2025-06-28 12:24:23.500] sdogWay: softdog FD: 940
06-28 12:24:53.510  1391  1455 E Watchdog: !@Sync: 1596 heap: 125 / 141 [2025-06-28 12:24:53.509] sdogWay: softdog FD: 939
06-28 12:25:23.519  1391  1455 E Watchdog: !@Sync: 1597 heap: 129 / 141 [2025-06-28 12:25:23.518] sdogWay: softdog FD: 945
06-28 12:25:53.529  1391  1455 E Watchdog: !@Sync: 1598 heap: 132 / 141 [2025-06-28 12:25:53.528] sdogWay: softdog FD: 950
06-28 12:26:23.536  1391  1455 E Watchdog: !@Sync: 1599 heap: 134 / 141 [2025-06-28 12:26:23.535] sdogWay: softdog FD: 959
06-28 12:26:53.548  1391  1455 E Watchdog: !@Sync: 1600 heap: 122 / 136 objects: 2412795 WaitTime: 0,000 GCcnt: 0 FD: 961 [2025-06-28 12:26:53.547] sdogWay:softdog
06-28 12:27:23.558  1391  1455 E Watchdog: !@Sync: 1601 heap: 123 / 136 [2025-06-28 12:27:23.557] sdogWay: softdog FD: 960
06-28 12:27:53.574  1391  1455 E Watchdog: !@Sync: 1602 heap: 119 / 136 [2025-06-28 12:27:53.573] sdogWay: softdog FD: 958
06-28 12:28:23.591  1391  1455 E Watchdog: !@Sync: 1603 heap: 132 / 136 [2025-06-28 12:28:23.590] sdogWay: softdog FD: 968
06-28 12:28:25.419  1823  2177 E TaskStackListenerAbstract: onTaskSnapshotChanged called by Binder.getCallingPid() 0 android.app.ITaskStackListener$Stub.onTransact:585 android.os.Binder.execTransactInternal:1220 android.os.Binder.execTransact:1179 <bottom of call stack> 
06-28 12:28:25.420  1823 12932 E TaskStackListenerAbstract: onTaskSnapshotChanged called by Binder.getCallingPid() 0 android.app.ITaskStackListener$Stub.onTransact:585 android.os.Binder.execTransactInternal:1220 android.os.Binder.execTransact:1179 <bottom of call stack> 
06-28 12:28:25.420  4046  4421 E TaskStackListenerAbstract: onTaskSnapshotChanged called by Binder.getCallingPid() 0 android.app.ITaskStackListener$Stub.onTransact:585 android.os.Binder.execTransactInternal:1220 android.os.Binder.execTransact:1179 <bottom of call stack> 
06-28 12:28:25.434 24373 24393 E TaskStackListenerAbstract: onTaskSnapshotChanged called by Binder.getCallingPid() 0 android.app.ITaskStackListener$Stub.onTransact:585 android.os.Binder.execTransactInternal:1220 android.os.Binder.execTransact:1179 <bottom of call stack> 
06-28 12:28:25.853  1391  2318 E WindowManager: win=Window{412e109 u0 com.samsung.android.app.cocktailbarservice/com.samsung.android.app.cocktailbarservice.CocktailBarService} destroySurfaces: appStopped=true win.mWindowRemovalAllowed=false win.mRemoveOnExit=false win.mViewVisibility=8 caller=com.android.server.wm.WindowManagerService.tryStartExitingAnimation:2951 com.android.server.wm.WindowManagerService.relayoutWindow:2675 com.android.server.wm.Session.relayout:242 android.view.IWindowSession$Stub.onTransact:790 com.android.server.wm.Session.onTransact:176 android.os.Binder.execTransactInternal:1215 android.os.Binder.execTransact:1179 
06-28 12:28:26.167  1391  4107 E WindowManager: win=Window{dd0c5eb u0 com.example.gestaobilhares/com.example.gestaobilhares.MainActivity} destroySurfaces: appStopped=true win.mWindowRemovalAllowed=false win.mRemoveOnExit=false win.mViewVisibility=8 caller=com.android.server.wm.ActivityRecord.destroySurfaces:5873 com.android.server.wm.ActivityRecord.destroySurfaces:5854 com.android.server.wm.ActivityRecord.notifyAppStopped:5918 com.android.server.wm.ActivityRecord.activityStopped:6560 com.android.server.wm.ActivityClientController.activityStopped:254 android.app.IActivityClientController$Stub.onTransact:596 com.android.server.wm.ActivityClientController.onTransact:130 
06-28 12:28:26.913  3708 24366 E LoadedApk: Exception : java.lang.NullPointerException: Attempt to invoke virtual method 'boolean android.os.Looper.isPerfLogEnable()' on a null object reference
06-28 12:28:27.061  3708 22723 E LoadedApk: Exception : java.lang.NullPointerException: Attempt to invoke virtual method 'boolean android.os.Looper.isPerfLogEnable()' on a null object reference
06-28 12:28:27.065  3708 22723 E LoadedApk: Exception : java.lang.NullPointerException: Attempt to invoke virtual method 'boolean android.os.Looper.isPerfLogEnable()' on a null object reference
06-28 12:29:09.426  1391  1455 E Watchdog: !@Sync: 1604 heap: 124 / 136 [2025-06-28 12:29:09.425] sdogWay: softdog FD: 998
06-28 12:29:11.631  3708 22723 E LoadedApk: Exception : java.lang.NullPointerException: Attempt to invoke virtual method 'boolean android.os.Looper.isPerfLogEnable()' on a null object reference
06-28 12:29:16.903 24473 24724 E ActivityThread: Failed to find provider info for com.sec.android.app.sbrowser.browser
06-28 12:29:50.107  1391  1455 E Watchdog: !@Sync: 1605 heap: 118 / 136 [2025-06-28 12:29:50.106] sdogWay: softdog FD: 964
06-28 12:30:38.886  1391  1455 E Watchdog: !@Sync: 1606 heap: 126 / 136 [2025-06-28 12:30:38.885] sdogWay: softdog FD: 987
06-28 12:31:24.583  1391  1455 E Watchdog: !@Sync: 1607 heap: 134 / 136 [2025-06-28 12:31:24.582] sdogWay: softdog FD: 1011
06-28 12:32:13.245  1391  1455 E Watchdog: !@Sync: 1608 heap: 121 / 136 [2025-06-28 12:32:13.244] sdogWay: softdog FD: 974
06-28 12:33:01.395  1391  1455 E Watchdog: !@Sync: 1609 heap: 129 / 136 [2025-06-28 12:33:01.393] sdogWay: softdog FD: 987
06-28 12:33:49.895  1391  1455 E Watchdog: !@Sync: 1610 heap: 124 / 136 [2025-06-28 12:33:49.894] sdogWay: softdog FD: 971
06-28 12:34:44.396  1391  1455 E Watchdog: !@Sync: 1611 heap: 132 / 136 [2025-06-28 12:34:44.395] sdogWay: softdog FD: 1002
06-28 12:35:26.980  1391  1455 E Watchdog: !@Sync: 1612 heap: 123 / 136 [2025-06-28 12:35:26.979] sdogWay: softdog FD: 971
06-28 12:35:58.607  1391  4105 E AppOps  : evalMode() Foreground mode : uid - 10165, op - 1, capability - 0
06-28 12:35:58.608  1391  4105 E AppOps  : evalMode() Foreground mode : uid - 10165, op - 0, capability - 0
06-28 12:36:13.184  1391  1455 E Watchdog: !@Sync: 1613 heap: 123 / 136 [2025-06-28 12:36:13.183] sdogWay: softdog FD: 973
06-28 12:37:04.946  1391  1455 E Watchdog: !@Sync: 1614 heap: 129 / 136 [2025-06-28 12:37:04.945] sdogWay: softdog FD: 984
06-28 12:37:48.591  1391  1455 E Watchdog: !@Sync: 1615 heap: 121 / 136 [2025-06-28 12:37:48.590] sdogWay: softdog FD: 964
06-28 12:38:33.280  1391  1455 E Watchdog: !@Sync: 1616 heap: 129 / 136 [2025-06-28 12:38:33.279] sdogWay: softdog FD: 978
06-28 12:39:22.083  1391  1455 E Watchdog: !@Sync: 1617 heap: 122 / 136 [2025-06-28 12:39:22.082] sdogWay: softdog FD: 964
06-28 12:40:08.436  1391  1455 E Watchdog: !@Sync: 1618 heap: 134 / 136 [2025-06-28 12:40:08.435] sdogWay: softdog FD: 992
06-28 12:40:49.081  1391  4127 E AppOps  : evalMode() Foreground mode : uid - 10165, op - 1, capability - 0
06-28 12:40:49.083  1391  4127 E AppOps  : evalMode() Foreground mode : uid - 10165, op - 0, capability - 0
06-28 12:40:52.699  1391  1455 E Watchdog: !@Sync: 1619 heap: 114 / 136 [2025-06-28 12:40:52.699] sdogWay: softdog FD: 1055
06-28 12:41:43.206  1391  1455 E Watchdog: !@Sync: 1620 heap: 121 / 136 objects: 2408448 WaitTime: 0,000 GCcnt: 0 FD: 1145 [2025-06-28 12:41:43.206] sdogWay:softdog
06-28 12:42:31.879  1391  1455 E Watchdog: !@Sync: 1621 heap: 124 / 136 [2025-06-28 12:42:31.878] sdogWay: softdog FD: 1144
06-28 12:43:22.604  1391  1455 E Watchdog: !@Sync: 1622 heap: 131 / 136 [2025-06-28 12:43:22.603] sdogWay: softdog FD: 1154
06-28 12:43:34.581  1391  1491 E VerityUtils: Failed to measure fs-verity, errno 1: /data/app/~~d6zgcEr-CCcBMHyGO3OkzQ==/com.google.android.gms-TogEgvjhFvQAjrDZfX9TUQ==/base.apk
06-28 12:43:34.644  1391  1491 E VerityUtils: Failed to measure fs-verity, errno 1: /data/app/~~KpEDIpzBWFwSToBRCSh2vw==/com.android.vending-vyUQp-WpMGQWdaCFOaf6iw==/base.apk
06-28 12:43:35.805   550  6698 E keystore2/km_compat: !@ begin :  result = -11
06-28 12:43:35.805   550  6698 E keystore2/km_compat: !@ signCertificate : signCertWith failed. Callback diagnosed: -11
06-28 12:43:42.858  1391  1491 E VerityUtils: Failed to measure fs-verity, errno 1: /system/priv-app/SamsungDialer/SamsungDialer.apk
06-28 12:43:43.398  1391  1491 E VerityUtils: Failed to measure fs-verity, errno 1: /data/app/~~s1QMUOn8lpzwwBUvCT4GYg==/com.samsung.android.messaging-Vv3rcfsgwj1TAg1p3JAGAg==/base.apk
06-28 12:43:44.914  1391  1491 E VerityUtils: Failed to measure fs-verity, errno 1: /data/app/~~tH6CEuC5EdkM5dC-Z_1Wrw==/com.mm.droid.livetv.rpm-1FzW7zxmu5fFrejIdcE4RQ==/base.apk
06-28 12:43:45.356  1391  1491 E VerityUtils: Failed to measure fs-verity, errno 1: /data/app/~~FVlTN33Q7dURMlVxvSLoKg==/com.android.chrome-E4pCu1DtCYch_6omTaYXgA==/base.apk
06-28 12:43:45.543  1391  1491 E VerityUtils: Failed to measure fs-verity, errno 1: /data/app/~~ntcgQHcAtEIgDrsIvZTJXQ==/com.google.android.apps.docs-JJHl7KnscvQfSWHLRWfnvg==/base.apk
06-28 12:43:45.570  1391  1491 E VerityUtils: Failed to measure fs-verity, errno 1: /data/app/~~16dp3-VQmuacUKf0ZOZqIA==/com.whatsapp-0svaX663pJQYHYKnObV8Ig==/base.apk
06-28 12:43:45.743  1391  1491 E VerityUtils: Failed to measure fs-verity, errno 1: /data/app/~~YXecgVbUQOaMk08VgOSG-w==/com.snaptube.premium-WLidWYHbV9VUAUfUpIFubg==/base.apk
06-28 12:43:46.238  1391  1491 E VerityUtils: Failed to measure fs-verity, errno 1: /data/app/~~wx9ueukdRyY-8sAzQ9NQUQ==/com.valor.mfc.droid.mobile-OPnRUkEmOr7Q40hT_jPodA==/base.apk
06-28 12:43:46.772  1391  1491 E VerityUtils: Failed to measure fs-verity, errno 1: /system/framework/framework-res.apk
06-28 12:43:55.030  1391  1455 E Watchdog: !@Sync: 1623 heap: 132 / 138 [2025-06-28 12:43:55.029] sdogWay: softdog FD: 1070
06-28 12:44:02.165  3708 27193 E LoadedApk: Exception : java.lang.NullPointerException: Attempt to invoke virtual method 'boolean android.os.Looper.isPerfLogEnable()' on a null object reference
06-28 12:44:02.166  3708 27193 E LoadedApk: Exception : java.lang.NullPointerException: Attempt to invoke virtual method 'boolean android.os.Looper.isPerfLogEnable()' on a null object reference
06-28 12:44:02.773  3708 27244 E LoadedApk: Exception : java.lang.NullPointerException: Attempt to invoke virtual method 'boolean android.os.Looper.isPerfLogEnable()' on a null object reference
06-28 12:44:02.781 25810 26431 E LoadedApk: Exception : java.lang.NullPointerException: Attempt to invoke virtual method 'boolean android.os.Looper.isPerfLogEnable()' on a null object reference
06-28 12:44:02.782 25810 26431 E LoadedApk: Exception : java.lang.NullPointerException: Attempt to invoke virtual method 'boolean android.os.Looper.isPerfLogEnable()' on a null object reference
06-28 12:44:05.643  3708 27193 E LoadedApk: Exception : java.lang.NullPointerException: Attempt to invoke virtual method 'boolean android.os.Looper.isPerfLogEnable()' on a null object reference
06-28 12:44:05.653 25810 26410 E LoadedApk: Exception : java.lang.NullPointerException: Attempt to invoke virtual method 'boolean android.os.Looper.isPerfLogEnable()' on a null object reference
06-28 12:44:05.659 25810 26410 E LoadedApk: Exception : java.lang.NullPointerException: Attempt to invoke virtual method 'boolean android.os.Looper.isPerfLogEnable()' on a null object reference
06-28 12:44:10.842  3708 27193 E LoadedApk: Exception : java.lang.NullPointerException: Attempt to invoke virtual method 'boolean android.os.Looper.isPerfLogEnable()' on a null object reference
06-28 12:44:10.850 25810 25854 E LoadedApk: Exception : java.lang.NullPointerException: Attempt to invoke virtual method 'boolean android.os.Looper.isPerfLogEnable()' on a null object reference
06-28 12:44:10.852 25810 25854 E LoadedApk: Exception : java.lang.NullPointerException: Attempt to invoke virtual method 'boolean android.os.Looper.isPerfLogEnable()' on a null object reference
06-28 12:44:13.935  3708 25683 E LoadedApk: Exception : java.lang.NullPointerException: Attempt to invoke virtual method 'boolean android.os.Looper.isPerfLogEnable()' on a null object reference
06-28 12:44:13.942 25810 25854 E LoadedApk: Exception : java.lang.NullPointerException: Attempt to invoke virtual method 'boolean android.os.Looper.isPerfLogEnable()' on a null object reference
06-28 12:44:13.943 25810 25854 E LoadedApk: Exception : java.lang.NullPointerException: Attempt to invoke virtual method 'boolean android.os.Looper.isPerfLogEnable()' on a null object reference
06-28 12:44:15.452  3708 27193 E LoadedApk: Exception : java.lang.NullPointerException: Attempt to invoke virtual method 'boolean android.os.Looper.isPerfLogEnable()' on a null object reference
06-28 12:44:15.457 25810 25854 E LoadedApk: Exception : java.lang.NullPointerException: Attempt to invoke virtual method 'boolean android.os.Looper.isPerfLogEnable()' on a null object reference
06-28 12:44:15.458 25810 25854 E LoadedApk: Exception : java.lang.NullPointerException: Attempt to invoke virtual method 'boolean android.os.Looper.isPerfLogEnable()' on a null object reference
06-28 12:44:16.087  1391 27272 E ActivityThread: Failed to find provider info for com.shopee.br.fileprovider
06-28 12:44:16.090  1391 27272 E ActivityThread: Failed to find provider info for com.shopee.br.fileprovider
06-28 12:44:16.091  1391 27272 E ActivityThread: Failed to find provider info for com.shopee.br.fileprovider
06-28 12:44:16.092  1391 27272 E ActivityThread: Failed to find provider info for com.shopee.br.fileprovider
06-28 12:44:16.093  1391 27272 E ActivityThread: Failed to find provider info for com.shopee.br.fileprovider
06-28 12:44:16.094  1391 27272 E ActivityThread: Failed to find provider info for com.shopee.br.fileprovider
06-28 12:44:16.094  1391 27272 E ActivityThread: Failed to find provider info for com.shopee.br.fileprovider
06-28 12:44:25.046  1391  1455 E Watchdog: !@Sync: 1624 heap: 133 / 138 [2025-06-28 12:44:25.045] sdogWay: softdog FD: 1006
06-28 12:44:40.948  3708 27244 E LoadedApk: Exception : java.lang.NullPointerException: Attempt to invoke virtual method 'boolean android.os.Looper.isPerfLogEnable()' on a null object reference
06-28 12:44:40.954 25810 25854 E LoadedApk: Exception : java.lang.NullPointerException: Attempt to invoke virtual method 'boolean android.os.Looper.isPerfLogEnable()' on a null object reference
06-28 12:44:40.955 25810 25854 E LoadedApk: Exception : java.lang.NullPointerException: Attempt to invoke virtual method 'boolean android.os.Looper.isPerfLogEnable()' on a null object reference
06-28 12:44:43.005  3708 27244 E LoadedApk: Exception : java.lang.NullPointerException: Attempt to invoke virtual method 'boolean android.os.Looper.isPerfLogEnable()' on a null object reference
06-28 12:44:43.012 25810 25854 E LoadedApk: Exception : java.lang.NullPointerException: Attempt to invoke virtual method 'boolean android.os.Looper.isPerfLogEnable()' on a null object reference
06-28 12:44:43.012 25810 25854 E LoadedApk: Exception : java.lang.NullPointerException: Attempt to invoke virtual method 'boolean android.os.Looper.isPerfLogEnable()' on a null object reference
06-28 12:44:44.147  3708 27244 E LoadedApk: Exception : java.lang.NullPointerException: Attempt to invoke virtual method 'boolean android.os.Looper.isPerfLogEnable()' on a null object reference
06-28 12:44:44.154 25810 25854 E LoadedApk: Exception : java.lang.NullPointerException: Attempt to invoke virtual method 'boolean android.os.Looper.isPerfLogEnable()' on a null object reference
06-28 12:44:44.155 25810 25854 E LoadedApk: Exception : java.lang.NullPointerException: Attempt to invoke virtual method 'boolean android.os.Looper.isPerfLogEnable()' on a null object reference
06-28 12:44:49.803  3708 27193 E LoadedApk: Exception : java.lang.NullPointerException: Attempt to invoke virtual method 'boolean android.os.Looper.isPerfLogEnable()' on a null object reference
06-28 12:44:49.811 25810 27462 E LoadedApk: Exception : java.lang.NullPointerException: Attempt to invoke virtual method 'boolean android.os.Looper.isPerfLogEnable()' on a null object reference
06-28 12:44:49.813 25810 27462 E LoadedApk: Exception : java.lang.NullPointerException: Attempt to invoke virtual method 'boolean android.os.Looper.isPerfLogEnable()' on a null object reference
06-28 12:44:52.132  3708 27193 E LoadedApk: Exception : java.lang.NullPointerException: Attempt to invoke virtual method 'boolean android.os.Looper.isPerfLogEnable()' on a null object reference
06-28 12:44:52.140 25810 27462 E LoadedApk: Exception : java.lang.NullPointerException: Attempt to invoke virtual method 'boolean android.os.Looper.isPerfLogEnable()' on a null object reference
06-28 12:44:52.141 25810 27462 E LoadedApk: Exception : java.lang.NullPointerException: Attempt to invoke virtual method 'boolean android.os.Looper.isPerfLogEnable()' on a null object reference
06-28 12:44:54.290  3708 27193 E LoadedApk: Exception : java.lang.NullPointerException: Attempt to invoke virtual method 'boolean android.os.Looper.isPerfLogEnable()' on a null object reference
06-28 12:44:54.297 25810 27462 E LoadedApk: Exception : java.lang.NullPointerException: Attempt to invoke virtual method 'boolean android.os.Looper.isPerfLogEnable()' on a null object reference
06-28 12:44:54.298 25810 27462 E LoadedApk: Exception : java.lang.NullPointerException: Attempt to invoke virtual method 'boolean android.os.Looper.isPerfLogEnable()' on a null object reference
06-28 12:44:54.836  3708 27193 E LoadedApk: Exception : java.lang.NullPointerException: Attempt to invoke virtual method 'boolean android.os.Looper.isPerfLogEnable()' on a null object reference
06-28 12:44:54.851 25810 27462 E LoadedApk: Exception : java.lang.NullPointerException: Attempt to invoke virtual method 'boolean android.os.Looper.isPerfLogEnable()' on a null object reference
06-28 12:44:54.862 25810 27462 E LoadedApk: Exception : java.lang.NullPointerException: Attempt to invoke virtual method 'boolean android.os.Looper.isPerfLogEnable()' on a null object reference
06-28 12:44:55.057  1391  1455 E Watchdog: !@Sync: 1625 heap: 116 / 138 [2025-06-28 12:44:55.056] sdogWay: softdog FD: 953
06-28 12:44:56.825  3708 27193 E LoadedApk: Exception : java.lang.NullPointerException: Attempt to invoke virtual method 'boolean android.os.Looper.isPerfLogEnable()' on a null object reference
06-28 12:44:56.835 25810 27462 E LoadedApk: Exception : java.lang.NullPointerException: Attempt to invoke virtual method 'boolean android.os.Looper.isPerfLogEnable()' on a null object reference
06-28 12:44:56.859 25810 27462 E LoadedApk: Exception : java.lang.NullPointerException: Attempt to invoke virtual method 'boolean android.os.Looper.isPerfLogEnable()' on a null object reference
06-28 12:45:39.682  1391  1455 E Watchdog: !@Sync: 1626 heap: 124 / 137 [2025-06-28 12:45:39.682] sdogWay: softdog FD: 959
06-28 12:46:19.356  1391  1455 E Watchdog: !@Sync: 1627 heap: 119 / 137 [2025-06-28 12:46:19.355] sdogWay: softdog FD: 947
06-28 12:47:05.700  1391  1455 E Watchdog: !@Sync: 1628 heap: 128 / 137 [2025-06-28 12:47:05.699] sdogWay: softdog FD: 962
06-28 12:47:41.970  1391  1455 E Watchdog: !@Sync: 1629 heap: 136 / 137 [2025-06-28 12:47:41.969] sdogWay: softdog FD: 976
06-28 12:48:39.345  1391  1455 E Watchdog: !@Sync: 1630 heap: 123 / 137 [2025-06-28 12:48:39.344] sdogWay: softdog FD: 955
06-28 12:49:17.145  1391  1455 E Watchdog: !@Sync: 1631 heap: 133 / 137 [2025-06-28 12:49:17.144] sdogWay: softdog FD: 993
06-28 12:50:04.652  1391  1455 E Watchdog: !@Sync: 1632 heap: 121 / 137 [2025-06-28 12:50:04.651] sdogWay: softdog FD: 970
06-28 12:50:54.044  1391  1455 E Watchdog: !@Sync: 1633 heap: 123 / 137 [2025-06-28 12:50:54.043] sdogWay: softdog FD: 984
06-28 12:51:28.796  1391  1455 E Watchdog: !@Sync: 1634 heap: 132 / 137 [2025-06-28 12:51:28.795] sdogWay: softdog FD: 984
06-28 12:52:22.287  1391  1455 E Watchdog: !@Sync: 1635 heap: 120 / 137 [2025-06-28 12:52:22.286] sdogWay: softdog FD: 971
06-28 12:53:12.697  1391  1455 E Watchdog: !@Sync: 1636 heap: 133 / 137 [2025-06-28 12:53:12.695] sdogWay: softdog FD: 989
06-28 12:53:58.025  1391  1455 E Watchdog: !@Sync: 1637 heap: 121 / 137 [2025-06-28 12:53:58.024] sdogWay: softdog FD: 980
06-28 12:54:55.112  1391  1455 E Watchdog: !@Sync: 1638 heap: 127 / 137 [2025-06-28 12:54:55.111] sdogWay: softdog FD: 999
06-28 12:55:01.222  1391 29712 E Telecom:SamsungRingerRepositoryImpl: startLookupVibrationType java.lang.NullPointerException: uri
06-28 12:55:04.589  1391  4122 E WindowManager: win=Window{9bd6913 u0 NotificationShade} destroySurfaces: appStopped=true win.mWindowRemovalAllowed=false win.mRemoveOnExit=false win.mViewVisibility=4 caller=com.android.server.wm.WindowManagerService.tryStartExitingAnimation:2951 com.android.server.wm.WindowManagerService.relayoutWindow:2675 com.android.server.wm.Session.relayout:242 android.view.IWindowSession$Stub.onTransact:790 com.android.server.wm.Session.onTransact:176 android.os.Binder.execTransactInternal:1215 android.os.Binder.execTransact:1179 
06-28 12:55:05.130  3708 29670 E LoadedApk: Exception : java.lang.NullPointerException: Attempt to invoke virtual method 'boolean android.os.Looper.isPerfLogEnable()' on a null object reference
06-28 12:55:05.206  1391  4105 E AppOps  : evalMode() Foreground mode : uid - 10248, op - 1, capability - 0
06-28 12:55:05.207  3708 29566 E LoadedApk: Exception : java.lang.NullPointerException: Attempt to invoke virtual method 'boolean android.os.Looper.isPerfLogEnable()' on a null object reference
06-28 12:55:05.211  3708 29566 E LoadedApk: Exception : java.lang.NullPointerException: Attempt to invoke virtual method 'boolean android.os.Looper.isPerfLogEnable()' on a null object reference
06-28 12:55:08.080  1391  1482 E PowerManagerService: [PWL]       FULL_WAKE_LOCK                 'InCallWakeLockController' ACQ=-5s997ms (uid=1000 pid=1391 displayId=-1)
06-28 12:55:08.080  1391  1482 E PowerManagerService: [PWL]       SCREEN_BRIGHT_WAKE_LOCK        'WindowManager' ON_AFTER_RELEASE ACQ=-4s70ms (uid=1000 pid=1391 ws=WorkSource{1001} displayId=-1)
06-28 12:55:08.570  1823 32126 E TaskStackListenerAbstract: onTaskSnapshotChanged called by Binder.getCallingPid() 0 android.app.ITaskStackListener$Stub.onTransact:585 android.os.Binder.execTransactInternal:1220 android.os.Binder.execTransact:1179 <bottom of call stack> 
06-28 12:55:08.571 24373 29937 E TaskStackListenerAbstract: onTaskSnapshotChanged called by Binder.getCallingPid() 0 android.app.ITaskStackListener$Stub.onTransact:585 android.os.Binder.execTransactInternal:1220 android.os.Binder.execTransact:1179 <bottom of call stack> 
06-28 12:55:08.571  1823  2177 E TaskStackListenerAbstract: onTaskSnapshotChanged called by Binder.getCallingPid() 0 android.app.ITaskStackListener$Stub.onTransact:585 android.os.Binder.execTransactInternal:1220 android.os.Binder.execTransact:1179 <bottom of call stack> 
06-28 12:55:08.571  4046  4067 E TaskStackListenerAbstract: onTaskSnapshotChanged called by Binder.getCallingPid() 0 android.app.ITaskStackListener$Stub.onTransact:585 android.os.Binder.execTransactInternal:1220 android.os.Binder.execTransact:1179 <bottom of call stack> 
06-28 12:55:08.671  1391  4107 E WindowManager: win=Window{3b414ee u0 com.samsung.android.incallui/com.android.incallui.call.InCallActivity} destroySurfaces: appStopped=true win.mWindowRemovalAllowed=false win.mRemoveOnExit=false win.mViewVisibility=8 caller=com.android.server.wm.ActivityRecord.destroySurfaces:5873 com.android.server.wm.ActivityRecord.destroySurfaces:5854 com.android.server.wm.ActivityRecord.notifyAppStopped:5918 com.android.server.wm.ActivityRecord.activityStopped:6560 com.android.server.wm.ActivityClientController.activityStopped:254 android.app.IActivityClientController$Stub.onTransact:596 com.android.server.wm.ActivityClientController.onTransact:130 
06-28 12:55:08.888  1391  4122 E WindowManager: win=Window{412e109 u0 com.samsung.android.app.cocktailbarservice/com.samsung.android.app.cocktailbarservice.CocktailBarService} destroySurfaces: appStopped=true win.mWindowRemovalAllowed=false win.mRemoveOnExit=false win.mViewVisibility=8 caller=com.android.server.wm.WindowManagerService.tryStartExitingAnimation:2951 com.android.server.wm.WindowManagerService.relayoutWindow:2675 com.android.server.wm.Session.relayout:242 android.view.IWindowSession$Stub.onTransact:790 com.android.server.wm.Session.onTransact:176 android.os.Binder.execTransactInternal:1215 android.os.Binder.execTransact:1179 
06-28 12:55:08.980  1391  4068 E WindowManager: win=Window{bc0a68c u0 FP Maskview} destroySurfaces: appStopped=true win.mWindowRemovalAllowed=false win.mRemoveOnExit=false win.mViewVisibility=4 caller=com.android.server.wm.WindowManagerService.tryStartExitingAnimation:2951 com.android.server.wm.WindowManagerService.relayoutWindow:2675 com.android.server.wm.Session.relayout:242 android.view.IWindowSession$Stub.onTransact:790 com.android.server.wm.Session.onTransact:176 android.os.Binder.execTransactInternal:1215 android.os.Binder.execTransact:1179 
06-28 12:55:09.474  3708 29670 E LoadedApk: Exception : java.lang.NullPointerException: Attempt to invoke virtual method 'boolean android.os.Looper.isPerfLogEnable()' on a null object reference
06-28 12:55:09.540  3708 29236 E LoadedApk: Exception : java.lang.NullPointerException: Attempt to invoke virtual method 'boolean android.os.Looper.isPerfLogEnable()' on a null object reference
06-28 12:55:09.545  3708 29236 E LoadedApk: Exception : java.lang.NullPointerException: Attempt to invoke virtual method 'boolean android.os.Looper.isPerfLogEnable()' on a null object reference
06-28 12:55:13.083  1391  1482 E PowerManagerService: [PWL]       FULL_WAKE_LOCK                 'InCallWakeLockController' ACQ=-10s999ms (uid=1000 pid=1391 displayId=-1)
06-28 12:55:23.086  1391  1482 E PowerManagerService: [PWL]       FULL_WAKE_LOCK                 'InCallWakeLockController' ACQ=-21s3ms (uid=1000 pid=1391 displayId=-1)
06-28 12:55:26.498  1391  1455 E Watchdog: !@Sync: 1639 heap: 121 / 137 [2025-06-28 12:55:26.497] sdogWay: softdog FD: 986
06-28 12:55:31.158  1391  4107 E AppOps  : noteOperation
06-28 12:55:31.158  1391  4107 E AppOps  : java.lang.SecurityException: Specified package com.android.phone under uid 1000 but it is not
06-28 12:55:31.158  1391  4107 E AppOps  : 	at com.android.server.appop.AppOpsService.verifyAndGetBypass(AppOpsService.java:4784)
06-28 12:55:31.158  1391  4107 E AppOps  : 	at com.android.server.appop.AppOpsService.noteOperationUnchecked(AppOpsService.java:3559)
06-28 12:55:31.158  1391  4107 E AppOps  : 	at com.android.server.appop.AppOpsService.noteOperationImpl(AppOpsService.java:3547)
06-28 12:55:31.158  1391  4107 E AppOps  : 	at com.android.server.appop.AppOpsService.access$4000(AppOpsService.java:225)
06-28 12:55:31.158  1391  4107 E AppOps  : 	at com.android.server.appop.AppOpsService$CheckOpsDelegateDispatcher.lambda$noteOperation$4(AppOpsService.java:7833)
06-28 12:55:31.158  1391  4107 E AppOps  : 	at com.android.server.appop.AppOpsService$CheckOpsDelegateDispatcher$$ExternalSyntheticLambda2.apply(Unknown Source:33)
06-28 12:55:31.158  1391  4107 E AppOps  : 	at com.android.server.policy.AppOpsPolicy.noteOperation(AppOpsPolicy.java:219)
