06-28 16:11:28.467  2179  2330 E CapabilityUtil<0>: checkModuleReady: config is null
06-28 16:11:28.475  2179  2330 E #IMSCR  : 06-28 16:11:28 0x1101000B:0,FILTERED ALL:11
06-28 16:11:29.290   847   847 E ccci_rpcd: Failed to read from RPC device (-1) !! errno = 4
06-28 16:11:29.362   782   782 E android.hardware.health@2.1-service-samsung: Could not open /sys/class/power_supply/battery/lrp
06-28 16:11:29.447  2179  2330 E PaniGenerator: network is unknown.
06-28 16:11:29.458  2179  2330 E CmcServiceHelper: disallow Call Service
06-28 16:11:29.458  2179  2330 E CmcServiceHelper: disallow Call Service
06-28 16:11:29.458  2179  2330 E CapabilityUtil<0>: checkModuleReady: config is null
06-28 16:11:29.458  2179  2330 E CapabilityUtil<0>: checkModuleReady: config is null
06-28 16:11:29.469  2179  2330 E #IMSCR  : 06-28 16:11:29 0x1101000B:0,FILTERED ALL:11
06-28 16:11:29.497  2179  2330 E PaniGenerator: network is unknown.
06-28 16:11:29.529  2179  2330 E CmcServiceHelper: disallow Call Service
06-28 16:11:29.529  2179  2330 E CmcServiceHelper: disallow Call Service
06-28 16:11:29.529  2179  2330 E CapabilityUtil<0>: checkModuleReady: config is null
06-28 16:11:29.529  2179  2330 E CapabilityUtil<0>: checkModuleReady: config is null
06-28 16:11:29.537  2179  2330 E #IMSCR  : 06-28 16:11:29 0x1101000B:0,FILTERED ALL:11
06-28 16:11:30.838   847   847 E ccci_rpcd: Failed to read from RPC device (-1) !! errno = 4
06-28 16:11:30.869   782   782 E android.hardware.health@2.1-service-samsung: Could not open /sys/class/power_supply/battery/lrp
06-28 16:11:32.978   847   847 E ccci_rpcd: Failed to read from RPC device (-1) !! errno = 4
06-28 16:11:33.013   782   782 E android.hardware.health@2.1-service-samsung: Could not open /sys/class/power_supply/battery/lrp
06-28 16:11:33.118  2179  2330 E PaniGenerator: network is unknown.
06-28 16:11:33.132  2179  2330 E CmcServiceHelper: disallow Call Service
06-28 16:11:33.132  2179  2330 E CmcServiceHelper: disallow Call Service
06-28 16:11:33.134  2179  2330 E CapabilityUtil<0>: checkModuleReady: config is null
06-28 16:11:33.134  2179  2330 E CapabilityUtil<0>: checkModuleReady: config is null
06-28 16:11:33.146  2179  2330 E #IMSCR  : 06-28 16:11:33 0x1101000B:0,FILTERED ALL:11
06-28 16:11:33.164  2179  2330 E PaniGenerator: network is unknown.
06-28 16:11:33.173  2179  2330 E CmcServiceHelper: disallow Call Service
06-28 16:11:33.173  2179  2330 E CmcServiceHelper: disallow Call Service
06-28 16:11:33.174  2179  2330 E CapabilityUtil<0>: checkModuleReady: config is null
06-28 16:11:33.174  2179  2330 E CapabilityUtil<0>: checkModuleReady: config is null
06-28 16:11:33.183  2179  2330 E #IMSCR  : 06-28 16:11:33 0x1101000B:0,FILTERED ALL:11
06-28 16:11:34.729   847   847 E ccci_rpcd: Failed to read from RPC device (-1) !! errno = 4
06-28 16:11:34.761   782   782 E android.hardware.health@2.1-service-samsung: Could not open /sys/class/power_supply/battery/lrp
06-28 16:11:35.008  2179  2330 E PaniGenerator: network is unknown.
06-28 16:11:35.019  2179  2330 E CmcServiceHelper: disallow Call Service
06-28 16:11:35.019  2179  2330 E CmcServiceHelper: disallow Call Service
06-28 16:11:35.019  2179  2330 E CapabilityUtil<0>: checkModuleReady: config is null
06-28 16:11:35.019  2179  2330 E CapabilityUtil<0>: checkModuleReady: config is null
06-28 16:11:35.030  2179  2330 E #IMSCR  : 06-28 16:11:35 0x1101000B:0,FILTERED ALL:11
06-28 16:11:35.046  2179  2330 E PaniGenerator: network is unknown.
06-28 16:11:35.054  2179  2330 E CmcServiceHelper: disallow Call Service
06-28 16:11:35.054  2179  2330 E CmcServiceHelper: disallow Call Service
06-28 16:11:35.054  2179  2330 E CapabilityUtil<0>: checkModuleReady: config is null
06-28 16:11:35.055  2179  2330 E CapabilityUtil<0>: checkModuleReady: config is null
06-28 16:11:35.062  2179  2330 E #IMSCR  : 06-28 16:11:35 0x1101000B:0,FILTERED ALL:11
06-28 16:11:42.000   847   847 E ccci_rpcd: Failed to read from RPC device (-1) !! errno = 4
06-28 16:11:42.032   782   782 E android.hardware.health@2.1-service-samsung: Could not open /sys/class/power_supply/battery/lrp
06-28 16:11:42.785   847   847 E ccci_rpcd: Failed to read from RPC device (-1) !! errno = 4
06-28 16:11:42.818   782   782 E android.hardware.health@2.1-service-samsung: Could not open /sys/class/power_supply/battery/lrp
06-28 16:11:52.454   847   847 E ccci_rpcd: Failed to read from RPC device (-1) !! errno = 4
06-28 16:11:52.493   782   782 E android.hardware.health@2.1-service-samsung: Could not open /sys/class/power_supply/battery/lrp
06-28 16:11:52.555  2179  2330 E PaniGenerator: network is unknown.
06-28 16:11:52.565  2179  2330 E CmcServiceHelper: disallow Call Service
06-28 16:11:52.565  2179  2330 E CmcServiceHelper: disallow Call Service
06-28 16:11:52.565  2179  2330 E CapabilityUtil<0>: checkModuleReady: config is null
06-28 16:11:52.565  2179  2330 E CapabilityUtil<0>: checkModuleReady: config is null
06-28 16:11:52.576  2179  2330 E #IMSCR  : 06-28 16:11:52 0x1101000B:0,FILTERED ALL:11
06-28 16:11:52.590  2179  2330 E PaniGenerator: network is unknown.
06-28 16:11:52.599  2179  2330 E CmcServiceHelper: disallow Call Service
06-28 16:11:52.599  2179  2330 E CmcServiceHelper: disallow Call Service
06-28 16:11:52.599  2179  2330 E CapabilityUtil<0>: checkModuleReady: config is null
06-28 16:11:52.599  2179  2330 E CapabilityUtil<0>: checkModuleReady: config is null
06-28 16:11:52.606  2179  2330 E #IMSCR  : 06-28 16:11:52 0x1101000B:0,FILTERED ALL:11
06-28 16:11:54.087   847   847 E ccci_rpcd: Failed to read from RPC device (-1) !! errno = 4
06-28 16:11:54.127   782   782 E android.hardware.health@2.1-service-samsung: Could not open /sys/class/power_supply/battery/lrp
06-28 16:11:54.187  2179  2330 E PaniGenerator: network is unknown.
06-28 16:11:54.200  2179  2330 E CmcServiceHelper: disallow Call Service
06-28 16:11:54.200  2179  2330 E CmcServiceHelper: disallow Call Service
06-28 16:11:54.201  2179  2330 E CapabilityUtil<0>: checkModuleReady: config is null
06-28 16:11:54.201  2179  2330 E CapabilityUtil<0>: checkModuleReady: config is null
06-28 16:11:54.215  2179  2330 E #IMSCR  : 06-28 16:11:54 0x1101000B:0,FILTERED ALL:11
06-28 16:11:54.230  2179  2330 E PaniGenerator: network is unknown.
06-28 16:11:54.238  2179  2330 E CmcServiceHelper: disallow Call Service
06-28 16:11:54.238  2179  2330 E CmcServiceHelper: disallow Call Service
06-28 16:11:54.239  2179  2330 E CapabilityUtil<0>: checkModuleReady: config is null
06-28 16:11:54.239  2179  2330 E CapabilityUtil<0>: checkModuleReady: config is null
06-28 16:11:54.247  2179  2330 E #IMSCR  : 06-28 16:11:54 0x1101000B:0,FILTERED ALL:11
06-28 16:11:54.278   739   739 E audit   : type=1400 audit(1751137914.276:1173): avc:  denied  { write } for  pid=2639 comm="ThreadPoolForeg" name="traced_producer" dev="tmpfs" ino=11213 scontext=u:r:gmscore_app:s0:c512,c768 tcontext=u:object_r:traced_producer_socket:s0 tclass=sock_file permissive=0 SEPF_SM-A315G_12_0001 audit_filtered
06-28 16:11:54.278   739   739 E audit   : type=1300 audit(1751137914.276:1173): arch=c00000b7 syscall=203 success=no exit=-13 a0=c9 a1=b4000074ae4cd660 a2=1e a3=ffffffff979fc751 items=0 ppid=762 pid=2639 auid=4294967295 uid=10216 gid=10216 euid=10216 suid=10216 fsuid=10216 egid=10216 sgid=10216 fsgid=10216 tty=(none) ses=4294967295 comm="ThreadPoolForeg" exe="/system/bin/app_process64" subj=u:r:gmscore_app:s0:c512,c768 key=(null)
06-28 16:11:54.278   739   739 E audit   : type=1327 audit(1751137914.276:1173): proctitle="com.google.android.gms.persistent"
06-28 16:11:55.299   847   847 E ccci_rpcd: Failed to read from RPC device (-1) !! errno = 4
06-28 16:11:55.382   782   782 E android.hardware.health@2.1-service-samsung: Could not open /sys/class/power_supply/battery/lrp
06-28 16:11:55.398  2179  2330 E PaniGenerator: network is unknown.
06-28 16:11:55.411  2179  2330 E CmcServiceHelper: disallow Call Service
06-28 16:11:55.411  2179  2330 E CmcServiceHelper: disallow Call Service
06-28 16:11:55.412  2179  2330 E CapabilityUtil<0>: checkModuleReady: config is null
06-28 16:11:55.412  2179  2330 E CapabilityUtil<0>: checkModuleReady: config is null
06-28 16:11:55.423  2179  2330 E #IMSCR  : 06-28 16:11:55 0x1101000B:0,FILTERED ALL:11
06-28 16:11:55.443  2179  2330 E PaniGenerator: network is unknown.
06-28 16:11:55.452  2179  2330 E CmcServiceHelper: disallow Call Service
06-28 16:11:55.452  2179  2330 E CmcServiceHelper: disallow Call Service
06-28 16:11:55.453  2179  2330 E CapabilityUtil<0>: checkModuleReady: config is null
06-28 16:11:55.453  2179  2330 E CapabilityUtil<0>: checkModuleReady: config is null
06-28 16:11:55.461  2179  2330 E #IMSCR  : 06-28 16:11:55 0x1101000B:0,FILTERED ALL:11
06-28 16:11:55.928  1375  1454 E Watchdog: !@Sync: 49 heap: 131 / 135 [2025-06-28 16:11:55.927] sdogWay: softdog FD: 965
06-28 16:11:55.988   847   847 E ccci_rpcd: Failed to read from RPC device (-1) !! errno = 4
06-28 16:11:57.129   847   847 E ccci_rpcd: Failed to read from RPC device (-1) !! errno = 4
06-28 16:11:57.164   782   782 E android.hardware.health@2.1-service-samsung: Could not open /sys/class/power_supply/battery/lrp
06-28 16:11:57.411  2179  2330 E PaniGenerator: network is unknown.
06-28 16:11:57.421  2179  2330 E CmcServiceHelper: disallow Call Service
06-28 16:11:57.421  2179  2330 E CmcServiceHelper: disallow Call Service
06-28 16:11:57.422  2179  2330 E CapabilityUtil<0>: checkModuleReady: config is null
06-28 16:11:57.422  2179  2330 E CapabilityUtil<0>: checkModuleReady: config is null
06-28 16:11:57.431  2179  2330 E #IMSCR  : 06-28 16:11:57 0x1101000B:0,FILTERED ALL:11
06-28 16:11:57.448  2179  2330 E PaniGenerator: network is unknown.
06-28 16:11:57.456  2179  2330 E CmcServiceHelper: disallow Call Service
06-28 16:11:57.456  2179  2330 E CmcServiceHelper: disallow Call Service
06-28 16:11:57.456  2179  2330 E CapabilityUtil<0>: checkModuleReady: config is null
06-28 16:11:57.456  2179  2330 E CapabilityUtil<0>: checkModuleReady: config is null
06-28 16:11:57.464  2179  2330 E #IMSCR  : 06-28 16:11:57 0x1101000B:0,FILTERED ALL:11
06-28 16:12:00.431   847   847 E ccci_rpcd: Failed to read from RPC device (-1) !! errno = 4
06-28 16:12:00.463   782   782 E android.hardware.health@2.1-service-samsung: Could not open /sys/class/power_supply/battery/lrp
06-28 16:12:02.890   847   847 E ccci_rpcd: Failed to read from RPC device (-1) !! errno = 4
06-28 16:12:02.921   782   782 E android.hardware.health@2.1-service-samsung: Could not open /sys/class/power_supply/battery/lrp
06-28 16:12:03.659   847   847 E ccci_rpcd: Failed to read from RPC device (-1) !! errno = 4
06-28 16:12:03.690   782   782 E android.hardware.health@2.1-service-samsung: Could not open /sys/class/power_supply/battery/lrp
06-28 16:12:10.571   847   847 E ccci_rpcd: Failed to read from RPC device (-1) !! errno = 4
06-28 16:12:10.601   782   782 E android.hardware.health@2.1-service-samsung: Could not open /sys/class/power_supply/battery/lrp
06-28 16:12:15.483   847   847 E ccci_rpcd: Failed to read from RPC device (-1) !! errno = 4
06-28 16:12:15.517   782   782 E android.hardware.health@2.1-service-samsung: Could not open /sys/class/power_supply/battery/lrp
06-28 16:12:15.571  2179  2330 E PaniGenerator: network is unknown.
06-28 16:12:15.583  2179  2330 E CmcServiceHelper: disallow Call Service
06-28 16:12:15.583  2179  2330 E CmcServiceHelper: disallow Call Service
06-28 16:12:15.583  2179  2330 E CapabilityUtil<0>: checkModuleReady: config is null
06-28 16:12:15.583  2179  2330 E CapabilityUtil<0>: checkModuleReady: config is null
06-28 16:12:15.593  2179  2330 E #IMSCR  : 06-28 16:12:15 0x1101000B:0,FILTERED ALL:11
06-28 16:12:15.608  2179  2330 E PaniGenerator: network is unknown.
06-28 16:12:15.615  2179  2330 E CmcServiceHelper: disallow Call Service
06-28 16:12:15.615  2179  2330 E CmcServiceHelper: disallow Call Service
06-28 16:12:15.615  2179  2330 E CapabilityUtil<0>: checkModuleReady: config is null
06-28 16:12:15.615  2179  2330 E CapabilityUtil<0>: checkModuleReady: config is null
06-28 16:12:15.623  2179  2330 E #IMSCR  : 06-28 16:12:15 0x1101000B:0,FILTERED ALL:11
06-28 16:12:16.438   847   847 E ccci_rpcd: Failed to read from RPC device (-1) !! errno = 4
06-28 16:12:16.473   782   782 E android.hardware.health@2.1-service-samsung: Could not open /sys/class/power_supply/battery/lrp
06-28 16:12:16.535  2179  2330 E PaniGenerator: network is unknown.
06-28 16:12:16.549  2179  2330 E CmcServiceHelper: disallow Call Service
06-28 16:12:16.549  2179  2330 E CmcServiceHelper: disallow Call Service
06-28 16:12:16.549  2179  2330 E CapabilityUtil<0>: checkModuleReady: config is null
06-28 16:12:16.549  2179  2330 E CapabilityUtil<0>: checkModuleReady: config is null
06-28 16:12:16.561  2179  2330 E #IMSCR  : 06-28 16:12:16 0x1101000B:0,FILTERED ALL:11
06-28 16:12:16.582  2179  2330 E PaniGenerator: network is unknown.
06-28 16:12:16.592  2179  2330 E CmcServiceHelper: disallow Call Service
06-28 16:12:16.592  2179  2330 E CmcServiceHelper: disallow Call Service
06-28 16:12:16.592  2179  2330 E CapabilityUtil<0>: checkModuleReady: config is null
06-28 16:12:16.592  2179  2330 E CapabilityUtil<0>: checkModuleReady: config is null
06-28 16:12:16.616  2179  2330 E #IMSCR  : 06-28 16:12:16 0x1101000B:0,FILTERED ALL:11
06-28 16:12:17.189   847   847 E ccci_rpcd: Failed to read from RPC device (-1) !! errno = 4
06-28 16:12:17.222   782   782 E android.hardware.health@2.1-service-samsung: Could not open /sys/class/power_supply/battery/lrp
06-28 16:12:20.543  2179  2330 E PaniGenerator: network is unknown.
06-28 16:12:20.554  2179  2330 E CmcServiceHelper: disallow Call Service
06-28 16:12:20.554  2179  2330 E CmcServiceHelper: disallow Call Service
06-28 16:12:20.555  2179  2330 E CapabilityUtil<0>: checkModuleReady: config is null
06-28 16:12:20.555  2179  2330 E CapabilityUtil<0>: checkModuleReady: config is null
06-28 16:12:20.565  2179  2330 E #IMSCR  : 06-28 16:12:20 0x1101000B:0,FILTERED ALL:11
06-28 16:12:20.583  2179  2330 E PaniGenerator: network is unknown.
06-28 16:12:20.591  2179  2330 E CmcServiceHelper: disallow Call Service
06-28 16:12:20.592  2179  2330 E CmcServiceHelper: disallow Call Service
06-28 16:12:20.592  2179  2330 E CapabilityUtil<0>: checkModuleReady: config is null
06-28 16:12:20.592  2179  2330 E CapabilityUtil<0>: checkModuleReady: config is null
06-28 16:12:20.600  2179  2330 E #IMSCR  : 06-28 16:12:20 0x1101000B:0,FILTERED ALL:11
06-28 16:12:22.595  2179  2330 E PaniGenerator: network is unknown.
06-28 16:12:22.608  2179  2330 E CmcServiceHelper: disallow Call Service
06-28 16:12:22.608  2179  2330 E CmcServiceHelper: disallow Call Service
06-28 16:12:22.608  2179  2330 E CapabilityUtil<0>: checkModuleReady: config is null
06-28 16:12:22.608  2179  2330 E CapabilityUtil<0>: checkModuleReady: config is null
06-28 16:12:22.627  2179  2330 E #IMSCR  : 06-28 16:12:22 0x1101000B:0,FILTERED ALL:11
06-28 16:12:22.670  2179  2330 E PaniGenerator: network is unknown.
06-28 16:12:22.677  2179  2330 E CmcServiceHelper: disallow Call Service
06-28 16:12:22.677  2179  2330 E CmcServiceHelper: disallow Call Service
06-28 16:12:22.677  2179  2330 E CapabilityUtil<0>: checkModuleReady: config is null
06-28 16:12:22.678  2179  2330 E CapabilityUtil<0>: checkModuleReady: config is null
06-28 16:12:22.685  2179  2330 E #IMSCR  : 06-28 16:12:22 0x1101000B:0,FILTERED ALL:11
06-28 16:12:28.972   847   847 E ccci_rpcd: Failed to read from RPC device (-1) !! errno = 4
06-28 16:12:29.011   782   782 E android.hardware.health@2.1-service-samsung: Could not open /sys/class/power_supply/battery/lrp
06-28 16:12:30.887   739   739 E audit   : type=1400 audit(1751137950.884:1190): avc:  denied  { write } for  pid=3340 comm="ThreadPoolForeg" name="traced_producer" dev="tmpfs" ino=11213 scontext=u:r:gmscore_app:s0:c512,c768 tcontext=u:object_r:traced_producer_socket:s0 tclass=sock_file permissive=0 SEPF_SM-A315G_12_0001 audit_filtered
06-28 16:12:30.887   739   739 E audit   : type=1300 audit(1751137950.884:1190): arch=c00000b7 syscall=203 success=no exit=-13 a0=93 a1=b4000074bc794b60 a2=1e a3=ffffffff979fc73e items=0 ppid=762 pid=3340 auid=4294967295 uid=10216 gid=10216 euid=10216 suid=10216 fsuid=10216 egid=10216 sgid=10216 fsgid=10216 tty=(none) ses=4294967295 comm="ThreadPoolForeg" exe="/system/bin/app_process64" subj=u:r:gmscore_app:s0:c512,c768 key=(null)
06-28 16:12:30.887   739   739 E audit   : type=1327 audit(1751137950.884:1190): proctitle="com.google.android.gms"
06-28 16:12:33.508   847   847 E ccci_rpcd: Failed to read from RPC device (-1) !! errno = 4
06-28 16:12:33.539   782   782 E android.hardware.health@2.1-service-samsung: Could not open /sys/class/power_supply/battery/lrp
06-28 16:12:37.784   847   847 E ccci_rpcd: Failed to read from RPC device (-1) !! errno = 4
06-28 16:12:37.814   782   782 E android.hardware.health@2.1-service-samsung: Could not open /sys/class/power_supply/battery/lrp
06-28 16:12:37.839  1375  1632 E MotionRecognitionService: [SAR]handleMessage: event 900 value : 0
06-28 16:12:37.997   786  1712 E android.hardware.usb@1.3-service.coral: fopen failed
06-28 16:12:37.997   786  1712 E android.hardware.usb@1.3-service.coral: Failed to open moisture_detection_enabled
06-28 16:12:38.010   782   782 E android.hardware.health@2.1-service-samsung: Could not open /sys/class/power_supply/battery/lrp
06-28 16:12:38.066  1375  1468 E system_server: Cannot read thread CPU times for PID 1375
06-28 16:12:38.094  1844 25065 E PowerUI.Notification: no saved value, so we do nothing !!
06-28 16:12:38.103   796   819 E mtkpower@impl: [setMode] unknown type
06-28 16:12:38.116   739   739 E audit   : type=1400 audit(1751137958.113:1191): avc:  denied  { read } for  pid=547 comm="Binder:547_2" name="event_count" dev="sysfs" ino=35441 scontext=u:r:system_suspend:s0 tcontext=u:object_r:sysfs:s0 tclass=file permissive=0 SEPF_SM-A315G_12_0001 audit_filtered
06-28 16:12:38.116   547   560 E android.system.suspend@1.0-service: Error opening event_count for wakeup12: Original kwl [Path]=../../devices/platform/1100d000.i2c6/i2c-6/6-0050/wakeup/wakeup12: Permission denied
06-28 16:12:38.116   739   739 E audit   : type=1300 audit(1751137958.113:1191): arch=c00000b7 syscall=56 success=no exit=-13 a0=f a1=765ad015b9 a2=80000 a3=0 items=0 ppid=1 pid=547 auid=4294967295 uid=1000 gid=1000 euid=1000 suid=1000 fsuid=1000 egid=1000 sgid=1000 fsgid=1000 tty=(none) ses=4294967295 comm="Binder:547_2" exe="/system/bin/hw/android.system.suspend@1.0-service" subj=u:r:system_suspend:s0 key=(null)
06-28 16:12:38.117   739   739 E audit   : type=1327 audit(1751137958.113:1191): proctitle="/system/bin/hw/android.system.suspend@1.0-service"
06-28 16:12:38.117   739   739 E audit   : type=1400 audit(1751137958.113:1192): avc:  denied  { read } for  pid=547 comm="Binder:547_2" name="max_time_ms" dev="sysfs" ino=35446 scontext=u:r:system_suspend:s0 tcontext=u:object_r:sysfs:s0 tclass=file permissive=0 SEPF_SM-A315G_12_0001 audit_filtered
06-28 16:12:38.117   739   739 E audit   : type=1300 audit(1751137958.113:1192): arch=c00000b7 syscall=56 success=no exit=-13 a0=f a1=765ad015b9 a2=80000 a3=0 items=0 ppid=1 pid=547 auid=4294967295 uid=1000 gid=1000 euid=1000 suid=1000 fsuid=1000 egid=1000 sgid=1000 fsgid=1000 tty=(none) ses=4294967295 comm="Binder:547_2" exe="/system/bin/hw/android.system.suspend@1.0-service" subj=u:r:system_suspend:s0 key=(null)
06-28 16:12:38.135  1844  1844 E ThemeUtils: View class com.airbnb.lottie.LottieAnimationView is an AppCompat widget that can only be used with a Theme.AppCompat theme (or descendant).
06-28 16:12:38.162 15578 15578 E .devicesecurit: Not starting debugger since process cannot load the jdwp agent.
06-28 16:12:38.169 15578 15578 E USNET   : USNET: appName: com.samsung.android.sm.devicesecurity
06-28 16:12:38.220 15591 15591 E earchbox:searc: Not starting debugger since process cannot load the jdwp agent.
06-28 16:12:38.228 15591 15591 E USNET   : USNET: appName: com.google.android.googlequicksearchbox:search
06-28 16:12:38.256  1375  3802 E system_server: Cannot read thread CPU times for PID 1375
06-28 16:12:38.258   760   767 E statsd  : Stats puller failed for tag: 10098 at 1876294919646
06-28 16:12:38.264   547   560 E android.system.suspend@1.0-service: Error opening event_count for wakeup12: Original kwl [Path]=../../devices/platform/1100d000.i2c6/i2c-6/6-0050/wakeup/wakeup12: Permission denied
06-28 16:12:38.281   782   782 E android.hardware.health@2.1-service-samsung: Could not open /sys/class/power_supply/battery/lrp
06-28 16:12:38.286   782   782 E android.hardware.health@2.1-service-samsung: Could not open /sys/class/power_supply/battery/lrp
06-28 16:12:38.294 15593 15593 E e.process.gapp: Not starting debugger since process cannot load the jdwp agent.
06-28 16:12:38.307 15593 15593 E USNET   : USNET: appName: com.google.process.gapps
06-28 16:12:38.308   760   767 E statsd  : Stats puller failed for tag: 10095 at 1876294919646
06-28 16:12:38.325   782   782 E android.hardware.health@2.1-service-samsung: Could not open /sys/class/power_supply/battery/lrp
06-28 16:12:38.446 10361 10361 E PluginPlatform[1.52.22][152022] : ConfigInfo.isSamsungSignedApplication - check running application is samsung signed
06-28 16:12:38.448   781  1003 E hwcomposer: [JOB] (0) Handle a job with no visible layer  
06-28 16:12:38.507  1375  1468 E system_server: Cannot read thread CPU times for PID 1375
06-28 16:12:38.547   547   560 E android.system.suspend@1.0-service: Error opening event_count for wakeup12: Original kwl [Path]=../../devices/platform/1100d000.i2c6/i2c-6/6-0050/wakeup/wakeup12: Permission denied
06-28 16:12:38.640 15635 15635 E USNET   : USNET: appName: com.google.android.projection.gearhead:car
06-28 16:12:38.641   833  1792 E perfmond: [PERFMOND] No kernel psi monitor support (errno=13)
06-28 16:12:38.642   833  1792 E perfmond: [PERFMOND] psi monitor is supported with /proc/pressure/memory
06-28 16:12:38.657  1844  1844 E PowerUI.Notification: playPowerSound : NotificationPlayer is null
06-28 16:12:39.071  1375  4184 E AudioService.PlaybackActivityMonitor: cannot find player(piid=159, event=100, deviceId=0, uid=10053)
06-28 16:12:39.071  1375  4184 E AudioService.PlaybackActivityMonitor: cannot find player(piid=159, event=2, deviceId=0, uid=10053)
06-28 16:12:39.147 15659 15659 E droid.sm.polic: Not starting debugger since process cannot load the jdwp agent.
06-28 16:12:39.151 15659 15659 E USNET   : USNET: appName: com.samsung.android.sm.policy
06-28 16:12:39.286   838  2492 E BufferQueueDebug: [PowerUI.ChargerAnimationViewLp$_1844#0](this:0xb4000071f7b14948,id:-1,api:0,p:-1,c:-1) id info cannot be read from 'PowerUI.ChargerAnimationViewLp$_1844#0'
06-28 16:12:39.294   781  1003 E hwcomposer: [JOB] (0) Handle a job with no visible layer  
06-28 16:12:39.312   781  1003 E hwcomposer: [JOB] (0) Handle a job with no visible layer  
06-28 16:12:39.329   781  1003 E hwcomposer: [JOB] (0) Handle a job with no visible layer  
06-28 16:12:39.381  1375  4184 E AudioService.PlaybackActivityMonitor: cannot find player(piid=159, event=5, deviceId=3, uid=10053)
06-28 16:12:39.418  1375  2206 E AudioService.PlaybackActivityMonitor: cannot find player(piid=159, event=3, deviceId=0, uid=10053)
06-28 16:12:39.481   781  1003 E hwcomposer: [JOB] (0) Handle a job with no visible layer  
06-28 16:12:39.513   781  1003 E hwcomposer: [JOB] (0) Handle a job with no visible layer  
06-28 16:12:39.608  1844  1844 E AOD_CONFIG@AODConfigurationController: Skipping unregisterMonitor MONITOR_SEMCONTEXT - no registered monitor
06-28 16:12:39.608  1844  1844 E AOD_CONFIG@AODConfigurationController: Skipping unregisterMonitor MONITOR_BROADCAST_PSM - no registered monitor
06-28 16:12:39.608  1844  1844 E AOD_CONFIG@AODConfigurationController: Skipping unregisterMonitor MONITOR_BROADCAST_WALLPAPER - no registered monitor
06-28 16:12:39.608  1844  1844 E AOD_CONFIG@AODConfigurationController: Skipping unregisterMonitor MONITOR_BROADCAST_ROAMING - no registered monitor
06-28 16:12:39.623  1844  1844 E AODUiController: removeBottomUI: container is null
06-28 16:12:39.791  3646  4936 E BrdcstRcvrMsgr: SvcConn: binder null, could not send broadcast of action
06-28 16:12:39.817 15746 15746 E ndroid.setting: Not starting debugger since process cannot load the jdwp agent.
06-28 16:12:39.825 15746 15746 E USNET   : USNET: appName: com.android.settings
06-28 16:12:39.883   487   495 E servicemanager: Could not find android.hardware.vibrator.IVibrator/default in the VINTF manifest.
06-28 16:12:39.901   807   807 E SecVibrator-HAL2.2_A: sehSetFrequencyType is abnormal -1
06-28 16:12:39.902  1375 15765 E VibratorController: sehSetFrequencyType command failed(2).
06-28 16:12:40.085   807   807 E SecVibrator-HAL2.2_A: >> writeNode node:/timed_output/vibrator/enable val:100
06-28 16:12:40.092   807   807 E SecVibrator-HAL2.2_A: << writeNode node OK 4
06-28 16:12:40.093   807   807 E SecVibrator-HAL2.2_A: >> writeNode node:/timed_output/vibrator/enable val:0
06-28 16:12:40.101   807   807 E SecVibrator-HAL2.2_A: << writeNode node OK 2
06-28 16:12:40.173   807   807 E SecVibrator-HAL2.2_A: >> writeNode node:/timed_output/vibrator/enable val:0
06-28 16:12:40.176   807   807 E SecVibrator-HAL2.2_A: << writeNode node OK 2
06-28 16:12:40.181   486   486 E libprocessgroup: set_timerslack_ns write failed: No such process
06-28 16:12:40.212   796   819 E mtkpower@impl: [setMode] unknown type
06-28 16:12:40.228  1375  1468 E system_server: Cannot read thread CPU times for PID 1375
06-28 16:12:40.301   486   486 E libprocessgroup: set_timerslack_ns write failed: No such process
06-28 16:12:40.353   838  4730 E BufferQueueDebug: [FP Maskview$_8727#0](this:0xb4000071f7b37948,id:-1,api:0,p:-1,c:-1) id info cannot be read from 'FP Maskview$_8727#0'
06-28 16:12:40.426   838  4730 E BufferQueueDebug: [SurfaceView - FP Maskview@dea0b9c@0(BLAST)#0](this:0xb4000071f7b3a948,id:-1,api:0,p:-1,c:-1) id info cannot be read from 'SurfaceView - FP Maskview@dea0b9c@0(BLAST)#0'
06-28 16:12:40.451  8727  8780 E OpenGLRenderer: Device claims wide gamut support, cannot find matching config, error = EGL_SUCCESS
06-28 16:12:40.488   838  4730 E HWComposer: getSupportedContentTypes: getSupportedContentTypes failed for display 0: Unsupported (8)
06-28 16:12:40.535  1068  1068 E SEC_DRM_PLUGIN_Omafl: OmaPlugin::onOpenDecryptSession(fd)::Drm2IsDrmFileByExtFd::file is NOT DRM by extension
06-28 16:12:40.663  1844  1844 E KeyguardUpdateMonitor: handleStartedWakingUp start 1
06-28 16:12:40.684  1844  1844 E KeyguardUpdateMonitor: handleStartedWakingUp end
06-28 16:12:40.702 15746 15805 E SamsungAnalytics605015: The user has not unlocked the device.
06-28 16:12:40.710  1833  2347 E BtGatt.GattService: [GSIM LOG]: gsimLogHandler, msg: MESSAGE_SCAN_START, appName: com.google.uid.shared, scannerId: 7, reportDelayMillis=0
06-28 16:12:40.828 15807 15807 E oid.dynamicloc: Not starting debugger since process cannot load the jdwp agent.
06-28 16:12:40.831 15807 15807 E USNET   : USNET: appName: com.samsung.android.dynamiclock
06-28 16:12:40.868  2179  2330 E PaniGenerator: network is unknown.
06-28 16:12:40.876   791   791 E HYPER-HAL: [SysfsControlManager.cpp]writeSysfs(): Couldn't Open Sysfs - /sys/devices/system/sec_os_ctrl/migrate_os
06-28 16:12:40.880  1223  1223 E sec_fr_FaceVendorTag: getData id(1)
06-28 16:12:40.880  1223  1223 E sec_fr_FaceVendorTag: getData id(1)(1)
06-28 16:12:40.895  2179  2330 E CmcServiceHelper: disallow Call Service
06-28 16:12:40.895  2179  2330 E CmcServiceHelper: disallow Call Service
06-28 16:12:40.895  2179  2330 E CapabilityUtil<0>: checkModuleReady: config is null
06-28 16:12:40.895  2179  2330 E CapabilityUtil<0>: checkModuleReady: config is null
06-28 16:12:40.940 15827 15827 E app.telephonyu: Not starting debugger since process cannot load the jdwp agent.
06-28 16:12:40.943 15827 15827 E USNET   : USNET: appName: com.samsung.android.app.telephonyui
06-28 16:12:40.966  2179  2330 E #IMSCR  : 06-28 16:12:40 0x1101000B:0,FILTERED ALL:11
06-28 16:12:40.991  1223  3146 E sec_fr_NativeFaceService: wait callback state(1)
06-28 16:12:41.033  1181  1421 E Codec2-ComponentInterface: We have a failed config
06-28 16:12:41.037  1104 15811 E ion     : ioctl c0044901 failed with code -1: Invalid argument
06-28 16:12:41.069  1181  1352 E ion     : ioctl c0044901 failed with code -1: Invalid argument
06-28 16:12:41.073  2179  2330 E PaniGenerator: network is unknown.
06-28 16:12:41.113  2179  2330 E CmcServiceHelper: disallow Call Service
06-28 16:12:41.113  2179  2330 E CmcServiceHelper: disallow Call Service
06-28 16:12:41.114  2179  2330 E CapabilityUtil<0>: checkModuleReady: config is null
06-28 16:12:41.114  2179  2330 E CapabilityUtil<0>: checkModuleReady: config is null
06-28 16:12:41.126   785   837 E SensorsHub: AccSensor : Meta event
06-28 16:12:41.169  2179  2330 E #IMSCR  : 06-28 16:12:41 0x1101000B:0,FILTERED ALL:11
06-28 16:12:41.171   798 28245 E mtkcam-devicemgr: [getDeviceName] deviceId 3  name device@3.6/legacy/3 (getDeviceName){#506:vendor/mediatek/proprietary/hardware/mtkcam3/main/hal/devicemgr/base/CameraDeviceManagerBase_utils.cpp}
06-28 16:12:41.183   798 28245 E mtkcam-devicemgr: [getDeviceName] deviceId 3  name device@3.6/legacy/3 (getDeviceName){#506:vendor/mediatek/proprietary/hardware/mtkcam3/main/hal/devicemgr/base/CameraDeviceManagerBase_utils.cpp}
06-28 16:12:41.202   798 28245 E mtkcam-devicemgr: [getDeviceName] deviceId 3  name device@3.6/legacy/3 (getDeviceName){#506:vendor/mediatek/proprietary/hardware/mtkcam3/main/hal/devicemgr/base/CameraDeviceManagerBase_utils.cpp}
06-28 16:12:41.398   798 15857 E StrobeDrvFlashlight: getMaxDuty(): failed. (getMaxDuty){#266:vendor/mediatek/proprietary/hardware/mtkcam/aaa/source/isp_40/../common/strobe/strobe_drv_flashlight.cpp}
06-28 16:12:41.399   753   755 E ENGMODE15: em15_get_status : the req mode is not allowed (-6)
06-28 16:12:41.400   553   553 E engmode_hidl_service: error to server(0xfffffffa)
06-28 16:12:41.400   798 15857 E paramctrl_lifetime: open /proc/driver/thermal/clNR_status failed, disable NR cooler
06-28 16:12:41.400   798 15857 E paramctrl_lifetime:  (Paramctrl){#261:vendor/mediatek/proprietary/hardware/mtkcam/aaa/source/isp_40/isp_tuning/paramctrl/paramctrl_lifetime.cpp}
06-28 16:12:41.423   798 15858 E SeninfDrvImp: [sendCommand]Err(  500):mpSeninfHwRegAddr = NULL, seninf has been uninit, stop dump to avoid NE
06-28 16:12:41.423   798 15858 E Drv/HWsync: Drv/HWsync[vendor/mediatek/proprietary/hardware/mtkcam/drv/src/sensor/mt6768/../common/v1/hwsync_drv.cpp, init, line0219] ERROR: enable N3D reg fail (init){#219:vendor/mediatek/proprietary/hardware/mtkcam/drv/src/sensor/mt6768/../common/v1/hwsync_drv.cpp}
06-28 16:12:41.505  2179  2330 E PaniGenerator: network is unknown.
06-28 16:12:41.519  2179  2330 E CmcServiceHelper: disallow Call Service
06-28 16:12:41.519  2179  2330 E CmcServiceHelper: disallow Call Service
06-28 16:12:41.519  2179  2330 E CapabilityUtil<0>: checkModuleReady: config is null
06-28 16:12:41.519  2179  2330 E CapabilityUtil<0>: checkModuleReady: config is null
06-28 16:12:41.528  2179  2330 E #IMSCR  : 06-28 16:12:41 0x1101000B:0,FILTERED ALL:11
06-28 16:12:41.535  1833  1843 E BluetoothRemoteDevices: mSocketConnectedCount 0
06-28 16:12:41.536  1833  1843 E BluetoothRemoteDevices: mSocketConnectedCount 0
06-28 16:12:41.537  1833  1843 E BluetoothRemoteDevices: mSocketConnectedCount 0
06-28 16:12:41.540  1833  1843 E BluetoothRemoteDevices: mSocketConnectedCount 0
06-28 16:12:41.543  1833  1843 E BluetoothRemoteDevices: mSocketConnectedCount 0
06-28 16:12:41.546  1833  1843 E BluetoothRemoteDevices: mSocketConnectedCount 0
06-28 16:12:41.548  1833  1843 E BluetoothRemoteDevices: mSocketConnectedCount 0
06-28 16:12:41.554  1833  1843 E BluetoothRemoteDevices: mSocketConnectedCount 0
06-28 16:12:41.562  1833  1843 E BluetoothRemoteDevices: mSocketConnectedCount 0
06-28 16:12:41.568  1833  1843 E BluetoothRemoteDevices: mSocketConnectedCount 0
06-28 16:12:41.574  1833  1843 E BluetoothRemoteDevices: mSocketConnectedCount 0
06-28 16:12:41.576   785   837 E SensorsHub: AccSensor : Meta event
06-28 16:12:41.577  1833  1843 E BluetoothRemoteDevices: mSocketConnectedCount 0
06-28 16:12:41.578  1833  1843 E BluetoothRemoteDevices: mSocketConnectedCount 0
06-28 16:12:41.592  1833  1843 E BluetoothRemoteDevices: mSocketConnectedCount 0
06-28 16:12:41.594  1086 28243 E Camera2-FrameProcessorBase: FrameProcessorBase: created
06-28 16:12:41.594  1833  1843 E BluetoothRemoteDevices: mSocketConnectedCount 0
06-28 16:12:41.598  1833  1843 E BluetoothRemoteDevices: mSocketConnectedCount 0
06-28 16:12:41.604  1833  1843 E BluetoothRemoteDevices: mSocketConnectedCount 0
06-28 16:12:41.612  2179  2330 E PaniGenerator: network is unknown.
06-28 16:12:41.613  1086 28243 E Camera2-FrameProcessorBase: registerListener: Registering listener for frame id range 0 - 2147483647
06-28 16:12:41.615  1375  3789 E CameraService_proxy: Top task with package name: vendor.client.pid<1223> not found!
06-28 16:12:41.632  1833  1843 E BluetoothRemoteDevices: mSocketConnectedCount 0
06-28 16:12:41.640  1833  2660 E BluetoothRemoteDevices: mSocketConnectedCount 0
06-28 16:12:41.645  1833  2660 E BluetoothRemoteDevices: mSocketConnectedCount 0
06-28 16:12:41.648  1833  2660 E BluetoothRemoteDevices: mSocketConnectedCount 0
06-28 16:12:41.657  2179  2330 E CmcServiceHelper: disallow Call Service
06-28 16:12:41.657  2179  2330 E CmcServiceHelper: disallow Call Service
06-28 16:12:41.657  2179  2330 E CapabilityUtil<0>: checkModuleReady: config is null
06-28 16:12:41.657  2179  2330 E CapabilityUtil<0>: checkModuleReady: config is null
06-28 16:12:41.660  1833  2660 E BluetoothRemoteDevices: mSocketConnectedCount 0
06-28 16:12:41.662  1833  2660 E BluetoothRemoteDevices: mSocketConnectedCount 0
06-28 16:12:41.664  1833  2660 E BluetoothRemoteDevices: mSocketConnectedCount 0
06-28 16:12:41.671  1833  2660 E BluetoothRemoteDevices: mSocketConnectedCount 0
06-28 16:12:41.678  1833  2660 E BluetoothRemoteDevices: mSocketConnectedCount 0
06-28 16:12:41.685  1833  2660 E BluetoothRemoteDevices: mSocketConnectedCount 0
06-28 16:12:41.691  1833  2660 E BluetoothRemoteDevices: mSocketConnectedCount 0
06-28 16:12:41.692  1833  2660 E BluetoothRemoteDevices: mSocketConnectedCount 0
06-28 16:12:41.693  1833  2660 E BluetoothRemoteDevices: mSocketConnectedCount 0
06-28 16:12:41.696  1833  2660 E BluetoothRemoteDevices: mSocketConnectedCount 0
06-28 16:12:41.703  1833  2660 E BluetoothRemoteDevices: mSocketConnectedCount 0
06-28 16:12:41.704  1833  2660 E BluetoothRemoteDevices: mSocketConnectedCount 0
06-28 16:12:41.707  2179  2330 E #IMSCR  : 06-28 16:12:41 0x1101000B:0,FILTERED ALL:11
06-28 16:12:41.708  1833  2660 E BluetoothRemoteDevices: mSocketConnectedCount 0
06-28 16:12:41.709  1833  2660 E BluetoothRemoteDevices: mSocketConnectedCount 0
06-28 16:12:41.758  1375  3796 E WindowManager: win=Window{9df78c u0 PowerUI.ChargerAnimationViewLp} destroySurfaces: appStopped=true win.mWindowRemovalAllowed=false win.mRemoveOnExit=false win.mViewVisibility=8 caller=com.android.server.wm.WindowManagerService.tryStartExitingAnimation:2951 com.android.server.wm.WindowManagerService.relayoutWindow:2675 com.android.server.wm.Session.relayout:242 android.view.IWindowSession$Stub.onTransact:790 com.android.server.wm.Session.onTransact:176 android.os.Binder.execTransactInternal:1215 android.os.Binder.execTransact:1179 
06-28 16:12:41.795  1844  1844 E AOD_CONFIG@AODConfigurationController: Skipping unregisterMonitor MONITOR_SEMCONTEXT - no registered monitor
06-28 16:12:41.795  1844  1844 E AOD_CONFIG@AODConfigurationController: Skipping unregisterMonitor MONITOR_BROADCAST_PSM - no registered monitor
06-28 16:12:41.795  1844  1844 E AOD_CONFIG@AODConfigurationController: Skipping unregisterMonitor MONITOR_BROADCAST_WALLPAPER - no registered monitor
06-28 16:12:41.795  1844  1844 E AOD_CONFIG@AODConfigurationController: Skipping unregisterMonitor MONITOR_FOLD_STATE - no registered monitor
06-28 16:12:41.795  1844  1844 E AOD_CONFIG@AODConfigurationController: Skipping unregisterMonitor MONITOR_BROADCAST_ROAMING - no registered monitor
06-28 16:12:41.806  1844  1844 E MODManager: hideSubUIChargingInfo skip because mAODChargingInfoSubUiPresenter is null
06-28 16:12:41.818   838   902 E BufferQueueDebug: [com.samsung.android.app.cocktailbarservice/com.samsung.android.app.cocktailbarservice.CocktailBarService$_7449#0](this:0xb4000071f8134948,id:-1,api:0,p:-1,c:-1) id info cannot be read from 'com.samsung.android.app.cocktailbarservice/com.samsung.android.app.cocktailbarservice.CocktailBarService$_7449#0'
06-28 16:12:41.855 15807 15898 E DymLock|330352|SettingsHelperDLS: Exception occurred
06-28 16:12:41.903 15807 15807 E DymLock|330352|DynamicLockInjector: [class d.g.a.a.d.d.o.l] is not injectable yet
06-28 16:12:41.904 15807 15807 E DymLock|330352|DynamicLockInjector: [class d.g.a.a.d.d.n.v0] is not injectable yet
06-28 16:12:41.904 15807 15807 E DymLock|330352|DynamicLockInjector: [class android.net.Uri] is not injectable yet
06-28 16:12:41.904 15807 15807 E DymLock|330352|DynamicLockInjector: [class android.net.Uri] is not injectable yet
06-28 16:12:41.921  1375  1375 E DEVROOT#CIF:  VFI_processPdpCmd start
06-28 16:12:41.923  1375  3796 E AudioService.PlaybackActivityMonitor: cannot find player(piid=159, event=4, deviceId=0, uid=10053)
06-28 16:12:41.923  1375  1801 E AudioService.PlaybackActivityMonitor: cannot find player(piid=159, event=4, deviceId=0, uid=10053)
06-28 16:12:41.954   801   817 E DEVROOT#VND:  communicate start cmd:0xCF40, length:64
06-28 16:12:41.955   801   817 E DEVROOT#VND:  cmd [CF40] start...
06-28 16:12:41.955   801   817 E DEVROOT#VND:  SecnvmPowerOn isn't supported.
06-28 16:12:41.955   801   817 E DEVROOT#VND:  cmd [CF40] end...[-16777217]
06-28 16:12:41.970   801   817 E DEVROOT#VND:  communicate end -16777217 / length : 0
06-28 16:12:41.971  1375  1375 E DEVROOT#CIF:  Response buffer size is 0
06-28 16:12:41.971  1375  1375 E DEVROOT#CIF:  process_cmd was failed. (-16777217)
06-28 16:12:41.971  1375  1375 E DEVROOT#CIF:  VFI_processPdpCmd end (-16777217)
06-28 16:12:42.038  1844  1844 E KeyguardFingerPrintSwipe: mLongPressCallback canceled. Touch position is FP-InDisplay area!
06-28 16:12:42.070  1375  1375 E PocketModeEvent: ACTION_SCREEN_ON(by 1)
06-28 16:12:42.078  1375  1630 E MotionRecognitionService:  handler : SCREEN_ON end
06-28 16:12:42.083  1375  1635 E PocketModeEvent: MSG_TYPE_START_SENSING
06-28 16:12:42.095 15807 15807 E DymLock|330352|DynamicLockInjector: [class d.g.a.a.d.d.o.l] is not injectable yet
06-28 16:12:42.095 15807 15807 E DymLock|330352|DynamicLockInjector: [class d.g.a.a.d.d.n.v0] is not injectable yet
06-28 16:12:42.095 15807 15807 E DymLock|330352|DynamicLockInjector: [class android.net.Uri] is not injectable yet
06-28 16:12:42.095 15807 15807 E DymLock|330352|DynamicLockInjector: [class android.net.Uri] is not injectable yet
06-28 16:12:42.148  2179  2330 E PaniGenerator: network is unknown.
06-28 16:12:42.175  2179  2330 E CmcServiceHelper: disallow Call Service
06-28 16:12:42.175  2179  2330 E CmcServiceHelper: disallow Call Service
06-28 16:12:42.175  2179  2330 E CapabilityUtil<0>: checkModuleReady: config is null
06-28 16:12:42.175  2179  2330 E CapabilityUtil<0>: checkModuleReady: config is null
06-28 16:12:42.179  1224  8738 E (FPLOG) : 2.0.36.0 DeviceSetClock 1
06-28 16:12:42.179  1375  1805 E SensorService: BigData:Pakage) 5 already enabled. 
06-28 16:12:42.211  2179  2330 E #IMSCR  : 06-28 16:12:42 0x1101000B:0,FILTERED ALL:11
06-28 16:12:42.262  2179  2330 E PaniGenerator: network is unknown.
06-28 16:12:42.295  2179  2330 E CmcServiceHelper: disallow Call Service
06-28 16:12:42.295  2179  2330 E CmcServiceHelper: disallow Call Service
06-28 16:12:42.295  2179  2330 E CapabilityUtil<0>: checkModuleReady: config is null
06-28 16:12:42.296  2179  2330 E CapabilityUtil<0>: checkModuleReady: config is null
06-28 16:12:42.334  2179  2330 E #IMSCR  : 06-28 16:12:42 0x1101000B:0,FILTERED ALL:11
06-28 16:12:42.432   838   902 E BufferQueueDebug: [FP VI$_8727#0](this:0xb4000071f80d3948,id:-1,api:0,p:-1,c:-1) id info cannot be read from 'FP VI$_8727#0'
06-28 16:12:42.563 15827 15827 E FeatureUtil: filePath /optics/configs/carriers/single/ZTO/conf/system/customer_carrier_feature.json carrierGroup ZTO canonicalId -1
06-28 16:12:42.573 15827 15827 E FeatureUtil: filePath /optics/configs/carriers/single/ZTO/conf/system/customer_carrier_feature.json carrierGroup ZTO canonicalId 530
06-28 16:12:42.576 15827 15827 E FeatureUtil: filePath /optics/configs/carriers/single/ZTO/conf/system/customer_carrier_feature.json carrierGroup ZTO canonicalId -1
06-28 16:12:42.577 15827 15827 E FeatureUtil: filePath /optics/configs/carriers/single/ZTO/conf/system/customer_carrier_feature.json carrierGroup ZTO canonicalId 530
06-28 16:12:42.594  1833  2660 E BtGatt.ContextMap: remove() - removed: 5
06-28 16:12:42.597  1833  2347 E BtGatt.GattService: [GSIM LOG]: gsimLogHandler, msg: MESSAGE_SCAN_STOP, appName: android.uid.system, scannerId: 5, reportDelayMillis=0
06-28 16:12:42.973 15827 15924 E ServiceBindHelper: time out 657, com.samsung.telephony.phone.service.internalservice.ISamsungInternalService$Stub$Proxy@41f0bad
06-28 16:12:43.102  1375  2725 E SemWifiApSmartBleScanner: mGuidScanFilterBluetoothLeScanFilter [mDeviceName=null, mDeviceAddress=null, mUuid=null, mUuidMask=null, mServiceSolicitationUuid=null, mServiceSolicitationUuidMask=null, mServiceDataUuid=null, mServiceData=null, mServiceDataMask=null, mManufacturerId=117, mManufacturerData=[1, 18, 86, -71, -84, -124, 0, 0, 0, 0, 4, 0, 0, 0, 0, 0, 0, 0, 0, 0, 0, 0, 0, 0], mManufacturerDataMask=[0, -1, -1, -1, -1, -1, 0, 0, 0, 0, 0, 0, 0, 0, 0, 0, 0, 0, 0, 0, 0, 0, 0, 0]]
06-28 16:12:43.109  1375  1748 E SemWifiVendorHal: getWifiLinkLayerStats_1_5_Internal(l.456) failed {.code = ERROR_NOT_SUPPORTED, .description = }
06-28 16:12:43.142  1375  1668 E WifiVendorHal: getWifiLinkLayerStats_1_5_Internal(l.1191) failed {.code = ERROR_NOT_SUPPORTED, .description = }
06-28 16:12:43.156  1833  2660 E BluetoothUtils: Permission denial: Location is off.
06-28 16:12:43.174  1375  1668 E WifiVendorHal: getWifiLinkLayerStats_1_5_Internal(l.1191) failed {.code = ERROR_NOT_SUPPORTED, .description = }
06-28 16:12:43.179  1833  2347 E BtGatt.GattService: [GSIM LOG]: gsimLogHandler, msg: MESSAGE_SCAN_START, appName: android.uid.system, scannerId: 5, reportDelayMillis=0
06-28 16:12:43.236  1375  2107 E SLocation: SecureDBAdapter - start setEventGeofenceCellDatas : 0
06-28 16:12:43.236  1375  2107 E SLocation: SecureDBAdapter - end setEventGeofenceCellDatas
06-28 16:12:43.271  2639 15425 E LoadedApk: Exception : java.lang.NullPointerException: Attempt to invoke virtual method 'boolean android.os.Looper.isPerfLogEnable()' on a null object reference
06-28 16:12:43.275  1833  2347 E BtGatt.GattService: [GSIM LOG]: gsimLogHandler, msg: MESSAGE_SCAN_START, appName: com.samsung.android.mcfserver, scannerId: 8, reportDelayMillis=0
06-28 16:12:43.305  1375  2107 E SLocation: SecureDBAdapter - start setEventGeofenceCellDatas : 0
06-28 16:12:43.305  1375  2107 E SLocation: SecureDBAdapter - 
06-28 16:12:43.305  1375  2107 E SLocation: SecureDBAdapter - add EventGeofenceCellDatas
06-28 16:12:43.306  1375  2107 E SLocation: SecureDBAdapter - end setEventGeofenceCellDatas
06-28 16:12:43.523 15977 15977 E com.sec.phone: Not starting debugger since process cannot load the jdwp agent.
06-28 16:12:43.527 15977 15977 E USNET   : USNET: appName: com.sec.phone
06-28 16:12:43.536  1375  3805 E WindowManager: win=Window{b284610 u0 FP VI} destroySurfaces: appStopped=true win.mWindowRemovalAllowed=false win.mRemoveOnExit=false win.mViewVisibility=4 caller=com.android.server.wm.WindowManagerService.tryStartExitingAnimation:2951 com.android.server.wm.WindowManagerService.relayoutWindow:2675 com.android.server.wm.Session.relayout:242 android.view.IWindowSession$Stub.onTransact:790 com.android.server.wm.Session.onTransact:176 android.os.Binder.execTransactInternal:1215 android.os.Binder.execTransact:1179 
06-28 16:12:43.652  8727  8727 E BufferQueueProducer: [SurfaceView - FP Maskview@dea0b9c@0#1(BLAST Consumer)1](id:221700000001,api:0,p:-1,c:8727) disconnect: not connected (req=2)
06-28 16:12:43.683 16005 16005 E chbox:googleap: Not starting debugger since process cannot load the jdwp agent.
06-28 16:12:43.703 16005 16005 E USNET   : USNET: appName: com.google.android.googlequicksearchbox:googleapp
06-28 16:12:43.743  1375  1725 E SensorService: BigData:Pakage) 5 already disabled. 
06-28 16:12:43.743  1086 15874 E Camera2-FrameProcessorBase: FrameProcessorBase: Error waiting for new frames: Connection timed out (-110)
06-28 16:12:43.763  1844  1844 E KeyguardViewMediator: mHideAnimationFinishedRunnable#run
06-28 16:12:43.771 15807 15930 E oid.dynamicloc: No package ID 6a found for ID 0x6a0b000f.
06-28 16:12:43.921  1375  1723 E Fingerprint21: onAcquired for non-acquisition client: null
06-28 16:12:43.922  1224  8738 E TLC_BAUTH: Trustlet did not send a valid return code : 21
06-28 16:12:43.922  1224  8738 E bauth_FPBAuthService: adlg 76 failed 21
06-28 16:12:43.937 15746 15805 E CachedBluetoothDevice: updateProfiles :: uuids is null
06-28 16:12:44.042  2489  2489 E KNOXCORE::CACHE: clr value {old=1 new:1
06-28 16:12:44.052  1375  1748 E SemWifiVendorHal: getWifiLinkLayerStats_1_5_Internal(l.456) failed {.code = ERROR_NOT_SUPPORTED, .description = }
06-28 16:12:44.102   838  1808 E BufferQueueDebug: [SnapshotStartingWindow for taskId=43$_1844#0](this:0xb4000071f816d948,id:-1,api:0,p:-1,c:-1) id info cannot be read from 'SnapshotStartingWindow for taskId=43$_1844#0'
06-28 16:12:44.232   838  1808 E BufferQueueDebug: [com.example.gestaobilhares/com.example.gestaobilhares.MainActivity$_19556#0](this:0xb4000071f8188948,id:-1,api:0,p:-1,c:-1) id info cannot be read from 'com.example.gestaobilhares/com.example.gestaobilhares.MainActivity$_19556#0'
06-28 16:12:44.272 19556 19556 E RecyclerView: No layout manager attached; skipping layout
06-28 16:12:44.332   770  3121 E AudioALSAPlaybackHandlerBase: -getHardwareBufferInfo(), pcm_get_htimestamp fail, ret = -1, pcm_get_error =  flag = 0x4
06-28 16:12:44.467  1375  2107 E SLocation: SPManager - response is null!
06-28 16:12:44.501  1375  2107 E SLocation: SContentManager - isEqualsCellInfo error! ci1 : null ci2 : CellInfoLte:{mRegistered=YES mTimeStamp=1878534893877ns mCellConnectionStatus=0 CellIdentityLte:{ mCi=7*****17 mPci=173 mTac=5***8 mEarfcn=3375 mBands=[] mBandwidth=2147483647 mMcc=724 mMnc=023 mAlphaLong=724023 mAlphaShort=724023 mAdditionalPlmns={} mCsgInfo=null} CellSignalStrengthLte: rssi=-89 rsrp=-100 rsrq=-12 rssnr=0 cqiTableIndex=2147483647 cqi=2147483647 ta=0 level=2 parametersUseForLevel=0 android.telephony.CellConfigLte :{ isEndcAvailable = false }}
06-28 16:12:44.579  1224  1745 E (FPLOG) : 2.0.36.0 DeviceSetClock 0
06-28 16:12:44.627   770  3121 E AudioALSAPlaybackHandlerBase: -getHardwareBufferInfo(), pcm_get_htimestamp fail, ret = -1, pcm_get_error =  flag = 0x4
06-28 16:12:44.640   770  3121 E AudioALSAPlaybackHandlerBase: -getHardwareBufferInfo(), pcm_get_htimestamp fail, ret = -1, pcm_get_error =  flag = 0x4
06-28 16:12:44.863   770   770 E AudioALSADeviceConfigManager: ApplyDeviceSettingByName  DeviceName = MD2_ECHO_REF_I2S2_OFF descriptor == NULL
06-28 16:12:44.913   781  1003 E ion     : ioctl c0044901 failed with code -1: Invalid argument
06-28 16:12:44.934   781  1003 E PQ      : [PQ][PQSessionManager] PQSessionManager::getPQSession m_PQSupport == 0
06-28 16:12:44.934   781  1003 E PQ      : [PQ][PQTuningBuffer] queryAshmemBufferBase fail!!!
06-28 16:12:44.934   781  1003 E PQ      : [PQ][PQTuningBuffer] queryAshmemBufferBase fail!!!
06-28 16:12:44.934   781  1003 E PQ      : [PQ][PQTuningBuffer] queryAshmemBufferBase fail!!!
06-28 16:12:44.942   781  1003 E MDP     : [PQ][PQConfig] getAshmemArray failed
06-28 16:12:44.961   781  1003 E PQ      : [PQ][PQSessionManager] PQSessionManager::getPQSession m_PQSupport == 0
06-28 16:12:44.978  1375  3087 E OpenGLRenderer: Device claims wide gamut support, cannot find matching config, error = EGL_SUCCESS
06-28 16:12:44.995  2179  2330 E PaniGenerator: network is unknown.
06-28 16:12:45.059  2179  2330 E CmcServiceHelper: disallow Call Service
06-28 16:12:45.059  2179  2330 E CmcServiceHelper: disallow Call Service
06-28 16:12:45.060  2179  2330 E CapabilityUtil<0>: checkModuleReady: config is null
06-28 16:12:45.060  2179  2330 E CapabilityUtil<0>: checkModuleReady: config is null
06-28 16:12:45.065   798 28245 E NormalPipe: [query] unsupport cmd(0x10000)
06-28 16:12:45.065   798 28245 E NormalPipe:  (query){#659:vendor/mediatek/proprietary/hardware/mtkcam/drv/src/isp/mt6768/iopipe/CamIO/NormalPipeModule.cpp}
06-28 16:12:45.065   798 28245 E MtkCam/HwInfoHelper: [getSecureSensorModeSupported] query ENPipeQueryCmd_SEC_CAP failed (getSecureSensorModeSupported){#2348:vendor/mediatek/proprietary/hardware/mtkcam/utils/hw/HwInfoHelper.cpp}
06-28 16:12:45.068   798 28245 E NormalPipe: [query] unsupport cmd(0x4000)
06-28 16:12:45.068   798 28245 E NormalPipe:  (query){#659:vendor/mediatek/proprietary/hardware/mtkcam/drv/src/isp/mt6768/iopipe/CamIO/NormalPipeModule.cpp}
06-28 16:12:45.075   798 28245 E cam_capibitiliy: cam_capibitiliy[GetFormat]ERR(  238):current portID(0x3a) are not supported in query
06-28 16:12:45.077   798 28245 E cam_capi: cam_capi[GetCapibility]ERR(  309):user:NormalPipe query fail(module:0)
06-28 16:12:45.077   798 28245 E NormalPipe: [query] some query op fail
06-28 16:12:45.077   798 28245 E NormalPipe:  (query){#279:vendor/mediatek/proprietary/hardware/mtkcam/drv/src/isp/mt6768/iopipe/CamIO/NormalPipeModule.cpp}
