06-28 16:14:21.080  1375  1452 E WindowManager: win=Window{4c841b0 u0 com.google.android.packageinstaller/com.android.packageinstaller.UninstallerActivity EXITING} destroySurfaces: appStopped=false win.mWindowRemovalAllowed=true win.mRemoveOnExit=true win.mViewVisibility=0 caller=com.android.server.wm.ActivityRecord.destroySurfaces:5873 com.android.server.wm.ActivityRecord.destroySurfaces:5854 com.android.server.wm.WindowState.onExitAnimationDone:5983 com.android.server.wm.WindowStateAnimator.onAnimationFinished:242 com.android.server.wm.WindowState.onAnimationFinished:6236 com.android.server.wm.WindowContainer$$ExternalSyntheticLambda0.onAnimationFinished:2 com.android.server.wm.SurfaceAnimator.lambda$getFinishedCallback$0$SurfaceAnimator:113 
06-28 16:14:21.610  1375  1748 E SemWifiVendorHal: getWifiLinkLayerStats_1_5_Internal(l.456) failed {.code = ERROR_NOT_SUPPORTED, .description = }
06-28 16:14:22.574   833  1792 E perfmond: [PERFMOND][BOTTLENECK_HINT]  HINT ON  WIN=34 AVG=0
06-28 16:14:22.574   833  1792 E PerfHint: PerfHint acquire
06-28 16:14:22.579   833  1792 E NativeCustomFrequencyManager: [NativeCFMS] BpCustomFrequencyManager::acquire()
06-28 16:14:22.580   833  1792 E PerfHint: REPORT_BOTTLENECK_HINT_TRANSACTION :: name = perfmond
06-28 16:14:22.587  1375  1499 E JavaBinder: *** Uncaught remote exception!  (Exceptions are not yet supported across processes.)
06-28 16:14:22.587  1375  1499 E JavaBinder: java.lang.RuntimeException: android.os.RemoteException: No packages for uid
06-28 16:14:22.587  1375  1499 E JavaBinder: 	at android.os.Parcel.writeException(Parcel.java:2223)
06-28 16:14:22.587  1375  1499 E JavaBinder: 	at android.os.Binder.execTransactInternal(Binder.java:1239)
06-28 16:14:22.587  1375  1499 E JavaBinder: 	at android.os.Binder.execTransact(Binder.java:1179)
06-28 16:14:22.587  1375  1499 E JavaBinder: 	at android.os.BinderProxy.transactNative(Native Method)
06-28 16:14:22.587  1375  1499 E JavaBinder: 	at android.os.BinderProxy.transact(BinderProxy.java:635)
06-28 16:14:22.587  1375  1499 E JavaBinder: 	at android.security.maintenance.IKeystoreMaintenance$Stub$Proxy.clearNamespace(IKeystoreMaintenance.java:420)
06-28 16:14:22.587  1375  1499 E JavaBinder: 	at android.security.AndroidKeyStoreMaintenance.clearNamespace(AndroidKeyStoreMaintenance.java:117)
06-28 16:14:22.587  1375  1499 E JavaBinder: 	at android.security.KeyStore.clearUid(KeyStore.java:127)
06-28 16:14:22.587  1375  1499 E JavaBinder: 	at com.android.server.pm.PackageManagerService.removeKeystoreDataIfNeeded(PackageManagerService.java:27414)
06-28 16:14:22.587  1375  1499 E JavaBinder: 	at com.android.server.pm.PackageManagerService.removePackageDataLIF(PackageManagerService.java:26677)
06-28 16:14:22.587  1375  1499 E JavaBinder: 	at com.android.server.pm.PackageManagerService.deleteInstalledPackageLIF(PackageManagerService.java:26909)
06-28 16:14:22.587  1375  1499 E JavaBinder: 	at com.android.server.pm.PackageManagerService.executeDeletePackageLIF(PackageManagerService.java:27142)
06-28 16:14:22.587  1375  1499 E JavaBinder: 	at com.android.server.pm.PackageManagerService.deletePackageLIF(PackageManagerService.java:27052)
06-28 16:14:22.587  1375  1499 E JavaBinder: 	at com.android.server.pm.PackageManagerService.deletePackageX(PackageManagerService.java:26301)
06-28 16:14:22.587  1375  1499 E JavaBinder: 	at com.android.server.pm.PackageManagerService.lambda$deletePackageVersionedInternal$63$PackageManagerService(PackageManagerService.java:25974)
06-28 16:14:22.587  1375  1499 E JavaBinder: 	at com.android.server.pm.PackageManagerService$$ExternalSyntheticLambda55.run(Unknown Source:22)
06-28 16:14:22.587  1375  1499 E JavaBinder: 	at android.os.Handler.handleCallback(Handler.java:938)
06-28 16:14:22.587  1375  1499 E JavaBinder: 	at android.os.Handler.dispatchMessage(Handler.java:99)
06-28 16:14:22.587  1375  1499 E JavaBinder: 	at android.os.Looper.loopOnce(Looper.java:226)
06-28 16:14:22.587  1375  1499 E JavaBinder: 	at android.os.Looper.loop(Looper.java:313)
06-28 16:14:22.587  1375  1499 E JavaBinder: 	at android.os.HandlerThread.run(HandlerThread.java:67)
06-28 16:14:22.587  1375  1499 E JavaBinder: 	at com.android.server.ServiceThread.run(ServiceThread.java:44)
06-28 16:14:22.587  1375  1499 E JavaBinder: Caused by: android.os.RemoteException: No packages for uid
06-28 16:14:22.587  1375  1499 E JavaBinder: 	at com.android.server.security.KeyAttestationApplicationIdProviderService.getKeyAttestationApplicationId(KeyAttestationApplicationIdProviderService.java:59)
06-28 16:14:22.587  1375  1499 E JavaBinder: 	at android.security.keymaster.IKeyAttestationApplicationIdProvider$Stub.onTransact(IKeyAttestationApplicationIdProvider.java:91)
06-28 16:14:22.587  1375  1499 E JavaBinder: 	at android.os.Binder.execTransactInternal(Binder.java:1220)
06-28 16:14:22.587  1375  1499 E JavaBinder: 	... 20 more
06-28 16:14:22.590  1375  1499 E JavaBinder: *** Uncaught remote exception!  (Exceptions are not yet supported across processes.)
06-28 16:14:22.590  1375  1499 E JavaBinder: java.lang.RuntimeException: android.os.RemoteException: No packages for uid
06-28 16:14:22.590  1375  1499 E JavaBinder: 	at android.os.Parcel.writeException(Parcel.java:2223)
06-28 16:14:22.590  1375  1499 E JavaBinder: 	at android.os.Binder.execTransactInternal(Binder.java:1239)
06-28 16:14:22.590  1375  1499 E JavaBinder: 	at android.os.Binder.execTransact(Binder.java:1179)
06-28 16:14:22.590  1375  1499 E JavaBinder: 	at android.os.BinderProxy.transactNative(Native Method)
06-28 16:14:22.590  1375  1499 E JavaBinder: 	at android.os.BinderProxy.transact(BinderProxy.java:635)
06-28 16:14:22.590  1375  1499 E JavaBinder: 	at android.security.maintenance.IKeystoreMaintenance$Stub$Proxy.clearNamespace(IKeystoreMaintenance.java:420)
06-28 16:14:22.590  1375  1499 E JavaBinder: 	at android.security.AndroidKeyStoreMaintenance.clearNamespace(AndroidKeyStoreMaintenance.java:117)
06-28 16:14:22.590  1375  1499 E JavaBinder: 	at android.security.KeyStore.clearUid(KeyStore.java:127)
06-28 16:14:22.590  1375  1499 E JavaBinder: 	at com.android.server.pm.PackageManagerService.removeKeystoreDataIfNeeded(PackageManagerService.java:27414)
06-28 16:14:22.590  1375  1499 E JavaBinder: 	at com.android.server.pm.PackageManagerService.removePackageDataLIF(PackageManagerService.java:26677)
06-28 16:14:22.590  1375  1499 E JavaBinder: 	at com.android.server.pm.PackageManagerService.deleteInstalledPackageLIF(PackageManagerService.java:26909)
06-28 16:14:22.590  1375  1499 E JavaBinder: 	at com.android.server.pm.PackageManagerService.executeDeletePackageLIF(PackageManagerService.java:27142)
06-28 16:14:22.590  1375  1499 E JavaBinder: 	at com.android.server.pm.PackageManagerService.deletePackageLIF(PackageManagerService.java:27052)
06-28 16:14:22.590  1375  1499 E JavaBinder: 	at com.android.server.pm.PackageManagerService.deletePackageX(PackageManagerService.java:26301)
06-28 16:14:22.590  1375  1499 E JavaBinder: 	at com.android.server.pm.PackageManagerService.lambda$deletePackageVersionedInternal$63$PackageManagerService(PackageManagerService.java:25974)
06-28 16:14:22.590  1375  1499 E JavaBinder: 	at com.android.server.pm.PackageManagerService$$ExternalSyntheticLambda55.run(Unknown Source:22)
06-28 16:14:22.590  1375  1499 E JavaBinder: 	at android.os.Handler.handleCallback(Handler.java:938)
06-28 16:14:22.590  1375  1499 E JavaBinder: 	at android.os.Handler.dispatchMessage(Handler.java:99)
06-28 16:14:22.590  1375  1499 E JavaBinder: 	at android.os.Looper.loopOnce(Looper.java:226)
06-28 16:14:22.590  1375  1499 E JavaBinder: 	at android.os.Looper.loop(Looper.java:313)
06-28 16:14:22.590  1375  1499 E JavaBinder: 	at android.os.HandlerThread.run(HandlerThread.java:67)
06-28 16:14:22.590  1375  1499 E JavaBinder: 	at com.android.server.ServiceThread.run(ServiceThread.java:44)
06-28 16:14:22.590  1375  1499 E JavaBinder: Caused by: android.os.RemoteException: No packages for uid
06-28 16:14:22.590  1375  1499 E JavaBinder: 	at com.android.server.security.KeyAttestationApplicationIdProviderService.getKeyAttestationApplicationId(KeyAttestationApplicationIdProviderService.java:59)
06-28 16:14:22.590  1375  1499 E JavaBinder: 	at android.security.keymaster.IKeyAttestationApplicationIdProvider$Stub.onTransact(IKeyAttestationApplicationIdProvider.java:91)
06-28 16:14:22.590  1375  1499 E JavaBinder: 	at android.os.Binder.execTransactInternal(Binder.java:1220)
06-28 16:14:22.590  1375  1499 E JavaBinder: 	... 20 more
06-28 16:14:22.601  1375  1748 E SemWifiVendorHal: getWifiLinkLayerStats_1_5_Internal(l.456) failed {.code = ERROR_NOT_SUPPORTED, .description = }
06-28 16:14:22.613  1375  3803 E JavaBinder: *** Uncaught remote exception!  (Exceptions are not yet supported across processes.)
06-28 16:14:22.613  1375  3803 E JavaBinder: java.lang.RuntimeException: android.os.RemoteException: No packages for uid
06-28 16:14:22.613  1375  3803 E JavaBinder: 	at android.os.Parcel.writeException(Parcel.java:2223)
06-28 16:14:22.613  1375  3803 E JavaBinder: 	at android.os.Binder.execTransactInternal(Binder.java:1239)
06-28 16:14:22.613  1375  3803 E JavaBinder: 	at android.os.Binder.execTransact(Binder.java:1179)
06-28 16:14:22.613  1375  3803 E JavaBinder: Caused by: android.os.RemoteException: No packages for uid
06-28 16:14:22.613  1375  3803 E JavaBinder: 	at com.android.server.security.KeyAttestationApplicationIdProviderService.getKeyAttestationApplicationId(KeyAttestationApplicationIdProviderService.java:59)
06-28 16:14:22.613  1375  3803 E JavaBinder: 	at android.security.keymaster.IKeyAttestationApplicationIdProvider$Stub.onTransact(IKeyAttestationApplicationIdProvider.java:91)
06-28 16:14:22.613  1375  3803 E JavaBinder: 	at android.os.Binder.execTransactInternal(Binder.java:1220)
06-28 16:14:22.613  1375  3803 E JavaBinder: 	... 1 more
06-28 16:14:22.614  1375  3803 E JavaBinder: *** Uncaught remote exception!  (Exceptions are not yet supported across processes.)
06-28 16:14:22.614  1375  3803 E JavaBinder: java.lang.RuntimeException: android.os.RemoteException: No packages for uid
06-28 16:14:22.614  1375  3803 E JavaBinder: 	at android.os.Parcel.writeException(Parcel.java:2223)
06-28 16:14:22.614  1375  3803 E JavaBinder: 	at android.os.Binder.execTransactInternal(Binder.java:1239)
06-28 16:14:22.614  1375  3803 E JavaBinder: 	at android.os.Binder.execTransact(Binder.java:1179)
06-28 16:14:22.614  1375  3803 E JavaBinder: Caused by: android.os.RemoteException: No packages for uid
06-28 16:14:22.614  1375  3803 E JavaBinder: 	at com.android.server.security.KeyAttestationApplicationIdProviderService.getKeyAttestationApplicationId(KeyAttestationApplicationIdProviderService.java:59)
06-28 16:14:22.614  1375  3803 E JavaBinder: 	at android.security.keymaster.IKeyAttestationApplicationIdProvider$Stub.onTransact(IKeyAttestationApplicationIdProvider.java:91)
06-28 16:14:22.614  1375  3803 E JavaBinder: 	at android.os.Binder.execTransactInternal(Binder.java:1220)
06-28 16:14:22.614  1375  3803 E JavaBinder: 	... 1 more
06-28 16:14:22.633  1375  1499 E JavaBinder: *** Uncaught remote exception!  (Exceptions are not yet supported across processes.)
06-28 16:14:22.633  1375  1499 E JavaBinder: java.lang.RuntimeException: android.os.RemoteException: No packages for uid
06-28 16:14:22.633  1375  1499 E JavaBinder: 	at android.os.Parcel.writeException(Parcel.java:2223)
06-28 16:14:22.633  1375  1499 E JavaBinder: 	at android.os.Binder.execTransactInternal(Binder.java:1239)
06-28 16:14:22.633  1375  1499 E JavaBinder: 	at android.os.Binder.execTransact(Binder.java:1179)
06-28 16:14:22.633  1375  1499 E JavaBinder: 	at android.os.BinderProxy.transactNative(Native Method)
06-28 16:14:22.633  1375  1499 E JavaBinder: 	at android.os.BinderProxy.transact(BinderProxy.java:635)
06-28 16:14:22.633  1375  1499 E JavaBinder: 	at android.security.maintenance.IKeystoreMaintenance$Stub$Proxy.clearNamespace(IKeystoreMaintenance.java:420)
06-28 16:14:22.633  1375  1499 E JavaBinder: 	at android.security.AndroidKeyStoreMaintenance.clearNamespace(AndroidKeyStoreMaintenance.java:117)
06-28 16:14:22.633  1375  1499 E JavaBinder: 	at android.security.KeyStore.clearUid(KeyStore.java:127)
06-28 16:14:22.633  1375  1499 E JavaBinder: 	at com.android.server.pm.PackageManagerService.removeKeystoreDataIfNeeded(PackageManagerService.java:27414)
06-28 16:14:22.633  1375  1499 E JavaBinder: 	at com.android.server.pm.PackageManagerService.removePackageDataLIF(PackageManagerService.java:26677)
06-28 16:14:22.633  1375  1499 E JavaBinder: 	at com.android.server.pm.PackageManagerService.deleteInstalledPackageLIF(PackageManagerService.java:26909)
06-28 16:14:22.633  1375  1499 E JavaBinder: 	at com.android.server.pm.PackageManagerService.executeDeletePackageLIF(PackageManagerService.java:27142)
06-28 16:14:22.633  1375  1499 E JavaBinder: 	at com.android.server.pm.PackageManagerService.deletePackageLIF(PackageManagerService.java:27052)
06-28 16:14:22.633  1375  1499 E JavaBinder: 	at com.android.server.pm.PackageManagerService.deletePackageX(PackageManagerService.java:26301)
06-28 16:14:22.633  1375  1499 E JavaBinder: 	at com.android.server.pm.PackageManagerService.lambda$deletePackageVersionedInternal$63$PackageManagerService(PackageManagerService.java:25974)
06-28 16:14:22.633  1375  1499 E JavaBinder: 	at com.android.server.pm.PackageManagerService$$ExternalSyntheticLambda55.run(Unknown Source:22)
06-28 16:14:22.633  1375  1499 E JavaBinder: 	at android.os.Handler.handleCallback(Handler.java:938)
06-28 16:14:22.633  1375  1499 E JavaBinder: 	at android.os.Handler.dispatchMessage(Handler.java:99)
06-28 16:14:22.633  1375  1499 E JavaBinder: 	at android.os.Looper.loopOnce(Looper.java:226)
06-28 16:14:22.633  1375  1499 E JavaBinder: 	at android.os.Looper.loop(Looper.java:313)
06-28 16:14:22.633  1375  1499 E JavaBinder: 	at android.os.HandlerThread.run(HandlerThread.java:67)
06-28 16:14:22.633  1375  1499 E JavaBinder: 	at com.android.server.ServiceThread.run(ServiceThread.java:44)
06-28 16:14:22.633  1375  1499 E JavaBinder: Caused by: android.os.RemoteException: No packages for uid
06-28 16:14:22.633  1375  1499 E JavaBinder: 	at com.android.server.security.KeyAttestationApplicationIdProviderService.getKeyAttestationApplicationId(KeyAttestationApplicationIdProviderService.java:59)
06-28 16:14:22.633  1375  1499 E JavaBinder: 	at android.security.keymaster.IKeyAttestationApplicationIdProvider$Stub.onTransact(IKeyAttestationApplicationIdProvider.java:91)
06-28 16:14:22.633  1375  1499 E JavaBinder: 	at android.os.Binder.execTransactInternal(Binder.java:1220)
06-28 16:14:22.633  1375  1499 E JavaBinder: 	... 20 more
06-28 16:14:22.635  1375  1499 E JavaBinder: *** Uncaught remote exception!  (Exceptions are not yet supported across processes.)
06-28 16:14:22.635  1375  1499 E JavaBinder: java.lang.RuntimeException: android.os.RemoteException: No packages for uid
06-28 16:14:22.635  1375  1499 E JavaBinder: 	at android.os.Parcel.writeException(Parcel.java:2223)
06-28 16:14:22.635  1375  1499 E JavaBinder: 	at android.os.Binder.execTransactInternal(Binder.java:1239)
06-28 16:14:22.635  1375  1499 E JavaBinder: 	at android.os.Binder.execTransact(Binder.java:1179)
06-28 16:14:22.635  1375  1499 E JavaBinder: 	at android.os.BinderProxy.transactNative(Native Method)
06-28 16:14:22.635  1375  1499 E JavaBinder: 	at android.os.BinderProxy.transact(BinderProxy.java:635)
06-28 16:14:22.635  1375  1499 E JavaBinder: 	at android.security.maintenance.IKeystoreMaintenance$Stub$Proxy.clearNamespace(IKeystoreMaintenance.java:420)
06-28 16:14:22.635  1375  1499 E JavaBinder: 	at android.security.AndroidKeyStoreMaintenance.clearNamespace(AndroidKeyStoreMaintenance.java:117)
06-28 16:14:22.635  1375  1499 E JavaBinder: 	at android.security.KeyStore.clearUid(KeyStore.java:127)
06-28 16:14:22.635  1375  1499 E JavaBinder: 	at com.android.server.pm.PackageManagerService.removeKeystoreDataIfNeeded(PackageManagerService.java:27414)
06-28 16:14:22.635  1375  1499 E JavaBinder: 	at com.android.server.pm.PackageManagerService.removePackageDataLIF(PackageManagerService.java:26677)
06-28 16:14:22.635  1375  1499 E JavaBinder: 	at com.android.server.pm.PackageManagerService.deleteInstalledPackageLIF(PackageManagerService.java:26909)
06-28 16:14:22.635  1375  1499 E JavaBinder: 	at com.android.server.pm.PackageManagerService.executeDeletePackageLIF(PackageManagerService.java:27142)
06-28 16:14:22.635  1375  1499 E JavaBinder: 	at com.android.server.pm.PackageManagerService.deletePackageLIF(PackageManagerService.java:27052)
06-28 16:14:22.635  1375  1499 E JavaBinder: 	at com.android.server.pm.PackageManagerService.deletePackageX(PackageManagerService.java:26301)
06-28 16:14:22.635  1375  1499 E JavaBinder: 	at com.android.server.pm.PackageManagerService.lambda$deletePackageVersionedInternal$63$PackageManagerService(PackageManagerService.java:25974)
06-28 16:14:22.635  1375  1499 E JavaBinder: 	at com.android.server.pm.PackageManagerService$$ExternalSyntheticLambda55.run(Unknown Source:22)
06-28 16:14:22.635  1375  1499 E JavaBinder: 	at android.os.Handler.handleCallback(Handler.java:938)
06-28 16:14:22.635  1375  1499 E JavaBinder: 	at android.os.Handler.dispatchMessage(Handler.java:99)
06-28 16:14:22.635  1375  1499 E JavaBinder: 	at android.os.Looper.loopOnce(Looper.java:226)
06-28 16:14:22.635  1375  1499 E JavaBinder: 	at android.os.Looper.loop(Looper.java:313)
06-28 16:14:22.635  1375  1499 E JavaBinder: 	at android.os.HandlerThread.run(HandlerThread.java:67)
06-28 16:14:22.635  1375  1499 E JavaBinder: 	at com.android.server.ServiceThread.run(ServiceThread.java:44)
06-28 16:14:22.635  1375  1499 E JavaBinder: Caused by: android.os.RemoteException: No packages for uid
06-28 16:14:22.635  1375  1499 E JavaBinder: 	at com.android.server.security.KeyAttestationApplicationIdProviderService.getKeyAttestationApplicationId(KeyAttestationApplicationIdProviderService.java:59)
06-28 16:14:22.635  1375  1499 E JavaBinder: 	at android.security.keymaster.IKeyAttestationApplicationIdProvider$Stub.onTransact(IKeyAttestationApplicationIdProvider.java:91)
06-28 16:14:22.635  1375  1499 E JavaBinder: 	at android.os.Binder.execTransactInternal(Binder.java:1220)
06-28 16:14:22.635  1375  1499 E JavaBinder: 	... 20 more
06-28 16:14:22.870  1375  1668 E WifiVendorHal: getWifiLinkLayerStats_1_5_Internal(l.1191) failed {.code = ERROR_NOT_SUPPORTED, .description = }
06-28 16:14:23.264  2179 15618 E CapabilityUtil<0>: checkModuleReady: config is null
06-28 16:14:23.268  2179 15618 E CapabilityUtil<1>: checkModuleReady: mConfig.isAvailable == false
06-28 16:14:23.276  2746  2746 E pageboostd: Received HALT command code 2
06-28 16:14:23.288  1375  1794 E AppOps  : User 150, OP 1 is restricted by 1000
06-28 16:14:23.310  1375  1794 E AppOps  : User 150, OP 1 is restricted by 1000
06-28 16:14:23.310  1375  1794 E AppOps  : User 150, OP 0 is restricted by 1000
06-28 16:14:23.311  1375  1794 E AppOps  : User 150, OP 0 is restricted by 1000
06-28 16:14:23.312  1375  1794 E AppOps  : User 0, OP 1 is restricted by 1000
06-28 16:14:23.312  1375  1794 E AppOps  : User 0, OP 0 is restricted by 1000
06-28 16:14:23.328 17124 17124 E d.mobileservic: Not starting debugger since process cannot load the jdwp agent.
06-28 16:14:23.332 17124 17124 E USNET   : USNET: appName: com.samsung.android.mobileservice
06-28 16:14:23.366  1375  1794 E AppOps  : User 150, OP 1 is restricted by 1000
06-28 16:14:23.366  1375  1794 E AppOps  : User 150, OP 0 is restricted by 1000
06-28 16:14:23.366 19447 19463 E com.samsung.android.settings.ucm.UCMUtils: Failed to get UCM Service
06-28 16:14:23.371  1375  1794 E AppOps  : User 0, OP 0 is restricted by 1000
06-28 16:14:23.371  1375  1794 E AppOps  : User 0, OP 1 is restricted by 1000
06-28 16:14:23.373  1375  1794 E AppOps  : User 150, OP 0 is restricted by 1000
06-28 16:14:23.373  1375  1794 E AppOps  : User 150, OP 1 is restricted by 1000
06-28 16:14:23.383  1375  1794 E AppOps  : User 0, OP 1 is restricted by 1000
06-28 16:14:23.383  1375  1794 E AppOps  : User 0, OP 1 is restricted by 1000
06-28 16:14:23.383  1375  1794 E AppOps  : User 0, OP 0 is restricted by 1000
06-28 16:14:23.383  1375  1794 E AppOps  : User 0, OP 0 is restricted by 1000
06-28 16:14:23.386  1375  1794 E AppOps  : User 150, OP 1 is restricted by 1000
06-28 16:14:23.386  1375  1794 E AppOps  : User 150, OP 1 is restricted by 1000
06-28 16:14:23.386  1375  1794 E AppOps  : User 150, OP 0 is restricted by 1000
06-28 16:14:23.386  1375  1794 E AppOps  : User 150, OP 0 is restricted by 1000
06-28 16:14:23.430 19447 19463 E SecurityUtils: checkSAMenuChanged.
06-28 16:14:23.454 19447 19463 E BaseSearchIndex: com.samsung.android.settings.notification.SecDTMFExplanationPreferenceController must implement com.android.settings.core.PreferenceControllerMixin treating the key non-indexable
06-28 16:14:23.479  1375  1794 E AppOps  : User 150, OP 1 is restricted by 1000
06-28 16:14:23.482  1375  1794 E AppOps  : User 150, OP 1 is restricted by 1000
06-28 16:14:23.482  1375  1794 E AppOps  : User 150, OP 0 is restricted by 1000
06-28 16:14:23.483  1375  1794 E AppOps  : User 150, OP 0 is restricted by 1000
06-28 16:14:23.587  1375  1971 E JavaBinder: *** Uncaught remote exception!  (Exceptions are not yet supported across processes.)
06-28 16:14:23.587  1375  1971 E JavaBinder: java.lang.RuntimeException: android.os.RemoteException: No packages for uid
06-28 16:14:23.587  1375  1971 E JavaBinder: 	at android.os.Parcel.writeException(Parcel.java:2223)
06-28 16:14:23.587  1375  1971 E JavaBinder: 	at android.os.Binder.execTransactInternal(Binder.java:1239)
06-28 16:14:23.587  1375  1971 E JavaBinder: 	at android.os.Binder.execTransact(Binder.java:1179)
06-28 16:14:23.587  1375  1971 E JavaBinder: Caused by: android.os.RemoteException: No packages for uid
06-28 16:14:23.587  1375  1971 E JavaBinder: 	at com.android.server.security.KeyAttestationApplicationIdProviderService.getKeyAttestationApplicationId(KeyAttestationApplicationIdProviderService.java:59)
06-28 16:14:23.587  1375  1971 E JavaBinder: 	at android.security.keymaster.IKeyAttestationApplicationIdProvider$Stub.onTransact(IKeyAttestationApplicationIdProvider.java:91)
06-28 16:14:23.587  1375  1971 E JavaBinder: 	at android.os.Binder.execTransactInternal(Binder.java:1220)
06-28 16:14:23.587  1375  1971 E JavaBinder: 	... 1 more
06-28 16:14:23.588 19447 19463 E Connections_Utils: Unknown component: ComponentInfo{com.samsung.advancedcalling/com.samsung.advancedcalling.VzwAdvancedCalling}
06-28 16:14:23.590  1375  1971 E JavaBinder: *** Uncaught remote exception!  (Exceptions are not yet supported across processes.)
06-28 16:14:23.590  1375  1971 E JavaBinder: java.lang.RuntimeException: android.os.RemoteException: No packages for uid
06-28 16:14:23.590  1375  1971 E JavaBinder: 	at android.os.Parcel.writeException(Parcel.java:2223)
06-28 16:14:23.590  1375  1971 E JavaBinder: 	at android.os.Binder.execTransactInternal(Binder.java:1239)
06-28 16:14:23.590  1375  1971 E JavaBinder: 	at android.os.Binder.execTransact(Binder.java:1179)
06-28 16:14:23.590  1375  1971 E JavaBinder: Caused by: android.os.RemoteException: No packages for uid
06-28 16:14:23.590  1375  1971 E JavaBinder: 	at com.android.server.security.KeyAttestationApplicationIdProviderService.getKeyAttestationApplicationId(KeyAttestationApplicationIdProviderService.java:59)
06-28 16:14:23.590  1375  1971 E JavaBinder: 	at android.security.keymaster.IKeyAttestationApplicationIdProvider$Stub.onTransact(IKeyAttestationApplicationIdProvider.java:91)
06-28 16:14:23.590  1375  1971 E JavaBinder: 	at android.os.Binder.execTransactInternal(Binder.java:1220)
06-28 16:14:23.590  1375  1971 E JavaBinder: 	... 1 more
06-28 16:14:23.617  1375  1748 E SemWifiVendorHal: getWifiLinkLayerStats_1_5_Internal(l.456) failed {.code = ERROR_NOT_SUPPORTED, .description = }
06-28 16:14:23.684  1375  1794 E AppOps  : User 150, OP 1 is restricted by 1000
06-28 16:14:23.684  1375  1794 E AppOps  : User 150, OP 1 is restricted by 1000
06-28 16:14:23.684  1375  1794 E AppOps  : User 150, OP 0 is restricted by 1000
06-28 16:14:23.684  1375  1794 E AppOps  : User 150, OP 0 is restricted by 1000
06-28 16:14:23.700  1375  1794 E AppOps  : User 0, OP 1 is restricted by 1000
06-28 16:14:23.700  1375  1794 E AppOps  : User 0, OP 1 is restricted by 1000
06-28 16:14:23.700  1375  1794 E AppOps  : User 0, OP 0 is restricted by 1000
06-28 16:14:23.701  1375  1794 E AppOps  : User 0, OP 0 is restricted by 1000
06-28 16:14:23.701  1375  1794 E AppOps  : User 0, OP 1 is restricted by 1000
06-28 16:14:23.701  1375  1794 E AppOps  : User 0, OP 1 is restricted by 1000
06-28 16:14:23.701  1375  1794 E AppOps  : User 0, OP 0 is restricted by 1000
06-28 16:14:23.701  1375  1794 E AppOps  : User 0, OP 0 is restricted by 1000
06-28 16:14:23.707  1375  1794 E AppOps  : User 150, OP 1 is restricted by 1000
06-28 16:14:23.707  1375  1794 E AppOps  : User 150, OP 1 is restricted by 1000
06-28 16:14:23.707  1375  1794 E AppOps  : User 150, OP 0 is restricted by 1000
06-28 16:14:23.707  1375  1794 E AppOps  : User 150, OP 0 is restricted by 1000
06-28 16:14:23.708  1375  1794 E AppOps  : User 150, OP 1 is restricted by 1000
06-28 16:14:23.708  1375  1794 E AppOps  : User 150, OP 1 is restricted by 1000
06-28 16:14:23.708  1375  1794 E AppOps  : User 150, OP 0 is restricted by 1000
06-28 16:14:23.708  1375  1794 E AppOps  : User 150, OP 0 is restricted by 1000
06-28 16:14:23.728 17124 17124 E SEMS:Social_13.7.12: [GLog][main][GroupDBHelper] Instance null
06-28 16:14:23.750  1375  1794 E AppOps  : User 0, OP 1 is restricted by 1000
06-28 16:14:23.750  1375  1794 E AppOps  : User 0, OP 0 is restricted by 1000
06-28 16:14:23.753  1375  1794 E AppOps  : User 0, OP 0 is restricted by 1000
06-28 16:14:23.753  1375  1794 E AppOps  : User 0, OP 0 is restricted by 1000
06-28 16:14:23.753  1375  1794 E AppOps  : User 0, OP 1 is restricted by 1000
06-28 16:14:23.753  1375  1794 E AppOps  : User 0, OP 1 is restricted by 1000
06-28 16:14:23.754  1375  1794 E AppOps  : User 0, OP 1 is restricted by 1000
06-28 16:14:23.754  1375  1794 E AppOps  : User 0, OP 1 is restricted by 1000
06-28 16:14:23.754  1375  1794 E AppOps  : User 0, OP 0 is restricted by 1000
06-28 16:14:23.754  1375  1794 E AppOps  : User 0, OP 0 is restricted by 1000
06-28 16:14:23.760  1375  1794 E AppOps  : User 150, OP 1 is restricted by 1000
06-28 16:14:23.761  1375  1794 E AppOps  : User 150, OP 1 is restricted by 1000
06-28 16:14:23.761  1375  1794 E AppOps  : User 150, OP 0 is restricted by 1000
06-28 16:14:23.761  1375  1794 E AppOps  : User 150, OP 0 is restricted by 1000
06-28 16:14:23.809 19447 19463 E Settings: not found com.samsung.android.app.tips
06-28 16:14:23.812 19447 19463 E Settings: not found com.samsung.android.app.tips
06-28 16:14:23.870  1375  1794 E AppOps  : User 150, OP 1 is restricted by 1000
06-28 16:14:23.870  1375  1794 E AppOps  : User 150, OP 1 is restricted by 1000
06-28 16:14:23.870  1375  1794 E AppOps  : User 150, OP 0 is restricted by 1000
06-28 16:14:23.870  1375  1794 E AppOps  : User 150, OP 0 is restricted by 1000
06-28 16:14:23.876 17124 17169 E SEMS:Social_13.7.12: [BLog][RxComputationThreadPool-1][ConditionRepositoryImpl] checkLegacy error
06-28 16:14:24.052  1375  1794 E AppOps  : User 150, OP 1 is restricted by 1000
06-28 16:14:24.053  1375  1794 E AppOps  : User 150, OP 1 is restricted by 1000
06-28 16:14:24.053  1375  1794 E AppOps  : User 150, OP 0 is restricted by 1000
06-28 16:14:24.053  1375  1794 E AppOps  : User 150, OP 0 is restricted by 1000
06-28 16:14:24.061  1375  1794 E AppOps  : User 0, OP 1 is restricted by 1000
06-28 16:14:24.061  1375  1794 E AppOps  : User 0, OP 1 is restricted by 1000
06-28 16:14:24.061  1375  1794 E AppOps  : User 0, OP 0 is restricted by 1000
06-28 16:14:24.061  1375  1794 E AppOps  : User 0, OP 0 is restricted by 1000
06-28 16:14:24.128  1375  1794 E AppOps  : User 150, OP 1 is restricted by 1000
06-28 16:14:24.128  1375  1794 E AppOps  : User 150, OP 1 is restricted by 1000
06-28 16:14:24.128  1375  1794 E AppOps  : User 150, OP 0 is restricted by 1000
06-28 16:14:24.129  1375  1794 E AppOps  : User 150, OP 0 is restricted by 1000
06-28 16:14:24.235  1375  1794 E AppOps  : User 150, OP 1 is restricted by 1000
06-28 16:14:24.236  1375  1794 E AppOps  : User 150, OP 1 is restricted by 1000
06-28 16:14:24.236  1375  1794 E AppOps  : User 150, OP 0 is restricted by 1000
06-28 16:14:24.236  1375  1794 E AppOps  : User 150, OP 0 is restricted by 1000
06-28 16:14:24.243   833   844 E PerfHint: PerfHint release
06-28 16:14:24.244   833   844 E NativeCustomFrequencyManager: [NativeCFMS] BpCustomFrequencyManager::release()
06-28 16:14:24.244   833   844 E perfmond: [PERFMOND][BOTTLENECK_HINT]  HINT OFF  WIN=0 AVG=17
06-28 16:14:24.303  1375  1794 E AppOps  : User 150, OP 1 is restricted by 1000
06-28 16:14:24.304  1375  1794 E AppOps  : User 150, OP 1 is restricted by 1000
06-28 16:14:24.304  1375  1794 E AppOps  : User 150, OP 0 is restricted by 1000
06-28 16:14:24.304  1375  1794 E AppOps  : User 150, OP 0 is restricted by 1000
06-28 16:14:24.306  1375  1794 E AppOps  : User 0, OP 0 is restricted by 1000
06-28 16:14:24.306  1375  1794 E AppOps  : User 0, OP 0 is restricted by 1000
06-28 16:14:24.306  1375  1794 E AppOps  : User 0, OP 1 is restricted by 1000
06-28 16:14:24.306  1375  1794 E AppOps  : User 0, OP 1 is restricted by 1000
06-28 16:14:24.308  1375  1794 E AppOps  : User 0, OP 0 is restricted by 1000
06-28 16:14:24.308  1375  1794 E AppOps  : User 0, OP 1 is restricted by 1000
06-28 16:14:24.321  1375  1794 E AppOps  : User 0, OP 0 is restricted by 1000
06-28 16:14:24.324  1375  1794 E AppOps  : User 0, OP 1 is restricted by 1000
06-28 16:14:24.324  1375  1794 E AppOps  : User 0, OP 1 is restricted by 1000
06-28 16:14:24.324  1375  1794 E AppOps  : User 0, OP 0 is restricted by 1000
06-28 16:14:24.324  1375  1794 E AppOps  : User 0, OP 0 is restricted by 1000
06-28 16:14:24.324  1375  1794 E AppOps  : User 0, OP 1 is restricted by 1000
06-28 16:14:24.324  1375  1794 E AppOps  : User 0, OP 1 is restricted by 1000
06-28 16:14:24.325  1375  1794 E AppOps  : User 0, OP 0 is restricted by 1000
06-28 16:14:24.325  1375  1794 E AppOps  : User 0, OP 0 is restricted by 1000
06-28 16:14:24.330  1375  1794 E AppOps  : User 150, OP 1 is restricted by 1000
06-28 16:14:24.331  1375  1794 E AppOps  : User 150, OP 1 is restricted by 1000
06-28 16:14:24.331  1375  1794 E AppOps  : User 150, OP 0 is restricted by 1000
06-28 16:14:24.331  1375  1794 E AppOps  : User 150, OP 0 is restricted by 1000
06-28 16:14:24.331  1375  1794 E AppOps  : User 150, OP 1 is restricted by 1000
06-28 16:14:24.331  1375  1794 E AppOps  : User 150, OP 1 is restricted by 1000
06-28 16:14:24.331  1375  1794 E AppOps  : User 150, OP 0 is restricted by 1000
06-28 16:14:24.331  1375  1794 E AppOps  : User 150, OP 0 is restricted by 1000
06-28 16:14:24.376 17193 17193 E app.telephonyu: Not starting debugger since process cannot load the jdwp agent.
06-28 16:14:24.378 17193 17193 E USNET   : USNET: appName: com.samsung.android.app.telephonyui
06-28 16:14:24.400  1375  1794 E AppOps  : User 150, OP 1 is restricted by 1000
06-28 16:14:24.400  1375  1794 E AppOps  : User 150, OP 1 is restricted by 1000
06-28 16:14:24.401  1375  1794 E AppOps  : User 150, OP 0 is restricted by 1000
06-28 16:14:24.401  1375  1794 E AppOps  : User 150, OP 0 is restricted by 1000
06-28 16:14:24.406  1375  1794 E AppOps  : User 0, OP 1 is restricted by 1000
06-28 16:14:24.406  1375  1794 E AppOps  : User 0, OP 1 is restricted by 1000
06-28 16:14:24.406  1375  1794 E AppOps  : User 0, OP 0 is restricted by 1000
06-28 16:14:24.406  1375  1794 E AppOps  : User 0, OP 0 is restricted by 1000
06-28 16:14:24.408  1375  1794 E AppOps  : User 0, OP 0 is restricted by 1000
06-28 16:14:24.408  1375  1794 E AppOps  : User 0, OP 0 is restricted by 1000
06-28 16:14:24.408  1375  1794 E AppOps  : User 0, OP 1 is restricted by 1000
06-28 16:14:24.408  1375  1794 E AppOps  : User 0, OP 1 is restricted by 1000
06-28 16:14:24.409  1375  1794 E AppOps  : User 0, OP 0 is restricted by 1000
06-28 16:14:24.409  1375  1794 E AppOps  : User 0, OP 0 is restricted by 1000
06-28 16:14:24.409  1375  1794 E AppOps  : User 0, OP 1 is restricted by 1000
06-28 16:14:24.409  1375  1794 E AppOps  : User 0, OP 1 is restricted by 1000
06-28 16:14:24.411  1375  1794 E AppOps  : User 0, OP 1 is restricted by 1000
06-28 16:14:24.411  1375  1794 E AppOps  : User 0, OP 1 is restricted by 1000
06-28 16:14:24.411  1375  1794 E AppOps  : User 0, OP 0 is restricted by 1000
06-28 16:14:24.411  1375  1794 E AppOps  : User 0, OP 0 is restricted by 1000
06-28 16:14:24.501  1375  1794 E AppOps  : User 150, OP 1 is restricted by 1000
06-28 16:14:24.502  1375  1794 E AppOps  : User 150, OP 1 is restricted by 1000
06-28 16:14:24.502  1375  1794 E AppOps  : User 150, OP 0 is restricted by 1000
06-28 16:14:24.503  1375  1794 E AppOps  : User 150, OP 0 is restricted by 1000
06-28 16:14:24.505  1375  1968 E ShortcutService: Invalid icon type in shortcut 5d7439d40fe85d0d. Bitmaps are not allowed in long-lived shortcuts. Use Resource icons, or Uri-based icons instead.
06-28 16:14:24.532  2334  4049 E FrameEvents: updateAcquireFence: Did not find frame.
06-28 16:14:24.603  1375  1794 E AppOps  : User 150, OP 1 is restricted by 1000
06-28 16:14:24.604  1375  1794 E AppOps  : User 150, OP 1 is restricted by 1000
06-28 16:14:24.604  1375  1794 E AppOps  : User 150, OP 0 is restricted by 1000
06-28 16:14:24.604  1375  1794 E AppOps  : User 150, OP 0 is restricted by 1000
06-28 16:14:24.606  1375  1794 E AppOps  : User 0, OP 0 is restricted by 1000
06-28 16:14:24.656  1375  1748 E SemWifiVendorHal: getWifiLinkLayerStats_1_5_Internal(l.456) failed {.code = ERROR_NOT_SUPPORTED, .description = }
06-28 16:14:24.685  1375  1794 E AppOps  : User 150, OP 1 is restricted by 1000
06-28 16:14:24.686  1375  1794 E AppOps  : User 150, OP 1 is restricted by 1000
06-28 16:14:24.686  1375  1794 E AppOps  : User 150, OP 0 is restricted by 1000
06-28 16:14:24.687  1375  1794 E AppOps  : User 150, OP 0 is restricted by 1000
06-28 16:14:24.706  1375  1794 E AppOps  : User 0, OP 0 is restricted by 1000
06-28 16:14:24.706  1375  1794 E AppOps  : User 0, OP 0 is restricted by 1000
06-28 16:14:24.706  1375  1794 E AppOps  : User 0, OP 1 is restricted by 1000
06-28 16:14:24.706  1375  1794 E AppOps  : User 0, OP 1 is restricted by 1000
06-28 16:14:24.708  1375  1794 E AppOps  : User 150, OP 0 is restricted by 1000
06-28 16:14:24.708  1375  1794 E AppOps  : User 150, OP 0 is restricted by 1000
06-28 16:14:24.708  1375  1794 E AppOps  : User 150, OP 1 is restricted by 1000
06-28 16:14:24.708  1375  1794 E AppOps  : User 150, OP 1 is restricted by 1000
06-28 16:14:24.710  1375  1794 E AppOps  : User 0, OP 0 is restricted by 1000
06-28 16:14:24.710  1375  1794 E AppOps  : User 0, OP 0 is restricted by 1000
06-28 16:14:24.710  1375  1794 E AppOps  : User 0, OP 1 is restricted by 1000
06-28 16:14:24.710  1375  1794 E AppOps  : User 0, OP 1 is restricted by 1000
06-28 16:14:24.710  1375  1794 E AppOps  : User 0, OP 0 is restricted by 1000
06-28 16:14:24.710  1375  1794 E AppOps  : User 0, OP 0 is restricted by 1000
06-28 16:14:24.710  1375  1794 E AppOps  : User 0, OP 1 is restricted by 1000
06-28 16:14:24.711  1375  1794 E AppOps  : User 0, OP 1 is restricted by 1000
06-28 16:14:24.713  1375  1794 E AppOps  : User 150, OP 0 is restricted by 1000
06-28 16:14:24.714  1375  1794 E AppOps  : User 150, OP 0 is restricted by 1000
06-28 16:14:24.714  1375  1794 E AppOps  : User 150, OP 1 is restricted by 1000
06-28 16:14:24.714  1375  1794 E AppOps  : User 150, OP 1 is restricted by 1000
06-28 16:14:24.714  1375  1794 E AppOps  : User 150, OP 0 is restricted by 1000
06-28 16:14:24.714  1375  1794 E AppOps  : User 150, OP 0 is restricted by 1000
06-28 16:14:24.714  1375  1794 E AppOps  : User 150, OP 1 is restricted by 1000
06-28 16:14:24.714  1375  1794 E AppOps  : User 150, OP 1 is restricted by 1000
06-28 16:14:24.806  1375  1794 E AppOps  : User 150, OP 1 is restricted by 1000
06-28 16:14:24.807  1375  1794 E AppOps  : User 150, OP 1 is restricted by 1000
06-28 16:14:24.807  1375  1794 E AppOps  : User 150, OP 0 is restricted by 1000
06-28 16:14:24.807  1375  1794 E AppOps  : User 150, OP 0 is restricted by 1000
06-28 16:14:24.855 17193 17210 E ServiceBindHelper: time out 2, com.samsung.telephony.phone.service.internalservice.ISamsungInternalService$Stub$Proxy@5f4a0ef
06-28 16:14:24.860 17193 17202 E FeatureUtil: filePath /optics/configs/carriers/single/ZTO/conf/system/customer_carrier_feature.json carrierGroup ZTO canonicalId -1
06-28 16:14:24.863 17193 17202 E FeatureUtil: filePath /optics/configs/carriers/single/ZTO/conf/system/customer_carrier_feature.json carrierGroup ZTO canonicalId 530
06-28 16:14:24.864 17193 17202 E FeatureUtil: filePath /optics/configs/carriers/single/ZTO/conf/system/customer_carrier_feature.json carrierGroup ZTO canonicalId -1
06-28 16:14:24.865 17193 17202 E FeatureUtil: filePath /optics/configs/carriers/single/ZTO/conf/system/customer_carrier_feature.json carrierGroup ZTO canonicalId 530
06-28 16:14:24.885  1375  1794 E AppOps  : User 150, OP 1 is restricted by 1000
06-28 16:14:24.885  1375  1794 E AppOps  : User 150, OP 1 is restricted by 1000
06-28 16:14:24.885  1375  1794 E AppOps  : User 150, OP 0 is restricted by 1000
06-28 16:14:24.886  1375  1794 E AppOps  : User 150, OP 0 is restricted by 1000
06-28 16:14:24.896  1375  1794 E AppOps  : User 150, OP 0 is restricted by 1000
06-28 16:14:24.896  1375  1794 E AppOps  : User 150, OP 0 is restricted by 1000
06-28 16:14:24.896  1375  1794 E AppOps  : User 150, OP 1 is restricted by 1000
06-28 16:14:24.896  1375  1794 E AppOps  : User 150, OP 1 is restricted by 1000
06-28 16:14:24.900  1375  1794 E AppOps  : User 0, OP 0 is restricted by 1000
06-28 16:14:24.900  1375  1794 E AppOps  : User 0, OP 0 is restricted by 1000
06-28 16:14:24.900  1375  1794 E AppOps  : User 0, OP 1 is restricted by 1000
06-28 16:14:24.901  1375  1794 E AppOps  : User 0, OP 1 is restricted by 1000
06-28 16:14:24.901  1375  1794 E AppOps  : User 0, OP 0 is restricted by 1000
06-28 16:14:24.901  1375  1794 E AppOps  : User 0, OP 0 is restricted by 1000
06-28 16:14:24.901  1375  1794 E AppOps  : User 0, OP 1 is restricted by 1000
06-28 16:14:24.901  1375  1794 E AppOps  : User 0, OP 1 is restricted by 1000
06-28 16:14:24.904  1375  1794 E AppOps  : User 150, OP 0 is restricted by 1000
06-28 16:14:24.904  1375  1794 E AppOps  : User 150, OP 0 is restricted by 1000
06-28 16:14:24.904  1375  1794 E AppOps  : User 150, OP 1 is restricted by 1000
06-28 16:14:24.904  1375  1794 E AppOps  : User 150, OP 1 is restricted by 1000
06-28 16:14:24.904  1375  1794 E AppOps  : User 150, OP 0 is restricted by 1000
06-28 16:14:24.904  1375  1794 E AppOps  : User 150, OP 0 is restricted by 1000
06-28 16:14:24.904  1375  1794 E AppOps  : User 150, OP 1 is restricted by 1000
06-28 16:14:24.904  1375  1794 E AppOps  : User 150, OP 1 is restricted by 1000
06-28 16:14:25.017  1375  1794 E AppOps  : User 150, OP 1 is restricted by 1000
06-28 16:14:25.017  1375  1794 E AppOps  : User 150, OP 1 is restricted by 1000
06-28 16:14:25.017  1375  1794 E AppOps  : User 150, OP 0 is restricted by 1000
06-28 16:14:25.018  1375  1794 E AppOps  : User 150, OP 0 is restricted by 1000
06-28 16:14:25.019  1375  1794 E AppOps  : User 0, OP 1 is restricted by 1000
06-28 16:14:25.020  1375  1794 E AppOps  : User 0, OP 1 is restricted by 1000
06-28 16:14:25.020  1375  1794 E AppOps  : User 0, OP 0 is restricted by 1000
06-28 16:14:25.020  1375  1794 E AppOps  : User 0, OP 0 is restricted by 1000
06-28 16:14:25.094  1375  1794 E AppOps  : User 150, OP 1 is restricted by 1000
06-28 16:14:25.096  1375  1794 E AppOps  : User 150, OP 1 is restricted by 1000
06-28 16:14:25.096  1375  1794 E AppOps  : User 150, OP 0 is restricted by 1000
06-28 16:14:25.096  1375  1794 E AppOps  : User 150, OP 0 is restricted by 1000
06-28 16:14:25.138  1375  1794 E AppOps  : User 0, OP 1 is restricted by 1000
06-28 16:14:25.138  1375  1794 E AppOps  : User 0, OP 0 is restricted by 1000
06-28 16:14:25.140  1375  1794 E AppOps  : User 0, OP 0 is restricted by 1000
06-28 16:14:25.140  1375  1794 E AppOps  : User 0, OP 0 is restricted by 1000
06-28 16:14:25.140  1375  1794 E AppOps  : User 0, OP 1 is restricted by 1000
06-28 16:14:25.140  1375  1794 E AppOps  : User 0, OP 1 is restricted by 1000
06-28 16:14:25.144  1375  1794 E AppOps  : User 150, OP 0 is restricted by 1000
06-28 16:14:25.144  1375  1794 E AppOps  : User 150, OP 0 is restricted by 1000
06-28 16:14:25.144  1375  1794 E AppOps  : User 150, OP 1 is restricted by 1000
06-28 16:14:25.144  1375  1794 E AppOps  : User 150, OP 1 is restricted by 1000
06-28 16:14:25.175  1375  1794 E AppOps  : User 0, OP 1 is restricted by 1000
06-28 16:14:25.175  1375  1794 E AppOps  : User 0, OP 1 is restricted by 1000
06-28 16:14:25.175  1375  1794 E AppOps  : User 0, OP 0 is restricted by 1000
06-28 16:14:25.175  1375  1794 E AppOps  : User 0, OP 0 is restricted by 1000
06-28 16:14:25.176  1375  1794 E AppOps  : User 0, OP 1 is restricted by 1000
06-28 16:14:25.176  1375  1794 E AppOps  : User 0, OP 1 is restricted by 1000
06-28 16:14:25.176  1375  1794 E AppOps  : User 0, OP 0 is restricted by 1000
06-28 16:14:25.176  1375  1794 E AppOps  : User 0, OP 0 is restricted by 1000
06-28 16:14:25.212  1375  1794 E AppOps  : User 0, OP 1 is restricted by 1000
06-28 16:14:25.213  1375  1794 E AppOps  : User 0, OP 0 is restricted by 1000
06-28 16:14:25.215  1375  1794 E AppOps  : User 0, OP 0 is restricted by 1000
06-28 16:14:25.217  1375  1794 E AppOps  : User 150, OP 0 is restricted by 1000
06-28 16:14:25.218  1375  1794 E AppOps  : User 0, OP 0 is restricted by 1000
06-28 16:14:25.221  1375  1794 E AppOps  : User 150, OP 0 is restricted by 1000
06-28 16:14:25.232  1375  1794 E AppOps  : User 0, OP 0 is restricted by 1000
06-28 16:14:25.232  1375  1794 E AppOps  : User 0, OP 0 is restricted by 1000
06-28 16:14:25.232  1375  1794 E AppOps  : User 0, OP 1 is restricted by 1000
06-28 16:14:25.232  1375  1794 E AppOps  : User 0, OP 1 is restricted by 1000
06-28 16:14:25.243  1375  1794 E AppOps  : User 0, OP 1 is restricted by 1000
06-28 16:14:25.243  1375  1794 E AppOps  : User 0, OP 0 is restricted by 1000
06-28 16:14:25.245  1375  1794 E AppOps  : User 0, OP 1 is restricted by 1000
06-28 16:14:25.245  1375  1794 E AppOps  : User 0, OP 1 is restricted by 1000
06-28 16:14:25.245  1375  1794 E AppOps  : User 0, OP 0 is restricted by 1000
06-28 16:14:25.245  1375  1794 E AppOps  : User 0, OP 0 is restricted by 1000
06-28 16:14:25.321  1375  1794 E AppOps  : User 150, OP 1 is restricted by 1000
06-28 16:14:25.322  1375  1794 E AppOps  : User 150, OP 1 is restricted by 1000
06-28 16:14:25.322  1375  1794 E AppOps  : User 150, OP 0 is restricted by 1000
06-28 16:14:25.322  1375  1794 E AppOps  : User 150, OP 0 is restricted by 1000
06-28 16:14:25.323  1375  1794 E AppOps  : User 150, OP 1 is restricted by 1000
06-28 16:14:25.324  1375  1794 E AppOps  : User 150, OP 1 is restricted by 1000
06-28 16:14:25.324  1375  1794 E AppOps  : User 150, OP 0 is restricted by 1000
06-28 16:14:25.324  1375  1794 E AppOps  : User 150, OP 0 is restricted by 1000
06-28 16:14:25.348  1375  1794 E AppOps  : User 0, OP 1 is restricted by 1000
06-28 16:14:25.348  1375  1794 E AppOps  : User 0, OP 0 is restricted by 1000
06-28 16:14:25.455  1375  1794 E AppOps  : User 150, OP 1 is restricted by 1000
06-28 16:14:25.456  1375  1794 E AppOps  : User 150, OP 1 is restricted by 1000
06-28 16:14:25.456  1375  1794 E AppOps  : User 150, OP 0 is restricted by 1000
06-28 16:14:25.456  1375  1794 E AppOps  : User 150, OP 0 is restricted by 1000
06-28 16:14:25.560  1375  1794 E AppOps  : User 0, OP 0 is restricted by 1000
06-28 16:14:25.560  1375  1794 E AppOps  : User 0, OP 0 is restricted by 1000
06-28 16:14:25.560  1375  1794 E AppOps  : User 0, OP 1 is restricted by 1000
06-28 16:14:25.560  1375  1794 E AppOps  : User 0, OP 1 is restricted by 1000
06-28 16:14:25.564  1375  1794 E AppOps  : User 150, OP 1 is restricted by 1000
06-28 16:14:25.564  1375  1794 E AppOps  : User 150, OP 1 is restricted by 1000
06-28 16:14:25.564  1375  1794 E AppOps  : User 150, OP 0 is restricted by 1000
06-28 16:14:25.564  1375  1794 E AppOps  : User 150, OP 0 is restricted by 1000
06-28 16:14:25.653  1375  1748 E SemWifiVendorHal: getWifiLinkLayerStats_1_5_Internal(l.456) failed {.code = ERROR_NOT_SUPPORTED, .description = }
06-28 16:14:25.681  1375  1794 E AppOps  : User 150, OP 1 is restricted by 1000
06-28 16:14:25.681  1375  1794 E AppOps  : User 150, OP 1 is restricted by 1000
06-28 16:14:25.681  1375  1794 E AppOps  : User 150, OP 0 is restricted by 1000
06-28 16:14:25.682  1375  1794 E AppOps  : User 150, OP 0 is restricted by 1000
06-28 16:14:25.725  1375  1794 E AppOps  : User 0, OP 1 is restricted by 1000
06-28 16:14:25.725  1375  1794 E AppOps  : User 0, OP 1 is restricted by 1000
06-28 16:14:25.725  1375  1794 E AppOps  : User 0, OP 0 is restricted by 1000
06-28 16:14:25.725  1375  1794 E AppOps  : User 0, OP 0 is restricted by 1000
06-28 16:14:25.730  1375  1794 E AppOps  : User 0, OP 1 is restricted by 1000
06-28 16:14:25.730  1375  1794 E AppOps  : User 0, OP 1 is restricted by 1000
06-28 16:14:25.730  1375  1794 E AppOps  : User 0, OP 0 is restricted by 1000
06-28 16:14:25.730  1375  1794 E AppOps  : User 0, OP 0 is restricted by 1000
06-28 16:14:25.732  1375  1794 E AppOps  : User 0, OP 1 is restricted by 1000
06-28 16:14:25.732  1375  1794 E AppOps  : User 0, OP 1 is restricted by 1000
06-28 16:14:25.732  1375  1794 E AppOps  : User 0, OP 0 is restricted by 1000
06-28 16:14:25.732  1375  1794 E AppOps  : User 0, OP 0 is restricted by 1000
06-28 16:14:25.734  1375  1794 E AppOps  : User 150, OP 1 is restricted by 1000
06-28 16:14:25.734  1375  1794 E AppOps  : User 150, OP 1 is restricted by 1000
06-28 16:14:25.734  1375  1794 E AppOps  : User 150, OP 0 is restricted by 1000
06-28 16:14:25.734  1375  1794 E AppOps  : User 150, OP 0 is restricted by 1000
06-28 16:14:25.878  1375  1668 E WifiVendorHal: getWifiLinkLayerStats_1_5_Internal(l.1191) failed {.code = ERROR_NOT_SUPPORTED, .description = }
06-28 16:14:26.667  1375  1748 E SemWifiVendorHal: getWifiLinkLayerStats_1_5_Internal(l.456) failed {.code = ERROR_NOT_SUPPORTED, .description = }
06-28 16:14:26.742  1375  1794 E AppOps  : User 150, OP 1 is restricted by 1000
06-28 16:14:26.743  1375  1794 E AppOps  : User 150, OP 1 is restricted by 1000
06-28 16:14:26.743  1375  1794 E AppOps  : User 150, OP 0 is restricted by 1000
06-28 16:14:26.745  1375  1794 E AppOps  : User 150, OP 0 is restricted by 1000
06-28 16:14:27.580  1375  1794 E AppOps  : User 150, OP 1 is restricted by 1000
06-28 16:14:27.581  1375  1794 E AppOps  : User 150, OP 1 is restricted by 1000
06-28 16:14:27.581  1375  1794 E AppOps  : User 150, OP 0 is restricted by 1000
06-28 16:14:27.582  1375  1794 E AppOps  : User 150, OP 0 is restricted by 1000
06-28 16:14:27.605 13012 13244 E Finsky  : [136] [Counters] attempted to use a non-positive increment for: 4752
06-28 16:14:27.618 13012 13244 E android.vendin: Failed to open APK '/data/app/~~coDi0RRy1wlac8sS8XgDdg==/com.example.gestaobilhares-Y4xLG4X3C0XZfyaPIUWBsQ==/base.apk': I/O error
06-28 16:14:27.630  1375  1794 E AppOps  : User 0, OP 0 is restricted by 1000
06-28 16:14:27.630  1375  1794 E AppOps  : User 0, OP 1 is restricted by 1000
06-28 16:14:27.634  1375  1794 E AppOps  : User 0, OP 1 is restricted by 1000
06-28 16:14:27.634  1375  1794 E AppOps  : User 0, OP 1 is restricted by 1000
06-28 16:14:27.635  1375  1794 E AppOps  : User 0, OP 0 is restricted by 1000
06-28 16:14:27.635  1375  1794 E AppOps  : User 0, OP 0 is restricted by 1000
06-28 16:14:27.635  1375  1794 E AppOps  : User 0, OP 1 is restricted by 1000
06-28 16:14:27.635  1375  1794 E AppOps  : User 0, OP 1 is restricted by 1000
06-28 16:14:27.635  1375  1794 E AppOps  : User 0, OP 0 is restricted by 1000
06-28 16:14:27.635  1375  1794 E AppOps  : User 0, OP 0 is restricted by 1000
06-28 16:14:27.641  1375  1794 E AppOps  : User 150, OP 1 is restricted by 1000
06-28 16:14:27.641  1375  1794 E AppOps  : User 150, OP 1 is restricted by 1000
06-28 16:14:27.641  1375  1794 E AppOps  : User 150, OP 0 is restricted by 1000
06-28 16:14:27.641  1375  1794 E AppOps  : User 150, OP 0 is restricted by 1000
06-28 16:14:27.641  1375  1794 E AppOps  : User 150, OP 1 is restricted by 1000
06-28 16:14:27.641  1375  1794 E AppOps  : User 150, OP 1 is restricted by 1000
06-28 16:14:27.641  1375  1794 E AppOps  : User 150, OP 0 is restricted by 1000
06-28 16:14:27.641  1375  1794 E AppOps  : User 150, OP 0 is restricted by 1000
06-28 16:14:27.654  1375  1794 E AppOps  : User 0, OP 0 is restricted by 1000
06-28 16:14:27.654  1375  1794 E AppOps  : User 0, OP 0 is restricted by 1000
06-28 16:14:27.655  1375  1794 E AppOps  : User 0, OP 1 is restricted by 1000
06-28 16:14:27.655  1375  1794 E AppOps  : User 0, OP 1 is restricted by 1000
06-28 16:14:27.655 16736 16812 E ExternalAccountType: [C] Package was found, but that doesn't contain the CONTACTS_STRUCTURE metadata
06-28 16:14:27.692  1375  1794 E AppOps  : User 150, OP 0 is restricted by 1000
06-28 16:14:27.692  1375  1794 E AppOps  : User 150, OP 0 is restricted by 1000
06-28 16:14:27.692  1375  1794 E AppOps  : User 150, OP 1 is restricted by 1000
06-28 16:14:27.692  1375  1794 E AppOps  : User 150, OP 1 is restricted by 1000
06-28 16:14:27.739 13012 13244 E android.vendin: Failed to open APK '/data/app/~~coDi0RRy1wlac8sS8XgDdg==/com.example.gestaobilhares-Y4xLG4X3C0XZfyaPIUWBsQ==/base.apk': I/O error
