06-28 12:56:59.257  1391  1498 E JavaBinder: 	at com.android.server.pm.PackageManagerService.deletePackageLIF(PackageManagerService.java:27052)
06-28 12:56:59.257  1391  1498 E JavaBinder: 	at com.android.server.pm.PackageManagerService.deletePackageX(PackageManagerService.java:26301)
06-28 12:56:59.257  1391  1498 E JavaBinder: 	at com.android.server.pm.PackageManagerService.lambda$deletePackageVersionedInternal$63$PackageManagerService(PackageManagerService.java:25974)
06-28 12:56:59.257  1391  1498 E JavaBinder: 	at com.android.server.pm.PackageManagerService$$ExternalSyntheticLambda55.run(Unknown Source:22)
06-28 12:56:59.257  1391  1498 E JavaBinder: 	at android.os.Handler.handleCallback(Handler.java:938)
06-28 12:56:59.257  1391  1498 E JavaBinder: 	at android.os.Handler.dispatchMessage(Handler.java:99)
06-28 12:56:59.257  1391  1498 E JavaBinder: 	at android.os.Looper.loopOnce(Looper.java:226)
06-28 12:56:59.257  1391  1498 E JavaBinder: 	at android.os.Looper.loop(Looper.java:313)
06-28 12:56:59.257  1391  1498 E JavaBinder: 	at android.os.HandlerThread.run(HandlerThread.java:67)
06-28 12:56:59.257  1391  1498 E JavaBinder: 	at com.android.server.ServiceThread.run(ServiceThread.java:44)
06-28 12:56:59.257  1391  1498 E JavaBinder: Caused by: android.os.RemoteException: No packages for uid
06-28 12:56:59.257  1391  1498 E JavaBinder: 	at com.android.server.security.KeyAttestationApplicationIdProviderService.getKeyAttestationApplicationId(KeyAttestationApplicationIdProviderService.java:59)
06-28 12:56:59.257  1391  1498 E JavaBinder: 	at android.security.keymaster.IKeyAttestationApplicationIdProvider$Stub.onTransact(IKeyAttestationApplicationIdProvider.java:91)
06-28 12:56:59.257  1391  1498 E JavaBinder: 	at android.os.Binder.execTransactInternal(Binder.java:1220)
06-28 12:56:59.257  1391  1498 E JavaBinder: 	... 20 more
06-28 12:56:59.390  1391  4051 E AppOps  : evalMode() Foreground mode : uid - 5021, op - 26, capability - 0
06-28 12:56:59.392   795   795 E mtkcam-devicemgr: [getDeviceName] deviceId 1  name device@3.6/legacy/1 (getDeviceName){#506:vendor/mediatek/proprietary/hardware/mtkcam3/main/hal/devicemgr/base/CameraDeviceManagerBase_utils.cpp}
06-28 12:56:59.393   795   795 E mtkcam-devicemgr: [getDeviceName] deviceId 1  name device@3.6/legacy/1 (getDeviceName){#506:vendor/mediatek/proprietary/hardware/mtkcam3/main/hal/devicemgr/base/CameraDeviceManagerBase_utils.cpp}
06-28 12:56:59.393   795   795 E mtkcam-devicemgr: [getDeviceName] deviceId 1  name device@3.6/legacy/1 (getDeviceName){#506:vendor/mediatek/proprietary/hardware/mtkcam3/main/hal/devicemgr/base/CameraDeviceManagerBase_utils.cpp}
06-28 12:56:59.397  2764  2764 E pageboostd: Received HALT command code 2
06-28 12:56:59.408   795 31388 E paramctrl_lifetime: open /proc/driver/thermal/clNR_status failed, disable NR cooler
06-28 12:56:59.408   795 31388 E paramctrl_lifetime:  (Paramctrl){#261:vendor/mediatek/proprietary/hardware/mtkcam/aaa/source/isp_40/isp_tuning/paramctrl/paramctrl_lifetime.cpp}
06-28 12:56:59.426   788   851 E SensorsHub: AccSensor : Meta event
06-28 12:56:59.445  1078 12650 E Camera2-FrameProcessorBase: FrameProcessorBase: created
06-28 12:56:59.445  1078 12650 E Camera2-FrameProcessorBase: registerListener: Registering listener for frame id range 0 - 2147483647
06-28 12:56:59.447  1391  4045 E CameraService_proxy: Top task with package name: com.samsung.adaptivebrightnessgo not found!
06-28 12:56:59.536   795   795 E NormalPipe: [query] unsupport cmd(0x4000)
06-28 12:56:59.536   795   795 E NormalPipe:  (query){#659:vendor/mediatek/proprietary/hardware/mtkcam/drv/src/isp/mt6768/iopipe/CamIO/NormalPipeModule.cpp}
06-28 12:56:59.539   795   795 E cam_capibitiliy: cam_capibitiliy[GetFormat]ERR(  238):current portID(0x3a) are not supported in query
06-28 12:56:59.539   795   795 E cam_capi: cam_capi[GetCapibility]ERR(  309):user:NormalPipe query fail(module:0)
06-28 12:56:59.539   795   795 E NormalPipe: [query] some query op fail
06-28 12:56:59.539   795   795 E NormalPipe:  (query){#279:vendor/mediatek/proprietary/hardware/mtkcam/drv/src/isp/mt6768/iopipe/CamIO/NormalPipeModule.cpp}
06-28 12:56:59.552   795   795 E BWC     : MTK_IOC_SMI_BWC_INFO_GET failed.:Inappropriate ioctl for device
06-28 12:56:59.554   795   795 E BWC     : MTK_IOC_SMI_BWC_INFO_SET failed.:Inappropriate ioctl for device
06-28 12:56:59.554   795   795 E BWC     : MTK_IOC_MMDVFS_CMD failed.:Inappropriate ioctl for device
06-28 12:56:59.570   795 31410 E cam_capibitiliy: cam_capibitiliy[GetCapibility]ERR(  145):some query cmd(0x20000) is not supported. valid cmd(0x7300327f)
06-28 12:56:59.570   795 31410 E cam_capi: cam_capi[GetCapibility]ERR(  309):user:NormalPipe query fail(module:0)
06-28 12:56:59.570   795 31410 E NormalPipe: [query] some query op fail
06-28 12:56:59.570   795 31410 E NormalPipe:  (query){#279:vendor/mediatek/proprietary/hardware/mtkcam/drv/src/isp/mt6768/iopipe/CamIO/NormalPipeModule.cpp}
06-28 12:56:59.584  1078 23100 E VendorTagDescriptor: lookupTag: Tag name 'requestHint' does not exist.
06-28 12:56:59.587  1391  2336 E AppOps  : evalMode() Foreground mode : uid - 5021, op - 26, capability - 0
06-28 12:56:59.605   795 31412 E MtkCam/StreamingPipe/DcesoHal: [init]missing isp buffer info (init){#72:vendor/mediatek/proprietary/hardware/mtkcam3/feature/core/featurePipe/streaming/DcesoHal.cpp}
06-28 12:56:59.609  1391  1692 E SensorService: BigData:Pakage) 4 already enabled. 
06-28 12:56:59.610  2163  2291 E PaniGenerator: network is unknown.
06-28 12:56:59.626   795 31436 E af_mgr_v3: WAR-ROI : [X]1063 [Y]739 [W]466 [H]466 -> [X]1063 [Y]739 [W]466 [H]466, [XNUM] 24->0, [YNUM] 24->0 (ConfigHWReg){#6060:vendor/mediatek/proprietary/hardware/mtkcam/aaa/source/isp_40/./af_mgr/af_mgr.cpp}
06-28 12:56:59.645  2163  2291 E CmcServiceHelper: disallow Call Service
06-28 12:56:59.645  2163  2291 E CmcServiceHelper: disallow Call Service
06-28 12:56:59.645  2163  2291 E CapabilityUtil<0>: checkModuleReady: config is null
06-28 12:56:59.645  2163  2291 E CapabilityUtil<0>: checkModuleReady: config is null
06-28 12:56:59.651   795   795 E ae_mgr  : Unsupport AE Metering Mode: 5
06-28 12:56:59.651   795   795 E ae_mgr  :  (setAEMeteringMode){#1386:vendor/mediatek/proprietary/hardware/mtkcam/aaa/source/isp_40/ae_mgr/ae_mgr.cpp}
06-28 12:56:59.680   795 31391 E aao_buf_mgr: [updateInfo]  pAEResult is NULL, set mi4EvComp as default value 
06-28 12:56:59.680   795 31391 E aao_buf_mgr:  (updateInfo){#614:vendor/mediatek/proprietary/hardware/mtkcam/aaa/source/isp_40/buf_mgr/AAOBufMgr.cpp}
06-28 12:56:59.680   795 31391 E aao_buf_mgr: [updateInfo] Failed to get FLASHResult for MagicNum(1)
06-28 12:56:59.680   795 31391 E aao_buf_mgr:  (updateInfo){#623:vendor/mediatek/proprietary/hardware/mtkcam/aaa/source/isp_40/buf_mgr/AAOBufMgr.cpp}
06-28 12:56:59.681  2163  2291 E #IMSCR  : 06-28 12:56:59 0x1101000B:0,FILTERED ALL:11
06-28 12:56:59.730  1391  1729 E SemWifiVendorHal: getWifiLinkLayerStats_1_5_Internal(l.456) failed {.code = ERROR_NOT_SUPPORTED, .description = }
06-28 12:56:59.744   795 31391 E aao_buf_mgr: [updateInfo]  pAEResult is NULL, set mi4EvComp as default value 
06-28 12:56:59.744   795 31391 E aao_buf_mgr:  (updateInfo){#614:vendor/mediatek/proprietary/hardware/mtkcam/aaa/source/isp_40/buf_mgr/AAOBufMgr.cpp}
06-28 12:56:59.744   795 31391 E aao_buf_mgr: [updateInfo] Failed to get FLASHResult for MagicNum(1)
06-28 12:56:59.744   795 31391 E aao_buf_mgr:  (updateInfo){#623:vendor/mediatek/proprietary/hardware/mtkcam/aaa/source/isp_40/buf_mgr/AAOBufMgr.cpp}
06-28 12:56:59.752  2163  2291 E PaniGenerator: network is unknown.
06-28 12:56:59.761  2163  2291 E CmcServiceHelper: disallow Call Service
06-28 12:56:59.761  2163  2291 E CmcServiceHelper: disallow Call Service
06-28 12:56:59.761  2163  2291 E CapabilityUtil<0>: checkModuleReady: config is null
06-28 12:56:59.761  2163  2291 E CapabilityUtil<0>: checkModuleReady: config is null
06-28 12:56:59.770  2163  2291 E #IMSCR  : 06-28 12:56:59 0x1101000B:0,FILTERED ALL:11
06-28 12:56:59.776   795 31391 E aao_buf_mgr: [updateInfo]  pAEResult is NULL, set mi4EvComp as default value 
06-28 12:56:59.776   795 31391 E aao_buf_mgr:  (updateInfo){#614:vendor/mediatek/proprietary/hardware/mtkcam/aaa/source/isp_40/buf_mgr/AAOBufMgr.cpp}
06-28 12:56:59.776   795 31391 E aao_buf_mgr: [updateInfo] Failed to get FLASHResult for MagicNum(1)
06-28 12:56:59.776   795 31391 E aao_buf_mgr:  (updateInfo){#623:vendor/mediatek/proprietary/hardware/mtkcam/aaa/source/isp_40/buf_mgr/AAOBufMgr.cpp}
06-28 12:56:59.817   795 29268 E PQ      : [PQ][PQSessionManager] PQSessionManager::getPQSession m_PQSupport == 0
06-28 12:56:59.822  2163  2291 E PaniGenerator: network is unknown.
06-28 12:56:59.831   795 29268 E PQ      : [PQ][PQSessionManager] PQSessionManager::getPQSession m_PQSupport == 0
06-28 12:56:59.835  2163  2291 E CmcServiceHelper: disallow Call Service
06-28 12:56:59.835  2163  2291 E CmcServiceHelper: disallow Call Service
06-28 12:56:59.835  2163  2291 E CapabilityUtil<0>: checkModuleReady: config is null
06-28 12:56:59.835  2163  2291 E CapabilityUtil<0>: checkModuleReady: config is null
06-28 12:56:59.855  2163  2291 E #IMSCR  : 06-28 12:56:59 0x1101000B:0,FILTERED ALL:11
06-28 12:56:59.863   795 29268 E PQ      : [PQ][PQSessionManager] PQSessionManager::getPQSession m_PQSupport == 0
06-28 12:56:59.875  2163  2291 E PaniGenerator: network is unknown.
06-28 12:56:59.885  2163  2291 E CmcServiceHelper: disallow Call Service
06-28 12:56:59.885  2163  2291 E CmcServiceHelper: disallow Call Service
06-28 12:56:59.886  2163  2291 E CapabilityUtil<0>: checkModuleReady: config is null
06-28 12:56:59.886  2163  2291 E CapabilityUtil<0>: checkModuleReady: config is null
06-28 12:56:59.894  2163  2291 E #IMSCR  : 06-28 12:56:59 0x1101000B:0,FILTERED ALL:11
06-28 12:56:59.898   795 29268 E PQ      : [PQ][PQSessionManager] PQSessionManager::getPQSession m_PQSupport == 0
06-28 12:56:59.932   795 29268 E PQ      : [PQ][PQSessionManager] PQSessionManager::getPQSession m_PQSupport == 0
06-28 12:56:59.966   795 29268 E PQ      : [PQ][PQSessionManager] PQSessionManager::getPQSession m_PQSupport == 0
06-28 12:56:59.999   795 29268 E PQ      : [PQ][PQSessionManager] PQSessionManager::getPQSession m_PQSupport == 0
06-28 12:57:00.003  1391  1589 E JavaBinder: *** Uncaught remote exception!  (Exceptions are not yet supported across processes.)
06-28 12:57:00.003  1391  1589 E JavaBinder: java.lang.RuntimeException: android.os.RemoteException: No packages for uid
06-28 12:57:00.003  1391  1589 E JavaBinder: 	at android.os.Parcel.writeException(Parcel.java:2223)
06-28 12:57:00.003  1391  1589 E JavaBinder: 	at android.os.Binder.execTransactInternal(Binder.java:1239)
06-28 12:57:00.003  1391  1589 E JavaBinder: 	at android.os.Binder.execTransact(Binder.java:1179)
06-28 12:57:00.003  1391  1589 E JavaBinder: Caused by: android.os.RemoteException: No packages for uid
06-28 12:57:00.003  1391  1589 E JavaBinder: 	at com.android.server.security.KeyAttestationApplicationIdProviderService.getKeyAttestationApplicationId(KeyAttestationApplicationIdProviderService.java:59)
06-28 12:57:00.003  1391  1589 E JavaBinder: 	at android.security.keymaster.IKeyAttestationApplicationIdProvider$Stub.onTransact(IKeyAttestationApplicationIdProvider.java:91)
06-28 12:57:00.003  1391  1589 E JavaBinder: 	at android.os.Binder.execTransactInternal(Binder.java:1220)
06-28 12:57:00.003  1391  1589 E JavaBinder: 	... 1 more
06-28 12:57:00.005  1391  1589 E JavaBinder: *** Uncaught remote exception!  (Exceptions are not yet supported across processes.)
06-28 12:57:00.005  1391  1589 E JavaBinder: java.lang.RuntimeException: android.os.RemoteException: No packages for uid
06-28 12:57:00.005  1391  1589 E JavaBinder: 	at android.os.Parcel.writeException(Parcel.java:2223)
06-28 12:57:00.005  1391  1589 E JavaBinder: 	at android.os.Binder.execTransactInternal(Binder.java:1239)
06-28 12:57:00.005  1391  1589 E JavaBinder: 	at android.os.Binder.execTransact(Binder.java:1179)
06-28 12:57:00.005  1391  1589 E JavaBinder: Caused by: android.os.RemoteException: No packages for uid
06-28 12:57:00.005  1391  1589 E JavaBinder: 	at com.android.server.security.KeyAttestationApplicationIdProviderService.getKeyAttestationApplicationId(KeyAttestationApplicationIdProviderService.java:59)
06-28 12:57:00.005  1391  1589 E JavaBinder: 	at android.security.keymaster.IKeyAttestationApplicationIdProvider$Stub.onTransact(IKeyAttestationApplicationIdProvider.java:91)
06-28 12:57:00.005  1391  1589 E JavaBinder: 	at android.os.Binder.execTransactInternal(Binder.java:1220)
06-28 12:57:00.005  1391  1589 E JavaBinder: 	... 1 more
06-28 12:57:00.032  1078  8914 E CameraDeviceClient: notifyError: pid=25877, errorCode=3, errorStreamId=0, frameNumber=7
06-28 12:57:00.032  1078  8914 E CameraDeviceClient: notifyError: pid=25877, skipClientNotification=false
06-28 12:57:00.033  1078  8914 E Camera3-OutputStream: returnBufferCheckedLocked: A frame is dropped for stream 0 frame 7 , due to buffer error.
06-28 12:57:00.049  1078  8914 E CameraDeviceClient: notifyError: pid=25877, errorCode=3, errorStreamId=0, frameNumber=8
06-28 12:57:00.049  1078  8914 E CameraDeviceClient: notifyError: pid=25877, skipClientNotification=false
06-28 12:57:00.052  1078  8914 E Camera3-OutputStream: returnBufferCheckedLocked: A frame is dropped for stream 0 frame 8 , due to buffer error.
06-28 12:57:00.053  1078  8914 E CameraDeviceClient: notifyError: pid=25877, errorCode=3, errorStreamId=0, frameNumber=9
06-28 12:57:00.053  1078  8914 E CameraDeviceClient: notifyError: pid=25877, skipClientNotification=false
06-28 12:57:00.053  1078  8914 E Camera3-OutputStream: returnBufferCheckedLocked: A frame is dropped for stream 0 frame 9 , due to buffer error.
06-28 12:57:00.055  1078  8914 E CameraDeviceClient: notifyError: pid=25877, errorCode=3, errorStreamId=0, frameNumber=10
06-28 12:57:00.055  1078  8914 E CameraDeviceClient: notifyError: pid=25877, skipClientNotification=false
06-28 12:57:00.056  1078  8914 E CameraDeviceClient: notifyError: pid=25877, errorCode=3, errorStreamId=0, frameNumber=11
06-28 12:57:00.056  1078  8914 E CameraDeviceClient: notifyError: pid=25877, skipClientNotification=false
06-28 12:57:00.057  1078  8914 E Camera3-OutputStream: returnBufferCheckedLocked: A frame is dropped for stream 0 frame 10 , due to buffer error.
06-28 12:57:00.057  1078  8914 E Camera3-OutputStream: returnBufferCheckedLocked: A frame is dropped for stream 0 frame 11 , due to buffer error.
06-28 12:57:00.069  1078 23100 E CameraDeviceClient: Disconnect from CameraDeviceClient
06-28 12:57:00.077  1078 23100 E Camera2-FrameProcessorBase: removeListener: 
06-28 12:57:00.087  1391  1589 E AppOps  : Operation not started: uid=5021 pkg=com.samsung.adaptivebrightnessgo(null) op=CAMERA
06-28 12:57:00.095   795 29223 E BWC     : MTK_IOC_SMI_BWC_INFO_GET failed.:Inappropriate ioctl for device
06-28 12:57:00.096   795 29223 E BWC     : MTK_IOC_SMI_BWC_INFO_SET failed.:Inappropriate ioctl for device
06-28 12:57:00.106  1391  1692 E SensorService: BigData:Pakage) 4 already enabled. 
06-28 12:57:00.736  1391  1729 E SemWifiVendorHal: getWifiLinkLayerStats_1_5_Internal(l.456) failed {.code = ERROR_NOT_SUPPORTED, .description = }
06-28 12:57:01.052  1391  1648 E WifiVendorHal: getWifiLinkLayerStats_1_5_Internal(l.1191) failed {.code = ERROR_NOT_SUPPORTED, .description = }
06-28 12:57:01.755  1391  1729 E SemWifiVendorHal: getWifiLinkLayerStats_1_5_Internal(l.456) failed {.code = ERROR_NOT_SUPPORTED, .description = }
06-28 12:57:01.845   740   740 E audit   : type=1400 audit(1751126221.843:16070): avc:  denied  { write } for  pid=3708 comm="ThreadPoolForeg" name="traced_producer" dev="tmpfs" ino=23157 scontext=u:r:gmscore_app:s0:c512,c768 tcontext=u:object_r:traced_producer_socket:s0 tclass=sock_file permissive=0 SEPF_SM-A315G_12_0001 audit_filtered
06-28 12:57:01.845   740   740 E audit   : type=1300 audit(1751126221.843:16070): arch=c00000b7 syscall=203 success=no exit=-13 a0=133 a1=b400007a19546b00 a2=1e a3=ffffffff97a0afcd items=0 ppid=760 pid=3708 auid=4294967295 uid=10216 gid=10216 euid=10216 suid=10216 fsuid=10216 egid=10216 sgid=10216 fsgid=10216 tty=(none) ses=4294967295 comm="ThreadPoolForeg" exe="/system/bin/app_process64" subj=u:r:gmscore_app:s0:c512,c768 key=(null)
06-28 12:57:01.845   740   740 E audit   : type=1327 audit(1751126221.843:16070): proctitle="com.google.android.gms.persistent"
06-28 12:57:02.469  1823  1823 E FaceWidgetMediaDataDAO: getDevice(),  mData or mData.getDevice() or mData.getDevice().getName() is null
06-28 12:57:02.700 19727 19983 E Finsky  : [288] [Counters] attempted to use a non-positive increment for: 4752
06-28 12:57:02.701 19727 19934 E Finsky  : [278] [Counters] attempted to use a non-positive increment for: 4753
06-28 12:57:02.731 19727 19934 E Finsky  : [278] [Counters] attempted to use a non-positive increment for: 4752
06-28 12:57:02.760  1391  1729 E SemWifiVendorHal: getWifiLinkLayerStats_1_5_Internal(l.456) failed {.code = ERROR_NOT_SUPPORTED, .description = }
06-28 12:57:03.016 19727 19967 E android.vendin: Failed to open APK '/data/app/~~zQ4BMM_ki_tm-J4xPUaMmQ==/com.example.gestaobilhares-g6jsbkPLhq2lQCKeT6WeOQ==/base.apk': I/O error
06-28 12:57:03.092 31479 31479 E eoverlaymanage: Not starting debugger since process cannot load the jdwp agent.
06-28 12:57:03.095 31479 31479 E USNET   : USNET: appName: com.samsung.android.localeoverlaymanager
06-28 12:57:03.109   836   897 E BufferQueueDebug: [Toast$_1823#0](this:0xb400007934703948,id:-1,api:0,p:-1,c:-1) id info cannot be read from 'Toast$_1823#0'
06-28 12:57:03.110 19727 19967 E android.vendin: Failed to open APK '/data/app/~~zQ4BMM_ki_tm-J4xPUaMmQ==/com.example.gestaobilhares-g6jsbkPLhq2lQCKeT6WeOQ==/base.apk': I/O error
06-28 12:57:03.112 19727 19967 E ResourcesManager: failed to add asset path '/data/app/~~zQ4BMM_ki_tm-J4xPUaMmQ==/com.example.gestaobilhares-g6jsbkPLhq2lQCKeT6WeOQ==/base.apk'
06-28 12:57:03.112 19727 19967 E ResourcesManager: java.io.IOException: Failed to load asset path /data/app/~~zQ4BMM_ki_tm-J4xPUaMmQ==/com.example.gestaobilhares-g6jsbkPLhq2lQCKeT6WeOQ==/base.apk
06-28 12:57:03.112 19727 19967 E ResourcesManager: 	at android.content.res.ApkAssets.nativeLoad(Native Method)
06-28 12:57:03.112 19727 19967 E ResourcesManager: 	at android.content.res.ApkAssets.<init>(ApkAssets.java:295)
06-28 12:57:03.112 19727 19967 E ResourcesManager: 	at android.content.res.ApkAssets.loadFromPath(ApkAssets.java:144)
06-28 12:57:03.112 19727 19967 E ResourcesManager: 	at android.app.ResourcesManager.loadApkAssets(ResourcesManager.java:530)
06-28 12:57:03.112 19727 19967 E ResourcesManager: 	at android.app.ResourcesManager.loadApkAssets(ResourcesManager.java:499)
06-28 12:57:03.112 19727 19967 E ResourcesManager: 	at android.app.ResourcesManager.access$000(ResourcesManager.java:99)
06-28 12:57:03.112 19727 19967 E ResourcesManager: 	at android.app.ResourcesManager$ApkAssetsSupplier.load(ResourcesManager.java:206)
06-28 12:57:03.112 19727 19967 E ResourcesManager: 	at android.app.ResourcesManager.createAssetManager(ResourcesManager.java:606)
06-28 12:57:03.112 19727 19967 E ResourcesManager: 	at android.app.ResourcesManager.createResourcesImpl(ResourcesManager.java:859)
06-28 12:57:03.112 19727 19967 E ResourcesManager: 	at android.app.ResourcesManager.findOrCreateResourcesImplForKeyLocked(ResourcesManager.java:929)
06-28 12:57:03.112 19727 19967 E ResourcesManager: 	at android.app.ResourcesManager.createResources(ResourcesManager.java:1404)
06-28 12:57:03.112 19727 19967 E ResourcesManager: 	at android.app.ResourcesManager.getResources(ResourcesManager.java:1596)
06-28 12:57:03.112 19727 19967 E ResourcesManager: 	at android.app.ResourcesManager.getResources(ResourcesManager.java:1500)
06-28 12:57:03.112 19727 19967 E ResourcesManager: 	at android.app.ActivityThread.getTopLevelResources(ActivityThread.java:2619)
06-28 12:57:03.112 19727 19967 E ResourcesManager: 	at android.app.ApplicationPackageManager.getResourcesForApplication(ApplicationPackageManager.java:2092)
06-28 12:57:03.112 19727 19967 E ResourcesManager: 	at android.app.ApplicationPackageManager.getResourcesForApplication(ApplicationPackageManager.java:2075)
06-28 12:57:03.112 19727 19967 E ResourcesManager: 	at android.app.ApplicationPackageManager.getDrawable(ApplicationPackageManager.java:1730)
06-28 12:57:03.112 19727 19967 E ResourcesManager: 	at android.app.ApplicationPackageManager.loadUnbadgedItemIcon(ApplicationPackageManager.java:3601)
06-28 12:57:03.112 19727 19967 E ResourcesManager: 	at android.app.ApplicationPackageManager.loadItemIcon(ApplicationPackageManager.java:3498)
06-28 12:57:03.112 19727 19967 E ResourcesManager: 	at android.content.pm.PackageItemInfo.loadIcon(PackageItemInfo.java:318)
06-28 12:57:03.112 19727 19967 E ResourcesManager: 	at android.content.pm.PackageItemInfo.loadIcon(PackageItemInfo.java:313)
06-28 12:57:03.112 19727 19967 E ResourcesManager: 	at android.app.ApplicationPackageManager.getApplicationIcon(ApplicationPackageManager.java:1809)
06-28 12:57:03.112 19727 19967 E ResourcesManager: 	at ntw.a(PG:25)
06-28 12:57:03.112 19727 19967 E ResourcesManager: 	at nud.l(PG:30)
06-28 12:57:03.112 19727 19967 E ResourcesManager: 	at qg.kI(PG:807)
06-28 12:57:03.112 19727 19967 E ResourcesManager: 	at ntf.k(PG:36)
06-28 12:57:03.112 19727 19967 E ResourcesManager: 	at nsz.f(PG:17)
06-28 12:57:03.112 19727 19967 E ResourcesManager: 	at nsz.i(PG:31)
06-28 12:57:03.112 19727 19967 E ResourcesManager: 	at nub.i(PG:1)
06-28 12:57:03.112 19727 19967 E ResourcesManager: 	at nue.d(PG:11)
06-28 12:57:03.112 19727 19967 E ResourcesManager: 	at nue.e(PG:13)
06-28 12:57:03.112 19727 19967 E ResourcesManager: 	at nhs.apply(PG:1708)
06-28 12:57:03.112 19727 19967 E ResourcesManager: 	at bdlc.d(PG:3)
06-28 12:57:03.112 19727 19967 E ResourcesManager: 	at bdld.run(PG:38)
06-28 12:57:03.112 19727 19967 E ResourcesManager: 	at java.util.concurrent.ThreadPoolExecutor.runWorker(ThreadPoolExecutor.java:1156)
06-28 12:57:03.112 19727 19967 E ResourcesManager: 	at java.util.concurrent.ThreadPoolExecutor$Worker.run(ThreadPoolExecutor.java:651)
06-28 12:57:03.112 19727 19967 E ResourcesManager: 	at oao.run(PG:35)
06-28 12:57:03.112 19727 19967 E ResourcesManager: 	at java.lang.Thread.run(Thread.java:1119)
06-28 12:57:03.288 31494 31494 E ssioncontrolle: Not starting debugger since process cannot load the jdwp agent.
06-28 12:57:03.291 31494 31494 E USNET   : USNET: appName: com.google.android.permissioncontroller
06-28 12:57:03.375  4046  4046 E SQLiteLog: (1) no such table: 10746 in "DELETE FROM [10746]"
06-28 12:57:03.415 31479 31479 E ResourceOverlayService_0: onStartCommand com.samsung.android.localeoverlaymanager.action.PACKAGE_REMOVED manager -Thread[ResourceOverlayService,5,main]
06-28 12:57:03.430 31479 31479 E ResourceOverlayService_0: requestPendingAction sending bundle Bundle[{changed_package=com.example.gestaobilhares, pending_action=com.samsung.android.localeoverlaymanager.action.PACKAGE_REMOVED}]
06-28 12:57:03.473 31512 31512 E ndroid.keychai: Not starting debugger since process cannot load the jdwp agent.
06-28 12:57:03.493 31512 31512 E USNET   : USNET: appName: com.android.keychain
06-28 12:57:03.517 31515 31515 E .android.chrom: Not starting debugger since process cannot load the jdwp agent.
06-28 12:57:03.519 31515 31515 E USNET   : USNET: appName: com.android.chrome
06-28 12:57:03.532  2163  2291 E PaniGenerator: network is unknown.
06-28 12:57:03.552  2163  2291 E CmcServiceHelper: disallow Call Service
06-28 12:57:03.552  2163  2291 E CmcServiceHelper: disallow Call Service
06-28 12:57:03.552  2163  2291 E CapabilityUtil<0>: checkModuleReady: config is null
06-28 12:57:03.552  2163  2291 E CapabilityUtil<0>: checkModuleReady: config is null
06-28 12:57:03.560 31525 31525 E nder:appservic: Not starting debugger since process cannot load the jdwp agent.
06-28 12:57:03.564 31525 31525 E USNET   : USNET: appName: com.samsung.android.app.galaxyfinder:appservice
06-28 12:57:03.703  2163  2291 E #IMSCR  : 06-28 12:57:03 0x1101000B:0,FILTERED ALL:11
06-28 12:57:03.756 31553 31553 E settings:remot: Not starting debugger since process cannot load the jdwp agent.
06-28 12:57:03.758 31553 31553 E USNET   : USNET: appName: com.android.settings:remote
06-28 12:57:03.768  2163  2291 E PaniGenerator: network is unknown.
06-28 12:57:03.782  1391  1729 E SemWifiVendorHal: getWifiLinkLayerStats_1_5_Internal(l.456) failed {.code = ERROR_NOT_SUPPORTED, .description = }
06-28 12:57:03.789  2163  2291 E CmcServiceHelper: disallow Call Service
06-28 12:57:03.789  2163  2291 E CmcServiceHelper: disallow Call Service
06-28 12:57:03.789  2163  2291 E CapabilityUtil<0>: checkModuleReady: config is null
06-28 12:57:03.789  2163  2291 E CapabilityUtil<0>: checkModuleReady: config is null
06-28 12:57:03.802  2163  2291 E #IMSCR  : 06-28 12:57:03 0x1101000B:0,FILTERED ALL:11
06-28 12:57:03.961 31494 31494 E FeatureUtil: filePath /optics/configs/carriers/single/ZTO/conf/system/customer_carrier_feature.json carrierGroup ZTO canonicalId -1
06-28 12:57:04.060  1391  1648 E WifiVendorHal: getWifiLinkLayerStats_1_5_Internal(l.1191) failed {.code = ERROR_NOT_SUPPORTED, .description = }
06-28 12:57:04.079 31494 31494 E FeatureUtil: filePath /optics/configs/carriers/single/ZTO/conf/system/customer_carrier_feature.json carrierGroup ZTO canonicalId 530
06-28 12:57:04.080 31494 31494 E FeatureUtil: filePath /optics/configs/carriers/single/ZTO/conf/system/customer_carrier_feature.json carrierGroup ZTO canonicalId -1
06-28 12:57:04.081 31494 31494 E FeatureUtil: filePath /optics/configs/carriers/single/ZTO/conf/system/customer_carrier_feature.json carrierGroup ZTO canonicalId 530
06-28 12:57:04.143  1391  1455 E Watchdog: !@Sync: 1642 heap: 155 / 155 [2025-06-28 12:57:04.142] sdogWay: softdog FD: 950
06-28 12:57:04.412 31598 31598 E ndroid.setting: Not starting debugger since process cannot load the jdwp agent.
06-28 12:57:04.415 31598 31598 E USNET   : USNET: appName: com.android.settings
06-28 12:57:04.601 25810 26410 E WorkSourceUtil: Could not find package: com.example.gestaobilhares
06-28 12:57:04.639 25810 31597 E FSA2_CpgSessionManager: Failed to initialize schema
06-28 12:57:04.793  1391  1729 E SemWifiVendorHal: getWifiLinkLayerStats_1_5_Internal(l.456) failed {.code = ERROR_NOT_SUPPORTED, .description = }
06-28 12:57:05.211  1811  2537 E BluetoothRemoteDevices: mSocketConnectedCount 0
06-28 12:57:05.212  1811  2537 E BluetoothRemoteDevices: mSocketConnectedCount 0
06-28 12:57:05.214  1811  2562 E BluetoothRemoteDevices: mSocketConnectedCount 0
06-28 12:57:05.215  1811  2593 E BluetoothRemoteDevices: mSocketConnectedCount 0
06-28 12:57:05.216  1811  2593 E BluetoothRemoteDevices: mSocketConnectedCount 0
06-28 12:57:05.217  1811  2537 E BluetoothRemoteDevices: mSocketConnectedCount 0
06-28 12:57:05.219  1811  2562 E BluetoothRemoteDevices: mSocketConnectedCount 0
06-28 12:57:05.220  1811  2593 E BluetoothRemoteDevices: mSocketConnectedCount 0
06-28 12:57:05.221  1811  2593 E BluetoothRemoteDevices: mSocketConnectedCount 0
06-28 12:57:05.222  1811  2593 E BluetoothRemoteDevices: mSocketConnectedCount 0
06-28 12:57:05.224  1811  2593 E BluetoothRemoteDevices: mSocketConnectedCount 0
06-28 12:57:05.225  1811  2562 E BluetoothRemoteDevices: mSocketConnectedCount 0
06-28 12:57:05.226  1811  2562 E BluetoothRemoteDevices: mSocketConnectedCount 0
06-28 12:57:05.227  1811  2562 E BluetoothRemoteDevices: mSocketConnectedCount 0
06-28 12:57:05.243  1811  2562 E BluetoothRemoteDevices: mSocketConnectedCount 0
06-28 12:57:05.245  1811  2537 E BluetoothRemoteDevices: mSocketConnectedCount 0
06-28 12:57:05.246  1811  2537 E BluetoothRemoteDevices: mSocketConnectedCount 0
06-28 12:57:05.248  1811  2593 E BluetoothRemoteDevices: mSocketConnectedCount 0
06-28 12:57:05.249  1811  2593 E BluetoothRemoteDevices: mSocketConnectedCount 0
06-28 12:57:05.250  1811  2537 E BluetoothRemoteDevices: mSocketConnectedCount 0
06-28 12:57:05.252  1811  2537 E BluetoothRemoteDevices: mSocketConnectedCount 0
06-28 12:57:05.253  1811  2562 E BluetoothRemoteDevices: mSocketConnectedCount 0
06-28 12:57:05.255  1811  2562 E BluetoothRemoteDevices: mSocketConnectedCount 0
06-28 12:57:05.256  1811  2562 E BluetoothRemoteDevices: mSocketConnectedCount 0
06-28 12:57:05.257  1811  2562 E BluetoothRemoteDevices: mSocketConnectedCount 0
06-28 12:57:05.259  1811  2593 E BluetoothRemoteDevices: mSocketConnectedCount 0
06-28 12:57:05.261  1811  2562 E BluetoothRemoteDevices: mSocketConnectedCount 0
06-28 12:57:05.262  1811  2562 E BluetoothRemoteDevices: mSocketConnectedCount 0
06-28 12:57:05.263  1811  2593 E BluetoothRemoteDevices: mSocketConnectedCount 0
06-28 12:57:05.265  1811  2593 E BluetoothRemoteDevices: mSocketConnectedCount 0
06-28 12:57:05.266  1811  2593 E BluetoothRemoteDevices: mSocketConnectedCount 0
06-28 12:57:05.269  1811  4052 E BluetoothRemoteDevices: mSocketConnectedCount 0
06-28 12:57:05.270  1811  4052 E BluetoothRemoteDevices: mSocketConnectedCount 0
06-28 12:57:05.271  1811  4052 E BluetoothRemoteDevices: mSocketConnectedCount 0
06-28 12:57:05.272  1811  4052 E BluetoothRemoteDevices: mSocketConnectedCount 0
06-28 12:57:05.344 31598 31635 E CachedBluetoothDevice: updateProfiles :: uuids is null
06-28 12:57:05.443 31665 31665 E ndroid.game.go: Not starting debugger since process cannot load the jdwp agent.
06-28 12:57:05.446 31665 31665 E USNET   : USNET: appName: com.samsung.android.game.gos
06-28 12:57:05.702 31598 31635 E CachedBluetoothDevice: updateProfiles :: uuids is null
06-28 12:57:05.748  1811  2562 E BluetoothCastAdapterService: updateClientDeathRecipient :: token=android.os.BinderProxy@4bf345f, enable=true, packageName=com.android.settings
06-28 12:57:05.801  1391  1729 E SemWifiVendorHal: getWifiLinkLayerStats_1_5_Internal(l.456) failed {.code = ERROR_NOT_SUPPORTED, .description = }
06-28 12:57:06.289 31702 31702 E com.dti.samsun: Not starting debugger since process cannot load the jdwp agent.
06-28 12:57:06.292 31702 31702 E USNET   : USNET: appName: com.dti.samsung
06-28 12:57:06.403  1391  1678 E PackageManager: replace res.nonLocalizedLabel(null) to newName(Finan├ºas) and activity.getPackageName() () UId(1000)
06-28 12:57:06.700 31718 31718 E id.app.appsedg: Not starting debugger since process cannot load the jdwp agent.
06-28 12:57:06.703 31718 31718 E USNET   : USNET: appName: com.samsung.android.app.appsedge
06-28 12:57:06.815  1391  1729 E SemWifiVendorHal: getWifiLinkLayerStats_1_5_Internal(l.456) failed {.code = ERROR_NOT_SUPPORTED, .description = }
06-28 12:57:07.023 31718 31718 E AppsEdge.DataProvider: Creating the DB From AppsEdgeDataProvider
06-28 12:57:07.071  1391  1648 E WifiVendorHal: getWifiLinkLayerStats_1_5_Internal(l.1191) failed {.code = ERROR_NOT_SUPPORTED, .description = }
06-28 12:57:07.828  1391  1729 E SemWifiVendorHal: getWifiLinkLayerStats_1_5_Internal(l.456) failed {.code = ERROR_NOT_SUPPORTED, .description = }
06-28 12:57:08.153 31752 31752 E RecorderServic: Not starting debugger since process cannot load the jdwp agent.
06-28 12:57:08.156 31752 31752 E USNET   : USNET: appName: com.digitalturbine.ignite.suspend.DataUsageRecorderService
06-28 12:57:08.173  1391  4109 E ActivityTaskManager: Abort background activity starts from 10135
06-28 12:57:08.178 31702 31702 E Ignite  : TID:2 -- [IgniteController] onSSLRecovery: Self Update Detected: Pinning Expiration Mode disabled.
06-28 12:57:08.844  1391  1729 E SemWifiVendorHal: getWifiLinkLayerStats_1_5_Internal(l.456) failed {.code = ERROR_NOT_SUPPORTED, .description = }
06-28 12:57:09.718 31702 31702 E Ignite  : TID:2 -- [TaskManager]  | postToWorkerHandler | workerHandler is null. TaskInfo is rejected !
06-28 12:57:09.854  1391  1729 E SemWifiVendorHal: getWifiLinkLayerStats_1_5_Internal(l.456) failed {.code = ERROR_NOT_SUPPORTED, .description = }
06-28 12:57:09.949 31838 31838 E ier.carrierwif: Not starting debugger since process cannot load the jdwp agent.
06-28 12:57:09.952 31838 31838 E USNET   : USNET: appName: com.google.android.apps.carrier.carrierwifi
06-28 12:57:10.083  1391  1648 E WifiVendorHal: getWifiLinkLayerStats_1_5_Internal(l.1191) failed {.code = ERROR_NOT_SUPPORTED, .description = }
06-28 12:57:10.220 31856 31856 E oid.documentsu: Not starting debugger since process cannot load the jdwp agent.
06-28 12:57:10.221 31856 31856 E USNET   : USNET: appName: com.google.android.documentsui
06-28 12:57:10.690 31895 31895 E .adservices: Not starting debugger since process cannot load the jdwp agent.
06-28 12:57:10.693 31895 31895 E USNET   : USNET: appName: .adservices
06-28 12:57:10.867  1391  1729 E SemWifiVendorHal: getWifiLinkLayerStats_1_5_Internal(l.456) failed {.code = ERROR_NOT_SUPPORTED, .description = }
06-28 12:57:11.036 31895 31895 E adservices: Topics API is disabled
06-28 12:57:11.255 31928 31928 E .android.fores: Not starting debugger since process cannot load the jdwp agent.
06-28 12:57:11.258 31928 31928 E USNET   : USNET: appName: com.samsung.android.forest
06-28 12:57:11.432 13578 13578 E afsp    : (REDACTED) Task %s failed or timed out. Client %d disconnecting from SearchService!
06-28 12:57:11.432 13578 13578 E afsp    : java.util.concurrent.CancellationException: Task was cancelled.
06-28 12:57:11.432 13578 13578 E afsp    : 	at fuig.j(PG:62)
06-28 12:57:11.432 13578 13578 E afsp    : 	at fuih.t(PG:23)
06-28 12:57:11.432 13578 13578 E afsp    : 	at fuig.get(PG:1)
06-28 12:57:11.432 13578 13578 E afsp    : 	at a.dv(PG:2)
06-28 12:57:11.432 13578 13578 E afsp    : 	at fumo.z(PG:10)
06-28 12:57:11.432 13578 13578 E afsp    : 	at fukw.run(PG:23)
06-28 12:57:11.432 13578 13578 E afsp    : 	at ahmw.run(PG:3)
06-28 12:57:11.432 13578 13578 E afsp    : 	at android.os.Handler.handleCallback(Handler.java:938)
06-28 12:57:11.432 13578 13578 E afsp    : 	at android.os.Handler.dispatchMessage(Handler.java:99)
06-28 12:57:11.432 13578 13578 E afsp    : 	at android.os.Looper.loopOnce(Looper.java:226)
06-28 12:57:11.432 13578 13578 E afsp    : 	at android.os.Looper.loop(Looper.java:313)
06-28 12:57:11.432 13578 13578 E afsp    : 	at android.app.ActivityThread.main(ActivityThread.java:8663)
06-28 12:57:11.432 13578 13578 E afsp    : 	at java.lang.reflect.Method.invoke(Native Method)
06-28 12:57:11.432 13578 13578 E afsp    : 	at com.android.internal.os.RuntimeInit$MethodAndArgsCaller.run(RuntimeInit.java:571)
06-28 12:57:11.432 13578 13578 E afsp    : 	at com.android.internal.os.ZygoteInit.main(ZygoteInit.java:1135)
06-28 12:57:11.643 31928 31928 E DWBr    : App icon disabled, so return addDynamicShortcuts
06-28 12:57:11.672 31955 31955 E nder:appservic: Not starting debugger since process cannot load the jdwp agent.
06-28 12:57:11.684 31955 31955 E USNET   : USNET: appName: com.samsung.android.app.galaxyfinder:appservice
06-28 12:57:11.798 31928 31978 E DWBc    : init
06-28 12:57:11.804 31928 31928 E DWBm    : package name can't find
06-28 12:57:11.818 31928 31978 E DWBc    : init-end
06-28 12:57:11.818 31928 31978 E DWBd    : init
06-28 12:57:11.821 31928 31978 E DWBd    : init-end
06-28 12:57:11.834 31928 31928 E DWBq    : UsageDataManager MemoryTrimmable
06-28 12:57:11.835 31928 31928 E DWBh    : LocalPackageManager MemoryTrimmable
06-28 12:57:11.873  1391  1729 E SemWifiVendorHal: getWifiLinkLayerStats_1_5_Internal(l.456) failed {.code = ERROR_NOT_SUPPORTED, .description = }
06-28 12:57:11.899 31991 31991 E droid.mapsagen: Not starting debugger since process cannot load the jdwp agent.
06-28 12:57:11.901 31991 31991 E USNET   : USNET: appName: com.samsung.android.mapsagent
06-28 12:57:12.194  3886  4342 E MediaProvider: insertFileIfNecessary failed
06-28 12:57:12.194  3886  4342 E MediaProvider: java.lang.IllegalArgumentException: Primary directory null not allowed for content://media/external_primary/file; allowed directories are [Download, Documents]
06-28 12:57:12.194  3886  4342 E MediaProvider: 	at com.android.providers.media.MediaProvider.ensureFileColumns(MediaProvider.java:4973)
06-28 12:57:12.194  3886  4342 E MediaProvider: 	at com.android.providers.media.MediaProvider.ensureUniqueFileColumns(MediaProvider.java:4596)
06-28 12:57:12.194  3886  4342 E MediaProvider: 	at com.android.providers.media.MediaProvider.insertFile(MediaProvider.java:5395)
06-28 12:57:12.194  3886  4342 E MediaProvider: 	at com.android.providers.media.MediaProvider.insertInternal(MediaProvider.java:6004)
06-28 12:57:12.194  3886  4342 E MediaProvider: 	at com.android.providers.media.MediaProvider.insert(MediaProvider.java:5683)
06-28 12:57:12.194  3886  4342 E MediaProvider: 	at com.android.providers.media.MediaProvider.insertFileForFuse(MediaProvider.java:11083)
06-28 12:57:12.194  3886  4342 E MediaProvider: 	at com.android.providers.media.MediaProvider.insertFileIfNecessaryForFuse(MediaProvider.java:11178)
06-28 12:57:12.226  3886  8378 E MediaProvider: insertFileIfNecessary failed
06-28 12:57:12.226  3886  8378 E MediaProvider: java.lang.IllegalArgumentException: Primary directory null not allowed for content://media/external_primary/file; allowed directories are [Download, Documents]
06-28 12:57:12.226  3886  8378 E MediaProvider: 	at com.android.providers.media.MediaProvider.ensureFileColumns(MediaProvider.java:4973)
06-28 12:57:12.226  3886  8378 E MediaProvider: 	at com.android.providers.media.MediaProvider.ensureUniqueFileColumns(MediaProvider.java:4596)
06-28 12:57:12.226  3886  8378 E MediaProvider: 	at com.android.providers.media.MediaProvider.insertFile(MediaProvider.java:5395)
06-28 12:57:12.226  3886  8378 E MediaProvider: 	at com.android.providers.media.MediaProvider.insertInternal(MediaProvider.java:6004)
06-28 12:57:12.226  3886  8378 E MediaProvider: 	at com.android.providers.media.MediaProvider.insert(MediaProvider.java:5683)
06-28 12:57:12.226  3886  8378 E MediaProvider: 	at com.android.providers.media.MediaProvider.insertFileForFuse(MediaProvider.java:11083)
06-28 12:57:12.226  3886  8378 E MediaProvider: 	at com.android.providers.media.MediaProvider.insertFileIfNecessaryForFuse(MediaProvider.java:11178)
06-28 12:57:12.241  3886  4347 E MediaProvider: insertFileIfNecessary failed
06-28 12:57:12.241  3886  4347 E MediaProvider: java.lang.IllegalArgumentException: Primary directory null not allowed for content://media/external_primary/file; allowed directories are [Download, Documents]
06-28 12:57:12.241  3886  4347 E MediaProvider: 	at com.android.providers.media.MediaProvider.ensureFileColumns(MediaProvider.java:4973)
06-28 12:57:12.241  3886  4347 E MediaProvider: 	at com.android.providers.media.MediaProvider.ensureUniqueFileColumns(MediaProvider.java:4596)
06-28 12:57:12.241  3886  4347 E MediaProvider: 	at com.android.providers.media.MediaProvider.insertFile(MediaProvider.java:5395)
06-28 12:57:12.241  3886  4347 E MediaProvider: 	at com.android.providers.media.MediaProvider.insertInternal(MediaProvider.java:6004)
06-28 12:57:12.241  3886  4347 E MediaProvider: 	at com.android.providers.media.MediaProvider.insert(MediaProvider.java:5683)
06-28 12:57:12.241  3886  4347 E MediaProvider: 	at com.android.providers.media.MediaProvider.insertFileForFuse(MediaProvider.java:11083)
06-28 12:57:12.241  3886  4347 E MediaProvider: 	at com.android.providers.media.MediaProvider.insertFileIfNecessaryForFuse(MediaProvider.java:11178)
06-28 12:57:12.260  3886 11802 E MediaProvider: insertFileIfNecessary failed
06-28 12:57:12.260  3886 11802 E MediaProvider: java.lang.IllegalArgumentException: Primary directory null not allowed for content://media/external_primary/file; allowed directories are [Download, Documents]
06-28 12:57:12.260  3886 11802 E MediaProvider: 	at com.android.providers.media.MediaProvider.ensureFileColumns(MediaProvider.java:4973)
06-28 12:57:12.260  3886 11802 E MediaProvider: 	at com.android.providers.media.MediaProvider.ensureUniqueFileColumns(MediaProvider.java:4596)
06-28 12:57:12.260  3886 11802 E MediaProvider: 	at com.android.providers.media.MediaProvider.insertFile(MediaProvider.java:5395)
06-28 12:57:12.260  3886 11802 E MediaProvider: 	at com.android.providers.media.MediaProvider.insertInternal(MediaProvider.java:6004)
06-28 12:57:12.260  3886 11802 E MediaProvider: 	at com.android.providers.media.MediaProvider.insert(MediaProvider.java:5683)
06-28 12:57:12.260  3886 11802 E MediaProvider: 	at com.android.providers.media.MediaProvider.insertFileForFuse(MediaProvider.java:11083)
06-28 12:57:12.260  3886 11802 E MediaProvider: 	at com.android.providers.media.MediaProvider.insertFileIfNecessaryForFuse(MediaProvider.java:11178)
06-28 12:57:12.274  3886  4341 E MediaProvider: insertFileIfNecessary failed
06-28 12:57:12.274  3886  4341 E MediaProvider: java.lang.IllegalArgumentException: Primary directory null not allowed for content://media/external_primary/file; allowed directories are [Download, Documents]
06-28 12:57:12.274  3886  4341 E MediaProvider: 	at com.android.providers.media.MediaProvider.ensureFileColumns(MediaProvider.java:4973)
06-28 12:57:12.274  3886  4341 E MediaProvider: 	at com.android.providers.media.MediaProvider.ensureUniqueFileColumns(MediaProvider.java:4596)
06-28 12:57:12.274  3886  4341 E MediaProvider: 	at com.android.providers.media.MediaProvider.insertFile(MediaProvider.java:5395)
06-28 12:57:12.274  3886  4341 E MediaProvider: 	at com.android.providers.media.MediaProvider.insertInternal(MediaProvider.java:6004)
06-28 12:57:12.274  3886  4341 E MediaProvider: 	at com.android.providers.media.MediaProvider.insert(MediaProvider.java:5683)
06-28 12:57:12.274  3886  4341 E MediaProvider: 	at com.android.providers.media.MediaProvider.insertFileForFuse(MediaProvider.java:11083)
06-28 12:57:12.274  3886  4341 E MediaProvider: 	at com.android.providers.media.MediaProvider.insertFileIfNecessaryForFuse(MediaProvider.java:11178)
06-28 12:57:12.296  3886 10140 E MediaProvider: insertFileIfNecessary failed
06-28 12:57:12.296  3886 10140 E MediaProvider: java.lang.IllegalArgumentException: Primary directory null not allowed for content://media/external_primary/file; allowed directories are [Download, Documents]
06-28 12:57:12.296  3886 10140 E MediaProvider: 	at com.android.providers.media.MediaProvider.ensureFileColumns(MediaProvider.java:4973)
06-28 12:57:12.296  3886 10140 E MediaProvider: 	at com.android.providers.media.MediaProvider.ensureUniqueFileColumns(MediaProvider.java:4596)
06-28 12:57:12.296  3886 10140 E MediaProvider: 	at com.android.providers.media.MediaProvider.insertFile(MediaProvider.java:5395)
06-28 12:57:12.296  3886 10140 E MediaProvider: 	at com.android.providers.media.MediaProvider.insertInternal(MediaProvider.java:6004)
06-28 12:57:12.296  3886 10140 E MediaProvider: 	at com.android.providers.media.MediaProvider.insert(MediaProvider.java:5683)
06-28 12:57:12.296  3886 10140 E MediaProvider: 	at com.android.providers.media.MediaProvider.insertFileForFuse(MediaProvider.java:11083)
06-28 12:57:12.296  3886 10140 E MediaProvider: 	at com.android.providers.media.MediaProvider.insertFileIfNecessaryForFuse(MediaProvider.java:11178)
06-28 12:57:12.310  3886 11439 E MediaProvider: insertFileIfNecessary failed
06-28 12:57:12.310  3886 11439 E MediaProvider: java.lang.IllegalArgumentException: Primary directory null not allowed for content://media/external_primary/file; allowed directories are [Download, Documents]
06-28 12:57:12.310  3886 11439 E MediaProvider: 	at com.android.providers.media.MediaProvider.ensureFileColumns(MediaProvider.java:4973)
06-28 12:57:12.310  3886 11439 E MediaProvider: 	at com.android.providers.media.MediaProvider.ensureUniqueFileColumns(MediaProvider.java:4596)
06-28 12:57:12.310  3886 11439 E MediaProvider: 	at com.android.providers.media.MediaProvider.insertFile(MediaProvider.java:5395)
06-28 12:57:12.310  3886 11439 E MediaProvider: 	at com.android.providers.media.MediaProvider.insertInternal(MediaProvider.java:6004)
06-28 12:57:12.310  3886 11439 E MediaProvider: 	at com.android.providers.media.MediaProvider.insert(MediaProvider.java:5683)
06-28 12:57:12.310  3886 11439 E MediaProvider: 	at com.android.providers.media.MediaProvider.insertFileForFuse(MediaProvider.java:11083)
06-28 12:57:12.310  3886 11439 E MediaProvider: 	at com.android.providers.media.MediaProvider.insertFileIfNecessaryForFuse(MediaProvider.java:11178)
06-28 12:57:12.333  3886  4338 E MediaProvider: insertFileIfNecessary failed
06-28 12:57:12.333  3886  4338 E MediaProvider: java.lang.IllegalArgumentException: Primary directory null not allowed for content://media/external_primary/file; allowed directories are [Download, Documents]
06-28 12:57:12.333  3886  4338 E MediaProvider: 	at com.android.providers.media.MediaProvider.ensureFileColumns(MediaProvider.java:4973)
06-28 12:57:12.333  3886  4338 E MediaProvider: 	at com.android.providers.media.MediaProvider.ensureUniqueFileColumns(MediaProvider.java:4596)
06-28 12:57:12.333  3886  4338 E MediaProvider: 	at com.android.providers.media.MediaProvider.insertFile(MediaProvider.java:5395)
06-28 12:57:12.333  3886  4338 E MediaProvider: 	at com.android.providers.media.MediaProvider.insertInternal(MediaProvider.java:6004)
06-28 12:57:12.333  3886  4338 E MediaProvider: 	at com.android.providers.media.MediaProvider.insert(MediaProvider.java:5683)
06-28 12:57:12.333  3886  4338 E MediaProvider: 	at com.android.providers.media.MediaProvider.insertFileForFuse(MediaProvider.java:11083)
06-28 12:57:12.333  3886  4338 E MediaProvider: 	at com.android.providers.media.MediaProvider.insertFileIfNecessaryForFuse(MediaProvider.java:11178)
06-28 12:57:12.350  3886 10139 E MediaProvider: insertFileIfNecessary failed
06-28 12:57:12.350  3886 10139 E MediaProvider: java.lang.IllegalArgumentException: Primary directory null not allowed for content://media/external_primary/file; allowed directories are [Download, Documents]
06-28 12:57:12.350  3886 10139 E MediaProvider: 	at com.android.providers.media.MediaProvider.ensureFileColumns(MediaProvider.java:4973)
06-28 12:57:12.350  3886 10139 E MediaProvider: 	at com.android.providers.media.MediaProvider.ensureUniqueFileColumns(MediaProvider.java:4596)
06-28 12:57:12.350  3886 10139 E MediaProvider: 	at com.android.providers.media.MediaProvider.insertFile(MediaProvider.java:5395)
06-28 12:57:12.350  3886 10139 E MediaProvider: 	at com.android.providers.media.MediaProvider.insertInternal(MediaProvider.java:6004)
06-28 12:57:12.350  3886 10139 E MediaProvider: 	at com.android.providers.media.MediaProvider.insert(MediaProvider.java:5683)
06-28 12:57:12.350  3886 10139 E MediaProvider: 	at com.android.providers.media.MediaProvider.insertFileForFuse(MediaProvider.java:11083)
06-28 12:57:12.350  3886 10139 E MediaProvider: 	at com.android.providers.media.MediaProvider.insertFileIfNecessaryForFuse(MediaProvider.java:11178)
06-28 12:57:12.382  3886 12389 E MediaProvider: insertFileIfNecessary failed
06-28 12:57:12.382  3886 12389 E MediaProvider: java.lang.IllegalArgumentException: Primary directory null not allowed for content://media/external_primary/file; allowed directories are [Download, Documents]
06-28 12:57:12.382  3886 12389 E MediaProvider: 	at com.android.providers.media.MediaProvider.ensureFileColumns(MediaProvider.java:4973)
06-28 12:57:12.382  3886 12389 E MediaProvider: 	at com.android.providers.media.MediaProvider.ensureUniqueFileColumns(MediaProvider.java:4596)
06-28 12:57:12.382  3886 12389 E MediaProvider: 	at com.android.providers.media.MediaProvider.insertFile(MediaProvider.java:5395)
06-28 12:57:12.382  3886 12389 E MediaProvider: 	at com.android.providers.media.MediaProvider.insertInternal(MediaProvider.java:6004)
06-28 12:57:12.382  3886 12389 E MediaProvider: 	at com.android.providers.media.MediaProvider.insert(MediaProvider.java:5683)
06-28 12:57:12.382  3886 12389 E MediaProvider: 	at com.android.providers.media.MediaProvider.insertFileForFuse(MediaProvider.java:11083)
06-28 12:57:12.382  3886 12389 E MediaProvider: 	at com.android.providers.media.MediaProvider.insertFileIfNecessaryForFuse(MediaProvider.java:11178)
06-28 12:57:12.447 32021 32021 E msung.klmsagen: Not starting debugger since process cannot load the jdwp agent.
06-28 12:57:12.449 32021 32021 E USNET   : USNET: appName: com.samsung.klmsagent
06-28 12:57:12.677   740   740 E audit   : type=1400 audit(1751126232.675:16079): avc:  denied  { write } for  pid=25810 comm="ThreadPoolForeg" name="traced_producer" dev="tmpfs" ino=23157 scontext=u:r:gmscore_app:s0:c512,c768 tcontext=u:object_r:traced_producer_socket:s0 tclass=sock_file permissive=0 SEPF_SM-A315G_12_0001 audit_filtered
06-28 12:57:12.677   740   740 E audit   : type=1300 audit(1751126232.675:16079): arch=c00000b7 syscall=203 success=no exit=-13 a0=cf a1=b400007a31c1f6c0 a2=1e a3=ffffffff97a0afcd items=0 ppid=760 pid=25810 auid=4294967295 uid=10216 gid=10216 euid=10216 suid=10216 fsuid=10216 egid=10216 sgid=10216 fsgid=10216 tty=(none) ses=4294967295 comm="ThreadPoolForeg" exe="/system/bin/app_process64" subj=u:r:gmscore_app:s0:c512,c768 key=(null)
06-28 12:57:12.677   740   740 E audit   : type=1327 audit(1751126232.675:16079): proctitle="com.google.android.gms"
06-28 12:57:12.704 32037 32037 E om.sec.spp.pus: Not starting debugger since process cannot load the jdwp agent.
06-28 12:57:12.707 32037 32037 E USNET   : USNET: appName: com.sec.spp.push
06-28 12:57:12.797  1391  1678 E PackageManager: replace res.nonLocalizedLabel(null) to newName(Finan├ºas) and activity.getPackageName() () UId(1000)
06-28 12:57:12.879 32037 32062 E SPPClientService: ShipBuild Binary : True
06-28 12:57:12.889  1391  1729 E SemWifiVendorHal: getWifiLinkLayerStats_1_5_Internal(l.456) failed {.code = ERROR_NOT_SUPPORTED, .description = }
06-28 12:57:12.894 32037 32037 E SPPClientServiceS: [SppEosChecker] Already SPP EOSed. do nothing...
06-28 12:57:12.923 32037 32037 E SPPClientServiceS: [PackageRemoveReceiver] android.intent.action.PACKAGE_FULLY_REMOVED
