Reusing configuration cache.
> Task :data:preBuild UP-TO-DATE
> Task :sync:preBuild UP-TO-DATE
> Task :core:preBuild UP-TO-DATE
> Task :data:preDebugBuild UP-TO-DATE
> Task :sync:preDebugBuild UP-TO-DATE
> Task :core:preDebugBuild UP-TO-DATE
> Task :sync:checkKotlinGradlePluginConfigurationErrors
> Task :data:checkKotlinGradlePluginConfigurationErrors
> Task :core:generateDebugResValues UP-TO-DATE
> Task :sync:preDebugUnitTestBuild UP-TO-DATE
> Task :data:generateDebugResValues UP-TO-DATE
> Task :sync:javaPreCompileDebugUnitTest UP-TO-DATE
> Task :sync:generateDebugResValues UP-TO-DATE
> Task :core:generateDebugResources UP-TO-DATE
> Task :sync:generateDebugResources UP-TO-DATE
> Task :core:javaPreCompileDebug UP-TO-DATE
> Task :data:generateDebugResources UP-TO-DATE
> Task :sync:javaPreCompileDebug UP-TO-DATE
> Task :data:javaPreCompileDebug UP-TO-DATE
> Task :core:packageDebugResources UP-TO-DATE
> Task :core:checkKotlinGradlePluginConfigurationErrors
> Task :data:packageDebugResources UP-TO-DATE
> Task :data:parseDebugLocalResources UP-TO-DATE
> Task :sync:packageDebugResources UP-TO-DATE
> Task :sync:parseDebugLocalResources UP-TO-DATE
> Task :data:generateDebugRFile UP-TO-DATE
> Task :sync:generateDebugRFile UP-TO-DATE
> Task :core:parseDebugLocalResources UP-TO-DATE
> Task :core:generateDebugRFile UP-TO-DATE
> Task :data:kspDebugKotlin UP-TO-DATE
> Task :data:compileDebugKotlin UP-TO-DATE
> Task :data:processDebugJavaRes UP-TO-DATE
> Task :data:compileDebugJavaWithJavac UP-TO-DATE
> Task :data:transformDebugClassesWithAsm UP-TO-DATE
> Task :sync:generateDebugUnitTestStubRFile UP-TO-DATE
> Task :data:bundleLibCompileToJarDebug UP-TO-DATE
> Task :data:bundleLibRuntimeToJarDebug UP-TO-DATE
> Task :core:kspDebugKotlin UP-TO-DATE
> Task :core:compileDebugKotlin UP-TO-DATE
> Task :core:processDebugJavaRes UP-TO-DATE
> Task :core:compileDebugJavaWithJavac UP-TO-DATE
> Task :core:transformDebugClassesWithAsm UP-TO-DATE
> Task :core:bundleLibRuntimeToJarDebug UP-TO-DATE
> Task :core:bundleLibCompileToJarDebug UP-TO-DATE
> Task :sync:kspDebugKotlin UP-TO-DATE
> Task :sync:compileDebugKotlin UP-TO-DATE
> Task :sync:processDebugJavaRes UP-TO-DATE
> Task :sync:compileDebugJavaWithJavac UP-TO-DATE
> Task :sync:transformDebugClassesWithAsm UP-TO-DATE
> Task :sync:bundleLibRuntimeToJarDebug UP-TO-DATE
> Task :sync:bundleLibCompileToJarDebug UP-TO-DATE
> Task :sync:kspDebugUnitTestKotlin UP-TO-DATE
> Task :sync:compileDebugUnitTestKotlin UP-TO-DATE
> Task :sync:compileDebugUnitTestJavaWithJavac NO-SOURCE
> Task :sync:hiltAggregateDepsDebugUnitTest UP-TO-DATE
> Task :sync:hiltJavaCompileDebugUnitTest NO-SOURCE
> Task :sync:processDebugUnitTestJavaRes UP-TO-DATE
> Task :sync:transformDebugUnitTestClassesWithAsm UP-TO-DATE

> Task :sync:testDebugUnitTest

FullFlowStressTest > syncPull_shouldProcessAcerto_whenParentClienteExists FAILED
    com.google.common.truth.AssertionErrorWithFacts at FullFlowStressTest.kt:388

FullFlowStressTest > pagination_shouldFetchAllBatches_whenDatasetIsLarge FAILED
    java.lang.NullPointerException at FullFlowStressTest.kt:185
./gradlew : 
No linha:1 caractere:1
+ ./gradlew :sync:testDebugUnitTest --tests "com.example.gestaobilhares ...
+ ~~~~~~~~~~~~~~~~~~~~~~~~~~~~~~~~~~~~~~~~~~~~~~~~~~~~~~~~~~~~~~~~~~~~~
    + CategoryInfo          : NotSpecified: (:String) [], RemoteException
    + FullyQualifiedErrorId : NativeCommandError
 
8 tests completed, 2 failed

> Task :sync:testDebugUnitTest FAILED

FAILURE: Build failed with an exception.

* What went wrong:
Execution failed for task ':sync:testDebugUnitTest'.
> There were failing tests. See the report at: 
file:///C:/Users/Rossiny/Desktop/2-GestaoBilhares/sync/build/reports/tests/testDebugUnitTest/index.html

* Try:
> Run with --scan to get full insights.

BUILD FAILED in 34s
50 actionable tasks: 4 executed, 46 up-to-date
Configuration cache entry reused.
