To honour the JVM settings for this build a single-use Daemon process will be forked. For more on this, please refer to https://docs.gradle.org/8.11.1/userguide/gradle_daemon.html#sec:disabling_the_daemon in the Gradle documentation.
Daemon will be stopped at the end of the build 
> Task :app:preBuild UP-TO-DATE
> Task :core:preBuild UP-TO-DATE
> Task :data:preBuild UP-TO-DATE
> Task :sync:preBuild UP-TO-DATE
> Task :data:preDebugBuild UP-TO-DATE
> Task :sync:preDebugBuild UP-TO-DATE
> Task :app:preDebugBuild UP-TO-DATE
> Task :app:checkKotlinGradlePluginConfigurationErrors SKIPPED
> Task :core:preDebugBuild UP-TO-DATE
> Task :sync:generateDebugResValues UP-TO-DATE
> Task :core:generateDebugResValues UP-TO-DATE
> Task :data:generateDebugResValues UP-TO-DATE
> Task :sync:generateDebugResources UP-TO-DATE
> Task :data:generateDebugResources UP-TO-DATE
> Task :core:generateDebugResources UP-TO-DATE
> Task :data:packageDebugResources UP-TO-DATE
> Task :ui:preBuild UP-TO-DATE
> Task :ui:preDebugBuild UP-TO-DATE
> Task :sync:packageDebugResources UP-TO-DATE
> Task :core:packageDebugResources UP-TO-DATE
> Task :data:parseDebugLocalResources UP-TO-DATE
> Task :data:generateDebugRFile UP-TO-DATE
> Task :ui:generateDebugResValues FROM-CACHE
> Task :sync:parseDebugLocalResources UP-TO-DATE
> Task :core:parseDebugLocalResources UP-TO-DATE
> Task :core:generateDebugRFile UP-TO-DATE
> Task :sync:generateDebugRFile UP-TO-DATE
> Task :ui:generateDebugResources FROM-CACHE
> Task :core:writeDebugAarMetadata
> Task :data:writeDebugAarMetadata
> Task :core:extractDeepLinksDebug FROM-CACHE
> Task :core:processDebugManifest FROM-CACHE
> Task :data:extractDeepLinksDebug FROM-CACHE
> Task :sync:writeDebugAarMetadata
> Task :sync:extractDeepLinksDebug FROM-CACHE
> Task :sync:processDebugManifest FROM-CACHE
> Task :core:compileDebugLibraryResources FROM-CACHE
> Task :data:processDebugManifest FROM-CACHE
> Task :data:compileDebugLibraryResources FROM-CACHE
> Task :sync:compileDebugLibraryResources FROM-CACHE
> Task :core:checkKotlinGradlePluginConfigurationErrors
> Task :data:checkKotlinGradlePluginConfigurationErrors
> Task :ui:packageDebugResources FROM-CACHE
> Task :core:javaPreCompileDebug UP-TO-DATE
> Task :sync:checkKotlinGradlePluginConfigurationErrors
> Task :sync:javaPreCompileDebug UP-TO-DATE
> Task :core:mergeDebugShaders
> Task :core:compileDebugShaders NO-SOURCE
> Task :core:generateDebugAssets UP-TO-DATE
> Task :core:mergeDebugAssets
> Task :sync:mergeDebugShaders
> Task :sync:compileDebugShaders NO-SOURCE
> Task :sync:generateDebugAssets UP-TO-DATE
> Task :sync:mergeDebugAssets
> Task :core:preReleaseBuild UP-TO-DATE
> Task :core:generateReleaseResValues UP-TO-DATE
> Task :core:generateReleaseResources UP-TO-DATE
> Task :core:packageReleaseResources UP-TO-DATE
> Task :sync:preReleaseBuild UP-TO-DATE
> Task :sync:generateReleaseResValues UP-TO-DATE
> Task :sync:generateReleaseResources UP-TO-DATE
> Task :sync:packageReleaseResources UP-TO-DATE
> Task :core:parseReleaseLocalResources UP-TO-DATE
> Task :core:generateReleaseRFile UP-TO-DATE
> Task :sync:parseReleaseLocalResources UP-TO-DATE
> Task :sync:generateReleaseRFile UP-TO-DATE
> Task :core:writeReleaseAarMetadata UP-TO-DATE
> Task :sync:writeReleaseAarMetadata UP-TO-DATE
> Task :core:extractDeepLinksRelease UP-TO-DATE
> Task :core:processReleaseManifest UP-TO-DATE
> Task :sync:extractDeepLinksRelease UP-TO-DATE
> Task :sync:processReleaseManifest UP-TO-DATE
> Task :core:javaPreCompileRelease UP-TO-DATE
> Task :sync:javaPreCompileRelease UP-TO-DATE
> Task :core:mergeReleaseShaders UP-TO-DATE
> Task :core:compileReleaseShaders NO-SOURCE
> Task :core:generateReleaseAssets UP-TO-DATE
> Task :core:mergeReleaseAssets UP-TO-DATE
> Task :sync:mergeReleaseShaders UP-TO-DATE
> Task :sync:compileReleaseShaders NO-SOURCE
> Task :sync:generateReleaseAssets UP-TO-DATE
> Task :sync:mergeReleaseAssets UP-TO-DATE
> Task :core:preDebugUnitTestBuild UP-TO-DATE
> Task :core:generateDebugUnitTestStubRFile FROM-CACHE
> Task :core:javaPreCompileDebugUnitTest FROM-CACHE
> Task :app:dataBindingMergeDependencyArtifactsDebug
> Task :app:generateDebugResValues FROM-CACHE
> Task :ui:dataBindingMergeDependencyArtifactsDebug
> Task :core:preReleaseUnitTestBuild UP-TO-DATE
> Task :app:generateDebugResources FROM-CACHE
> Task :ui:parseDebugLocalResources FROM-CACHE
> Task :core:javaPreCompileReleaseUnitTest FROM-CACHE
> Task :sync:preDebugUnitTestBuild UP-TO-DATE
> Task :app:injectCrashlyticsMappingFileIdDebug
> Task :app:processDebugGoogleServices FROM-CACHE
> Task :sync:generateDebugUnitTestStubRFile UP-TO-DATE
> Task :sync:javaPreCompileDebugUnitTest UP-TO-DATE
> Task :sync:preReleaseUnitTestBuild UP-TO-DATE
> Task :sync:javaPreCompileReleaseUnitTest FROM-CACHE
> Task :ui:dataBindingGenBaseClassesDebug FROM-CACHE
> Task :ui:generateDebugRFile FROM-CACHE
> Task :ui:writeDebugAarMetadata
> Task :ui:extractDeepLinksDebug FROM-CACHE
> Task :ui:processDebugManifest FROM-CACHE
> Task :ui:compileDebugLibraryResources FROM-CACHE
> Task :ui:checkKotlinGradlePluginConfigurationErrors
> Task :ui:generateDebugBuildConfig FROM-CACHE
> Task :ui:generateSafeArgsDebug FROM-CACHE
> Task :ui:javaPreCompileDebug FROM-CACHE
> Task :ui:mergeDebugShaders
> Task :ui:compileDebugShaders NO-SOURCE
> Task :ui:generateDebugAssets UP-TO-DATE
> Task :ui:mergeDebugAssets
> Task :ui:preReleaseBuild UP-TO-DATE
> Task :ui:generateReleaseResValues UP-TO-DATE
> Task :ui:generateReleaseResources UP-TO-DATE
> Task :app:mergeDebugResources FROM-CACHE
> Task :app:packageDebugResources FROM-CACHE
> Task :app:parseDebugLocalResources FROM-CACHE
> Task :ui:packageReleaseResources UP-TO-DATE
> Task :app:dataBindingGenBaseClassesDebug FROM-CACHE
> Task :app:generateDebugBuildConfig FROM-CACHE
> Task :app:generateSafeArgsDebug FROM-CACHE
> Task :app:checkDebugAarMetadata SKIPPED
> Task :data:javaPreCompileDebug UP-TO-DATE
> Task :app:mapDebugSourceSetPaths
> Task :data:mergeDebugShaders
> Task :data:compileDebugShaders NO-SOURCE
> Task :data:generateDebugAssets UP-TO-DATE
> Task :app:createDebugCompatibleScreenManifests
> Task :data:mergeDebugAssets
> Task :data:preReleaseBuild UP-TO-DATE
> Task :data:generateReleaseResValues UP-TO-DATE
> Task :data:generateReleaseResources UP-TO-DATE
> Task :app:extractDeepLinksDebug FROM-CACHE
> Task :data:packageReleaseResources UP-TO-DATE
> Task :data:parseReleaseLocalResources UP-TO-DATE
> Task :ui:dataBindingMergeDependencyArtifactsRelease UP-TO-DATE
> Task :data:generateReleaseRFile UP-TO-DATE
> Task :data:writeReleaseAarMetadata UP-TO-DATE
> Task :data:extractDeepLinksRelease UP-TO-DATE
> Task :ui:parseReleaseLocalResources UP-TO-DATE
> Task :data:processReleaseManifest UP-TO-DATE
> Task :ui:dataBindingGenBaseClassesRelease UP-TO-DATE
> Task :ui:generateReleaseRFile UP-TO-DATE
> Task :ui:writeReleaseAarMetadata UP-TO-DATE
> Task :ui:extractDeepLinksRelease UP-TO-DATE
> Task :ui:processReleaseManifest UP-TO-DATE
> Task :ui:generateReleaseBuildConfig UP-TO-DATE
> Task :ui:generateSafeArgsRelease UP-TO-DATE
> Task :ui:javaPreCompileRelease UP-TO-DATE
> Task :ui:mergeReleaseShaders UP-TO-DATE
> Task :ui:compileReleaseShaders NO-SOURCE
> Task :ui:generateReleaseAssets UP-TO-DATE
> Task :ui:mergeReleaseAssets UP-TO-DATE
> Task :core:generateReleaseUnitTestStubRFile FROM-CACHE
> Task :sync:generateReleaseUnitTestStubRFile FROM-CACHE
> Task :ui:preDebugUnitTestBuild UP-TO-DATE
> Task :ui:generateDebugUnitTestStubRFile FROM-CACHE
> Task :ui:javaPreCompileDebugUnitTest FROM-CACHE
> Task :ui:preReleaseUnitTestBuild UP-TO-DATE
> Task :app:processDebugMainManifest FROM-CACHE
> Task :app:processDebugManifest FROM-CACHE
> Task :app:processDebugManifestForPackage FROM-CACHE
> Task :ui:generateReleaseUnitTestStubRFile FROM-CACHE
> Task :ui:javaPreCompileReleaseUnitTest FROM-CACHE
> Task :app:processDebugResources FROM-CACHE
> Task :app:javaPreCompileDebug FROM-CACHE
> Task :app:mergeDebugShaders
> Task :app:compileDebugShaders NO-SOURCE
> Task :app:generateDebugAssets UP-TO-DATE
> Task :app:mergeDebugAssets
> Task :app:preDebugUnitTestBuild SKIPPED
> Task :app:packageDebugUnitTestForUnitTest SKIPPED
> Task :app:generateDebugUnitTestConfig SKIPPED
> Task :app:javaPreCompileDebugUnitTest SKIPPED
> Task :app:preReleaseBuild UP-TO-DATE
> Task :app:buildKotlinToolingMetadata SKIPPED
> Task :data:javaPreCompileRelease UP-TO-DATE
> Task :data:mergeReleaseShaders UP-TO-DATE
> Task :app:dataBindingMergeDependencyArtifactsRelease UP-TO-DATE
> Task :data:compileReleaseShaders NO-SOURCE
> Task :app:generateReleaseResValues UP-TO-DATE
> Task :data:generateReleaseAssets UP-TO-DATE
> Task :data:mergeReleaseAssets UP-TO-DATE
> Task :data:preDebugUnitTestBuild UP-TO-DATE
> Task :app:generateReleaseResources UP-TO-DATE
> Task :app:injectCrashlyticsMappingFileIdRelease
> Task :app:processReleaseGoogleServices UP-TO-DATE
> Task :data:generateDebugUnitTestStubRFile FROM-CACHE
> Task :data:javaPreCompileDebugUnitTest FROM-CACHE
> Task :data:preReleaseUnitTestBuild UP-TO-DATE
> Task :data:generateReleaseUnitTestStubRFile FROM-CACHE
> Task :data:javaPreCompileReleaseUnitTest FROM-CACHE
> Task :app:packageReleaseResources
> Task :app:parseReleaseLocalResources
> Task :app:generateReleaseBuildConfig UP-TO-DATE
> Task :app:generateSafeArgsRelease UP-TO-DATE
> Task :app:checkReleaseAarMetadata SKIPPED
> Task :app:mapReleaseSourceSetPaths UP-TO-DATE
> Task :app:createReleaseCompatibleScreenManifests UP-TO-DATE
> Task :app:extractDeepLinksRelease UP-TO-DATE
> Task :app:processReleaseMainManifest UP-TO-DATE
> Task :app:processReleaseManifest UP-TO-DATE
> Task :app:processReleaseManifestForPackage UP-TO-DATE
> Task :app:javaPreCompileRelease UP-TO-DATE
> Task :app:mergeReleaseShaders UP-TO-DATE
> Task :app:compileReleaseShaders NO-SOURCE
> Task :app:generateReleaseAssets UP-TO-DATE
> Task :app:mergeReleaseAssets UP-TO-DATE
> Task :app:preReleaseUnitTestBuild SKIPPED
> Task :app:javaPreCompileReleaseUnitTest SKIPPED
> Task :app:mergeReleaseResources
> Task :app:dataBindingGenBaseClassesRelease UP-TO-DATE
> Task :app:processReleaseResources
> Task :app:convertLinkedResourcesToBinaryRelease
> Task :app:packageReleaseUnitTestForUnitTest SKIPPED
> Task :app:generateReleaseUnitTestConfig SKIPPED
> Task :data:kspReleaseKotlin
> Task :data:kspDebugKotlin

> Task :data:compileReleaseKotlin
e: file:///workspace/data/src/main/java/com/example/gestaobilhares/data/repository/domain/RotaRepository.kt:58:16 Not enough information to infer type variable T4
e: file:///workspace/data/src/main/java/com/example/gestaobilhares/data/repository/domain/RotaRepository.kt:62:23 Unresolved reference: obterTodos
e: file:///workspace/data/src/main/java/com/example/gestaobilhares/data/repository/domain/RotaRepository.kt:63:38 Cannot infer a type for this parameter. Please specify it explicitly.

> Task :data:compileReleaseKotlin FAILED

> Task :data:compileDebugKotlin FAILED
e: file:///workspace/data/src/main/java/com/example/gestaobilhares/data/repository/domain/RotaRepository.kt:58:16 Not enough information to infer type variable T4
e: file:///workspace/data/src/main/java/com/example/gestaobilhares/data/repository/domain/RotaRepository.kt:62:23 Unresolved reference: obterTodos
e: file:///workspace/data/src/main/java/com/example/gestaobilhares/data/repository/domain/RotaRepository.kt:63:38 Cannot infer a type for this parameter. Please specify it explicitly.
[Incubating] Problems report is available at: file:///workspace/build/reports/problems/problems-report.html

FAILURE: Build completed with 2 failures.

1: Task failed with an exception.
-----------
* What went wrong:
Execution failed for task ':data:compileReleaseKotlin'.
> A failure occurred while executing org.jetbrains.kotlin.compilerRunner.GradleCompilerRunnerWithWorkers$GradleKotlinCompilerWorkAction
   > Compilation error. See log for more details

* Try:
> Run with --stacktrace option to get the stack trace.
> Run with --info or --debug option to get more log output.
> Run with --scan to get full insights.
> Get more help at https://help.gradle.org.
==============================================================================

2: Task failed with an exception.
-----------
* What went wrong:
Execution failed for task ':data:compileDebugKotlin'.
> A failure occurred while executing org.jetbrains.kotlin.compilerRunner.GradleCompilerRunnerWithWorkers$GradleKotlinCompilerWorkAction
   > Compilation error. See log for more details

* Try:
> Run with --stacktrace option to get the stack trace.
> Run with --info or --debug option to get more log output.
> Run with --scan to get full insights.
> Get more help at https://help.gradle.org.
==============================================================================

BUILD FAILED in 25s
167 actionable tasks: 33 executed, 50 from cache, 84 up-to-date
